=========================================
Flashing RC Tank Demo - TANK Role to COM7
=========================================
Bootloader:      E:\10__AIProject\7_AI陪伴机器人\CODE\examples\rc_tank_demo\firmware_backup\bootloader_TANK.bin
Partition Table: E:\10__AIProject\7_AI陪伴机器人\CODE\examples\rc_tank_demo\firmware_backup\partition-table_TANK.bin
Application:     E:\10__AIProject\7_AI陪伴机器人\CODE\examples\rc_tank_demo\firmware_backup\rc_tank_demo_TANK.bin

Erasing flash...
esptool.py v4.12.dev2
Serial port COM7
Connecting....
Chip is ESP32-S3 (QFN56) (revision v0.2)
Features: WiFi, BLE
Crystal is 40MHz
MAC: 44:1b:f6:f3:ae:78
Uploading stub...
Running stub...
Stub running...
Erasing flash (this may take a while)...
Chip erase completed successfully in 1.2 seconds.
Hard resetting via RTS pin...

Programming flash...
esptool.py v4.12.dev2
Serial port COM7
Connecting....
Chip is ESP32-S3 (QFN56) (revision v0.2)
Features: WiFi, BLE
Crystal is 40MHz
MAC: 44:1b:f6:f3:ae:78
Uploading stub...
Running stub...
Stub running...
Changing baud rate to 460800
Changed.
Configuring flash size...
Flash will be erased from 0x00000000 to 0x00005fff...
Flash will be erased from 0x00008000 to 0x00008fff...
Flash will be erased from 0x00010000 to 0x00100fff...
SHA digest in image updated
Compressed 20832 bytes to 13347...
Writing at 0x00000000... (100 %)
Wrote 20832 bytes (13347 compressed) at 0x00000000 in 0.4 seconds (effective 441.2 kbit/s)...
Hash of data verified.
Compressed 3072 bytes to 119...
Writing at 0x00008000... (100 %)
Wrote 3072 bytes (119 compressed) at 0x00008000 in 0.0 seconds (effective 1512.1 kbit/s)...
Hash of data verified.
Compressed 986224 bytes to 582418...
Writing at 0x00010000... (2 %)
Writing at 0x0001d337... (5 %)
Writing at 0x00029c0e... (8 %)
Writing at 0x00032778... (11 %)
Writing at 0x0003d43a... (13 %)
Writing at 0x000447e9... (16 %)
Writing at 0x0004aaa3... (19 %)
Writing at 0x00050e7c... (22 %)
Writing at 0x0005aa6d... (25 %)
Writing at 0x0006100a... (27 %)
Writing at 0x00067d02... (30 %)
Writing at 0x0006d7fb... (33 %)
Writing at 0x00073087... (36 %)
Writing at 0x00078d25... (38 %)
Writing at 0x0007ebf9... (41 %)
Writing at 0x00084a99... (44 %)
Writing at 0x0008ab44... (47 %)
Writing at 0x0009085b... (50 %)
Writing at 0x00095e2c... (52 %)
Writing at 0x0009adbc... (55 %)
Writing at 0x000a06f3... (58 %)
Writing at 0x000a5e33... (61 %)
Writing at 0x000ab360... (63 %)
Writing at 0x000b0836... (66 %)
Writing at 0x000b627b... (69 %)
Writing at 0x000bc11c... (72 %)
Writing at 0x000c1c66... (75 %)
Writing at 0x000c7a79... (77 %)
Writing at 0x000cd2ab... (80 %)
Writing at 0x000d2ae5... (83 %)
Writing at 0x000dbba4... (86 %)
Writing at 0x000e19b8... (88 %)
Writing at 0x000e8325... (91 %)
Writing at 0x000f17cd... (94 %)
Writing at 0x000f8311... (97 %)
Writing at 0x000fd3f4... (100 %)
Wrote 986224 bytes (582418 compressed) at 0x00010000 in 13.1 seconds (effective 603.8 kbit/s)...
Hash of data verified.

Leaving...
Hard resetting via RTS pin...

=========================================
Flash completed successfully!
=========================================
