=========================================
Flashing RC Tank Demo - TANK Role to COM7
=========================================
Bootloader:      E:\10__AIProject\7_AI陪伴机器人\CODE\examples\rc_tank_demo\firmware_backup\bootloader_TANK.bin
Partition Table: E:\10__AIProject\7_AI陪伴机器人\CODE\examples\rc_tank_demo\firmware_backup\partition-table_TANK.bin
Application:     E:\10__AIProject\7_AI陪伴机器人\CODE\examples\rc_tank_demo\firmware_backup\rc_tank_demo_TANK.bin

Erasing flash...
esptool.py v4.12.dev2
Serial port COM7
Connecting....
Chip is ESP32-S3 (QFN56) (revision v0.2)
Features: WiFi, BLE
Crystal is 40MHz
MAC: 44:1b:f6:f3:ae:78
Uploading stub...
Running stub...
Stub running...
Erasing flash (this may take a while)...
Chip erase completed successfully in 1.2 seconds.
Hard resetting via RTS pin...

Programming flash...
esptool.py v4.12.dev2
Serial port COM7
Connecting....
Chip is ESP32-S3 (QFN56) (revision v0.2)
Features: WiFi, BLE
Crystal is 40MHz
MAC: 44:1b:f6:f3:ae:78
Uploading stub...
Running stub...
Stub running...
Changing baud rate to 460800
Changed.
Configuring flash size...
Flash will be erased from 0x00000000 to 0x00005fff...
Flash will be erased from 0x00008000 to 0x00008fff...
Flash will be erased from 0x00010000 to 0x00100fff...
SHA digest in image updated
Compressed 20832 bytes to 13346...
Writing at 0x00000000... (100 %)
Wrote 20832 bytes (13346 compressed) at 0x00000000 in 0.4 seconds (effective 438.2 kbit/s)...
Hash of data verified.
Compressed 3072 bytes to 119...
Writing at 0x00008000... (100 %)
Wrote 3072 bytes (119 compressed) at 0x00008000 in 0.0 seconds (effective 1567.7 kbit/s)...
Hash of data verified.
Compressed 986256 bytes to 582434...
Writing at 0x00010000... (2 %)
Writing at 0x0001d34d... (5 %)
Writing at 0x00029c28... (8 %)
Writing at 0x00032789... (11 %)
Writing at 0x0003d45d... (13 %)
Writing at 0x000447d3... (16 %)
Writing at 0x0004aa84... (19 %)
Writing at 0x00050e4e... (22 %)
Writing at 0x0005aa45... (25 %)
Writing at 0x00060fc9... (27 %)
Writing at 0x00067cea... (30 %)
Writing at 0x0006d7d1... (33 %)
Writing at 0x00073048... (36 %)
Writing at 0x00078cf8... (38 %)
Writing at 0x0007ebc7... (41 %)
Writing at 0x00084a6c... (44 %)
Writing at 0x0008ab1e... (47 %)
Writing at 0x0009081d... (50 %)
Writing at 0x00095dfc... (52 %)
Writing at 0x0009ada1... (55 %)
Writing at 0x000a06bd... (58 %)
Writing at 0x000a5e07... (61 %)
Writing at 0x000ab333... (63 %)
Writing at 0x000b080e... (66 %)
Writing at 0x000b6218... (69 %)
Writing at 0x000bc10a... (72 %)
Writing at 0x000c1c4d... (75 %)
Writing at 0x000c7a62... (77 %)
Writing at 0x000cd29c... (80 %)
Writing at 0x000d2ad6... (83 %)
Writing at 0x000dbb78... (86 %)
Writing at 0x000e19a2... (88 %)
Writing at 0x000e8337... (91 %)
Writing at 0x000f17de... (94 %)
Writing at 0x000f8323... (97 %)
Writing at 0x000fd411... (100 %)
Wrote 986256 bytes (582434 compressed) at 0x00010000 in 13.2 seconds (effective 597.6 kbit/s)...
Hash of data verified.

Leaving...
Hard resetting via RTS pin...

=========================================
Flash completed successfully!
=========================================
