W (45330) rc_tank: [CAM-DIAG-C15] WINDOW_2 start: wifi=off camera=on sensor=real gray8=200x200
W (45330) rc_video: [CAM-DIAG-C15.2] display source=real-camera capture=0; DVP unchanged
W (45335) rc_video: [CAM-DIAG-C15.2] screen window marker=2 capture=0
I (45341) rc_tank: [STEP] Camera init starting...
I (45345) rc_video: Initializing camera (SP0A39 640x480 GRAY8)
W (45351) rc_video: [CAM-DIAG-C15.2] direct DVP init core=0; Wi-Fi task core=0; free_internal=231459 largest_internal_dma=110592
I (45362) board_camera: initializing SP0A39 camera mode=2 640x480
I (45368) camera_hal: init SP0A39 DVP 640x480 (SCCB manual mode)
I (45374) camera_hal: configuring IOEX pins for camera RESET/PWDN
I (45381) camera_hal: PWDN=HIGH (power down)
I (45394) camera_hal: PWDN=LOW (release sensor)
I (45594) camera_hal: RESET=LOW (assert reset)
I (45614) camera_hal: RESET=HIGH (release reset)
I (46614) camera_hal: full I2C scan after camera power-up (diagnostic only)...
I (46616) camera_hal:   post-powerup ACK at 0x15
I (46616) camera_hal:   post-powerup ACK at 0x18
I (46619) camera_hal:   post-powerup ACK at 0x21
I (46623) camera_hal:   post-powerup ACK at 0x22
I (46631) camera_hal:   post-powerup ACK at 0x40
I (46633) camera_hal:   post-powerup ACK at 0x51
I (46639) camera_hal:   post-powerup ACK at 0x68
I (46642) camera_hal: DVP GPIO diagnostics (checking PCLK/VSYNC/HSYNC activity)...
I (46708) camera_hal: DVP diagnostics: PCLK_changes=0 VSYNC_changes=0 HSYNC_changes=0
W (46708) camera_hal: PCLK has no transitions - MCLK likely not reaching sensor or sensor not active
I (46713) camera_hal: using sensor address 0x21
I (46718) camera_hal: SP0A39 I2C device added at 0x21
I (46724) camera_hal: SP0A39 chip ID: 0x0A39
I (46847) camera_hal: SP0A39 register init done: Gray8 640x480 (361 regs)
I (46848) camera_hal: [CAM-PROBE] SP0A39 p0_31 stage=post_table value=0x05 expected=0x01
E (46850) camera_hal: camera_hal_verify_expected_output_p0_31(92): unexpected p0_31=0x05 at post_table
W (46859) camera_hal: [CAM-PROBE] output state differs after table; continuing: ESP_ERR_INVALID_RESPONSE
I (46888) camera_hal: [CAM-PROBE] SP0A39 p0_31 stage=post_delay value=0x01 expected=0x01
I (46889) camera_hal: camera HAL initialized (sensor ready, DVP capture not yet implemented)
I (46893) board_camera: camera ready
I (46901) camera_hal: SP0A39 output regs: P0:1c=0x00 P0:30=0x11 P0:31=0x01 P1:32=0x05 P1:34=0xe3 P1:35=0x04 P1:36=0x10
I (46970) rc_video:   3 DMA-capable PSRAM framebuffers allocated (600 KB each)
W (46991) rc_video: [CAM-DIAG-C15.2] capture handoff uses rc_capture_pool + backup
W (46992) rc_video: [DEBUG-C151] buffers fb0=0x3c0e0ec0 fb1=0x3c177000 fb2=0x3c20d140 backup=0x3c2a3280 payload=307200 storage=614400 alloc=614656 terminal_guard=256
W (47003) rc_video: [DEBUG-C151] heap stage=framebuffers_allocated intact=1
W (47011) rc_video: [DEBUG-C151] heap stage=dvp_controller_created_before_start intact=1
W (47017) rc_video: [CAM-DIAG-C15.2] direct DVP controller created; free_internal=230207 largest_internal_dma=110592
I (47027) rc_video: Camera initialized
I (47030) rc_tank: [STEP] Camera init OK
I (47036) camera_hal: [CAM-PROBE] SP0A39 p0_31 stage=dvp_started value=0x01 expected=0x01
W (47042) rc_video: [CAM-DIAG-C15.2] scaled camera preview enabled (240x180 at 80,0; DVP started)
W (47051) rc_tank: [CAM-DIAG-C15] burst-64 Gray8 camera preview started while Wi-Fi is off
W (47493) rc_video: [DEBUG-C151] display frame=1 consumer=0 active=1/0x3c177000->2/0x3c20d140 select=2->11 became_active=0 overlap=0 overlap_count=0 finish=10 last_finished=1/0x3c177000 finish_active=2 finish_collision=0 guard=1 guard_errors=0
I (47504) rc_video: [CAM-DIAG-C15.2] frame=1 window=2 sensor=real slot=0 addr=0x3c0e0ec0 gen=1->1 crc_first=e9dc1dae/e9dc1dae crc_mid=3161af97/3161af97 crc_tail=afa1b745/afa1b745 stable=1 raw_full=9f89a0b9 raw_q=01140050/0b33f05d/1fcf7397/ffeae2ce raw_edge=5c12aa26 raw_probe=312.7ms cache_sync=ESP_OK cache_sync_err=0 chunk_crc=75e2add1/c73877e8/ab2946b7 submit=3 complete=3 seq=3/3 stale=0 prepare=10.5ms draw=36.0ms
W (47940) rc_video: [DEBUG-C151] display frame=2 consumer=2 active=0/0x3c0e0ec0->0/0x3c0e0ec0 select=12->22 became_active=0 overlap=0 overlap_count=0 finish=21 last_finished=1/0x3c177000 finish_active=0 finish_collision=0 guard=1 guard_errors=0
I (47951) rc_video: [CAM-DIAG-C15.2] frame=2 window=2 sensor=real slot=2 addr=0x3c20d140 gen=5->5 crc_first=fc153515/fc153515 crc_mid=85f3d55d/85f3d55d crc_tail=f9d081df/f9d081df stable=1 raw_full=53bb745b raw_q=3037823d/acf8dd89/b176b5f9/5e98b760 raw_edge=fdde7a06 raw_probe=312.7ms cache_sync=ESP_OK cache_sync_err=0 chunk_crc=3e4449cc/cef0dce5/b19d142c submit=3 complete=3 seq=6/6 stale=0 prepare=10.4ms draw=36.0ms
W (48387) rc_video: [DEBUG-C151] display frame=3 consumer=0 active=2/0x3c20d140->2/0x3c20d140 select=23->33 became_active=0 overlap=0 overlap_count=0 finish=32 last_finished=1/0x3c177000 finish_active=2 finish_collision=0 guard=1 guard_errors=0
I (48398) rc_video: [CAM-DIAG-C15.2] frame=3 window=2 sensor=real slot=0 addr=0x3c0e0ec0 gen=7->7 crc_first=65338c80/65338c80 crc_mid=95b651f5/95b651f5 crc_tail=6cff1e51/6cff1e51 stable=1 raw_full=04785f74 raw_q=dd4d3d96/6baa9e9d/325b041e/b967be50 raw_edge=d101bd19 raw_probe=312.8ms cache_sync=ESP_OK cache_sync_err=0 chunk_crc=fef7e471/fb81afd3/36099a2f submit=3 complete=3 seq=9/9 stale=0 prepare=10.4ms draw=35.9ms
W (48834) rc_video: [DEBUG-C151] display frame=4 consumer=2 active=0/0x3c0e0ec0->1/0x3c177000 select=34->43 became_active=0 overlap=0 overlap_count=0 finish=42 last_finished=0/0x3c0e0ec0 finish_active=1 finish_collision=0 guard=1 guard_errors=0
I (48845) rc_video: [CAM-DIAG-C15.2] frame=4 window=2 sensor=real slot=2 addr=0x3c20d140 gen=11->11 crc_first=16e85aa7/16e85aa7 crc_mid=b2fe2631/b2fe2631 crc_tail=bb46ad5a/bb46ad5a stable=1 raw_full=087dc864 raw_q=86c7f91b/078b8070/1865da24/39d2a44b raw_edge=0a1b6119 raw_probe=312.8ms cache_sync=ESP_OK cache_sync_err=0 chunk_crc=7ace0aab/4bb73876/1ebfcc3f submit=3 complete=3 seq=12/12 stale=0 prepare=10.3ms draw=36.2ms
W (49281) rc_video: [DEBUG-C151] display frame=5 consumer=1 active=2/0x3c20d140->2/0x3c20d140 select=44->54 became_active=0 overlap=0 overlap_count=0 finish=53 last_finished=0/0x3c0e0ec0 finish_active=2 finish_collision=0 guard=1 guard_errors=0
I (49292) rc_video: [CAM-DIAG-C15.2] frame=5 window=2 sensor=real slot=1 addr=0x3c177000 gen=20->20 crc_first=c68c669d/c68c669d crc_mid=9c8936d8/9c8936d8 crc_tail=9ed644cf/9ed644cf stable=1 raw_full=405b6a08 raw_q=c9ab1bd3/fb478758/0f3b7a7e/dc3cbb91 raw_edge=123e979e raw_probe=312.9ms cache_sync=ESP_OK cache_sync_err=0 chunk_crc=0196cd78/72905931/39a9851e submit=3 complete=3 seq=15/15 stale=0 prepare=10.4ms draw=36.0ms
W (50842) rc_video: [DEBUG-C151] display frame=30 consumer=2 active=0/0x3c0e0ec0->1/0x3c177000 select=82->91 became_active=0 overlap=0 overlap_count=0 finish=90 last_finished=0/0x3c0e0ec0 finish_active=1 finish_collision=0 guard=1 guard_errors=0
I (50853) rc_video: [CAM-DIAG-C15.2] frame=30 window=2 sensor=real slot=2 addr=0x3c20d140 gen=25->25 crc_first=fd491641/fd491641 crc_mid=46d51061/46d51061 crc_tail=b32e0bb1/b32e0bb1 stable=1 raw_full=e1874fdf raw_q=91691eb5/62faa35e/7b57aba9/86093cb8 raw_edge=997c4039 raw_probe=312.3ms cache_sync=ESP_OK cache_sync_err=0 chunk_crc=eb2c80a3/fea443a1/25f943b4 submit=3 complete=3 seq=90/90 stale=0 prepare=10.4ms draw=35.9ms
W (52634) rc_video: [DEBUG-C151] display frame=60 consumer=0 active=1/0x3c177000->2/0x3c20d140 select=125->134 became_active=0 overlap=0 overlap_count=0 finish=133 last_finished=1/0x3c177000 finish_active=2 finish_collision=0 guard=1 guard_errors=0
I (52645) rc_video: [CAM-DIAG-C15.2] frame=60 window=2 sensor=real slot=0 addr=0x3c0e0ec0 gen=43->43 crc_first=ff7a648d/ff7a648d crc_mid=5d23d5dd/5d23d5dd crc_tail=6d3879ad/6d3879ad stable=1 raw_full=58998cfb raw_q=30fe8d41/a3068256/f70d11ae/a85bbb5a raw_edge=0220d053 raw_probe=312.7ms cache_sync=ESP_OK cache_sync_err=0 chunk_crc=7132ac3e/44164934/7a90c623 submit=3 complete=3 seq=180/180 stale=0 prepare=10.4ms draw=35.9ms
W (54427) rc_video: [DEBUG-C151] display frame=90 consumer=1 active=2/0x3c20d140->0/0x3c0e0ec0 select=168->177 became_active=0 overlap=0 overlap_count=0 finish=176 last_finished=2/0x3c20d140 finish_active=0 finish_collision=0 guard=1 guard_errors=0
I (54438) rc_video: [CAM-DIAG-C15.2] frame=90 window=2 sensor=real slot=1 addr=0x3c177000 gen=61->61 crc_first=d4bbe72b/d4bbe72b crc_mid=e15d1737/e15d1737 crc_tail=2397e7c1/2397e7c1 stable=1 raw_full=6a111dff raw_q=bcd6f380/bbb0a6af/609a711c/8e3cd036 raw_edge=f177277c raw_probe=312.4ms cache_sync=ESP_OK cache_sync_err=0 chunk_crc=b1fd8f13/21bed5eb/280fe7c6 submit=3 complete=3 seq=270/270 stale=0 prepare=10.4ms draw=35.8ms
W (56219) rc_video: [DEBUG-C151] display frame=120 consumer=2 active=0/0x3c0e0ec0->1/0x3c177000 select=211->220 became_active=0 overlap=0 overlap_count=0 finish=219 last_finished=0/0x3c0e0ec0 finish_active=1 finish_collision=0 guard=1 guard_errors=0
I (56230) rc_video: [CAM-DIAG-C15.2] frame=120 window=2 sensor=real slot=2 addr=0x3c20d140 gen=68->68 crc_first=01dd738c/01dd738c crc_mid=adf156ca/adf156ca crc_tail=784852ef/784852ef stable=1 raw_full=94954d55 raw_q=3c0632ab/68b97237/29250bb6/5d0d69e9 raw_edge=a686d9df raw_probe=312.7ms cache_sync=ESP_OK cache_sync_err=0 chunk_crc=18fcdbc8/0f59e0ff/aaeefbf4 submit=3 complete=3 seq=360/360 stale=0 prepare=10.1ms draw=35.2ms
W (58012) rc_video: [DEBUG-C151] display frame=150 consumer=0 active=1/0x3c177000->2/0x3c20d140 select=254->263 became_active=0 overlap=0 overlap_count=0 finish=262 last_finished=1/0x3c177000 finish_active=2 finish_collision=0 guard=1 guard_errors=0
I (58023) rc_video: [CAM-DIAG-C15.2] frame=150 window=2 sensor=real slot=0 addr=0x3c0e0ec0 gen=86->86 crc_first=e896e4d5/e896e4d5 crc_mid=30a66f96/30a66f96 crc_tail=ef277b48/ef277b48 stable=1 raw_full=1a82d4fd raw_q=dd106b22/fec233b4/0fd35ad4/1bb0b666 raw_edge=4a95e631 raw_probe=312.4ms cache_sync=ESP_OK cache_sync_err=0 chunk_crc=6a707abc/933791fb/bec7c7cb submit=3 complete=3 seq=450/450 stale=0 prepare=10.3ms draw=35.8ms
W (59806) rc_video: [DEBUG-C151] display frame=180 consumer=1 active=2/0x3c20d140->0/0x3c0e0ec0 select=297->306 became_active=0 overlap=0 overlap_count=0 finish=305 last_finished=2/0x3c20d140 finish_active=0 finish_collision=0 guard=1 guard_errors=0
I (59817) rc_video: [CAM-DIAG-C15.2] frame=180 window=2 sensor=real slot=1 addr=0x3c177000 gen=106->106 crc_first=d9134399/d9134399 crc_mid=7d3fe448/7d3fe448 crc_tail=f4a94d5c/f4a94d5c stable=1 raw_full=b3469c84 raw_q=292092bf/97255415/a1eab665/0edf3b81 raw_edge=4c36588c raw_probe=312.8ms cache_sync=ESP_OK cache_sync_err=0 chunk_crc=948cd3dc/05a90de2/5d48f0ab submit=3 complete=3 seq=540/540 stale=0 prepare=10.4ms draw=35.9ms
W (61599) rc_video: [DEBUG-C151] display frame=210 consumer=2 active=0/0x3c0e0ec0->1/0x3c177000 select=340->349 became_active=0 overlap=0 overlap_count=0 finish=348 last_finished=0/0x3c0e0ec0 finish_active=1 finish_collision=0 guard=1 guard_errors=0
I (61611) rc_video: [CAM-DIAG-C15.2] frame=210 window=2 sensor=real slot=2 addr=0x3c20d140 gen=111->111 crc_first=b789d121/b789d121 crc_mid=ab6a7f63/ab6a7f63 crc_tail=868c7eb6/868c7eb6 stable=1 raw_full=5eece6f2 raw_q=d1441f2e/6d80e2af/c968496d/e1f0aba6 raw_edge=34b9a250 raw_probe=312.7ms cache_sync=ESP_OK cache_sync_err=0 chunk_crc=d57c1fc3/261d9526/f58afbe3 submit=3 complete=3 seq=630/630 stale=0 prepare=10.4ms draw=35.4ms
W (63393) rc_video: [DEBUG-C151] display frame=240 consumer=2 active=0/0x3c0e0ec0->1/0x3c177000 select=383->392 became_active=0 overlap=0 overlap_count=0 finish=391 last_finished=0/0x3c0e0ec0 finish_active=1 finish_collision=0 guard=1 guard_errors=0
I (63404) rc_video: [CAM-DIAG-C15.2] frame=240 window=2 sensor=real slot=2 addr=0x3c20d140 gen=123->123 crc_first=79e22455/79e22455 crc_mid=c21b17f4/c21b17f4 crc_tail=9dc07af5/9dc07af5 stable=1 raw_full=db17836f raw_q=81d8c993/ff7de515/321346da/2f933134 raw_edge=25d19fbc raw_probe=312.4ms cache_sync=ESP_OK cache_sync_err=0 chunk_crc=07694b8f/1ff09d43/477f4cc7 submit=3 complete=3 seq=720/720 stale=0 prepare=10.4ms draw=35.8ms
W (65186) rc_video: [DEBUG-C151] display frame=270 consumer=0 active=2/0x3c20d140->2/0x3c20d140 select=425->435 became_active=0 overlap=0 overlap_count=0 finish=434 last_finished=1/0x3c177000 finish_active=2 finish_collision=0 guard=1 guard_errors=0
I (65198) rc_video: [CAM-DIAG-C15.2] frame=270 window=2 sensor=real slot=0 addr=0x3c0e0ec0 gen=143->143 crc_first=d39103c4/d39103c4 crc_mid=6fa78e02/6fa78e02 crc_tail=aaf62b0d/aaf62b0d stable=1 raw_full=c5910f0e raw_q=8467d08e/e019a4ea/3d74064f/cc312121 raw_edge=2dd5d485 raw_probe=312.7ms cache_sync=ESP_OK cache_sync_err=0 chunk_crc=382877cb/476bc06d/bbe469d1 submit=3 complete=3 seq=810/810 stale=0 prepare=10.4ms draw=35.4ms
W (66981) rc_video: [DEBUG-C151] display frame=300 consumer=1 active=0/0x3c0e0ec0->0/0x3c0e0ec0 select=468->478 became_active=0 overlap=0 overlap_count=0 finish=477 last_finished=2/0x3c20d140 finish_active=0 finish_collision=0 guard=1 guard_errors=0
I (66992) rc_video: [CAM-DIAG-C15.2] frame=300 window=2 sensor=real slot=1 addr=0x3c177000 gen=162->162 crc_first=9f10cab3/9f10cab3 crc_mid=ed8bd7c2/ed8bd7c2 crc_tail=e9e798a3/e9e798a3 stable=1 raw_full=0821bd96 raw_q=9b15e2e6/c1db425a/7eefe801/847c9a69 raw_edge=e1b54c9b raw_probe=312.8ms cache_sync=ESP_OK cache_sync_err=0 chunk_crc=0544ccde/cdc07ed9/2a2c129f submit=3 complete=3 seq=900/900 stale=0 prepare=10.4ms draw=35.8ms
W (68809) rc_video: [DEBUG-C151] display frame=330 consumer=0 active=1/0x3c177000->1/0x3c177000 select=511->517 became_active=0 overlap=0 overlap_count=0 finish=516 last_finished=2/0x3c20d140 finish_active=1 finish_collision=0 guard=1 guard_errors=0
I (68820) rc_video: [CAM-DIAG-C15.2] frame=330 window=2 sensor=real slot=0 addr=0x3c0e0ec0 gen=172->172 crc_first=212520a1/212520a1 crc_mid=d0b0a66c/d0b0a66c crc_tail=80b5abaf/80b5abaf stable=1 raw_full=c03a3e5a raw_q=5e9b85fb/32760e46/15501de1/c83bad9a raw_edge=5fbc2d9f raw_probe=309.8ms cache_sync=ESP_OK cache_sync_err=0 chunk_crc=3386e9b8/ab5cbb15/c23a3bf5 submit=3 complete=3 seq=990/990 stale=0 prepare=10.4ms draw=35.6ms
W (71076) rc_video: [DEBUG-C151] display frame=360 consumer=0 active=1/0x3c177000->1/0x3c177000 select=547->553 became_active=0 overlap=0 overlap_count=0 finish=552 last_finished=2/0x3c20d140 finish_active=1 finish_collision=0 guard=1 guard_errors=0
I (71088) rc_video: [CAM-DIAG-C15.2] frame=360 window=2 sensor=real slot=0 addr=0x3c0e0ec0 gen=187->187 crc_first=bb55733f/bb55733f crc_mid=d934a9d1/d934a9d1 crc_tail=ab7b2050/ab7b2050 stable=1 raw_full=80b7fa53 raw_q=1a156a33/30c70b17/86db21d9/fa2ee169 raw_edge=2bc199fb raw_probe=309.9ms cache_sync=ESP_OK cache_sync_err=0 chunk_crc=6f3fb96e/2858c698/cee4ffe2 submit=3 complete=3 seq=1080/1080 stale=0 prepare=10.4ms draw=35.8ms
W (73343) rc_video: [DEBUG-C151] display frame=390 consumer=0 active=1/0x3c177000->1/0x3c177000 select=583->589 became_active=0 overlap=0 overlap_count=0 finish=588 last_finished=2/0x3c20d140 finish_active=1 finish_collision=0 guard=1 guard_errors=0
I (73354) rc_video: [CAM-DIAG-C15.2] frame=390 window=2 sensor=real slot=0 addr=0x3c0e0ec0 gen=202->202 crc_first=f87ac062/f87ac062 crc_mid=c15a8057/c15a8057 crc_tail=c117cb63/c117cb63 stable=1 raw_full=f59fc56c raw_q=9017a650/f2a2138e/4701e3d6/c69fe97b raw_edge=bcaf2042 raw_probe=309.7ms cache_sync=ESP_OK cache_sync_err=0 chunk_crc=51c22094/abf5d730/674af41c submit=3 complete=3 seq=1170/1170 stale=0 prepare=10.4ms draw=35.4ms
W (75610) rc_video: [DEBUG-C151] display frame=420 consumer=0 active=1/0x3c177000->1/0x3c177000 select=619->625 became_active=0 overlap=0 overlap_count=0 finish=624 last_finished=2/0x3c20d140 finish_active=1 finish_collision=0 guard=1 guard_errors=0
I (75622) rc_video: [CAM-DIAG-C15.2] frame=420 window=2 sensor=real slot=0 addr=0x3c0e0ec0 gen=217->217 crc_first=c1853529/c1853529 crc_mid=c16ce5fb/c16ce5fb crc_tail=ca120fbf/ca120fbf stable=1 raw_full=8619ca3a raw_q=ec125844/a9a776c8/93dfad95/0326a972 raw_edge=77d4becd raw_probe=309.7ms cache_sync=ESP_OK cache_sync_err=0 chunk_crc=b7774597/05708fcb/adfffc9d submit=3 complete=3 seq=1260/1260 stale=0 prepare=10.4ms draw=35.7ms
W (77059) rc_tank: [DEBUG-C151] heap stage=window_2_end intact=1
W (77062) camera_hal: [CAM-DIAG-C15] SP0A39 test_pattern=on P1:32 before=0x05 write=0x85 read=0x80 expected_bit=0x80
W (77164) rc_video: [CAM-DIAG-C15.2] screen window marker=3 capture=648
W (77164) rc_tank: [CAM-DIAG-C15] WINDOW_3 start: wifi=off camera=on sensor=pattern gray8=200x200
W (77877) rc_video: [DEBUG-C151] display frame=450 consumer=0 active=1/0x3c177000->1/0x3c177000 select=655->661 became_active=0 overlap=0 overlap_count=0 finish=660 last_finished=2/0x3c20d140 finish_active=1 finish_collision=0 guard=1 guard_errors=0
I (77888) rc_video: [CAM-DIAG-C15.2] frame=450 window=3 sensor=pattern slot=0 addr=0x3c0e0ec0 gen=232->232 crc_first=4b5d8aa7/4b5d8aa7 crc_mid=eef99c1a/eef99c1a crc_tail=0d968558/0d968558 stable=1 raw_full=1593eb53 raw_q=69ce89fc/743aa43a/5421eb66/35b9ef0c raw_edge=1db42202 raw_probe=309.8ms cache_sync=ESP_OK cache_sync_err=0 chunk_crc=582d7c12/cc54c47b/2db56761 submit=3 complete=3 seq=1350/1350 stale=0 prepare=10.4ms draw=35.5ms
W (80144) rc_video: [DEBUG-C151] display frame=480 consumer=0 active=1/0x3c177000->1/0x3c177000 select=691->697 became_active=0 overlap=0 overlap_count=0 finish=696 last_finished=2/0x3c20d140 finish_active=1 finish_collision=0 guard=1 guard_errors=0
I (80156) rc_video: [CAM-DIAG-C15.2] frame=480 window=3 sensor=pattern slot=0 addr=0x3c0e0ec0 gen=247->247 crc_first=4b5d8aa7/4b5d8aa7 crc_mid=eef99c1a/eef99c1a crc_tail=0d968558/0d968558 stable=1 raw_full=1593eb53 raw_q=69ce89fc/743aa43a/5421eb66/35b9ef0c raw_edge=1db42202 raw_probe=309.7ms cache_sync=ESP_OK cache_sync_err=0 chunk_crc=582d7c12/cc54c47b/2db56761 submit=3 complete=3 seq=1440/1440 stale=0 prepare=10.4ms draw=35.5ms
W (82412) rc_video: [DEBUG-C151] display frame=510 consumer=0 active=1/0x3c177000->1/0x3c177000 select=727->733 became_active=0 overlap=0 overlap_count=0 finish=732 last_finished=2/0x3c20d140 finish_active=1 finish_collision=0 guard=1 guard_errors=0
I (82423) rc_video: [CAM-DIAG-C15.2] frame=510 window=3 sensor=pattern slot=0 addr=0x3c0e0ec0 gen=262->262 crc_first=4b5d8aa7/4b5d8aa7 crc_mid=eef99c1a/eef99c1a crc_tail=0d968558/0d968558 stable=1 raw_full=1593eb53 raw_q=69ce89fc/743aa43a/5421eb66/35b9ef0c raw_edge=1db42202 raw_probe=309.9ms cache_sync=ESP_OK cache_sync_err=0 chunk_crc=582d7c12/cc54c47b/2db56761 submit=3 complete=3 seq=1530/1530 stale=0 prepare=10.4ms draw=35.8ms
W (84679) rc_video: [DEBUG-C151] display frame=540 consumer=0 active=1/0x3c177000->1/0x3c177000 select=763->769 became_active=0 overlap=0 overlap_count=0 finish=768 last_finished=2/0x3c20d140 finish_active=1 finish_collision=0 guard=1 guard_errors=0
I (84690) rc_video: [CAM-DIAG-C15.2] frame=540 window=3 sensor=pattern slot=0 addr=0x3c0e0ec0 gen=277->277 crc_first=4b5d8aa7/4b5d8aa7 crc_mid=eef99c1a/eef99c1a crc_tail=0d968558/0d968558 stable=1 raw_full=1593eb53 raw_q=69ce89fc/743aa43a/5421eb66/35b9ef0c raw_edge=1db42202 raw_probe=309.8ms cache_sync=ESP_OK cache_sync_err=0 chunk_crc=582d7c12/cc54c47b/2db56761 submit=3 complete=3 seq=1620/1620 stale=0 prepare=10.4ms draw=35.8ms
W (86946) rc_video: [DEBUG-C151] display frame=570 consumer=0 active=1/0x3c177000->1/0x3c177000 select=799->805 became_active=0 overlap=0 overlap_count=0 finish=804 last_finished=2/0x3c20d140 finish_active=1 finish_collision=0 guard=1 guard_errors=0
I (86957) rc_video: [CAM-DIAG-C15.2] frame=570 window=3 sensor=pattern slot=0 addr=0x3c0e0ec0 gen=292->292 crc_first=4b5d8aa7/4b5d8aa7 crc_mid=eef99c1a/eef99c1a crc_tail=0d968558/0d968558 stable=1 raw_full=1593eb53 raw_q=69ce89fc/743aa43a/5421eb66/35b9ef0c raw_edge=1db42202 raw_probe=309.7ms cache_sync=ESP_OK cache_sync_err=0 chunk_crc=582d7c12/cc54c47b/2db56761 submit=3 complete=3 seq=1710/1710 stale=0 prepare=10.4ms draw=35.7ms
W (89213) rc_video: [DEBUG-C151] display frame=600 consumer=0 active=1/0x3c177000->1/0x3c177000 select=835->841 became_active=0 overlap=0 overlap_count=0 finish=840 last_finished=2/0x3c20d140 finish_active=1 finish_collision=0 guard=1 guard_errors=0
I (89224) rc_video: [CAM-DIAG-C15.2] frame=600 window=3 sensor=pattern slot=0 addr=0x3c0e0ec0 gen=307->307 crc_first=4b5d8aa7/4b5d8aa7 crc_mid=eef99c1a/eef99c1a crc_tail=0d968558/0d968558 stable=1 raw_full=1593eb53 raw_q=69ce89fc/743aa43a/5421eb66/35b9ef0c raw_edge=1db42202 raw_probe=309.8ms cache_sync=ESP_OK cache_sync_err=0 chunk_crc=582d7c12/cc54c47b/2db56761 submit=3 complete=3 seq=1800/1800 stale=0 prepare=10.4ms draw=35.5ms
W (91480) rc_video: [DEBUG-C151] display frame=630 consumer=0 active=1/0x3c177000->1/0x3c177000 select=871->877 became_active=0 overlap=0 overlap_count=0 finish=876 last_finished=2/0x3c20d140 finish_active=1 finish_collision=0 guard=1 guard_errors=0
I (91491) rc_video: [CAM-DIAG-C15.2] frame=630 window=3 sensor=pattern slot=0 addr=0x3c0e0ec0 gen=322->322 crc_first=4b5d8aa7/4b5d8aa7 crc_mid=eef99c1a/eef99c1a crc_tail=0d968558/0d968558 stable=1 raw_full=1593eb53 raw_q=69ce89fc/743aa43a/5421eb66/35b9ef0c raw_edge=1db42202 raw_probe=309.7ms cache_sync=ESP_OK cache_sync_err=0 chunk_crc=582d7c12/cc54c47b/2db56761 submit=3 complete=3 seq=1890/1890 stale=0 prepare=10.4ms draw=35.5ms
W (93747) rc_video: [DEBUG-C151] display frame=660 consumer=0 active=1/0x3c177000->1/0x3c177000 select=907->913 became_active=0 overlap=0 overlap_count=0 finish=912 last_finished=2/0x3c20d140 finish_active=1 finish_collision=0 guard=1 guard_errors=0
I (93759) rc_video: [CAM-DIAG-C15.2] frame=660 window=3 sensor=pattern slot=0 addr=0x3c0e0ec0 gen=337->337 crc_first=4b5d8aa7/4b5d8aa7 crc_mid=eef99c1a/eef99c1a crc_tail=0d968558/0d968558 stable=1 raw_full=1593eb53 raw_q=69ce89fc/743aa43a/5421eb66/35b9ef0c raw_edge=1db42202 raw_probe=309.8ms cache_sync=ESP_OK cache_sync_err=0 chunk_crc=582d7c12/cc54c47b/2db56761 submit=3 complete=3 seq=1980/1980 stale=0 prepare=10.4ms draw=35.7ms
W (96014) rc_video: [DEBUG-C151] display frame=690 consumer=0 active=1/0x3c177000->1/0x3c177000 select=943->949 became_active=0 overlap=0 overlap_count=0 finish=948 last_finished=2/0x3c20d140 finish_active=1 finish_collision=0 guard=1 guard_errors=0
I (96026) rc_video: [CAM-DIAG-C15.2] frame=690 window=3 sensor=pattern slot=0 addr=0x3c0e0ec0 gen=352->352 crc_first=4b5d8aa7/4b5d8aa7 crc_mid=eef99c1a/eef99c1a crc_tail=0d968558/0d968558 stable=1 raw_full=1593eb53 raw_q=69ce89fc/743aa43a/5421eb66/35b9ef0c raw_edge=1db42202 raw_probe=309.8ms cache_sync=ESP_OK cache_sync_err=0 chunk_crc=582d7c12/cc54c47b/2db56761 submit=3 complete=3 seq=2070/2070 stale=0 prepare=10.4ms draw=35.6ms
W (98281) rc_video: [DEBUG-C151] display frame=720 consumer=0 active=1/0x3c177000->1/0x3c177000 select=979->985 became_active=0 overlap=0 overlap_count=0 finish=984 last_finished=2/0x3c20d140 finish_active=1 finish_collision=0 guard=1 guard_errors=0
I (98293) rc_video: [CAM-DIAG-C15.2] frame=720 window=3 sensor=pattern slot=0 addr=0x3c0e0ec0 gen=367->367 crc_first=4b5d8aa7/4b5d8aa7 crc_mid=eef99c1a/eef99c1a crc_tail=0d968558/0d968558 stable=1 raw_full=1593eb53 raw_q=69ce89fc/743aa43a/5421eb66/35b9ef0c raw_edge=1db42202 raw_probe=309.8ms cache_sync=ESP_OK cache_sync_err=0 chunk_crc=582d7c12/cc54c47b/2db56761 submit=3 complete=3 seq=2160/2160 stale=0 prepare=10.4ms draw=35.5ms
W (100549) rc_video: [DEBUG-C151] display frame=750 consumer=0 active=1/0x3c177000->1/0x3c177000 select=1015->1021 became_active=0 overlap=0 overlap_count=0 finish=1020 last_finished=2/0x3c20d140 finish_active=1 finish_collision=0 guard=1 guard_errors=0
I (100560) rc_video: [CAM-DIAG-C15.2] frame=750 window=3 sensor=pattern slot=0 addr=0x3c0e0ec0 gen=382->382 crc_first=4b5d8aa7/4b5d8aa7 crc_mid=eef99c1a/eef99c1a crc_tail=0d968558/0d968558 stable=1 raw_full=1593eb53 raw_q=69ce89fc/743aa43a/5421eb66/35b9ef0c raw_edge=1db42202 raw_probe=309.8ms cache_sync=ESP_OK cache_sync_err=0 chunk_crc=582d7c12/cc54c47b/2db56761 submit=3 complete=3 seq=2250/2250 stale=0 prepare=10.4ms draw=35.9ms
W (102815) rc_video: [DEBUG-C151] display frame=780 consumer=0 active=1/0x3c177000->1/0x3c177000 select=1051->1057 became_active=0 overlap=0 overlap_count=0 finish=1056 last_finished=2/0x3c20d140 finish_active=1 finish_collision=0 guard=1 guard_errors=0
I (102827) rc_video: [CAM-DIAG-C15.2] frame=780 window=3 sensor=pattern slot=0 addr=0x3c0e0ec0 gen=397->397 crc_first=4b5d8aa7/4b5d8aa7 crc_mid=eef99c1a/eef99c1a crc_tail=0d968558/0d968558 stable=1 raw_full=1593eb53 raw_q=69ce89fc/743aa43a/5421eb66/35b9ef0c raw_edge=1db42202 raw_probe=309.7ms cache_sync=ESP_OK cache_sync_err=0 chunk_crc=582d7c12/cc54c47b/2db56761 submit=3 complete=3 seq=2340/2340 stale=0 prepare=10.4ms draw=35.4ms
W (105083) rc_video: [DEBUG-C151] display frame=810 consumer=0 active=1/0x3c177000->1/0x3c177000 select=1087->1093 became_active=0 overlap=0 overlap_count=0 finish=1092 last_finished=2/0x3c20d140 finish_active=1 finish_collision=0 guard=1 guard_errors=0
I (105094) rc_video: [CAM-DIAG-C15.2] frame=810 window=3 sensor=pattern slot=0 addr=0x3c0e0ec0 gen=412->412 crc_first=4b5d8aa7/4b5d8aa7 crc_mid=eef99c1a/eef99c1a crc_tail=0d968558/0d968558 stable=1 raw_full=1593eb53 raw_q=69ce89fc/743aa43a/5421eb66/35b9ef0c raw_edge=1db42202 raw_probe=309.7ms cache_sync=ESP_OK cache_sync_err=0 chunk_crc=582d7c12/cc54c47b/2db56761 submit=3 complete=3 seq=2430/2430 stale=0 prepare=10.4ms draw=35.8ms
W (107168) rc_tank: [DEBUG-C151] heap stage=window_3_end_before_network intact=1
I (107169) rc_tank: [STEP] Network init starting...
I (107171) rc_net: Initializing as SoftAP (Tank)
I (107175) pp: pp rom version: e7ae62f
I (107178) net80211: net80211 rom version: e7ae62f
I (107185) wifi:wifi driver task: 3fcd0110, prio:23, stack:6656, core=0
I (107193) wifi:wifi firmware version: 0947e8b
I (107194) wifi:wifi certification version: v7.0
I (107196) wifi:config NVS flash: enabled
I (107200) wifi:config nano formatting: disabled
I (107205) wifi:Init data frame dynamic rx buffer num: 32
I (107210) wifi:Init static rx mgmt buffer num: 5
I (107214) wifi:Init management short buffer num: 32
I (107219) wifi:Init dynamic tx buffer num: 64
I (107223) wifi:Init static tx FG buffer num: 2
I (107227) wifi:Init static rx buffer size: 1600
I (107232) wifi:Init static rx buffer num: 10
I (107236) wifi:Init dynamic rx buffer num: 32
I (107241) wifi_init: rx ba win: 6
I (107243) wifi_init: accept mbox: 6
I (107246) wifi_init: tcpip mbox: 16
I (107249) wifi_init: udp mbox: 6
I (107253) wifi_init: tcp mbox: 6
I (107256) wifi_init: tcp tx win: 5760
I (107259) wifi_init: tcp rx win: 5760
I (107262) wifi_init: tcp mss: 1440
I (107266) wifi_init: WiFi IRAM OP enabled
I (107270) wifi_init: WiFi RX IRAM OP enabled
I (107274) rc_net: AP set_mode/config, SSID=RC_TANK_F3AE79 ch=1
I (107368) phy_init: phy_version 711,97bcf0a2,Aug 25 2025,19:04:10
W (107369) phy_init: failed to load RF calibration data (0x1102), falling back to full calibration
I (107409) phy_init: Saving new calibration data due to checksum failure or outdated calibration data, mode(2)
W (107417) rc_video: [DEBUG-C151] display frame=840 consumer=0 active=1/0x3c177000->2/0x3c20d140 select=1123->1130 became_active=0 overlap=0 overlap_count=0 finish=1129 last_finished=1/0x3c177000 finish_active=2 finish_collision=0 guard=1 guard_errors=0
I (107420) wifi:I (107430) rc_video: [CAM-DIAG-C15.2] frame=840 window=3 sensor=pattern slot=0 addr=0x3c0e0ec0 gen=427->427 crc_first=4b5d8aa7/4b5d8aa7 crc_mid=eef99c1a/eef99c1a crc_tail=0d968558/0d968558 stable=1 raw_full=1593eb53 raw_q=69ce89fc/743aa43a/5421eb66/35b9ef0c raw_edge=1db42202 raw_probe=354.6ms cache_sync=ESP_OK cache_sync_err=0 chunk_crc=582d7c12/cc54c47b/2db56761 submit=3 complete=3 seq=2520/2520 stale=0 prepare=12.3ms draw=36.4ms
mode : softAP (44:1b:f6:f3:ae:79)
I (107477) wifi:Total power save buffer number: 32
I (107478) wifi:Init max length of beacon: 752/752
I (107482) wifi:Init max length of beacon: 752/752
I (107488) rc_net: SoftAP started, SSID: RC_TANK_F3AE79, Password: 12345678
I (107490) esp_netif_lwip: DHCP server started on interface WIFI_AP_DEF with IP: 192.168.4.1
I (107501) rc_tank: [STEP] Network init OK
I (107505) rc_tank: Tank SoftAP ready, waiting for remote...
W (107510) rc_video: [CAM-DIAG-C15.2] screen window marker=4 capture=1130
W (107517) rc_tank: [CAM-DIAG-C15] WINDOW_4 start: wifi=on camera=on sensor=pattern gray8=200x200
W (109683) rc_video: [DEBUG-C151] display frame=870 consumer=0 active=1/0x3c177000->1/0x3c177000 select=1160->1166 became_active=0 overlap=0 overlap_count=0 finish=1165 last_finished=2/0x3c20d140 finish_active=1 finish_collision=0 guard=1 guard_errors=0
I (109695) rc_video: [CAM-DIAG-C15.2] frame=870 window=4 sensor=pattern slot=0 addr=0x3c0e0ec0 gen=442->442 crc_first=4b5d8aa7/4b5d8aa7 crc_mid=eef99c1a/eef99c1a crc_tail=0d968558/0d968558 stable=1 raw_full=1593eb53 raw_q=69ce89fc/743aa43a/5421eb66/35b9ef0c raw_edge=1db42202 raw_probe=311.3ms cache_sync=ESP_OK cache_sync_err=0 chunk_crc=582d7c12/cc54c47b/2db56761 submit=3 complete=3 seq=2610/2610 stale=0 prepare=10.5ms draw=36.1ms
W (111947) rc_video: [DEBUG-C151] display frame=900 consumer=0 active=1/0x3c177000->1/0x3c177000 select=1196->1202 became_active=0 overlap=0 overlap_count=0 finish=1201 last_finished=2/0x3c20d140 finish_active=1 finish_collision=0 guard=1 guard_errors=0
I (111959) rc_video: [CAM-DIAG-C15.2] frame=900 window=4 sensor=pattern slot=0 addr=0x3c0e0ec0 gen=457->457 crc_first=4b5d8aa7/4b5d8aa7 crc_mid=eef99c1a/eef99c1a crc_tail=0d968558/0d968558 stable=1 raw_full=1593eb53 raw_q=69ce89fc/743aa43a/5421eb66/35b9ef0c raw_edge=1db42202 raw_probe=309.9ms cache_sync=ESP_OK cache_sync_err=0 chunk_crc=582d7c12/cc54c47b/2db56761 submit=3 complete=3 seq=2700/2700 stale=0 prepare=10.5ms draw=35.5ms
W (114215) rc_video: [DEBUG-C151] display frame=930 consumer=0 active=1/0x3c177000->1/0x3c177000 select=1232->1238 became_active=0 overlap=0 overlap_count=0 finish=1237 last_finished=2/0x3c20d140 finish_active=1 finish_collision=0 guard=1 guard_errors=0
I (114227) rc_video: [CAM-DIAG-C15.2] frame=930 window=4 sensor=pattern slot=0 addr=0x3c0e0ec0 gen=472->472 crc_first=4b5d8aa7/4b5d8aa7 crc_mid=eef99c1a/eef99c1a crc_tail=0d968558/0d968558 stable=1 raw_full=1593eb53 raw_q=69ce89fc/743aa43a/5421eb66/35b9ef0c raw_edge=1db42202 raw_probe=310.3ms cache_sync=ESP_OK cache_sync_err=0 chunk_crc=582d7c12/cc54c47b/2db56761 submit=3 complete=3 seq=2790/2790 stale=0 prepare=10.4ms draw=35.7ms
W (116483) rc_video: [DEBUG-C151] display frame=960 consumer=0 active=1/0x3c177000->1/0x3c177000 select=1268->1274 became_active=0 overlap=0 overlap_count=0 finish=1273 last_finished=2/0x3c20d140 finish_active=1 finish_collision=0 guard=1 guard_errors=0
I (116495) rc_video: [CAM-DIAG-C15.2] frame=960 window=4 sensor=pattern slot=0 addr=0x3c0e0ec0 gen=487->487 crc_first=4b5d8aa7/4b5d8aa7 crc_mid=eef99c1a/eef99c1a crc_tail=0d968558/0d968558 stable=1 raw_full=1593eb53 raw_q=69ce89fc/743aa43a/5421eb66/35b9ef0c raw_edge=1db42202 raw_probe=311.0ms cache_sync=ESP_OK cache_sync_err=0 chunk_crc=582d7c12/cc54c47b/2db56761 submit=3 complete=3 seq=2880/2880 stale=0 prepare=10.5ms draw=35.8ms
W (118749) rc_video: [DEBUG-C151] display frame=990 consumer=0 active=1/0x3c177000->1/0x3c177000 select=1304->1310 became_active=0 overlap=0 overlap_count=0 finish=1309 last_finished=2/0x3c20d140 finish_active=1 finish_collision=0 guard=1 guard_errors=0
I (118761) rc_video: [CAM-DIAG-C15.2] frame=990 window=4 sensor=pattern slot=0 addr=0x3c0e0ec0 gen=502->502 crc_first=4b5d8aa7/4b5d8aa7 crc_mid=eef99c1a/eef99c1a crc_tail=0d968558/0d968558 stable=1 raw_full=1593eb53 raw_q=69ce89fc/743aa43a/5421eb66/35b9ef0c raw_edge=1db42202 raw_probe=310.5ms cache_sync=ESP_OK cache_sync_err=0 chunk_crc=582d7c12/cc54c47b/2db56761 submit=3 complete=3 seq=2970/2970 stale=0 prepare=10.4ms draw=35.7ms
W (121017) rc_video: [DEBUG-C151] display frame=1020 consumer=0 active=1/0x3c177000->1/0x3c177000 select=1340->1346 became_active=0 overlap=0 overlap_count=0 finish=1345 last_finished=2/0x3c20d140 finish_active=1 finish_collision=0 guard=1 guard_errors=0
I (121029) rc_video: [CAM-DIAG-C15.2] frame=1020 window=4 sensor=pattern slot=0 addr=0x3c0e0ec0 gen=517->517 crc_first=4b5d8aa7/4b5d8aa7 crc_mid=eef99c1a/eef99c1a crc_tail=0d968558/0d968558 stable=1 raw_full=1593eb53 raw_q=69ce89fc/743aa43a/5421eb66/35b9ef0c raw_edge=1db42202 raw_probe=310.9ms cache_sync=ESP_OK cache_sync_err=0 chunk_crc=582d7c12/cc54c47b/2db56761 submit=3 complete=3 seq=3060/3060 stale=0 prepare=10.5ms draw=35.6ms
W (123284) rc_video: [DEBUG-C151] display frame=1050 consumer=0 active=1/0x3c177000->1/0x3c177000 select=1376->1382 became_active=0 overlap=0 overlap_count=0 finish=1381 last_finished=2/0x3c20d140 finish_active=1 finish_collision=0 guard=1 guard_errors=0
I (123296) rc_video: [CAM-DIAG-C15.2] frame=1050 window=4 sensor=pattern slot=0 addr=0x3c0e0ec0 gen=532->532 crc_first=4b5d8aa7/4b5d8aa7 crc_mid=eef99c1a/eef99c1a crc_tail=0d968558/0d968558 stable=1 raw_full=1593eb53 raw_q=69ce89fc/743aa43a/5421eb66/35b9ef0c raw_edge=1db42202 raw_probe=310.5ms cache_sync=ESP_OK cache_sync_err=0 chunk_crc=582d7c12/cc54c47b/2db56761 submit=3 complete=3 seq=3150/3150 stale=0 prepare=10.7ms draw=36.1ms
W (125551) rc_video: [DEBUG-C151] display frame=1080 consumer=0 active=1/0x3c177000->1/0x3c177000 select=1412->1418 became_active=0 overlap=0 overlap_count=0 finish=1417 last_finished=2/0x3c20d140 finish_active=1 finish_collision=0 guard=1 guard_errors=0
I (125563) rc_video: [CAM-DIAG-C15.2] frame=1080 window=4 sensor=pattern slot=0 addr=0x3c0e0ec0 gen=547->547 crc_first=4b5d8aa7/4b5d8aa7 crc_mid=eef99c1a/eef99c1a crc_tail=0d968558/0d968558 stable=1 raw_full=1593eb53 raw_q=69ce89fc/743aa43a/5421eb66/35b9ef0c raw_edge=1db42202 raw_probe=310.2ms cache_sync=ESP_OK cache_sync_err=0 chunk_crc=582d7c12/cc54c47b/2db56761 submit=3 complete=3 seq=3240/3240 stale=0 prepare=10.5ms draw=35.9ms
W (127818) rc_video: [DEBUG-C151] display frame=1110 consumer=0 active=1/0x3c177000->1/0x3c177000 select=1448->1454 became_active=0 overlap=0 overlap_count=0 finish=1453 last_finished=2/0x3c20d140 finish_active=1 finish_collision=0 guard=1 guard_errors=0
I (127830) rc_video: [CAM-DIAG-C15.2] frame=1110 window=4 sensor=pattern slot=0 addr=0x3c0e0ec0 gen=562->562 crc_first=4b5d8aa7/4b5d8aa7 crc_mid=eef99c1a/eef99c1a crc_tail=0d968558/0d968558 stable=1 raw_full=1593eb53 raw_q=69ce89fc/743aa43a/5421eb66/35b9ef0c raw_edge=1db42202 raw_probe=310.0ms cache_sync=ESP_OK cache_sync_err=0 chunk_crc=582d7c12/cc54c47b/2db56761 submit=3 complete=3 seq=3330/3330 stale=0 prepare=10.7ms draw=36.0ms
W (130085) rc_video: [DEBUG-C151] display frame=1140 consumer=0 active=1/0x3c177000->1/0x3c177000 select=1484->1490 became_active=0 overlap=0 overlap_count=0 finish=1489 last_finished=2/0x3c20d140 finish_active=1 finish_collision=0 guard=1 guard_errors=0
I (130097) rc_video: [CAM-DIAG-C15.2] frame=1140 window=4 sensor=pattern slot=0 addr=0x3c0e0ec0 gen=577->577 crc_first=4b5d8aa7/4b5d8aa7 crc_mid=eef99c1a/eef99c1a crc_tail=0d968558/0d968558 stable=1 raw_full=1593eb53 raw_q=69ce89fc/743aa43a/5421eb66/35b9ef0c raw_edge=1db42202 raw_probe=310.6ms cache_sync=ESP_OK cache_sync_err=0 chunk_crc=582d7c12/cc54c47b/2db56761 submit=3 complete=3 seq=3420/3420 stale=0 prepare=10.4ms draw=35.9ms
W (132352) rc_video: [DEBUG-C151] display frame=1170 consumer=0 active=1/0x3c177000->1/0x3c177000 select=1520->1526 became_active=0 overlap=0 overlap_count=0 finish=1525 last_finished=2/0x3c20d140 finish_active=1 finish_collision=0 guard=1 guard_errors=0
I (132364) rc_video: [CAM-DIAG-C15.2] frame=1170 window=4 sensor=pattern slot=0 addr=0x3c0e0ec0 gen=592->592 crc_first=4b5d8aa7/4b5d8aa7 crc_mid=eef99c1a/eef99c1a crc_tail=0d968558/0d968558 stable=1 raw_full=1593eb53 raw_q=69ce89fc/743aa43a/5421eb66/35b9ef0c raw_edge=1db42202 raw_probe=310.0ms cache_sync=ESP_OK cache_sync_err=0 chunk_crc=582d7c12/cc54c47b/2db56761 submit=3 complete=3 seq=3510/3510 stale=0 prepare=10.6ms draw=35.9ms
W (134620) rc_video: [DEBUG-C151] display frame=1200 consumer=0 active=1/0x3c177000->1/0x3c177000 select=1556->1562 became_active=0 overlap=0 overlap_count=0 finish=1561 last_finished=2/0x3c20d140 finish_active=1 finish_collision=0 guard=1 guard_errors=0
I (134632) rc_video: [CAM-DIAG-C15.2] frame=1200 window=4 sensor=pattern slot=0 addr=0x3c0e0ec0 gen=607->607 crc_first=4b5d8aa7/4b5d8aa7 crc_mid=eef99c1a/eef99c1a crc_tail=0d968558/0d968558 stable=1 raw_full=1593eb53 raw_q=69ce89fc/743aa43a/5421eb66/35b9ef0c raw_edge=1db42202 raw_probe=311.0ms cache_sync=ESP_OK cache_sync_err=0 chunk_crc=582d7c12/cc54c47b/2db56761 submit=3 complete=3 seq=3600/3600 stale=0 prepare=10.5ms draw=35.8ms
W (136886) rc_video: [DEBUG-C151] display frame=1230 consumer=0 active=1/0x3c177000->1/0x3c177000 select=1592->1598 became_active=0 overlap=0 overlap_count=0 finish=1597 last_finished=2/0x3c20d140 finish_active=1 finish_collision=0 guard=1 guard_errors=0
I (136898) rc_video: [CAM-DIAG-C15.2] frame=1230 window=4 sensor=pattern slot=0 addr=0x3c0e0ec0 gen=622->622 crc_first=4b5d8aa7/4b5d8aa7 crc_mid=eef99c1a/eef99c1a crc_tail=0d968558/0d968558 stable=1 raw_full=1593eb53 raw_q=69ce89fc/743aa43a/5421eb66/35b9ef0c raw_edge=1db42202 raw_probe=309.7ms cache_sync=ESP_OK cache_sync_err=0 chunk_crc=582d7c12/cc54c47b/2db56761 submit=3 complete=3 seq=3690/3690 stale=0 prepare=10.4ms draw=36.0ms
W (137528) camera_hal: [CAM-DIAG-C15] SP0A39 test_pattern=off P1:32 before=0x80 write=0x00 read=0x05 expected_bit=0x00
W (137629) rc_video: [CAM-DIAG-C15.2] screen window marker=5 capture=1609
W (137629) rc_tank: [CAM-DIAG-C15] WINDOW_5 start: wifi=on camera=on sensor=real gray8=200x200; DVP unchanged
W (139155) rc_video: [DEBUG-C151] display frame=1260 consumer=0 active=1/0x3c177000->1/0x3c177000 select=1628->1634 became_active=0 overlap=0 overlap_count=0 finish=1633 last_finished=2/0x3c20d140 finish_active=1 finish_collision=0 guard=1 guard_errors=0
I (139167) rc_video: [CAM-DIAG-C15.2] frame=1260 window=5 sensor=real slot=0 addr=0x3c0e0ec0 gen=637->637 crc_first=bc097f27/bc097f27 crc_mid=da04cd4f/da04cd4f crc_tail=a480d267/a480d267 stable=1 raw_full=809f069f raw_q=daa3bf48/aa0c18cc/2539f7ee/8070fa5f raw_edge=f39aeae1 raw_probe=311.7ms cache_sync=ESP_OK cache_sync_err=0 chunk_crc=d2fd74a7/925f18bf/638af32c submit=3 complete=3 seq=3780/3780 stale=0 prepare=10.7ms draw=36.2ms
W (141421) rc_video: [DEBUG-C151] display frame=1290 consumer=0 active=1/0x3c177000->1/0x3c177000 select=1664->1670 became_active=0 overlap=0 overlap_count=0 finish=1669 last_finished=2/0x3c20d140 finish_active=1 finish_collision=0 guard=1 guard_errors=0
I (141433) rc_video: [CAM-DIAG-C15.2] frame=1290 window=5 sensor=real slot=0 addr=0x3c0e0ec0 gen=652->652 crc_first=9d9980c4/9d9980c4 crc_mid=ed710a04/ed710a04 crc_tail=e3e0ecb5/e3e0ecb5 stable=1 raw_full=25cbefca raw_q=13c76bc2/588a796c/b108e901/0f36433c raw_edge=b7902af2 raw_probe=310.9ms cache_sync=ESP_OK cache_sync_err=0 chunk_crc=fc3f9df2/7130829d/abdb9de9 submit=3 complete=3 seq=3870/3870 stale=0 prepare=10.5ms draw=36.0ms
W (143689) rc_video: [DEBUG-C151] display frame=1320 consumer=0 active=1/0x3c177000->1/0x3c177000 select=1700->1706 became_active=0 overlap=0 overlap_count=0 finish=1705 last_finished=2/0x3c20d140 finish_active=1 finish_collision=0 guard=1 guard_errors=0
I (143701) rc_video: [CAM-DIAG-C15.2] frame=1320 window=5 sensor=real slot=0 addr=0x3c0e0ec0 gen=667->667 crc_first=ef76ba86/ef76ba86 crc_mid=af8adb5f/af8adb5f crc_tail=0e5d3b96/0e5d3b96 stable=1 raw_full=145a23a9 raw_q=c6313f73/bbc9bb4f/266f02c9/7ce8c820 raw_edge=3ef2ddc2 raw_probe=310.1ms cache_sync=ESP_OK cache_sync_err=0 chunk_crc=89fd2944/440fa462/ac735d76 submit=3 complete=3 seq=3960/3960 stale=0 prepare=10.5ms draw=36.7ms
W (145954) rc_video: [DEBUG-C151] display frame=1350 consumer=0 active=1/0x3c177000->1/0x3c177000 select=1736->1742 became_active=0 overlap=0 overlap_count=0 finish=1741 last_finished=2/0x3c20d140 finish_active=1 finish_collision=0 guard=1 guard_errors=0
I (145966) rc_video: [CAM-DIAG-C15.2] frame=1350 window=5 sensor=real slot=0 addr=0x3c0e0ec0 gen=682->682 crc_first=29ac06ad/29ac06ad crc_mid=658c9ddc/658c9ddc crc_tail=507819b3/507819b3 stable=1 raw_full=2d5cfd15 raw_q=07991771/37da9704/20ce1e43/1a78dac7 raw_edge=d0bd4ea4 raw_probe=309.9ms cache_sync=ESP_OK cache_sync_err=0 chunk_crc=2e7f8a28/4ac3b9b2/56ec28a8 submit=3 complete=3 seq=4050/4050 stale=0 prepare=10.5ms draw=35.6ms
W (148222) rc_video: [DEBUG-C151] display frame=1380 consumer=0 active=1/0x3c177000->1/0x3c177000 select=1772->1778 became_active=0 overlap=0 overlap_count=0 finish=1777 last_finished=2/0x3c20d140 finish_active=1 finish_collision=0 guard=1 guard_errors=0
I (148234) rc_video: [CAM-DIAG-C15.2] frame=1380 window=5 sensor=real slot=0 addr=0x3c0e0ec0 gen=697->697 crc_first=d0a2aa67/d0a2aa67 crc_mid=d8f773b9/d8f773b9 crc_tail=4eb300f8/4eb300f8 stable=1 raw_full=d7dbaf91 raw_q=888eb40f/4a3a61a7/1cb8c951/89b4447c raw_edge=c84f7d4d raw_probe=310.9ms cache_sync=ESP_OK cache_sync_err=0 chunk_crc=8933cfb6/2a0810d6/3909f3a3 submit=3 complete=3 seq=4140/4140 stale=0 prepare=10.5ms draw=35.5ms
W (150489) rc_video: [DEBUG-C151] display frame=1410 consumer=0 active=1/0x3c177000->1/0x3c177000 select=1808->1814 became_active=0 overlap=0 overlap_count=0 finish=1813 last_finished=2/0x3c20d140 finish_active=1 finish_collision=0 guard=1 guard_errors=0
I (150501) rc_video: [CAM-DIAG-C15.2] frame=1410 window=5 sensor=real slot=0 addr=0x3c0e0ec0 gen=712->712 crc_first=f0dc77bd/f0dc77bd crc_mid=c7fbd922/c7fbd922 crc_tail=fbf55436/fbf55436 stable=1 raw_full=77d84c41 raw_q=f1585ed2/995f1a68/c20397e4/b2a97bd8 raw_edge=0c88c31c raw_probe=310.2ms cache_sync=ESP_OK cache_sync_err=0 chunk_crc=3d94e831/5ffcf5d3/08345c33 submit=3 complete=3 seq=4230/4230 stale=0 prepare=10.4ms draw=35.8ms
W (152756) rc_video: [DEBUG-C151] display frame=1440 consumer=0 active=1/0x3c177000->1/0x3c177000 select=1844->1850 became_active=0 overlap=0 overlap_count=0 finish=1849 last_finished=2/0x3c20d140 finish_active=1 finish_collision=0 guard=1 guard_errors=0
I (152768) rc_video: [CAM-DIAG-C15.2] frame=1440 window=5 sensor=real slot=0 addr=0x3c0e0ec0 gen=727->727 crc_first=4a6f5cfe/4a6f5cfe crc_mid=c89fabde/c89fabde crc_tail=3e0c301f/3e0c301f stable=1 raw_full=8b23bad5 raw_q=f1b6b6ab/3af00fad/824c9eb3/dfbde7d6 raw_edge=90cc16d2 raw_probe=310.1ms cache_sync=ESP_OK cache_sync_err=0 chunk_crc=0940b072/06554893/1586cab2 submit=3 complete=3 seq=4320/4320 stale=0 prepare=10.5ms draw=35.9ms
W (155023) rc_video: [DEBUG-C151] display frame=1470 consumer=0 active=1/0x3c177000->1/0x3c177000 select=1880->1886 became_active=0 overlap=0 overlap_count=0 finish=1885 last_finished=2/0x3c20d140 finish_active=1 finish_collision=0 guard=1 guard_errors=0
I (155035) rc_video: [CAM-DIAG-C15.2] frame=1470 window=5 sensor=real slot=0 addr=0x3c0e0ec0 gen=742->742 crc_first=f2548e90/f2548e90 crc_mid=46ed7c5a/46ed7c5a crc_tail=a49100b5/a49100b5 stable=1 raw_full=cab9b734 raw_q=a40a3741/f55fbef2/2461d731/0e539cb7 raw_edge=49a535c6 raw_probe=309.8ms cache_sync=ESP_OK cache_sync_err=0 chunk_crc=5c58a6b0/11d016dd/03e157a8 submit=3 complete=3 seq=4410/4410 stale=0 prepare=10.4ms draw=35.5ms
W (157290) rc_video: [DEBUG-C151] display frame=1500 consumer=0 active=1/0x3c177000->1/0x3c177000 select=1916->1922 became_active=0 overlap=0 overlap_count=0 finish=1921 last_finished=2/0x3c20d140 finish_active=1 finish_collision=0 guard=1 guard_errors=0
I (157302) rc_video: [CAM-DIAG-C15.2] frame=1500 window=5 sensor=real slot=0 addr=0x3c0e0ec0 gen=757->757 crc_first=cd0d9594/cd0d9594 crc_mid=f5fadf1d/f5fadf1d crc_tail=81b93d7a/81b93d7a stable=1 raw_full=b9557b87 raw_q=816872e0/9edc2f23/28423f3a/771edb19 raw_edge=7d504c1c raw_probe=310.1ms cache_sync=ESP_OK cache_sync_err=0 chunk_crc=d147f9af/8d6b3a20/a6f8871b submit=3 complete=3 seq=4500/4500 stale=0 prepare=10.4ms draw=35.7ms
W (159558) rc_video: [DEBUG-C151] display frame=1530 consumer=0 active=1/0x3c177000->1/0x3c177000 select=1952->1958 became_active=0 overlap=0 overlap_count=0 finish=1957 last_finished=2/0x3c20d140 finish_active=1 finish_collision=0 guard=1 guard_errors=0
I (159570) rc_video: [CAM-DIAG-C15.2] frame=1530 window=5 sensor=real slot=0 addr=0x3c0e0ec0 gen=772->772 crc_first=b9fbf709/b9fbf709 crc_mid=c622df71/c622df71 crc_tail=8c77b1d1/8c77b1d1 stable=1 raw_full=3b6989fb raw_q=9282ebbc/ba09f2c8/b2a51331/c7149cf1 raw_edge=da2ca53d raw_probe=310.0ms cache_sync=ESP_OK cache_sync_err=0 chunk_crc=6b2434e3/7fa2ccae/c61b0883 submit=3 complete=3 seq=4590/4590 stale=0 prepare=10.5ms draw=36.4ms
W (161826) rc_video: [DEBUG-C151] display frame=1560 consumer=0 active=1/0x3c177000->1/0x3c177000 select=1988->1994 became_active=0 overlap=0 overlap_count=0 finish=1993 last_finished=2/0x3c20d140 finish_active=1 finish_collision=0 guard=1 guard_errors=0
I (161838) rc_video: [CAM-DIAG-C15.2] frame=1560 window=5 sensor=real slot=0 addr=0x3c0e0ec0 gen=787->787 crc_first=91cf1efc/91cf1efc crc_mid=b02cd9b9/b02cd9b9 crc_tail=68e7d177/68e7d177 stable=1 raw_full=11cc2521 raw_q=06b6a7fd/3933d82f/ef06beb4/a5cbe5bb raw_edge=8b6b175a raw_probe=310.1ms cache_sync=ESP_OK cache_sync_err=0 chunk_crc=a9d49e0d/ed3db958/f8ba5e01 submit=3 complete=3 seq=4680/4680 stale=0 prepare=10.5ms draw=36.5ms
W (164092) rc_video: [DEBUG-C151] display frame=1590 consumer=0 active=1/0x3c177000->1/0x3c177000 select=2024->2030 became_active=0 overlap=0 overlap_count=0 finish=2029 last_finished=2/0x3c20d140 finish_active=1 finish_collision=0 guard=1 guard_errors=0
I (164104) rc_video: [CAM-DIAG-C15.2] frame=1590 window=5 sensor=real slot=0 addr=0x3c0e0ec0 gen=802->802 crc_first=086d89e0/086d89e0 crc_mid=2eed2acd/2eed2acd crc_tail=90685244/90685244 stable=1 raw_full=6ce90061 raw_q=866cdf17/2049bb24/64ddac7f/2f254ab8 raw_edge=0268e942 raw_probe=310.3ms cache_sync=ESP_OK cache_sync_err=0 chunk_crc=5abff1e6/bc0abc4c/57e0ba81 submit=3 complete=3 seq=4770/4770 stale=0 prepare=10.5ms draw=36.0ms
W (166359) rc_video: [DEBUG-C151] display frame=1620 consumer=0 active=1/0x3c177000->1/0x3c177000 select=2060->2066 became_active=0 overlap=0 overlap_count=0 finish=2065 last_finished=2/0x3c20d140 finish_active=1 finish_collision=0 guard=1 guard_errors=0
I (166371) rc_video: [CAM-DIAG-C15.2] frame=1620 window=5 sensor=real slot=0 addr=0x3c0e0ec0 gen=817->817 crc_first=ddcbf4fb/ddcbf4fb crc_mid=70c04caf/70c04caf crc_tail=2964ca31/2964ca31 stable=1 raw_full=b270519b raw_q=74b6a9ca/715bdc94/23dcfddf/b3ab85c9 raw_edge=fecfafa7 raw_probe=310.9ms cache_sync=ESP_OK cache_sync_err=0 chunk_crc=dc0d5cd8/5aa6c5ee/2b0a984b submit=3 complete=3 seq=4860/4860 stale=0 prepare=10.5ms draw=35.8ms
I (167636) wifi:flush txq
I (167637) wifi:stop sw txq
I (167637) wifi:lmac stop hw txq
W (167641) camera_hal: [CAM-DIAG-C15] SP0A39 test_pattern=on P1:32 before=0x00 write=0x80 read=0x80 expected_bit=0x80
W (167744) rc_video: [CAM-DIAG-C15.2] screen window marker=6 capture=2087
W (167744) rc_tank: [CAM-DIAG-C15] WINDOW_6 start: wifi=off camera=on sensor=pattern gray8=200x200; DVP unchanged
W (168625) rc_video: [DEBUG-C151] display frame=1650 consumer=0 active=1/0x3c177000->1/0x3c177000 select=2096->2102 became_active=0 overlap=0 overlap_count=0 finish=2101 last_finished=2/0x3c20d140 finish_active=1 finish_collision=0 guard=1 guard_errors=0
I (168636) rc_video: [CAM-DIAG-C15.2] frame=1650 window=6 sensor=pattern slot=0 addr=0x3c0e0ec0 gen=832->832 crc_first=4b5d8aa7/4b5d8aa7 crc_mid=eef99c1a/eef99c1a crc_tail=0d968558/0d968558 stable=1 raw_full=1593eb53 raw_q=69ce89fc/743aa43a/5421eb66/35b9ef0c raw_edge=1db42202 raw_probe=309.8ms cache_sync=ESP_OK cache_sync_err=0 chunk_crc=582d7c12/cc54c47b/2db56761 submit=3 complete=3 seq=4950/4950 stale=0 prepare=10.4ms draw=35.5ms
W (170892) rc_video: [DEBUG-C151] display frame=1680 consumer=0 active=1/0x3c177000->1/0x3c177000 select=2132->2138 became_active=0 overlap=0 overlap_count=0 finish=2137 last_finished=2/0x3c20d140 finish_active=1 finish_collision=0 guard=1 guard_errors=0
I (170904) rc_video: [CAM-DIAG-C15.2] frame=1680 window=6 sensor=pattern slot=0 addr=0x3c0e0ec0 gen=847->847 crc_first=4b5d8aa7/4b5d8aa7 crc_mid=eef99c1a/eef99c1a crc_tail=0d968558/0d968558 stable=1 raw_full=1593eb53 raw_q=69ce89fc/743aa43a/5421eb66/35b9ef0c raw_edge=1db42202 raw_probe=309.7ms cache_sync=ESP_OK cache_sync_err=0 chunk_crc=582d7c12/cc54c47b/2db56761 submit=3 complete=3 seq=5040/5040 stale=0 prepare=10.4ms draw=35.5ms
W (173159) rc_video: [DEBUG-C151] display frame=1710 consumer=0 active=1/0x3c177000->1/0x3c177000 select=2168->2174 became_active=0 overlap=0 overlap_count=0 finish=2173 last_finished=2/0x3c20d140 finish_active=1 finish_collision=0 guard=1 guard_errors=0
I (173171) rc_video: [CAM-DIAG-C15.2] frame=1710 window=6 sensor=pattern slot=0 addr=0x3c0e0ec0 gen=862->862 crc_first=4b5d8aa7/4b5d8aa7 crc_mid=eef99c1a/eef99c1a crc_tail=0d968558/0d968558 stable=1 raw_full=1593eb53 raw_q=69ce89fc/743aa43a/5421eb66/35b9ef0c raw_edge=1db42202 raw_probe=309.8ms cache_sync=ESP_OK cache_sync_err=0 chunk_crc=582d7c12/cc54c47b/2db56761 submit=3 complete=3 seq=5130/5130 stale=0 prepare=10.4ms draw=35.7ms
W (175426) rc_video: [DEBUG-C151] display frame=1740 consumer=0 active=1/0x3c177000->1/0x3c177000 select=2204->2210 became_active=0 overlap=0 overlap_count=0 finish=2209 last_finished=2/0x3c20d140 finish_active=1 finish_collision=0 guard=1 guard_errors=0
I (175438) rc_video: [CAM-DIAG-C15.2] frame=1740 window=6 sensor=pattern slot=0 addr=0x3c0e0ec0 gen=877->877 crc_first=4b5d8aa7/4b5d8aa7 crc_mid=eef99c1a/eef99c1a crc_tail=0d968558/0d968558 stable=1 raw_full=1593eb53 raw_q=69ce89fc/743aa43a/5421eb66/35b9ef0c raw_edge=1db42202 raw_probe=309.9ms cache_sync=ESP_OK cache_sync_err=0 chunk_crc=582d7c12/cc54c47b/2db56761 submit=3 complete=3 seq=5220/5220 stale=0 prepare=10.4ms draw=35.5ms
W (177693) rc_video: [DEBUG-C151] display frame=1770 consumer=0 active=1/0x3c177000->1/0x3c177000 select=2240->2246 became_active=0 overlap=0 overlap_count=0 finish=2245 last_finished=2/0x3c20d140 finish_active=1 finish_collision=0 guard=1 guard_errors=0
I (177705) rc_video: [CAM-DIAG-C15.2] frame=1770 window=6 sensor=pattern slot=0 addr=0x3c0e0ec0 gen=892->892 crc_first=4b5d8aa7/4b5d8aa7 crc_mid=eef99c1a/eef99c1a crc_tail=0d968558/0d968558 stable=1 raw_full=1593eb53 raw_q=69ce89fc/743aa43a/5421eb66/35b9ef0c raw_edge=1db42202 raw_probe=309.8ms cache_sync=ESP_OK cache_sync_err=0 chunk_crc=582d7c12/cc54c47b/2db56761 submit=3 complete=3 seq=5310/5310 stale=0 prepare=10.4ms draw=35.5ms
W (179961) rc_video: [DEBUG-C151] display frame=1800 consumer=0 active=1/0x3c177000->1/0x3c177000 select=2276->2282 became_active=0 overlap=0 overlap_count=0 finish=2281 last_finished=2/0x3c20d140 finish_active=1 finish_collision=0 guard=1 guard_errors=0
I (179973) rc_video: [CAM-DIAG-C15.2] frame=1800 window=6 sensor=pattern slot=0 addr=0x3c0e0ec0 gen=907->907 crc_first=4b5d8aa7/4b5d8aa7 crc_mid=eef99c1a/eef99c1a crc_tail=0d968558/0d968558 stable=1 raw_full=1593eb53 raw_q=69ce89fc/743aa43a/5421eb66/35b9ef0c raw_edge=1db42202 raw_probe=309.9ms cache_sync=ESP_OK cache_sync_err=0 chunk_crc=582d7c12/cc54c47b/2db56761 submit=3 complete=3 seq=5400/5400 stale=0 prepare=10.4ms draw=35.9ms
W (182228) rc_video: [DEBUG-C151] display frame=1830 consumer=0 active=1/0x3c177000->1/0x3c177000 select=2312->2318 became_active=0 overlap=0 overlap_count=0 finish=2317 last_finished=2/0x3c20d140 finish_active=1 finish_collision=0 guard=1 guard_errors=0
I (182240) rc_video: [CAM-DIAG-C15.2] frame=1830 window=6 sensor=pattern slot=0 addr=0x3c0e0ec0 gen=922->922 crc_first=4b5d8aa7/4b5d8aa7 crc_mid=eef99c1a/eef99c1a crc_tail=0d968558/0d968558 stable=1 raw_full=1593eb53 raw_q=69ce89fc/743aa43a/5421eb66/35b9ef0c raw_edge=1db42202 raw_probe=309.8ms cache_sync=ESP_OK cache_sync_err=0 chunk_crc=582d7c12/cc54c47b/2db56761 submit=3 complete=3 seq=5490/5490 stale=0 prepare=10.4ms draw=35.9ms
W (184495) rc_video: [DEBUG-C151] display frame=1860 consumer=0 active=1/0x3c177000->1/0x3c177000 select=2348->2354 became_active=0 overlap=0 overlap_count=0 finish=2353 last_finished=2/0x3c20d140 finish_active=1 finish_collision=0 guard=1 guard_errors=0
I (184507) rc_video: [CAM-DIAG-C15.2] frame=1860 window=6 sensor=pattern slot=0 addr=0x3c0e0ec0 gen=937->937 crc_first=4b5d8aa7/4b5d8aa7 crc_mid=eef99c1a/eef99c1a crc_tail=0d968558/0d968558 stable=1 raw_full=1593eb53 raw_q=69ce89fc/743aa43a/5421eb66/35b9ef0c raw_edge=1db42202 raw_probe=309.8ms cache_sync=ESP_OK cache_sync_err=0 chunk_crc=582d7c12/cc54c47b/2db56761 submit=3 complete=3 seq=5580/5580 stale=0 prepare=10.4ms draw=35.7ms
W (186762) rc_video: [DEBUG-C151] display frame=1890 consumer=0 active=1/0x3c177000->1/0x3c177000 select=2384->2390 became_active=0 overlap=0 overlap_count=0 finish=2389 last_finished=2/0x3c20d140 finish_active=1 finish_collision=0 guard=1 guard_errors=0
I (186774) rc_video: [CAM-DIAG-C15.2] frame=1890 window=6 sensor=pattern slot=0 addr=0x3c0e0ec0 gen=952->952 crc_first=4b5d8aa7/4b5d8aa7 crc_mid=eef99c1a/eef99c1a crc_tail=0d968558/0d968558 stable=1 raw_full=1593eb53 raw_q=69ce89fc/743aa43a/5421eb66/35b9ef0c raw_edge=1db42202 raw_probe=309.8ms cache_sync=ESP_OK cache_sync_err=0 chunk_crc=582d7c12/cc54c47b/2db56761 submit=3 complete=3 seq=5670/5670 stale=0 prepare=10.4ms draw=35.6ms
W (189029) rc_video: [DEBUG-C151] display frame=1920 consumer=0 active=1/0x3c177000->1/0x3c177000 select=2420->2426 became_active=0 overlap=0 overlap_count=0 finish=2425 last_finished=2/0x3c20d140 finish_active=1 finish_collision=0 guard=1 guard_errors=0
I (189041) rc_video: [CAM-DIAG-C15.2] frame=1920 window=6 sensor=pattern slot=0 addr=0x3c0e0ec0 gen=967->967 crc_first=4b5d8aa7/4b5d8aa7 crc_mid=eef99c1a/eef99c1a crc_tail=0d968558/0d968558 stable=1 raw_full=1593eb53 raw_q=69ce89fc/743aa43a/5421eb66/35b9ef0c raw_edge=1db42202 raw_probe=309.7ms cache_sync=ESP_OK cache_sync_err=0 chunk_crc=582d7c12/cc54c47b/2db56761 submit=3 complete=3 seq=5760/5760 stale=0 prepare=10.4ms draw=35.6ms
W (191296) rc_video: [DEBUG-C151] display frame=1950 consumer=0 active=1/0x3c177000->1/0x3c177000 select=2456->2462 became_active=0 overlap=0 overlap_count=0 finish=2461 last_finished=2/0x3c20d140 finish_active=1 finish_collision=0 guard=1 guard_errors=0
I (191308) rc_video: [CAM-DIAG-C15.2] frame=1950 window=6 sensor=pattern slot=0 addr=0x3c0e0ec0 gen=982->982 crc_first=4b5d8aa7/4b5d8aa7 crc_mid=eef99c1a/eef99c1a crc_tail=0d968558/0d968558 stable=1 raw_full=1593eb53 raw_q=69ce89fc/743aa43a/5421eb66/35b9ef0c raw_edge=1db42202 raw_probe=309.9ms cache_sync=ESP_OK cache_sync_err=0 chunk_crc=582d7c12/cc54c47b/2db56761 submit=3 complete=3 seq=5850/5850 stale=0 prepare=10.4ms draw=35.7ms
W (193563) rc_video: [DEBUG-C151] display frame=1980 consumer=0 active=1/0x3c177000->1/0x3c177000 select=2492->2498 became_active=0 overlap=0 overlap_count=0 finish=2497 last_finished=2/0x3c20d140 finish_active=1 finish_collision=0 guard=1 guard_errors=0
I (193575) rc_video: [CAM-DIAG-C15.2] frame=1980 window=6 sensor=pattern slot=0 addr=0x3c0e0ec0 gen=997->997 crc_first=4b5d8aa7/4b5d8aa7 crc_mid=eef99c1a/eef99c1a crc_tail=0d968558/0d968558 stable=1 raw_full=1593eb53 raw_q=69ce89fc/743aa43a/5421eb66/35b9ef0c raw_edge=1db42202 raw_probe=309.9ms cache_sync=ESP_OK cache_sync_err=0 chunk_crc=582d7c12/cc54c47b/2db56761 submit=3 complete=3 seq=5940/5940 stale=0 prepare=10.4ms draw=35.6ms
W (195830) rc_video: [DEBUG-C151] display frame=2010 consumer=0 active=1/0x3c177000->1/0x3c177000 select=2528->2534 became_active=0 overlap=0 overlap_count=0 finish=2533 last_finished=2/0x3c20d140 finish_active=1 finish_collision=0 guard=1 guard_errors=0
I (195842) rc_video: [CAM-DIAG-C15.2] frame=2010 window=6 sensor=pattern slot=0 addr=0x3c0e0ec0 gen=1012->1012 crc_first=4b5d8aa7/4b5d8aa7 crc_mid=eef99c1a/eef99c1a crc_tail=0d968558/0d968558 stable=1 raw_full=1593eb53 raw_q=69ce89fc/743aa43a/5421eb66/35b9ef0c raw_edge=1db42202 raw_probe=309.8ms cache_sync=ESP_OK cache_sync_err=0 chunk_crc=582d7c12/cc54c47b/2db56761 submit=3 complete=3 seq=6030/6030 stale=0 prepare=10.4ms draw=35.6ms
W (197751) camera_hal: [CAM-DIAG-C15] SP0A39 test_pattern=off P1:32 before=0x80 write=0x00 read=0x00 expected_bit=0x00
W (197852) rc_video: [CAM-DIAG-C15.2] screen window marker=7 capture=2565
W (197852) rc_tank: [CAM-DIAG-C15] WINDOW_7 start: wifi=off camera=on sensor=real gray8=200x200 hold; DVP unchanged
W (197857) rc_tank: [CAM-DIAG-C15] low-bandwidth raw-source isolation sequence complete; hold WINDOW_7
I (197866) rc_tank: Tank running (video + control; audio disabled)
I (197872) rc_tank: app_main done, idle loop
W (198105) rc_video: [DEBUG-C151] display frame=2040 consumer=0 active=1/0x3c177000->1/0x3c177000 select=2564->2570 became_active=0 overlap=0 overlap_count=0 finish=2569 last_finished=2/0x3c20d140 finish_active=1 finish_collision=0 guard=1 guard_errors=0
I (198116) rc_video: [CAM-DIAG-C15.2] frame=2040 window=6 sensor=pattern slot=0 addr=0x3c0e0ec0 gen=1027->1027 crc_first=4b5d8aa7/4b5d8aa7 crc_mid=eef99c1a/eef99c1a crc_tail=0d968558/0d968558 stable=1 raw_full=1593eb53 raw_q=69ce89fc/743aa43a/5421eb66/35b9ef0c raw_edge=1db42202 raw_probe=317.1ms cache_sync=ESP_OK cache_sync_err=0 chunk_crc=582d7c12/cc54c47b/2db56761 submit=3 complete=3 seq=6120/6120 stale=0 prepare=9.9ms draw=36.2ms
W (200365) rc_video: [DEBUG-C151] display frame=2070 consumer=0 active=1/0x3c177000->1/0x3c177000 select=2600->2606 became_active=0 overlap=0 overlap_count=0 finish=2605 last_finished=2/0x3c20d140 finish_active=1 finish_collision=0 guard=1 guard_errors=0
I (200377) rc_video: [CAM-DIAG-C15.2] frame=2070 window=7 sensor=real slot=0 addr=0x3c0e0ec0 gen=1042->1042 crc_first=71a2de89/71a2de89 crc_mid=89e7757b/89e7757b crc_tail=c80e1d98/c80e1d98 stable=1 raw_full=fc07e1eb raw_q=932de5d7/90896d43/db06e081/dcbefc82 raw_edge=ce8c8268 raw_probe=309.8ms cache_sync=ESP_OK cache_sync_err=0 chunk_crc=60820e35/31bc1590/4d73eb09 submit=3 complete=3 seq=6210/6210 stale=0 prepare=10.4ms draw=35.9ms
W (202632) rc_video: [DEBUG-C151] display frame=2100 consumer=0 active=1/0x3c177000->1/0x3c177000 select=2636->2642 became_active=0 overlap=0 overlap_count=0 finish=2641 last_finished=2/0x3c20d140 finish_active=1 finish_collision=0 guard=1 guard_errors=0
I (202644) rc_video: [CAM-DIAG-C15.2] frame=2100 window=7 sensor=real slot=0 addr=0x3c0e0ec0 gen=1057->1057 crc_first=14938bba/14938bba crc_mid=0b07f0e2/0b07f0e2 crc_tail=df682dbf/df682dbf stable=1 raw_full=228d33c7 raw_q=bf7ccc17/527bc2d6/9912693f/d8fd1044 raw_edge=16ce1419 raw_probe=309.7ms cache_sync=ESP_OK cache_sync_err=0 chunk_crc=dab6b98d/76115de4/84c69ed5 submit=3 complete=3 seq=6300/6300 stale=0 prepare=10.4ms draw=35.9ms
W (204899) rc_video: [DEBUG-C151] display frame=2130 consumer=0 active=1/0x3c177000->1/0x3c177000 select=2672->2678 became_active=0 overlap=0 overlap_count=0 finish=2677 last_finished=2/0x3c20d140 finish_active=1 finish_collision=0 guard=1 guard_errors=0
I (204911) rc_video: [CAM-DIAG-C15.2] frame=2130 window=7 sensor=real slot=0 addr=0x3c0e0ec0 gen=1072->1072 crc_first=62094e53/62094e53 crc_mid=ca7a4780/ca7a4780 crc_tail=71ba0bbe/71ba0bbe stable=1 raw_full=68d0c726 raw_q=23e6c3ae/51983e66/e6d675d9/fa10dd5d raw_edge=96882437 raw_probe=309.8ms cache_sync=ESP_OK cache_sync_err=0 chunk_crc=ad563052/4eb4754b/2516225d submit=3 complete=3 seq=6390/6390 stale=0 prepare=10.4ms draw=35.7ms
W (207166) rc_video: [DEBUG-C151] display frame=2160 consumer=0 active=1/0x3c177000->1/0x3c177000 select=2708->2714 became_active=0 overlap=0 overlap_count=0 finish=2713 last_finished=2/0x3c20d140 finish_active=1 finish_collision=0 guard=1 guard_errors=0
I (207178) rc_video: [CAM-DIAG-C15.2] frame=2160 window=7 sensor=real slot=0 addr=0x3c0e0ec0 gen=1087->1087 crc_first=dd9b9c84/dd9b9c84 crc_mid=99cdae92/99cdae92 crc_tail=929dac60/929dac60 stable=1 raw_full=9dd5310c raw_q=a248a5f0/588e6c0b/39502a77/55d6395d raw_edge=6f64f527 raw_probe=309.7ms cache_sync=ESP_OK cache_sync_err=0 chunk_crc=8abf1df0/a40dcde8/22d0a44b submit=3 complete=3 seq=6480/6480 stale=0 prepare=10.4ms draw=35.6ms
W (209433) rc_video: [DEBUG-C151] display frame=2190 consumer=0 active=1/0x3c177000->1/0x3c177000 select=2744->2750 became_active=0 overlap=0 overlap_count=0 finish=2749 last_finished=2/0x3c20d140 finish_active=1 finish_collision=0 guard=1 guard_errors=0
I (209445) rc_video: [CAM-DIAG-C15.2] frame=2190 window=7 sensor=real slot=0 addr=0x3c0e0ec0 gen=1102->1102 crc_first=dffbeae1/dffbeae1 crc_mid=b14c7d65/b14c7d65 crc_tail=eb9f3a91/eb9f3a91 stable=1 raw_full=5c6b9146 raw_q=f19dad00/dde09e85/1a86cac2/1b0ca4ab raw_edge=d1ed37cf raw_probe=309.9ms cache_sync=ESP_OK cache_sync_err=0 chunk_crc=a7472c77/f02c8c24/b6e2c795 submit=3 complete=3 seq=6570/6570 stale=0 prepare=10.4ms draw=35.8ms
W (211700) rc_video: [DEBUG-C151] display frame=2220 consumer=0 active=1/0x3c177000->1/0x3c177000 select=2780->2786 became_active=0 overlap=0 overlap_count=0 finish=2785 last_finished=2/0x3c20d140 finish_active=1 finish_collision=0 guard=1 guard_errors=0
I (211712) rc_video: [CAM-DIAG-C15.2] frame=2220 window=7 sensor=real slot=0 addr=0x3c0e0ec0 gen=1117->1117 crc_first=e04e40fb/e04e40fb crc_mid=9fd9dd47/9fd9dd47 crc_tail=eb31f66c/eb31f66c stable=1 raw_full=493fd6df raw_q=a6183135/da1771b1/b8126226/4a5cd2df raw_edge=0c51c9e8 raw_probe=309.8ms cache_sync=ESP_OK cache_sync_err=0 chunk_crc=275f2203/04a473da/b8058cdb submit=3 complete=3 seq=6660/6660 stale=0 prepare=10.4ms draw=35.8ms
W (213967) rc_video: [DEBUG-C151] display frame=2250 consumer=0 active=1/0x3c177000->1/0x3c177000 select=2816->2822 became_active=0 overlap=0 overlap_count=0 finish=2821 last_finished=2/0x3c20d140 finish_active=1 finish_collision=0 guard=1 guard_errors=0
I (213979) rc_video: [CAM-DIAG-C15.2] frame=2250 window=7 sensor=real slot=0 addr=0x3c0e0ec0 gen=1132->1132 crc_first=c6b34e8d/c6b34e8d crc_mid=c252101d/c252101d crc_tail=1faf979a/1faf979a stable=1 raw_full=023bf8ce raw_q=bec92ed4/d2c7ff97/9ebe1bc5/a7130c1f raw_edge=11eb7ca6 raw_probe=309.8ms cache_sync=ESP_OK cache_sync_err=0 chunk_crc=928eb6f4/d3dfd571/530d8af3 submit=3 complete=3 seq=6750/6750 stale=0 prepare=10.4ms draw=35.7ms
W (216234) rc_video: [DEBUG-C151] display frame=2280 consumer=0 active=1/0x3c177000->1/0x3c177000 select=2852->2858 became_active=0 overlap=0 overlap_count=0 finish=2857 last_finished=2/0x3c20d140 finish_active=1 finish_collision=0 guard=1 guard_errors=0
I (216246) rc_video: [CAM-DIAG-C15.2] frame=2280 window=7 sensor=real slot=0 addr=0x3c0e0ec0 gen=1147->1147 crc_first=8de76c26/8de76c26 crc_mid=4182e714/4182e714 crc_tail=1dc473cc/1dc473cc stable=1 raw_full=49b80eb2 raw_q=81f4bb0a/b91e68d1/12856cfb/bdcc5ce6 raw_edge=130104a5 raw_probe=309.9ms cache_sync=ESP_OK cache_sync_err=0 chunk_crc=e230232c/699018ba/0f7e71d3 submit=3 complete=3 seq=6840/6840 stale=0 prepare=10.4ms draw=35.5ms
W (218501) rc_video: [DEBUG-C151] display frame=2310 consumer=0 active=1/0x3c177000->1/0x3c177000 select=2888->2894 became_active=0 overlap=0 overlap_count=0 finish=2893 last_finished=2/0x3c20d140 finish_active=1 finish_collision=0 guard=1 guard_errors=0
I (218513) rc_video: [CAM-DIAG-C15.2] frame=2310 window=7 sensor=real slot=0 addr=0x3c0e0ec0 gen=1162->1162 crc_first=abc4843d/abc4843d crc_mid=fe20c83c/fe20c83c crc_tail=98258ca0/98258ca0 stable=1 raw_full=530590a2 raw_q=c570340f/c63f4fc6/4a96490b/d8e49458 raw_edge=fcb9da6b raw_probe=309.8ms cache_sync=ESP_OK cache_sync_err=0 chunk_crc=991d7dd4/9a266734/9e481285 submit=3 complete=3 seq=6930/6930 stale=0 prepare=10.4ms draw=35.4ms
W (220768) rc_video: [DEBUG-C151] display frame=2340 consumer=0 active=1/0x3c177000->1/0x3c177000 select=2924->2930 became_active=0 overlap=0 overlap_count=0 finish=2929 last_finished=2/0x3c20d140 finish_active=1 finish_collision=0 guard=1 guard_errors=0
I (220780) rc_video: [CAM-DIAG-C15.2] frame=2340 window=7 sensor=real slot=0 addr=0x3c0e0ec0 gen=1177->1177 crc_first=479b779b/479b779b crc_mid=74404905/74404905 crc_tail=3def292c/3def292c stable=1 raw_full=d93caf22 raw_q=f61599b8/0d1d04c9/ce478b3b/3bdfec6e raw_edge=d69e517d raw_probe=309.7ms cache_sync=ESP_OK cache_sync_err=0 chunk_crc=435ebc58/a95f493b/f0accf98 submit=3 complete=3 seq=7020/7020 stale=0 prepare=10.4ms draw=35.4ms
W (223036) rc_video: [DEBUG-C151] display frame=2370 consumer=0 active=1/0x3c177000->1/0x3c177000 select=2960->2966 became_active=0 overlap=0 overlap_count=0 finish=2965 last_finished=2/0x3c20d140 finish_active=1 finish_collision=0 guard=1 guard_errors=0
I (223048) rc_video: [CAM-DIAG-C15.2] frame=2370 window=7 sensor=real slot=0 addr=0x3c0e0ec0 gen=1192->1192 crc_first=cefb8215/cefb8215 crc_mid=7b6bfd52/7b6bfd52 crc_tail=865091b4/865091b4 stable=1 raw_full=39589771 raw_q=a3b050d4/203fa8ab/f1e0777d/dfa437d2 raw_edge=49b11b67 raw_probe=309.8ms cache_sync=ESP_OK cache_sync_err=0 chunk_crc=02944d31/f31dbce8/5a19ea7c submit=3 complete=3 seq=7110/7110 stale=0 prepare=10.4ms draw=35.7ms
W (225303) rc_video: [DEBUG-C151] display frame=2400 consumer=0 active=1/0x3c177000->1/0x3c177000 select=2996->3002 became_active=0 overlap=0 overlap_count=0 finish=3001 last_finished=2/0x3c20d140 finish_active=1 finish_collision=0 guard=1 guard_errors=0
I (225315) rc_video: [CAM-DIAG-C15.2] frame=2400 window=7 sensor=real slot=0 addr=0x3c0e0ec0 gen=1207->1207 crc_first=f945643e/f945643e crc_mid=0d4cc9d1/0d4cc9d1 crc_tail=9a7e2372/9a7e2372 stable=1 raw_full=bc14984b raw_q=bad17cd3/3a735171/7476f9fe/63a05804 raw_edge=a86b2440 raw_probe=309.9ms cache_sync=ESP_OK cache_sync_err=0 chunk_crc=ce6142f9/8dbb5d4b/018097f5 submit=3 complete=3 seq=7200/7200 stale=0 prepare=10.4ms draw=35.6ms
W (227570) rc_video: [DEBUG-C151] display frame=2430 consumer=0 active=1/0x3c177000->1/0x3c177000 select=3032->3038 became_active=0 overlap=0 overlap_count=0 finish=3037 last_finished=2/0x3c20d140 finish_active=1 finish_collision=0 guard=1 guard_errors=0
I (227582) rc_video: [CAM-DIAG-C15.2] frame=2430 window=7 sensor=real slot=0 addr=0x3c0e0ec0 gen=1222->1222 crc_first=01827f97/01827f97 crc_mid=f6039e07/f6039e07 crc_tail=0994e5be/0994e5be stable=1 raw_full=beffeecf raw_q=f1a5179b/fb6844e0/ce7bf390/a1ddc73d raw_edge=125a12e4 raw_probe=309.9ms cache_sync=ESP_OK cache_sync_err=0 chunk_crc=a1a0d1ae/20f25edd/549bed8c submit=3 complete=3 seq=7290/7290 stale=0 prepare=10.4ms draw=35.4ms
W (229837) rc_video: [DEBUG-C151] display frame=2460 consumer=0 active=1/0x3c177000->1/0x3c177000 select=3068->3074 became_active=0 overlap=0 overlap_count=0 finish=3073 last_finished=2/0x3c20d140 finish_active=1 finish_collision=0 guard=1 guard_errors=0
I (229849) rc_video: [CAM-DIAG-C15.2] frame=2460 window=7 sensor=real slot=0 addr=0x3c0e0ec0 gen=1237->1237 crc_first=08d16bf2/08d16bf2 crc_mid=5dbebe50/5dbebe50 crc_tail=27268fe5/27268fe5 stable=1 raw_full=ae19903b raw_q=89ee8997/9073de21/440e3c71/59539399 raw_edge=bbd7a0fd raw_probe=309.8ms cache_sync=ESP_OK cache_sync_err=0 chunk_crc=9c70b3b7/1c887ae1/4ef82d94 submit=3 complete=3 seq=7380/7380 stale=0 prepare=10.4ms draw=35.4ms
W (232104) rc_video: [DEBUG-C151] display frame=2490 consumer=0 active=1/0x3c177000->1/0x3c177000 select=3104->3110 became_active=0 overlap=0 overlap_count=0 finish=3109 last_finished=2/0x3c20d140 finish_active=1 finish_collision=0 guard=1 guard_errors=0
I (232116) rc_video: [CAM-DIAG-C15.2] frame=2490 window=7 sensor=real slot=0 addr=0x3c0e0ec0 gen=1252->1252 crc_first=f62054b7/f62054b7 crc_mid=e2d4b4b4/e2d4b4b4 crc_tail=b4571822/b4571822 stable=1 raw_full=dcfd1d94 raw_q=38c712f8/4110e87a/d1faf02e/1683647b raw_edge=34bd5adf raw_probe=309.7ms cache_sync=ESP_OK cache_sync_err=0 chunk_crc=706e9a68/30f2b792/6bdaeb3f submit=3 complete=3 seq=7470/7470 stale=0 prepare=10.4ms draw=35.8ms
W (234371) rc_video: [DEBUG-C151] display frame=2520 consumer=0 active=1/0x3c177000->1/0x3c177000 select=3140->3146 became_active=0 overlap=0 overlap_count=0 finish=3145 last_finished=2/0x3c20d140 finish_active=1 finish_collision=0 guard=1 guard_errors=0
I (234383) rc_video: [CAM-DIAG-C15.2] frame=2520 window=7 sensor=real slot=0 addr=0x3c0e0ec0 gen=1267->1267 crc_first=b86c31da/b86c31da crc_mid=5b0665ed/5b0665ed crc_tail=5c7fc287/5c7fc287 stable=1 raw_full=b7a54e7b raw_q=3f629cb7/32fe8d80/fd695e89/45ff9b1b raw_edge=d45011eb raw_probe=309.9ms cache_sync=ESP_OK cache_sync_err=0 chunk_crc=caccc5f1/8341ca02/cf3531fc submit=3 complete=3 seq=7560/7560 stale=0 prepare=10.4ms draw=35.5ms
W (236638) rc_video: [DEBUG-C151] display frame=2550 consumer=0 active=1/0x3c177000->1/0x3c177000 select=3176->3182 became_active=0 overlap=0 overlap_count=0 finish=3181 last_finished=2/0x3c20d140 finish_active=1 finish_collision=0 guard=1 guard_errors=0
I (236650) rc_video: [CAM-DIAG-C15.2] frame=2550 window=7 sensor=real slot=0 addr=0x3c0e0ec0 gen=1282->1282 crc_first=2a080188/2a080188 crc_mid=741b65ad/741b65ad crc_tail=0142d6cf/0142d6cf stable=1 raw_full=43941bc5 raw_q=91d2f6c4/5ef4d41f/f55517aa/583b346b raw_edge=e26e5591 raw_probe=309.7ms cache_sync=ESP_OK cache_sync_err=0 chunk_crc=babf6fb5/cc7c8aca/63c736ee submit=3 complete=3 seq=7650/7650 stale=0 prepare=10.4ms draw=35.6ms
W (238905) rc_video: [DEBUG-C151] display frame=2580 consumer=0 active=1/0x3c177000->1/0x3c177000 select=3212->3218 became_active=0 overlap=0 overlap_count=0 finish=3217 last_finished=2/0x3c20d140 finish_active=1 finish_collision=0 guard=1 guard_errors=0
I (238917) rc_video: [CAM-DIAG-C15.2] frame=2580 window=7 sensor=real slot=0 addr=0x3c0e0ec0 gen=1297->1297 crc_first=a4aa2483/a4aa2483 crc_mid=1bedc785/1bedc785 crc_tail=f1b714dd/f1b714dd stable=1 raw_full=67fbed5f raw_q=af7a131f/dac2e44d/2da3ac49/3300a395 raw_edge=9d2861cb raw_probe=309.8ms cache_sync=ESP_OK cache_sync_err=0 chunk_crc=854da426/3d8b1c83/522e42b3 submit=3 complete=3 seq=7740/7740 stale=0 prepare=10.4ms draw=35.4ms
W (241173) rc_video: [DEBUG-C151] display frame=2610 consumer=0 active=1/0x3c177000->1/0x3c177000 select=3248->3254 became_active=0 overlap=0 overlap_count=0 finish=3253 last_finished=2/0x3c20d140 finish_active=1 finish_collision=0 guard=1 guard_errors=0
I (241185) rc_video: [CAM-DIAG-C15.2] frame=2610 window=7 sensor=real slot=0 addr=0x3c0e0ec0 gen=1312->1312 crc_first=00b11875/00b11875 crc_mid=ed555939/ed555939 crc_tail=dd5a0231/dd5a0231 stable=1 raw_full=7ef86f21 raw_q=a9d31cbb/15d6df65/14e7a780/e09415d8 raw_edge=71b82f41 raw_probe=309.8ms cache_sync=ESP_OK cache_sync_err=0 chunk_crc=0805d2ef/499332f2/9c7e722f submit=3 complete=3 seq=7830/7830 stale=0 prepare=10.4ms draw=35.8ms
W (243440) rc_video: [DEBUG-C151] display frame=2640 consumer=0 active=1/0x3c177000->1/0x3c177000 select=3284->3290 became_active=0 overlap=0 overlap_count=0 finish=3289 last_finished=2/0x3c20d140 finish_active=1 finish_collision=0 guard=1 guard_errors=0
I (243452) rc_video: [CAM-DIAG-C15.2] frame=2640 window=7 sensor=real slot=0 addr=0x3c0e0ec0 gen=1327->1327 crc_first=6e250213/6e250213 crc_mid=7858bf18/7858bf18 crc_tail=264ff130/264ff130 stable=1 raw_full=e967c5ac raw_q=da6ebe2e/06db3307/a236816c/8ad5bb45 raw_edge=0d518f3d raw_probe=309.8ms cache_sync=ESP_OK cache_sync_err=0 chunk_crc=28b66e9f/039d1d5e/39566ade submit=3 complete=3 seq=7920/7920 stale=0 prepare=10.4ms draw=35.7ms
W (245707) rc_video: [DEBUG-C151] display frame=2670 consumer=0 active=1/0x3c177000->1/0x3c177000 select=3320->3326 became_active=0 overlap=0 overlap_count=0 finish=3325 last_finished=2/0x3c20d140 finish_active=1 finish_collision=0 guard=1 guard_errors=0
I (245719) rc_video: [CAM-DIAG-C15.2] frame=2670 window=7 sensor=real slot=0 addr=0x3c0e0ec0 gen=1342->1342 crc_first=f7f7ae66/f7f7ae66 crc_mid=89d663ad/89d663ad crc_tail=f2ed8e54/f2ed8e54 stable=1 raw_full=7ff9448d raw_q=0b17b2bb/ff5d160c/60669b2e/3372db45 raw_edge=a42a75b7 raw_probe=309.9ms cache_sync=ESP_OK cache_sync_err=0 chunk_crc=642b2baa/26faddeb/44c58da0 submit=3 complete=3 seq=8010/8010 stale=0 prepare=10.4ms draw=35.5ms
W (247974) rc_video: [DEBUG-C151] display frame=2700 consumer=0 active=1/0x3c177000->1/0x3c177000 select=3356->3362 became_active=0 overlap=0 overlap_count=0 finish=3361 last_finished=2/0x3c20d140 finish_active=1 finish_collision=0 guard=1 guard_errors=0
I (247986) rc_video: [CAM-DIAG-C15.2] frame=2700 window=7 sensor=real slot=0 addr=0x3c0e0ec0 gen=1357->1357 crc_first=77052ae2/77052ae2 crc_mid=f69724f6/f69724f6 crc_tail=2a5b76d7/2a5b76d7 stable=1 raw_full=25573e75 raw_q=e61ec583/2c54ca8f/822cd109/20e5a448 raw_edge=0382ba5e raw_probe=309.8ms cache_sync=ESP_OK cache_sync_err=0 chunk_crc=a9d9cf25/078ff430/d54444e0 submit=3 complete=3 seq=8100/8100 stale=0 prepare=10.4ms draw=35.5ms
W (250241) rc_video: [DEBUG-C151] display frame=2730 consumer=0 active=1/0x3c177000->1/0x3c177000 select=3392->3398 became_active=0 overlap=0 overlap_count=0 finish=3397 last_finished=2/0x3c20d140 finish_active=1 finish_collision=0 guard=1 guard_errors=0
I (250253) rc_video: [CAM-DIAG-C15.2] frame=2730 window=7 sensor=real slot=0 addr=0x3c0e0ec0 gen=1372->1372 crc_first=8aeea032/8aeea032 crc_mid=b2e2c4bc/b2e2c4bc crc_tail=44aae32b/44aae32b stable=1 raw_full=7698a67e raw_q=3cc1ce1e/f55b327e/7f897db8/3e324735 raw_edge=127a5630 raw_probe=309.7ms cache_sync=ESP_OK cache_sync_err=0 chunk_crc=930a1d3d/bb09e3bc/874e062f submit=3 complete=3 seq=8190/8190 stale=0 prepare=10.4ms draw=35.8ms
W (252508) rc_video: [DEBUG-C151] display frame=2760 consumer=0 active=1/0x3c177000->1/0x3c177000 select=3428->3434 became_active=0 overlap=0 overlap_count=0 finish=3433 last_finished=2/0x3c20d140 finish_active=1 finish_collision=0 guard=1 guard_errors=0
I (252520) rc_video: [CAM-DIAG-C15.2] frame=2760 window=7 sensor=real slot=0 addr=0x3c0e0ec0 gen=1387->1387 crc_first=fbbd72d6/fbbd72d6 crc_mid=05a1c148/05a1c148 crc_tail=307a0d08/307a0d08 stable=1 raw_full=ea517945 raw_q=3d0ccb2e/10b182d1/949b986f/fad2e4f5 raw_edge=50212df8 raw_probe=309.9ms cache_sync=ESP_OK cache_sync_err=0 chunk_crc=ec049122/0e178375/f851a9bb submit=3 complete=3 seq=8280/8280 stale=0 prepare=10.4ms draw=35.6ms
W (254775) rc_video: [DEBUG-C151] display frame=2790 consumer=0 active=1/0x3c177000->1/0x3c177000 select=3464->3470 became_active=0 overlap=0 overlap_count=0 finish=3469 last_finished=2/0x3c20d140 finish_active=1 finish_collision=0 guard=1 guard_errors=0
I (254787) rc_video: [CAM-DIAG-C15.2] frame=2790 window=7 sensor=real slot=0 addr=0x3c0e0ec0 gen=1402->1402 crc_first=c5f9d974/c5f9d974 crc_mid=fc794304/fc794304 crc_tail=20e8a6f7/20e8a6f7 stable=1 raw_full=d74fe7b7 raw_q=e68c1ae0/45cc34d8/59a34ad0/33f740f9 raw_edge=d9de0761 raw_probe=309.7ms cache_sync=ESP_OK cache_sync_err=0 chunk_crc=d9cfd883/68b1706a/6a2f9e1f submit=3 complete=3 seq=8370/8370 stale=0 prepare=10.4ms draw=35.7ms
W (257042) rc_video: [DEBUG-C151] display frame=2820 consumer=0 active=1/0x3c177000->1/0x3c177000 select=3500->3506 became_active=0 overlap=0 overlap_count=0 finish=3505 last_finished=2/0x3c20d140 finish_active=1 finish_collision=0 guard=1 guard_errors=0
I (257054) rc_video: [CAM-DIAG-C15.2] frame=2820 window=7 sensor=real slot=0 addr=0x3c0e0ec0 gen=1417->1417 crc_first=0396b2a9/0396b2a9 crc_mid=aa45f377/aa45f377 crc_tail=3d983d35/3d983d35 stable=1 raw_full=9e655b7c raw_q=140a3b20/f86cc9c2/0627e39c/827ed52c raw_edge=a0fb2c7e raw_probe=309.8ms cache_sync=ESP_OK cache_sync_err=0 chunk_crc=183b04f8/228a701f/ed080a93 submit=3 complete=3 seq=8460/8460 stale=0 prepare=10.4ms draw=35.5ms
W (259310) rc_video: [DEBUG-C151] display frame=2850 consumer=0 active=1/0x3c177000->1/0x3c177000 select=3536->3542 became_active=0 overlap=0 overlap_count=0 finish=3541 last_finished=2/0x3c20d140 finish_active=1 finish_collision=0 guard=1 guard_errors=0
I (259322) rc_video: [CAM-DIAG-C15.2] frame=2850 window=7 sensor=real slot=0 addr=0x3c0e0ec0 gen=1432->1432 crc_first=26f75972/26f75972 crc_mid=b8dc9391/b8dc9391 crc_tail=f332d0f7/f332d0f7 stable=1 raw_full=77913d1d raw_q=a6b11622/0355be07/46433cd9/0f7615b1 raw_edge=fc6d6e64 raw_probe=309.9ms cache_sync=ESP_OK cache_sync_err=0 chunk_crc=08a6ec21/b098767e/370fdb24 submit=3 complete=3 seq=8550/8550 stale=0 prepare=10.4ms draw=35.8ms
W (261577) rc_video: [DEBUG-C151] display frame=2880 consumer=0 active=1/0x3c177000->1/0x3c177000 select=3572->3578 became_active=0 overlap=0 overlap_count=0 finish=3577 last_finished=2/0x3c20d140 finish_active=1 finish_collision=0 guard=1 guard_errors=0
I (261589) rc_video: [CAM-DIAG-C15.2] frame=2880 window=7 sensor=real slot=0 addr=0x3c0e0ec0 gen=1447->1447 crc_first=50863e40/50863e40 crc_mid=aade29c4/aade29c4 crc_tail=c3950ec4/c3950ec4 stable=1 raw_full=32936bbd raw_q=6f487c05/fc5c4db8/c3297043/7fd4798c raw_edge=a5e3ea6c raw_probe=309.8ms cache_sync=ESP_OK cache_sync_err=0 chunk_crc=b4198cb2/2a1a48a4/14bda29c submit=3 complete=3 seq=8640/8640 stale=0 prepare=10.4ms draw=35.8ms
