=========================================
Flashing RC Tank Demo - TANK Role to COM7
=========================================
Bootloader:      E:\10__AIProject\7_AI陪伴机器人\CODE\examples\rc_tank_demo\firmware_backup\bootloader_TANK.bin
Partition Table: E:\10__AIProject\7_AI陪伴机器人\CODE\examples\rc_tank_demo\firmware_backup\partition-table_TANK.bin
Application:     E:\10__AIProject\7_AI陪伴机器人\CODE\examples\rc_tank_demo\firmware_backup\rc_tank_demo_TANK.bin

Erasing flash...
esptool.py v4.12.dev2
Serial port COM7
Connecting....
Chip is ESP32-S3 (QFN56) (revision v0.2)
Features: WiFi, BLE
Crystal is 40MHz
MAC: 44:1b:f6:f3:ae:78
Uploading stub...
Running stub...
Stub running...
Erasing flash (this may take a while)...
Chip erase completed successfully in 1.2 seconds.
Hard resetting via RTS pin...

Programming flash...
esptool.py v4.12.dev2
Serial port COM7
Connecting.........
Chip is ESP32-S3 (QFN56) (revision v0.2)
Features: WiFi, BLE
Crystal is 40MHz
MAC: 44:1b:f6:f3:ae:78
Uploading stub...
Running stub...
Stub running...
Changing baud rate to 460800
Changed.
Configuring flash size...
Flash will be erased from 0x00000000 to 0x00005fff...
Flash will be erased from 0x00008000 to 0x00008fff...
Flash will be erased from 0x00010000 to 0x00100fff...
SHA digest in image updated
Compressed 20832 bytes to 13348...
Writing at 0x00000000... (100 %)
Wrote 20832 bytes (13348 compressed) at 0x00000000 in 0.4 seconds (effective 438.9 kbit/s)...
Hash of data verified.
Compressed 3072 bytes to 119...
Writing at 0x00008000... (100 %)
Wrote 3072 bytes (119 compressed) at 0x00008000 in 0.0 seconds (effective 1626.2 kbit/s)...
Hash of data verified.
Compressed 985616 bytes to 582014...
Writing at 0x00010000... (2 %)
Writing at 0x0001d30b... (5 %)
Writing at 0x00029bda... (8 %)
Writing at 0x00032786... (11 %)
Writing at 0x0003d38b... (13 %)
Writing at 0x0004483e... (16 %)
Writing at 0x0004ab19... (19 %)
Writing at 0x00050f19... (22 %)
Writing at 0x0005aaf4... (25 %)
Writing at 0x000610cd... (27 %)
Writing at 0x00067d4f... (30 %)
Writing at 0x0006d801... (33 %)
Writing at 0x0007314f... (36 %)
Writing at 0x00078deb... (38 %)
Writing at 0x0007ec6c... (41 %)
Writing at 0x00084b4a... (44 %)
Writing at 0x0008ac2f... (47 %)
Writing at 0x00090b3c... (50 %)
Writing at 0x00095efd... (52 %)
Writing at 0x0009ae57... (55 %)
Writing at 0x000a0770... (58 %)
Writing at 0x000a5eb1... (61 %)
Writing at 0x000ab3ef... (63 %)
Writing at 0x000b08c3... (66 %)
Writing at 0x000b63c2... (69 %)
Writing at 0x000bc1df... (72 %)
Writing at 0x000c1d53... (75 %)
Writing at 0x000c7b27... (77 %)
Writing at 0x000cd30d... (80 %)
Writing at 0x000d2e98... (83 %)
Writing at 0x000dbd07... (86 %)
Writing at 0x000e1af0... (88 %)
Writing at 0x000e82e9... (91 %)
Writing at 0x000f17c5... (94 %)
Writing at 0x000f829e... (97 %)
Writing at 0x000fd3b2... (100 %)
Wrote 985616 bytes (582014 compressed) at 0x00010000 in 13.1 seconds (effective 599.9 kbit/s)...
Hash of data verified.

Leaving...
Hard resetting via RTS pin...

=========================================
Flash completed successfully!
=========================================
