=========================================
Flashing RC Tank Demo - TANK Role to COM7
=========================================
Bootloader:      E:\10__AIProject\7_AI陪伴机器人\CODE\examples\rc_tank_demo\firmware_backup\bootloader_TANK.bin
Partition Table: E:\10__AIProject\7_AI陪伴机器人\CODE\examples\rc_tank_demo\firmware_backup\partition-table_TANK.bin
Application:     E:\10__AIProject\7_AI陪伴机器人\CODE\examples\rc_tank_demo\firmware_backup\rc_tank_demo_TANK.bin

Erasing flash...
esptool.py v4.12.dev2
Serial port COM7
Connecting...
Chip is ESP32-S3 (QFN56) (revision v0.2)
Features: WiFi, BLE
Crystal is 40MHz
MAC: 44:1b:f6:f3:ae:78
Uploading stub...
Running stub...
Stub running...
Erasing flash (this may take a while)...
Chip erase completed successfully in 1.1 seconds.
Hard resetting via RTS pin...

Programming flash...
esptool.py v4.12.dev2
Serial port COM7
Connecting....
Chip is ESP32-S3 (QFN56) (revision v0.2)
Features: WiFi, BLE
Crystal is 40MHz
MAC: 44:1b:f6:f3:ae:78
Uploading stub...
Running stub...
Stub running...
Changing baud rate to 460800
Changed.
Configuring flash size...
Flash will be erased from 0x00000000 to 0x00005fff...
Flash will be erased from 0x00008000 to 0x00008fff...
Flash will be erased from 0x00010000 to 0x00100fff...
SHA digest in image updated
Compressed 20832 bytes to 13348...
Writing at 0x00000000... (100 %)
Wrote 20832 bytes (13348 compressed) at 0x00000000 in 0.4 seconds (effective 431.2 kbit/s)...
Hash of data verified.
Compressed 3072 bytes to 119...
Writing at 0x00008000... (100 %)
Wrote 3072 bytes (119 compressed) at 0x00008000 in 0.0 seconds (effective 1643.4 kbit/s)...
Hash of data verified.
Compressed 983376 bytes to 580789...
Writing at 0x00010000... (2 %)
Writing at 0x0001d39b... (5 %)
Writing at 0x00029b8c... (8 %)
Writing at 0x000326d3... (11 %)
Writing at 0x0003d1f9... (13 %)
Writing at 0x0004495d... (16 %)
Writing at 0x0004ac5b... (19 %)
Writing at 0x000510ac... (22 %)
Writing at 0x0005ab27... (25 %)
Writing at 0x0006127b... (27 %)
Writing at 0x00067dc8... (30 %)
Writing at 0x0006d897... (33 %)
Writing at 0x000732dd... (36 %)
Writing at 0x00078f88... (38 %)
Writing at 0x0007ed3b... (41 %)
Writing at 0x00084ce0... (44 %)
Writing at 0x0008accc... (47 %)
Writing at 0x00090c12... (50 %)
Writing at 0x00095ea7... (52 %)
Writing at 0x0009ae15... (55 %)
Writing at 0x000a0776... (58 %)
Writing at 0x000a5ed8... (61 %)
Writing at 0x000ab425... (63 %)
Writing at 0x000b0914... (66 %)
Writing at 0x000b6448... (69 %)
Writing at 0x000bc230... (72 %)
Writing at 0x000c1db8... (75 %)
Writing at 0x000c7baa... (77 %)
Writing at 0x000cd2ff... (80 %)
Writing at 0x000d3544... (83 %)
Writing at 0x000dbdd9... (86 %)
Writing at 0x000e1b8b... (88 %)
Writing at 0x000e8109... (91 %)
Writing at 0x000f1596... (94 %)
Writing at 0x000f7fdc... (97 %)
Writing at 0x000fd10c... (100 %)
Wrote 983376 bytes (580789 compressed) at 0x00010000 in 13.4 seconds (effective 588.4 kbit/s)...
Hash of data verified.

Leaving...
Hard resetting via RTS pin...

=========================================
Flash completed successfully!
=========================================
