=========================================
Flashing RC Tank Demo - TANK Role to COM7
=========================================
Bootloader:      E:\10__AIProject\7_AI陪伴机器人\CODE\examples\rc_tank_demo\firmware_backup\bootloader_TANK.bin
Partition Table: E:\10__AIProject\7_AI陪伴机器人\CODE\examples\rc_tank_demo\firmware_backup\partition-table_TANK.bin
Application:     E:\10__AIProject\7_AI陪伴机器人\CODE\examples\rc_tank_demo\firmware_backup\rc_tank_demo_TANK.bin

Erasing flash...
esptool.py v4.12.dev2
Serial port COM7
Connecting....
Chip is ESP32-S3 (QFN56) (revision v0.2)
Features: WiFi, BLE
Crystal is 40MHz
MAC: 44:1b:f6:f3:ae:78
Uploading stub...
Running stub...
Stub running...
Erasing flash (this may take a while)...
Chip erase completed successfully in 1.2 seconds.
Hard resetting via RTS pin...

Programming flash...
esptool.py v4.12.dev2
Serial port COM7
Connecting....
Chip is ESP32-S3 (QFN56) (revision v0.2)
Features: WiFi, BLE
Crystal is 40MHz
MAC: 44:1b:f6:f3:ae:78
Uploading stub...
Running stub...
Stub running...
Changing baud rate to 460800
Changed.
Configuring flash size...
Flash will be erased from 0x00000000 to 0x00005fff...
Flash will be erased from 0x00008000 to 0x00008fff...
Flash will be erased from 0x00010000 to 0x00100fff...
SHA digest in image updated
Compressed 20832 bytes to 13348...
Writing at 0x00000000... (100 %)
Wrote 20832 bytes (13348 compressed) at 0x00000000 in 0.4 seconds (effective 439.8 kbit/s)...
Hash of data verified.
Compressed 3072 bytes to 119...
Writing at 0x00008000... (100 %)
Wrote 3072 bytes (119 compressed) at 0x00008000 in 0.0 seconds (effective 1628.7 kbit/s)...
Hash of data verified.
Compressed 987072 bytes to 582444...
Writing at 0x00010000... (2 %)
Writing at 0x0001d364... (5 %)
Writing at 0x00029c34... (8 %)
Writing at 0x000329e8... (11 %)
Writing at 0x0003d72d... (13 %)
Writing at 0x00044830... (16 %)
Writing at 0x0004aafd... (19 %)
Writing at 0x00050eb9... (22 %)
Writing at 0x0005aaa2... (25 %)
Writing at 0x00061032... (27 %)
Writing at 0x00067d39... (30 %)
Writing at 0x0006d821... (33 %)
Writing at 0x000730af... (36 %)
Writing at 0x00078d5b... (38 %)
Writing at 0x0007ec3e... (41 %)
Writing at 0x00084aea... (44 %)
Writing at 0x0008ab94... (47 %)
Writing at 0x000908a9... (50 %)
Writing at 0x00095e84... (52 %)
Writing at 0x0009ae18... (55 %)
Writing at 0x000a0747... (58 %)
Writing at 0x000a5e8a... (61 %)
Writing at 0x000ab3bf... (63 %)
Writing at 0x000b0890... (66 %)
Writing at 0x000b62ee... (69 %)
Writing at 0x000bc17a... (72 %)
Writing at 0x000c1cc4... (75 %)
Writing at 0x000c7ad0... (77 %)
Writing at 0x000cd2ff... (80 %)
Writing at 0x000d2b48... (83 %)
Writing at 0x000dbbfc... (86 %)
Writing at 0x000e1a24... (88 %)
Writing at 0x000e864a... (91 %)
Writing at 0x000f1afd... (94 %)
Writing at 0x000f8642... (97 %)
Writing at 0x000fd735... (100 %)
Wrote 987072 bytes (582444 compressed) at 0x00010000 in 13.1 seconds (effective 600.7 kbit/s)...
Hash of data verified.

Leaving...
Hard resetting via RTS pin...

=========================================
Flash completed successfully!
=========================================
