Building RC Tank Demo - TANK Role
Setting target to esp32s3...
Adding "set-target"'s dependency "fullclean" to list of commands with default set of options.
Executing action: fullclean
Build directory 'C:\Users\15301\AppData\Local\Temp\laiwfs300_build\rc_tank_demo\build' not found. Nothing to clean.
Executing action: set-target
Set Target to: esp32s3, new sdkconfig will be created.
Running cmake in directory C:\Users\15301\AppData\Local\Temp\laiwfs300_build\rc_tank_demo\build
Executing "cmake -G Ninja -DPYTHON_DEPS_CHECKED=1 -DPYTHON=D:\Espressif\python_env\idf5.5_py3.11_env\Scripts\python.exe -DESP_PLATFORM=1 -DIDF_TARGET=esp32s3 -DCCACHE_ENABLE=0 C:\Users\15301\AppData\Local\Temp\laiwfs300_build\rc_tank_demo"...
-- Found Git: C:/Program Files/Git/cmd/git.exe (found version "2.52.0.windows.1")
-- Minimal build - OFF
-- The C compiler identification is GNU 14.2.0
-- The CXX compiler identification is GNU 14.2.0
-- The ASM compiler identification is GNU
-- Found assembler: D:/Espressif/tools/xtensa-esp-elf/esp-14.2.0_20260121/xtensa-esp-elf/bin/xtensa-esp32s3-elf-gcc.exe
-- Detecting C compiler ABI info
-- Detecting C compiler ABI info - done
-- Check for working C compiler: D:/Espressif/tools/xtensa-esp-elf/esp-14.2.0_20260121/xtensa-esp-elf/bin/xtensa-esp32s3-elf-gcc.exe - skipped
-- Detecting C compile features
-- Detecting C compile features - done
-- Detecting CXX compiler ABI info
-- Detecting CXX compiler ABI info - done
-- Check for working CXX compiler: D:/Espressif/tools/xtensa-esp-elf/esp-14.2.0_20260121/xtensa-esp-elf/bin/xtensa-esp32s3-elf-g++.exe - skipped
-- Detecting CXX compile features
-- Detecting CXX compile features - done
-- git rev-parse returned 'fatal: not a git repository (or any of the parent directories): .git'
-- Could not use 'git describe' to determine PROJECT_VER.
-- Building ESP-IDF components for target esp32s3
NOTICE: Dependencies lock doesn't exist, solving dependencies.

NOTICE: Skipping optional dependency: espressif/usb

..........................................NOTICE: Updating lock file at C:\Users\15301\AppData\Local\Temp\laiwfs300_build\rc_tank_demo\dependencies.lock

NOTICE: Processing 19 dependencies:

NOTICE: [1/19] espressif/cmake_utilities (0.5.3)

NOTICE: [2/19] espressif/dl_fft (0.6.0)

NOTICE: [3/19] espressif/esp-dsp (1.7.0)

NOTICE: [4/19] espressif/esp-sr (2.3.1)

NOTICE: [5/19] espressif/esp_audio_codec (2.4.1)

NOTICE: [6/19] espressif/esp_audio_effects (1.2.1)

NOTICE: [7/19] espressif/esp_audio_simple_player (0.9.6~1)

NOTICE: [8/19] espressif/esp_cam_sensor (2.4.0)

NOTICE: [9/19] espressif/esp_codec_dev (1.5.11)

NOTICE: [10/19] espressif/esp_new_jpeg (0.6.1)

NOTICE: [11/19] espressif/esp_sccb_intf (0.0.8)

NOTICE: [12/19] espressif/esp_websocket_client (1.2.3)

NOTICE: [13/19] espressif/gmf_audio (0.8.1)

NOTICE: [14/19] espressif/gmf_core (0.8.4)

NOTICE: [15/19] espressif/gmf_io (0.8.1)

NOTICE: [16/19] espressif/iot_eth (1.1.0)

NOTICE: [17/19] espressif/iot_usbh_cdc (3.1.0)

NOTICE: [18/19] espressif/iot_usbh_ecm (0.4.0)

NOTICE: [19/19] idf (5.5.4)

-- ESP-TEE is currently supported only on the esp32c6;esp32h2;esp32c5 SoCs
NOTICE: Skipping optional dependency: espressif/usb

-- Project sdkconfig file C:/Users/15301/AppData/Local/Temp/laiwfs300_build/rc_tank_demo/sdkconfig
C:/Users/15301/AppData/Local/Temp/laiwfs300_build/rc_tank_demo/managed_components/espressif__esp_codec_dev/Kconfig:4: warning: ESP_IDF_VERSION has 'option env="ESP_IDF_VERSION"', but the environment variable ESP_IDF_VERSION is not set

Loading defaults file C:/Users/15301/AppData/Local/Temp/laiwfs300_build/rc_tank_demo/sdkconfig.defaults...

C:/Users/15301/AppData/Local/Temp/laiwfs300_build/rc_tank_demo/sdkconfig.defaults:15 CONFIG_SPIRAM_ALLOW_STACK_EXTERNAL_MEMORY was replaced with CONFIG_FREERTOS_TASK_CREATE_ALLOW_EXT_MEM 

Loading defaults file C:/Users/15301/AppData/Local/Temp/laiwfs300_build/rc_tank_demo/sdkconfig.defaults.tank...

-- Compiler supported targets: xtensa-esp-elf
-- Detecting C compiler ABI info
-- Detecting C compiler ABI info - done
-- Detecting CXX compiler ABI info
-- Detecting CXX compiler ABI info - done
-- Detecting C compiler ABI info
-- Detecting C compiler ABI info - done
-- Detecting CXX compiler ABI info
-- Detecting CXX compiler ABI info - done
-- Found Python3: D:/Espressif/python_env/idf5.5_py3.11_env/Scripts/python.exe (found version "3.11.2") found components: Interpreter
-- Performing Test CMAKE_HAVE_LIBC_PTHREAD
-- Performing Test CMAKE_HAVE_LIBC_PTHREAD - Success
-- Found Threads: TRUE
-- Performing Test C_COMPILER_SUPPORTS_WFORMAT_SIGNEDNESS
-- Performing Test C_COMPILER_SUPPORTS_WFORMAT_SIGNEDNESS - Success
-- USING O3
-- App "rc_tank_demo" version: 1
-- Adding linker script C:/Users/15301/AppData/Local/Temp/laiwfs300_build/rc_tank_demo/build/esp-idf/esp_system/ld/memory.ld
-- Adding linker script C:/Users/15301/AppData/Local/Temp/laiwfs300_build/rc_tank_demo/build/esp-idf/esp_system/ld/sections.ld.in
-- Adding linker script D:/Espressif/frameworks/esp-idf-v5.5.4/components/esp_rom/esp32s3/ld/esp32s3.rom.ld
-- Adding linker script D:/Espressif/frameworks/esp-idf-v5.5.4/components/esp_rom/esp32s3/ld/esp32s3.rom.api.ld
-- Adding linker script D:/Espressif/frameworks/esp-idf-v5.5.4/components/esp_rom/esp32s3/ld/esp32s3.rom.bt_funcs.ld
-- Adding linker script D:/Espressif/frameworks/esp-idf-v5.5.4/components/esp_rom/esp32s3/ld/esp32s3.rom.libgcc.ld
-- Adding linker script D:/Espressif/frameworks/esp-idf-v5.5.4/components/esp_rom/esp32s3/ld/esp32s3.rom.wdt.ld
-- Adding linker script D:/Espressif/frameworks/esp-idf-v5.5.4/components/esp_rom/esp32s3/ld/esp32s3.rom.version.ld
-- Adding linker script D:/Espressif/frameworks/esp-idf-v5.5.4/components/esp_rom/esp32s3/ld/esp32s3.rom.ble_master.ld
-- Adding linker script D:/Espressif/frameworks/esp-idf-v5.5.4/components/esp_rom/esp32s3/ld/esp32s3.rom.ble_50.ld
-- Adding linker script D:/Espressif/frameworks/esp-idf-v5.5.4/components/esp_rom/esp32s3/ld/esp32s3.rom.ble_smp.ld
-- Adding linker script D:/Espressif/frameworks/esp-idf-v5.5.4/components/esp_rom/esp32s3/ld/esp32s3.rom.ble_dtm.ld
-- Adding linker script D:/Espressif/frameworks/esp-idf-v5.5.4/components/esp_rom/esp32s3/ld/esp32s3.rom.ble_test.ld
-- Adding linker script D:/Espressif/frameworks/esp-idf-v5.5.4/components/esp_rom/esp32s3/ld/esp32s3.rom.ble_scan.ld
-- Adding linker script D:/Espressif/frameworks/esp-idf-v5.5.4/components/esp_rom/esp32s3/ld/esp32s3.rom.libc.ld
-- Adding linker script D:/Espressif/frameworks/esp-idf-v5.5.4/components/esp_rom/esp32s3/ld/esp32s3.rom.newlib.ld
-- Adding linker script D:/Espressif/frameworks/esp-idf-v5.5.4/components/soc/esp32s3/ld/esp32s3.peripherals.ld
-- ESP_CAM_SENSOR: 2.4.0
-- IOT_ETH: 1.1.0
-- IOT_USBH_CDC: 3.1.0
-- IOT_USBH_ECM: 0.4.0
-- The esp_codec_dev is installed
-- Components: aip8563_rtc app_trace app_update audio_hal audio_processor bmi260_imu board_adc board_power bootloader bootloader_support bringup_test bt bus_i2c bus_spi camera_hal capability_registry cmock console cxx display_hal driver efuse es7210_adc es8311_codec esp-tls esp_adc esp_app_format esp_bootloader_format esp_coex esp_common esp_driver_ana_cmpr esp_driver_bitscrambler esp_driver_cam esp_driver_dac esp_driver_gpio esp_driver_gptimer esp_driver_i2c esp_driver_i2s esp_driver_isp esp_driver_jpeg esp_driver_ledc esp_driver_mcpwm esp_driver_parlio esp_driver_pcnt esp_driver_ppa esp_driver_rmt esp_driver_sdio esp_driver_sdm esp_driver_sdmmc esp_driver_sdspi esp_driver_spi esp_driver_touch_sens esp_driver_tsens esp_driver_twai esp_driver_uart esp_driver_usb_serial_jtag esp_eth esp_event esp_gdbstub esp_hal_ieee802154 esp_hid esp_http_client esp_http_server esp_https_ota esp_https_server esp_hw_support esp_lcd esp_local_ctrl esp_mm esp_netif esp_netif_stack esp_partition esp_phy esp_pm esp_psram esp_ringbuf esp_rom esp_security esp_system esp_timer esp_vfs_console esp_wifi espcoredump espressif__cmake_utilities espressif__dl_fft espressif__esp-dsp espressif__esp-sr espressif__esp_audio_codec espressif__esp_audio_effects espressif__esp_audio_simple_player espressif__esp_cam_sensor espressif__esp_codec_dev espressif__esp_new_jpeg espressif__esp_sccb_intf espressif__esp_websocket_client espressif__gmf_audio espressif__gmf_core espressif__gmf_io espressif__iot_eth espressif__iot_usbh_cdc espressif__iot_usbh_ecm esptool_py fatfs freertos hal heap http_parser idf_test ieee802154 io_expander json laiwfs300 log lte_hal lwip main mbedtls module_detect mqtt net_mgmt network_manager newlib nvs_flash nvs_sec_provider openthread partition_table perfmon protobuf-c protocomm pt2466_motor pthread robot_motion rt sdmmc soc spi_flash spiffs storage_hal tcp_transport touch_element touch_hal ulp unity usb vfs wear_levelling wifi_provisioning wpa_supplicant xiaozhi_agent xiaozhi_audio xtensa
-- Component paths: C:/Users/15301/AppData/Local/Temp/laiwfs300_build/rc_tank_demo/components/aip8563_rtc D:/Espressif/frameworks/esp-idf-v5.5.4/components/app_trace D:/Espressif/frameworks/esp-idf-v5.5.4/components/app_update C:/Users/15301/AppData/Local/Temp/laiwfs300_build/rc_tank_demo/components/audio_hal C:/Users/15301/AppData/Local/Temp/laiwfs300_build/rc_tank_demo/components/audio_processor C:/Users/15301/AppData/Local/Temp/laiwfs300_build/rc_tank_demo/components/bmi260_imu C:/Users/15301/AppData/Local/Temp/laiwfs300_build/rc_tank_demo/components/board_adc C:/Users/15301/AppData/Local/Temp/laiwfs300_build/rc_tank_demo/components/board_power D:/Espressif/frameworks/esp-idf-v5.5.4/components/bootloader D:/Espressif/frameworks/esp-idf-v5.5.4/components/bootloader_support C:/Users/15301/AppData/Local/Temp/laiwfs300_build/rc_tank_demo/components/bringup_test D:/Espressif/frameworks/esp-idf-v5.5.4/components/bt C:/Users/15301/AppData/Local/Temp/laiwfs300_build/rc_tank_demo/components/bus_i2c C:/Users/15301/AppData/Local/Temp/laiwfs300_build/rc_tank_demo/components/bus_spi C:/Users/15301/AppData/Local/Temp/laiwfs300_build/rc_tank_demo/components/camera_hal C:/Users/15301/AppData/Local/Temp/laiwfs300_build/rc_tank_demo/components/capability_registry D:/Espressif/frameworks/esp-idf-v5.5.4/components/cmock D:/Espressif/frameworks/esp-idf-v5.5.4/components/console D:/Espressif/frameworks/esp-idf-v5.5.4/components/cxx C:/Users/15301/AppData/Local/Temp/laiwfs300_build/rc_tank_demo/components/display_hal D:/Espressif/frameworks/esp-idf-v5.5.4/components/driver D:/Espressif/frameworks/esp-idf-v5.5.4/components/efuse C:/Users/15301/AppData/Local/Temp/laiwfs300_build/rc_tank_demo/components/es7210_adc C:/Users/15301/AppData/Local/Temp/laiwfs300_build/rc_tank_demo/components/es8311_codec D:/Espressif/frameworks/esp-idf-v5.5.4/components/esp-tls D:/Espressif/frameworks/esp-idf-v5.5.4/components/esp_adc D:/Espressif/frameworks/esp-idf-v5.5.4/components/esp_app_format D:/Espressif/frameworks/esp-idf-v5.5.4/components/esp_bootloader_format D:/Espressif/frameworks/esp-idf-v5.5.4/components/esp_coex D:/Espressif/frameworks/esp-idf-v5.5.4/components/esp_common D:/Espressif/frameworks/esp-idf-v5.5.4/components/esp_driver_ana_cmpr D:/Espressif/frameworks/esp-idf-v5.5.4/components/esp_driver_bitscrambler D:/Espressif/frameworks/esp-idf-v5.5.4/components/esp_driver_cam D:/Espressif/frameworks/esp-idf-v5.5.4/components/esp_driver_dac D:/Espressif/frameworks/esp-idf-v5.5.4/components/esp_driver_gpio D:/Espressif/frameworks/esp-idf-v5.5.4/components/esp_driver_gptimer D:/Espressif/frameworks/esp-idf-v5.5.4/components/esp_driver_i2c D:/Espressif/frameworks/esp-idf-v5.5.4/components/esp_driver_i2s D:/Espressif/frameworks/esp-idf-v5.5.4/components/esp_driver_isp D:/Espressif/frameworks/esp-idf-v5.5.4/components/esp_driver_jpeg D:/Espressif/frameworks/esp-idf-v5.5.4/components/esp_driver_ledc D:/Espressif/frameworks/esp-idf-v5.5.4/components/esp_driver_mcpwm D:/Espressif/frameworks/esp-idf-v5.5.4/components/esp_driver_parlio D:/Espressif/frameworks/esp-idf-v5.5.4/components/esp_driver_pcnt D:/Espressif/frameworks/esp-idf-v5.5.4/components/esp_driver_ppa D:/Espressif/frameworks/esp-idf-v5.5.4/components/esp_driver_rmt D:/Espressif/frameworks/esp-idf-v5.5.4/components/esp_driver_sdio D:/Espressif/frameworks/esp-idf-v5.5.4/components/esp_driver_sdm D:/Espressif/frameworks/esp-idf-v5.5.4/components/esp_driver_sdmmc D:/Espressif/frameworks/esp-idf-v5.5.4/components/esp_driver_sdspi D:/Espressif/frameworks/esp-idf-v5.5.4/components/esp_driver_spi D:/Espressif/frameworks/esp-idf-v5.5.4/components/esp_driver_touch_sens D:/Espressif/frameworks/esp-idf-v5.5.4/components/esp_driver_tsens D:/Espressif/frameworks/esp-idf-v5.5.4/components/esp_driver_twai D:/Espressif/frameworks/esp-idf-v5.5.4/components/esp_driver_uart D:/Espressif/frameworks/esp-idf-v5.5.4/components/esp_driver_usb_serial_jtag D:/Espressif/frameworks/esp-idf-v5.5.4/components/esp_eth D:/Espressif/frameworks/esp-idf-v5.5.4/components/esp_event D:/Espressif/frameworks/esp-idf-v5.5.4/components/esp_gdbstub D:/Espressif/frameworks/esp-idf-v5.5.4/components/esp_hal_ieee802154 D:/Espressif/frameworks/esp-idf-v5.5.4/components/esp_hid D:/Espressif/frameworks/esp-idf-v5.5.4/components/esp_http_client D:/Espressif/frameworks/esp-idf-v5.5.4/components/esp_http_server D:/Espressif/frameworks/esp-idf-v5.5.4/components/esp_https_ota D:/Espressif/frameworks/esp-idf-v5.5.4/components/esp_https_server D:/Espressif/frameworks/esp-idf-v5.5.4/components/esp_hw_support D:/Espressif/frameworks/esp-idf-v5.5.4/components/esp_lcd D:/Espressif/frameworks/esp-idf-v5.5.4/components/esp_local_ctrl D:/Espressif/frameworks/esp-idf-v5.5.4/components/esp_mm D:/Espressif/frameworks/esp-idf-v5.5.4/components/esp_netif D:/Espressif/frameworks/esp-idf-v5.5.4/components/esp_netif_stack D:/Espressif/frameworks/esp-idf-v5.5.4/components/esp_partition D:/Espressif/frameworks/esp-idf-v5.5.4/components/esp_phy D:/Espressif/frameworks/esp-idf-v5.5.4/components/esp_pm D:/Espressif/frameworks/esp-idf-v5.5.4/components/esp_psram D:/Espressif/frameworks/esp-idf-v5.5.4/components/esp_ringbuf D:/Espressif/frameworks/esp-idf-v5.5.4/components/esp_rom D:/Espressif/frameworks/esp-idf-v5.5.4/components/esp_security D:/Espressif/frameworks/esp-idf-v5.5.4/components/esp_system D:/Espressif/frameworks/esp-idf-v5.5.4/components/esp_timer D:/Espressif/frameworks/esp-idf-v5.5.4/components/esp_vfs_console D:/Espressif/frameworks/esp-idf-v5.5.4/components/esp_wifi D:/Espressif/frameworks/esp-idf-v5.5.4/components/espcoredump C:/Users/15301/AppData/Local/Temp/laiwfs300_build/rc_tank_demo/managed_components/espressif__cmake_utilities C:/Users/15301/AppData/Local/Temp/laiwfs300_build/rc_tank_demo/managed_components/espressif__dl_fft C:/Users/15301/AppData/Local/Temp/laiwfs300_build/rc_tank_demo/managed_components/espressif__esp-dsp C:/Users/15301/AppData/Local/Temp/laiwfs300_build/rc_tank_demo/managed_components/espressif__esp-sr C:/Users/15301/AppData/Local/Temp/laiwfs300_build/rc_tank_demo/managed_components/espressif__esp_audio_codec C:/Users/15301/AppData/Local/Temp/laiwfs300_build/rc_tank_demo/managed_components/espressif__esp_audio_effects C:/Users/15301/AppData/Local/Temp/laiwfs300_build/rc_tank_demo/managed_components/espressif__esp_audio_simple_player C:/Users/15301/AppData/Local/Temp/laiwfs300_build/rc_tank_demo/managed_components/espressif__esp_cam_sensor C:/Users/15301/AppData/Local/Temp/laiwfs300_build/rc_tank_demo/managed_components/espressif__esp_codec_dev C:/Users/15301/AppData/Local/Temp/laiwfs300_build/rc_tank_demo/managed_components/espressif__esp_new_jpeg C:/Users/15301/AppData/Local/Temp/laiwfs300_build/rc_tank_demo/managed_components/espressif__esp_sccb_intf C:/Users/15301/AppData/Local/Temp/laiwfs300_build/rc_tank_demo/managed_components/espressif__esp_websocket_client C:/Users/15301/AppData/Local/Temp/laiwfs300_build/rc_tank_demo/managed_components/espressif__gmf_audio C:/Users/15301/AppData/Local/Temp/laiwfs300_build/rc_tank_demo/managed_components/espressif__gmf_core C:/Users/15301/AppData/Local/Temp/laiwfs300_build/rc_tank_demo/managed_components/espressif__gmf_io C:/Users/15301/AppData/Local/Temp/laiwfs300_build/rc_tank_demo/managed_components/espressif__iot_eth C:/Users/15301/AppData/Local/Temp/laiwfs300_build/rc_tank_demo/managed_components/espressif__iot_usbh_cdc C:/Users/15301/AppData/Local/Temp/laiwfs300_build/rc_tank_demo/managed_components/espressif__iot_usbh_ecm D:/Espressif/frameworks/esp-idf-v5.5.4/components/esptool_py D:/Espressif/frameworks/esp-idf-v5.5.4/components/fatfs D:/Espressif/frameworks/esp-idf-v5.5.4/components/freertos D:/Espressif/frameworks/esp-idf-v5.5.4/components/hal D:/Espressif/frameworks/esp-idf-v5.5.4/components/heap D:/Espressif/frameworks/esp-idf-v5.5.4/components/http_parser D:/Espressif/frameworks/esp-idf-v5.5.4/components/idf_test D:/Espressif/frameworks/esp-idf-v5.5.4/components/ieee802154 C:/Users/15301/AppData/Local/Temp/laiwfs300_build/rc_tank_demo/components/io_expander D:/Espressif/frameworks/esp-idf-v5.5.4/components/json C:/Users/15301/AppData/Local/Temp/laiwfs300_build/rc_tank_demo/components/laiwfs300 D:/Espressif/frameworks/esp-idf-v5.5.4/components/log C:/Users/15301/AppData/Local/Temp/laiwfs300_build/rc_tank_demo/components/lte_hal D:/Espressif/frameworks/esp-idf-v5.5.4/components/lwip C:/Users/15301/AppData/Local/Temp/laiwfs300_build/rc_tank_demo/main D:/Espressif/frameworks/esp-idf-v5.5.4/components/mbedtls C:/Users/15301/AppData/Local/Temp/laiwfs300_build/rc_tank_demo/components/module_detect D:/Espressif/frameworks/esp-idf-v5.5.4/components/mqtt C:/Users/15301/AppData/Local/Temp/laiwfs300_build/rc_tank_demo/components/net_mgmt C:/Users/15301/AppData/Local/Temp/laiwfs300_build/rc_tank_demo/components/network_manager D:/Espressif/frameworks/esp-idf-v5.5.4/components/newlib D:/Espressif/frameworks/esp-idf-v5.5.4/components/nvs_flash D:/Espressif/frameworks/esp-idf-v5.5.4/components/nvs_sec_provider D:/Espressif/frameworks/esp-idf-v5.5.4/components/openthread D:/Espressif/frameworks/esp-idf-v5.5.4/components/partition_table D:/Espressif/frameworks/esp-idf-v5.5.4/components/perfmon D:/Espressif/frameworks/esp-idf-v5.5.4/components/protobuf-c D:/Espressif/frameworks/esp-idf-v5.5.4/components/protocomm C:/Users/15301/AppData/Local/Temp/laiwfs300_build/rc_tank_demo/components/pt2466_motor D:/Espressif/frameworks/esp-idf-v5.5.4/components/pthread C:/Users/15301/AppData/Local/Temp/laiwfs300_build/rc_tank_demo/components/robot_motion D:/Espressif/frameworks/esp-idf-v5.5.4/components/rt D:/Espressif/frameworks/esp-idf-v5.5.4/components/sdmmc D:/Espressif/frameworks/esp-idf-v5.5.4/components/soc D:/Espressif/frameworks/esp-idf-v5.5.4/components/spi_flash D:/Espressif/frameworks/esp-idf-v5.5.4/components/spiffs C:/Users/15301/AppData/Local/Temp/laiwfs300_build/rc_tank_demo/components/storage_hal D:/Espressif/frameworks/esp-idf-v5.5.4/components/tcp_transport D:/Espressif/frameworks/esp-idf-v5.5.4/components/touch_element C:/Users/15301/AppData/Local/Temp/laiwfs300_build/rc_tank_demo/components/touch_hal D:/Espressif/frameworks/esp-idf-v5.5.4/components/ulp D:/Espressif/frameworks/esp-idf-v5.5.4/components/unity D:/Espressif/frameworks/esp-idf-v5.5.4/components/usb D:/Espressif/frameworks/esp-idf-v5.5.4/components/vfs D:/Espressif/frameworks/esp-idf-v5.5.4/components/wear_levelling D:/Espressif/frameworks/esp-idf-v5.5.4/components/wifi_provisioning D:/Espressif/frameworks/esp-idf-v5.5.4/components/wpa_supplicant C:/Users/15301/AppData/Local/Temp/laiwfs300_build/rc_tank_demo/components/xiaozhi_agent C:/Users/15301/AppData/Local/Temp/laiwfs300_build/rc_tank_demo/components/xiaozhi_audio D:/Espressif/frameworks/esp-idf-v5.5.4/components/xtensa
-- Configuring done (38.0s)
-- Generating done (2.2s)
-- Build files have been written to: C:/Users/15301/AppData/Local/Temp/laiwfs300_build/rc_tank_demo/build
Building firmware...
Executing action: all (aliases: build)
Running ninja in directory C:\Users\15301\AppData\Local\Temp\laiwfs300_build\rc_tank_demo\build
Executing "ninja all"...
[1/1445] Generating project_elf_src_esp32s3.c

[2/1445] Generating C:/Users/15301/AppData/Local/Temp/laiwfs300_build/rc_tank_demo/build/esp-idf/esp_system/ld/memory.ld linker script...

[3/1445] Generating C:/Users/15301/AppData/Local/Temp/laiwfs300_build/rc_tank_demo/build/esp-idf/esp_system/ld/sections.ld.in linker script...

[4/1445] Generating ../../partition_table/partition-table.bin

Partition table binary generated. Contents:

*******************************************************************************

# ESP-IDF Partition Table


# Name, Type, SubType, Offset, Size, Flags


nvs,data,nvs,0x9000,24K,


phy_init,data,phy,0xf000,4K,


factory,app,factory,0x10000,3M,


storage,data,spiffs,0x310000,1M,


*******************************************************************************

[5/1445] Building C object esp-idf/esp_http_client/CMakeFiles/__idf_esp_http_client.dir/lib/http_utils.c.obj

[6/1445] Building C object esp-idf/esp_http_client/CMakeFiles/__idf_esp_http_client.dir/lib/http_header.c.obj

[7/1445] Building C object esp-idf/esp_adc/CMakeFiles/__idf_esp_adc.dir/adc_cali.c.obj

[8/1445] Building C object esp-idf/esp_http_server/CMakeFiles/__idf_esp_http_server.dir/src/httpd_ws.c.obj

[9/1445] Building C object esp-idf/esp_adc/CMakeFiles/__idf_esp_adc.dir/adc_cali_curve_fitting.c.obj

[10/1445] Building C object esp-idf/tcp_transport/CMakeFiles/__idf_tcp_transport.dir/transport_socks_proxy.c.obj

[11/1445] Building C object esp-idf/esp_adc/CMakeFiles/__idf_esp_adc.dir/adc_oneshot.c.obj

[12/1445] Building C object esp-idf/esp_http_server/CMakeFiles/__idf_esp_http_server.dir/src/util/ctrl_sock.c.obj

[13/1445] Building C object esp-idf/esp_http_server/CMakeFiles/__idf_esp_http_server.dir/src/httpd_uri.c.obj

[14/1445] Building C object esp-idf/esp_adc/CMakeFiles/__idf_esp_adc.dir/adc_common.c.obj

[15/1445] Building C object esp-idf/esp_http_client/CMakeFiles/__idf_esp_http_client.dir/lib/http_auth.c.obj

[16/1445] Building C object esp-idf/esp_http_server/CMakeFiles/__idf_esp_http_server.dir/src/httpd_sess.c.obj

[17/1445] Building C object esp-idf/tcp_transport/CMakeFiles/__idf_tcp_transport.dir/transport_internal.c.obj

[18/1445] Building C object esp-idf/esp_http_server/CMakeFiles/__idf_esp_http_server.dir/src/httpd_parse.c.obj

[19/1445] Building C object esp-idf/tcp_transport/CMakeFiles/__idf_tcp_transport.dir/transport.c.obj

[20/1445] Building C object esp-idf/esp_http_server/CMakeFiles/__idf_esp_http_server.dir/src/httpd_main.c.obj

[21/1445] Building C object esp-idf/esp_http_server/CMakeFiles/__idf_esp_http_server.dir/src/httpd_txrx.c.obj

[22/1445] Building C object esp-idf/tcp_transport/CMakeFiles/__idf_tcp_transport.dir/transport_ssl.c.obj

[23/1445] Building C object esp-idf/tcp_transport/CMakeFiles/__idf_tcp_transport.dir/transport_ws.c.obj

[24/1445] Building C object esp-idf/esp_https_ota/CMakeFiles/__idf_esp_https_ota.dir/src/esp_https_ota.c.obj

[25/1445] Building C object esp-idf/esp_http_client/CMakeFiles/__idf_esp_http_client.dir/esp_http_client.c.obj

[26/1445] Building C object esp-idf/esp_adc/CMakeFiles/__idf_esp_adc.dir/esp32s3/curve_fitting_coefficients.c.obj

[27/1445] Building C object esp-idf/esp_adc/CMakeFiles/__idf_esp_adc.dir/deprecated/esp32s3/esp_adc_cal_legacy.c.obj

[28/1445] Building C object esp-idf/esp-tls/CMakeFiles/__idf_esp-tls.dir/esp_tls_platform_port.c.obj

[29/1445] Building C object esp-idf/esp-tls/CMakeFiles/__idf_esp-tls.dir/esp-tls-crypto/esp_tls_crypto.c.obj

[30/1445] Building C object esp-idf/esp_adc/CMakeFiles/__idf_esp_adc.dir/deprecated/esp_adc_cal_common_legacy.c.obj

[31/1445] Building C object esp-idf/esp_adc/CMakeFiles/__idf_esp_adc.dir/adc_monitor.c.obj

[32/1445] Building C object esp-idf/esp_adc/CMakeFiles/__idf_esp_adc.dir/gdma/adc_dma.c.obj

[33/1445] Building C object esp-idf/esp_adc/CMakeFiles/__idf_esp_adc.dir/adc_filter.c.obj

[34/1445] Building C object esp-idf/esp-tls/CMakeFiles/__idf_esp-tls.dir/esp_tls_error_capture.c.obj

[35/1445] Building C object esp-idf/esp_adc/CMakeFiles/__idf_esp_adc.dir/adc_continuous.c.obj

[36/1445] Building C object esp-idf/http_parser/CMakeFiles/__idf_http_parser.dir/http_parser.c.obj

[37/1445] Building C object esp-idf/driver/CMakeFiles/__idf_driver.dir/deprecated/adc_legacy.c.obj

[38/1445] Building C object esp-idf/driver/CMakeFiles/__idf_driver.dir/deprecated/adc_dma_legacy.c.obj

[39/1445] Building C object esp-idf/esp-tls/CMakeFiles/__idf_esp-tls.dir/esp_tls.c.obj

[40/1445] Building C object esp-idf/driver/CMakeFiles/__idf_driver.dir/deprecated/sigma_delta_legacy.c.obj

[41/1445] Building C object esp-idf/driver/CMakeFiles/__idf_driver.dir/deprecated/rtc_temperature_legacy.c.obj

[42/1445] Building C object esp-idf/driver/CMakeFiles/__idf_driver.dir/deprecated/timer_legacy.c.obj

[43/1445] Linking C static library esp-idf\esp_https_ota\libesp_https_ota.a

[44/1445] Building C object esp-idf/driver/CMakeFiles/__idf_driver.dir/deprecated/pcnt_legacy.c.obj

[45/1445] Building C object esp-idf/esp-tls/CMakeFiles/__idf_esp-tls.dir/esp_tls_mbedtls.c.obj

[46/1445] Building C object esp-idf/esp_driver_twai/CMakeFiles/__idf_esp_driver_twai.dir/esp_twai.c.obj

[47/1445] Building C object esp-idf/driver/CMakeFiles/__idf_driver.dir/touch_sensor/touch_sensor_common.c.obj

[48/1445] Building C object esp-idf/driver/CMakeFiles/__idf_driver.dir/twai/twai.c.obj

[49/1445] Building C object esp-idf/driver/CMakeFiles/__idf_driver.dir/i2c/i2c.c.obj

[50/1445] Building C object esp-idf/esp_driver_twai/CMakeFiles/__idf_esp_driver_twai.dir/esp_twai_onchip.c.obj

[51/1445] Building C object esp-idf/driver/CMakeFiles/__idf_driver.dir/deprecated/mcpwm_legacy.c.obj

[52/1445] Building C object esp-idf/driver/CMakeFiles/__idf_driver.dir/touch_sensor/esp32s3/touch_sensor.c.obj

[53/1445] Building C object esp-idf/driver/CMakeFiles/__idf_driver.dir/deprecated/rmt_legacy.c.obj

[54/1445] Building C object esp-idf/driver/CMakeFiles/__idf_driver.dir/deprecated/i2s_legacy.c.obj

[55/1445] Building C object esp-idf/esp_driver_i2c/CMakeFiles/__idf_esp_driver_i2c.dir/i2c_common.c.obj

[56/1445] Building C object esp-idf/esp_driver_i2c/CMakeFiles/__idf_esp_driver_i2c.dir/i2c_slave.c.obj

[57/1445] Building C object esp-idf/esp_driver_sdm/CMakeFiles/__idf_esp_driver_sdm.dir/src/sdm.c.obj

