I (3084) esp_image: segment 1: paddr=00035fc4 vaddr=3fca4e00 size=05630h ( 22064) load
I (3098) esp_image: segment 2: paddr=0003b5fc vaddr=40374000 size=04a1ch ( 18972) load
I (3111) esp_image: segment 3: paddr=00040020 vaddr=42000020 size=a5044h (675908) map
I (3524) esp_image: segment 4: paddr=000e506c vaddr=40378a1c size=1c3c4h (115652) load
I (3599) esp_image: segment 5: paddr=00101438 vaddr=50000000 size=00020h (    32) load
I (3612) boot: Loaded app from partition at offset 0x10000
I (3612) boot: Disabling RNG early entropy source...
I (3624) esp_psram: Found 8MB PSRAM device
I (3624) esp_psram: Speed: 80MHz
I (3625) cpu_start: Multicore app
I (4543) esp_psram: SPI SRAM memory test OK
I (4551) cpu_start: GPIO 44 and 43 are used as console UART I/O pins
I (4552) cpu_start: Pro cpu start user code
I (4552) cpu_start: cpu freq: 240000000 Hz
I (4554) app_init: Application information:
I (4558) app_init: Project name:     rc_tank_demo
I (4562) app_init: App version:      1
I (4565) app_init: Compile time:     Aug 24 2026 11:22:24
I (4571) app_init: ELF file SHA256:  662625391...
I (4575) app_init: ESP-IDF:          v5.5.4
I (4579) efuse_init: Min chip rev:     v0.0
I (4583) efuse_init: Max chip rev:     v0.99 
I (4587) efuse_init: Chip rev:         v0.2
I (4591) heap_init: Initializing. RAM available for dynamic allocation:
I (4597) heap_init: At 3FCAF888 len 00039E88 (231 KiB): RAM
I (4602) heap_init: At 3FCE9710 len 00005724 (21 KiB): RAM
I (4608) heap_init: At 3FCF0000 len 00008000 (32 KiB): DRAM
I (4613) heap_init: At 600FE000 len 00001FE8 (7 KiB): RTCRAM
I (4619) esp_psram: Adding pool of 8192K of PSRAM memory to heap allocator
I (4626) spi_flash: detected chip: generic
I (4629) spi_flash: flash io: dio
I (4633) sleep_gpio: Configure to isolate all GPIO pins in sleep state
I (4638) sleep_gpio: Enable automatic switching of GPIO sleep configuration
I (4645) main_task: Started on CPU0
I (4669) esp_psram: Reserving pool of 64K of internal memory for DMA/internal allocations
I (4670) main_task: Calling app_main()
I (4676) rc_tank: === RC Tank Demo (EX-035) Role: TANK ===
I (4677) rc_tank: Startup delay 10 s (open serial monitor now)...
I (4680) rc_tank:   starting in 10 s
I (5684) rc_tank:   starting in 9 s
I (6684) rc_tank:   starting in 8 s
I (7684) rc_tank:   starting in 7 s
I (8684) rc_tank:   starting in 6 s
I (9684) rc_tank:   starting in 5 s
I (10684) rc_tank:   starting in 4 s
I (11684) rc_tank:   starting in 3 s
I (12684) rc_tank:   starting in 2 s
I (13684) rc_tank:   starting in 1 s
W (14684) rc_tank: [CAM-DIAG-C15] SP0A39 200x200 Gray8 sensor-pattern/raw-fingerprint isolation build=Aug 24 2026_11:23:08; frame=40000B burst=64; audio/control/transport=off; DVP remains running; each window=30s; screen marker=1..7
I (14693) board_laiwfs300: init board support package
I (14698) board_laiwfs300: init capability registry
I (14702) board_laiwfs300: init I2C bus: SDA=GPIO48 SCL=GPIO47
I (14709) bus_i2c: I2C0 initialized: SDA=GPIO48 SCL=GPIO47 speed=100000Hz
I (14714) board_laiwfs300: --- I2C bus scan (0x08-0x77) ---
I (14722) board_laiwfs300:   I2C device ACK at 0x15
I (14725) board_laiwfs300:   I2C device ACK at 0x18
I (14730) board_laiwfs300:   I2C device ACK at 0x21
I (14733) board_laiwfs300:   I2C device ACK at 0x22
I (14742) board_laiwfs300:   I2C device ACK at 0x40
I (14745) board_laiwfs300:   I2C device ACK at 0x51
I (14750) board_laiwfs300:   I2C device ACK at 0x68
I (14754) board_laiwfs300: --- I2C scan done: 7 device(s) found ---
W (14758) board_laiwfs300: TPT29555A (IOEX) NOT found at 0x20 (NACK)
I (14764) board_laiwfs300: ES8311 (Codec) found at 0x18
I (14769) board_laiwfs300: ES7210 (ADC) found at 0x40
I (14774) board_laiwfs300: AIP8563 (RTC) found at 0x51
I (14779) board_laiwfs300: BMI260 (IMU @0x68) found at 0x68
W (14784) board_laiwfs300: BMI260 (IMU @0x69) NOT found at 0x69 (NACK)
I (14790) board_laiwfs300: SP0A39 (Camera) found at 0x21
I (14796) board_laiwfs300: ES8311 chip ID: 0x83 0x11
I (14800) board_laiwfs300: ES7210 chip ID: 0x72
I (14805) board_laiwfs300: AIP8563 RTC time: 23:00:34 (BCD raw)
I (14810) board_laiwfs300: BMI260 chip ID: 0x27 (expect 0x27)
I (14815) board_laiwfs300: init SPI bus manager
I (14820) board_laiwfs300: init ADC service
I (14823) board_adc: ADC1 oneshot initialized
I (14827) board_laiwfs300: init board power service
I (14833) board_laiwfs300: ADC D0_DETECT (GPIO1): raw=4095 (~3100 mV)
I (14838) board_laiwfs300: ADC BAT_ADC (GPIO7): raw=1647 (~1246 mV)
I (14844) board_laiwfs300: ADC SW_ADC (GPIO8): raw=4095 (~3100 mV)
I (14850) board_laiwfs300: init IO expander: TPT29555A addr=0x22
I (14858) io_expander: TPT29555A initialized at 0x22
I (14860) board_laiwfs300: IO expander initialized OK
I (14865) board_laiwfs300: init module detect
I (14869) board_laiwfs300: register detection rules
I (14874) board_laiwfs300: register default capabilities
I (14879) board_laiwfs300: board init complete (ioex=OK)
I (14884) rc_tank: [STEP] Display init starting...
W (14888) rc_video: [CAM-DIAG-C16A] initializing common landscape 240x180 presenter
I (14897) display_hal: init ST7789V3 LCD 240x320 SPI host=1
E (15042) spi: spi_bus_initialize(816): SPI bus already initialized.
I (15163) display_hal: ST7789V3 LCD initialized
I (15163) board_display: display mapped: MOSI=GPIO13 SCK=GPIO12 CS=GPIO10 DC=GPIO16 BL=GPIO17 LCD_RST=IOEX P1_5 pclk=20000000
W (15233) rc_video: [CAM-DIAG-C16A] landscape 240x180 presenter initialized; diagnostic task owns LCD
I (15233) rc_tank: [STEP] Display init OK
W (15233) rc_video: [CAM-DIAG-C16A] display task uses real camera/sensor-pattern conversion + common landscape submit, 240x180 at 80,0, 20MHz, 60-line chunks, raw_fingerprint=on
W (15234) rc_tank: [CAM-DIAG-C15] proven-safe motor init before raw-source isolation windows
W (15250) rc_video: [CAM-DIAG-C16A] ownership=rc_capture_pool + backup
I (15259) board_motor: motor input 1 -> GPIO5 / LEDC channel 0
I (15270) board_motor: motor input 2 -> GPIO4 / LEDC channel 1
I (15275) board_motor: motor input 3 -> GPIO37 / LEDC channel 2
I (15281) board_motor: motor input 4 -> GPIO45 / LEDC channel 3
I (15287) rc_control: Motor initialized
I (15290) rc_tank: [CAM-DIAG-C15] Motor init OK
W (15295) rc_tank: [CAM-DIAG-C15] WINDOW_1 start: wifi=off camera=off display=black
W (15302) rc_video: [CAM-DIAG-C16A] display source=real-camera capture=0; DVP unchanged
W (15310) rc_video: [CAM-DIAG-C16A] screen window marker=1 capture=0
W (45316) rc_tank: [CAM-DIAG-C15] WINDOW_2 start: wifi=off camera=on sensor=real gray8=200x200
W (45316) rc_video: [CAM-DIAG-C16A] display source=real-camera capture=0; DVP unchanged
W (45321) rc_video: [CAM-DIAG-C16A] screen window marker=2 capture=0
I (45327) rc_tank: [STEP] Camera init starting...
I (45331) rc_video: Initializing camera (SP0A39 640x480 GRAY8)
W (45337) rc_video: [CAM-DIAG-C16A] direct DVP init core=0; Wi-Fi task core=0; free_internal=231451 largest_internal_dma=110592
I (45348) board_camera: initializing SP0A39 camera mode=2 640x480
I (45354) camera_hal: init SP0A39 DVP 640x480 (SCCB manual mode)
I (45359) camera_hal: configuring IOEX pins for camera RESET/PWDN
I (45366) camera_hal: PWDN=HIGH (power down)
I (45380) camera_hal: PWDN=LOW (release sensor)
I (45580) camera_hal: RESET=LOW (assert reset)
I (45600) camera_hal: RESET=HIGH (release reset)
I (46600) camera_hal: full I2C scan after camera power-up (diagnostic only)...
I (46602) camera_hal:   post-powerup ACK at 0x15
I (46602) camera_hal:   post-powerup ACK at 0x18
I (46605) camera_hal:   post-powerup ACK at 0x21
I (46609) camera_hal:   post-powerup ACK at 0x22
I (46617) camera_hal:   post-powerup ACK at 0x40
I (46619) camera_hal:   post-powerup ACK at 0x51
I (46625) camera_hal:   post-powerup ACK at 0x68
I (46628) camera_hal: DVP GPIO diagnostics (checking PCLK/VSYNC/HSYNC activity)...
I (46694) camera_hal: DVP diagnostics: PCLK_changes=0 VSYNC_changes=0 HSYNC_changes=0
W (46694) camera_hal: PCLK has no transitions - MCLK likely not reaching sensor or sensor not active
I (46699) camera_hal: using sensor address 0x21
I (46704) camera_hal: SP0A39 I2C device added at 0x21
I (46710) camera_hal: SP0A39 chip ID: 0x0A39
I (46833) camera_hal: SP0A39 register init done: Gray8 640x480 (361 regs)
I (46834) camera_hal: [CAM-PROBE] SP0A39 p0_31 stage=post_table value=0x05 expected=0x01
E (46836) camera_hal: camera_hal_verify_expected_output_p0_31(92): unexpected p0_31=0x05 at post_table
W (46845) camera_hal: [CAM-PROBE] output state differs after table; continuing: ESP_ERR_INVALID_RESPONSE
I (46875) camera_hal: [CAM-PROBE] SP0A39 p0_31 stage=post_delay value=0x01 expected=0x01
I (46876) camera_hal: camera HAL initialized (sensor ready, DVP capture not yet implemented)
I (46880) board_camera: camera ready
I (46888) camera_hal: SP0A39 output regs: P0:1c=0x00 P0:30=0x11 P0:31=0x01 P1:32=0x05 P1:34=0xe3 P1:35=0x04 P1:36=0x10
I (46957) rc_video:   3 DMA-capable PSRAM framebuffers allocated (600 KB each)
W (46979) rc_video: [CAM-DIAG-C16A] capture handoff uses rc_capture_pool + backup
W (46979) rc_video: [DEBUG-C151] buffers fb0=0x3c0e0ec0 fb1=0x3c177000 fb2=0x3c20d140 backup=0x3c2a3280 payload=307200 storage=614400 alloc=614656 terminal_guard=256
W (46990) rc_video: [DEBUG-C151] heap stage=framebuffers_allocated intact=1
W (46998) rc_video: [DEBUG-C151] heap stage=dvp_controller_created_before_start intact=1
W (47004) rc_video: [CAM-DIAG-C16A] direct DVP controller created; free_internal=230199 largest_internal_dma=110592
I (47014) rc_video: Camera initialized
I (47017) rc_tank: [STEP] Camera init OK
I (47023) camera_hal: [CAM-PROBE] SP0A39 p0_31 stage=dvp_started value=0x01 expected=0x01
W (47029) rc_video: [CAM-DIAG-C16A] scaled camera preview enabled (240x180 at 80,0; DVP started)
W (47037) rc_tank: [CAM-DIAG-C15] burst-64 Gray8 camera preview started while Wi-Fi is off
W (47469) rc_video: [DEBUG-C151] display frame=1 consumer=0 active=1/0x3c177000->-2/0x0 select=2->2 became_active=0 overlap=0 overlap_count=0 finish=1 last_finished=0/0x3c0e0ec0 finish_active=1 finish_collision=0 guard=1 guard_errors=0 quiesce=1 resume=1 lifecycle_errors=0
I (47482) rc_video: [CAM-DIAG-C16A] frame=1 window=2 sensor=real slot=0 addr=0x3c0e0ec0 gen=1->1 crc_first=f61f772c/f61f772c crc_mid=27c70905/27c70905 crc_tail=d51beacf/d51beacf stable=1 raw_full=fc9a14e3 raw_q=991b8eba/4192a8f3/44e0f48e/cd716fb7 raw_edge=0df9c202 raw_probe=304.2ms cache_sync=ESP_OK cache_sync_err=0 chunk_crc=a04d1757/631704a2/1d2b6735 submit=3 complete=3 seq=3/3 stale=0 prepare=8.9ms draw=36.0ms
W (47928) rc_video: [DEBUG-C151] display frame=2 consumer=0 active=1/0x3c177000->-2/0x0 select=4->4 became_active=0 overlap=0 overlap_count=0 finish=2 last_finished=0/0x3c0e0ec0 finish_active=1 finish_collision=0 guard=1 guard_errors=0 quiesce=2 resume=2 lifecycle_errors=0
I (47941) rc_video: [CAM-DIAG-C16A] frame=2 window=2 sensor=real slot=0 addr=0x3c0e0ec0 gen=2->2 crc_first=9f346d14/9f346d14 crc_mid=f826427a/f826427a crc_tail=3c1238f9/3c1238f9 stable=1 raw_full=2f93e79e raw_q=20357ff5/3f8e4cc3/bd46da30/f6f9e8bf raw_edge=2f6ad730 raw_probe=304.2ms cache_sync=ESP_OK cache_sync_err=0 chunk_crc=2a6d22c0/568d2a3e/542b4040 submit=3 complete=3 seq=6/6 stale=0 prepare=8.8ms draw=36.0ms
W (48387) rc_video: [DEBUG-C151] display frame=3 consumer=0 active=1/0x3c177000->-2/0x0 select=6->6 became_active=0 overlap=0 overlap_count=0 finish=3 last_finished=0/0x3c0e0ec0 finish_active=1 finish_collision=0 guard=1 guard_errors=0 quiesce=3 resume=3 lifecycle_errors=0
I (48400) rc_video: [CAM-DIAG-C16A] frame=3 window=2 sensor=real slot=0 addr=0x3c0e0ec0 gen=3->3 crc_first=bf67a71a/bf67a71a crc_mid=3c36620c/3c36620c crc_tail=cec96e03/cec96e03 stable=1 raw_full=60ba7d4f raw_q=c863a266/a08bd486/93b25d3b/f52e966d raw_edge=13081532 raw_probe=304.2ms cache_sync=ESP_OK cache_sync_err=0 chunk_crc=3c676cf4/f8d9fbb1/8dfc49cd submit=3 complete=3 seq=9/9 stale=0 prepare=8.8ms draw=35.9ms
W (48846) rc_video: [DEBUG-C151] display frame=4 consumer=0 active=1/0x3c177000->-2/0x0 select=8->8 became_active=0 overlap=0 overlap_count=0 finish=4 last_finished=0/0x3c0e0ec0 finish_active=1 finish_collision=0 guard=1 guard_errors=0 quiesce=4 resume=4 lifecycle_errors=0
I (48859) rc_video: [CAM-DIAG-C16A] frame=4 window=2 sensor=real slot=0 addr=0x3c0e0ec0 gen=4->4 crc_first=69db4d4a/69db4d4a crc_mid=e432b588/e432b588 crc_tail=0af96e8c/0af96e8c stable=1 raw_full=18d824f6 raw_q=98c53910/115a7ea9/88da2518/96321f80 raw_edge=7b8ffc34 raw_probe=304.2ms cache_sync=ESP_OK cache_sync_err=0 chunk_crc=c0b2167f/4a440be1/fbe88d5d submit=3 complete=3 seq=12/12 stale=0 prepare=8.8ms draw=35.9ms
W (49305) rc_video: [DEBUG-C151] display frame=5 consumer=0 active=1/0x3c177000->-2/0x0 select=10->10 became_active=0 overlap=0 overlap_count=0 finish=5 last_finished=0/0x3c0e0ec0 finish_active=1 finish_collision=0 guard=1 guard_errors=0 quiesce=5 resume=5 lifecycle_errors=0
I (49319) rc_video: [CAM-DIAG-C16A] frame=5 window=2 sensor=real slot=0 addr=0x3c0e0ec0 gen=5->5 crc_first=9f0de1e4/9f0de1e4 crc_mid=5eebd09b/5eebd09b crc_tail=e5db3283/e5db3283 stable=1 raw_full=c6bf0280 raw_q=c6c3b23c/4c2f9908/5098cb26/d6cad584 raw_edge=8ff622e1 raw_probe=304.2ms cache_sync=ESP_OK cache_sync_err=0 chunk_crc=88b833d3/f60cca22/967ef543 submit=3 complete=3 seq=15/15 stale=0 prepare=8.8ms draw=35.8ms
W (52768) rc_video: [DEBUG-C151] display frame=30 consumer=0 active=1/0x3c177000->-2/0x0 select=60->60 became_active=0 overlap=0 overlap_count=0 finish=30 last_finished=0/0x3c0e0ec0 finish_active=1 finish_collision=0 guard=1 guard_errors=0 quiesce=30 resume=30 lifecycle_errors=0
I (52782) rc_video: [CAM-DIAG-C16A] frame=30 window=2 sensor=real slot=0 addr=0x3c0e0ec0 gen=30->30 crc_first=674d0edc/674d0edc crc_mid=24e549ac/24e549ac crc_tail=06e34b16/06e34b16 stable=1 raw_full=74b4a971 raw_q=d71b757e/c655529e/cc7eedd2/9b1be106 raw_edge=e6519b90 raw_probe=304.2ms cache_sync=ESP_OK cache_sync_err=0 chunk_crc=0b072aec/8c2ac747/50510afe submit=3 complete=3 seq=90/90 stale=0 prepare=8.8ms draw=35.7ms
W (56858) rc_video: [DEBUG-C151] display frame=60 consumer=0 active=1/0x3c177000->-2/0x0 select=120->120 became_active=0 overlap=0 overlap_count=0 finish=60 last_finished=0/0x3c0e0ec0 finish_active=1 finish_collision=0 guard=1 guard_errors=0 quiesce=60 resume=60 lifecycle_errors=0
I (56872) rc_video: [CAM-DIAG-C16A] frame=60 window=2 sensor=real slot=0 addr=0x3c0e0ec0 gen=60->60 crc_first=f46de6de/f46de6de crc_mid=83cc92ae/83cc92ae crc_tail=7dab5b1c/7dab5b1c stable=1 raw_full=cae90f50 raw_q=391e6e89/60ed642a/b7e0751a/8b99ffaf raw_edge=fa141049 raw_probe=304.2ms cache_sync=ESP_OK cache_sync_err=0 chunk_crc=ad78a7f3/659c6bff/9bcc3033 submit=3 complete=3 seq=180/180 stale=0 prepare=8.8ms draw=35.8ms
W (60948) rc_video: [DEBUG-C151] display frame=90 consumer=0 active=1/0x3c177000->-2/0x0 select=180->180 became_active=0 overlap=0 overlap_count=0 finish=90 last_finished=0/0x3c0e0ec0 finish_active=1 finish_collision=0 guard=1 guard_errors=0 quiesce=90 resume=90 lifecycle_errors=0
I (60962) rc_video: [CAM-DIAG-C16A] frame=90 window=2 sensor=real slot=0 addr=0x3c0e0ec0 gen=90->90 crc_first=6c8f2887/6c8f2887 crc_mid=be315929/be315929 crc_tail=9d29219c/9d29219c stable=1 raw_full=ea3409e6 raw_q=effcb13f/8e376224/d26c274f/8ebaa24e raw_edge=d31a345a raw_probe=304.2ms cache_sync=ESP_OK cache_sync_err=0 chunk_crc=9494caba/e44e0761/0240b0d7 submit=3 complete=3 seq=270/270 stale=0 prepare=8.8ms draw=35.9ms
W (65038) rc_video: [DEBUG-C151] display frame=120 consumer=0 active=1/0x3c177000->-2/0x0 select=240->240 became_active=0 overlap=0 overlap_count=0 finish=120 last_finished=0/0x3c0e0ec0 finish_active=1 finish_collision=0 guard=1 guard_errors=0 quiesce=120 resume=120 lifecycle_errors=0
I (65053) rc_video: [CAM-DIAG-C16A] frame=120 window=2 sensor=real slot=0 addr=0x3c0e0ec0 gen=120->120 crc_first=0cad4014/0cad4014 crc_mid=664c703c/664c703c crc_tail=131b98c8/131b98c8 stable=1 raw_full=b0f41698 raw_q=c4b791b8/61e4e565/e1cf4144/097a67ab raw_edge=049304ce raw_probe=304.2ms cache_sync=ESP_OK cache_sync_err=0 chunk_crc=e202f5d3/d660c8e7/b6e60a36 submit=3 complete=3 seq=360/360 stale=0 prepare=8.8ms draw=36.0ms
W (69128) rc_video: [DEBUG-C151] display frame=150 consumer=0 active=1/0x3c177000->-2/0x0 select=300->300 became_active=0 overlap=0 overlap_count=0 finish=150 last_finished=0/0x3c0e0ec0 finish_active=1 finish_collision=0 guard=1 guard_errors=0 quiesce=150 resume=150 lifecycle_errors=0
I (69142) rc_video: [CAM-DIAG-C16A] frame=150 window=2 sensor=real slot=0 addr=0x3c0e0ec0 gen=150->150 crc_first=ebdffad1/ebdffad1 crc_mid=b2fe781f/b2fe781f crc_tail=c51f618c/c51f618c stable=1 raw_full=9e4a55b2 raw_q=df636878/4471db9e/b509ce8d/414a7ddb raw_edge=16295502 raw_probe=304.2ms cache_sync=ESP_OK cache_sync_err=0 chunk_crc=62b17a78/8d4d3ee2/e29434d7 submit=3 complete=3 seq=450/450 stale=0 prepare=8.8ms draw=35.5ms
W (73218) rc_video: [DEBUG-C151] display frame=180 consumer=0 active=1/0x3c177000->-2/0x0 select=360->360 became_active=0 overlap=0 overlap_count=0 finish=180 last_finished=0/0x3c0e0ec0 finish_active=1 finish_collision=0 guard=1 guard_errors=0 quiesce=180 resume=180 lifecycle_errors=0
I (73232) rc_video: [CAM-DIAG-C16A] frame=180 window=2 sensor=real slot=0 addr=0x3c0e0ec0 gen=180->180 crc_first=315c6acc/315c6acc crc_mid=7dc2de70/7dc2de70 crc_tail=e3f960a2/e3f960a2 stable=1 raw_full=568277be raw_q=8ecf166e/c8a6b3cc/6a36216a/8a462dc6 raw_edge=75f38d79 raw_probe=304.2ms cache_sync=ESP_OK cache_sync_err=0 chunk_crc=e70f100d/0fae2845/aabfaa81 submit=3 complete=3 seq=540/540 stale=0 prepare=8.8ms draw=35.6ms
W (77045) rc_tank: [DEBUG-C151] heap stage=window_2_end intact=1
W (77048) camera_hal: [CAM-DIAG-C15] SP0A39 test_pattern=on P1:32 before=0x05 write=0x85 read=0x80 expected_bit=0x80
W (77150) rc_video: [CAM-DIAG-C16A] screen window marker=3 capture=210
W (77150) rc_tank: [CAM-DIAG-C15] WINDOW_3 start: wifi=off camera=on sensor=pattern gray8=200x200
W (77311) rc_video: [DEBUG-C151] display frame=210 consumer=0 active=1/0x3c177000->-2/0x0 select=420->420 became_active=0 overlap=0 overlap_count=0 finish=210 last_finished=0/0x3c0e0ec0 finish_active=1 finish_collision=0 guard=1 guard_errors=0 quiesce=210 resume=210 lifecycle_errors=0
I (77325) rc_video: [CAM-DIAG-C16A] frame=210 window=2 sensor=real slot=0 addr=0x3c0e0ec0 gen=210->210 crc_first=83be0f60/83be0f60 crc_mid=14ebaa61/14ebaa61 crc_tail=8df21e28/8df21e28 stable=1 raw_full=57ecf427 raw_q=16d28d6e/8a2c6477/a4d37749/56df6242 raw_edge=95156ad3 raw_probe=306.8ms cache_sync=ESP_OK cache_sync_err=0 chunk_crc=159b00e7/f90ed7ec/8b1cfdc4 submit=3 complete=3 seq=630/630 stale=0 prepare=8.8ms draw=36.1ms
W (81398) rc_video: [DEBUG-C151] display frame=240 consumer=0 active=1/0x3c177000->-2/0x0 select=480->480 became_active=0 overlap=0 overlap_count=0 finish=240 last_finished=0/0x3c0e0ec0 finish_active=1 finish_collision=0 guard=1 guard_errors=0 quiesce=240 resume=240 lifecycle_errors=0
I (81412) rc_video: [CAM-DIAG-C16A] frame=240 window=3 sensor=pattern slot=0 addr=0x3c0e0ec0 gen=240->240 crc_first=f4f7c187/f4f7c187 crc_mid=eef99c1a/eef99c1a crc_tail=0d968558/0d968558 stable=1 raw_full=fe06e219 raw_q=5eae532b/1c71a84a/a19457c3/35b9ef0c raw_edge=852ad440 raw_probe=304.2ms cache_sync=ESP_OK cache_sync_err=0 chunk_crc=8bb8783b/e8b971ee/2db56761 submit=3 complete=3 seq=720/720 stale=0 prepare=8.8ms draw=35.8ms
W (85488) rc_video: [DEBUG-C151] display frame=270 consumer=0 active=1/0x3c177000->-2/0x0 select=540->540 became_active=0 overlap=0 overlap_count=0 finish=270 last_finished=0/0x3c0e0ec0 finish_active=1 finish_collision=0 guard=1 guard_errors=0 quiesce=270 resume=270 lifecycle_errors=0
I (85502) rc_video: [CAM-DIAG-C16A] frame=270 window=3 sensor=pattern slot=0 addr=0x3c0e0ec0 gen=270->270 crc_first=f4f7c187/f4f7c187 crc_mid=eef99c1a/eef99c1a crc_tail=0d968558/0d968558 stable=1 raw_full=fe06e219 raw_q=5eae532b/1c71a84a/a19457c3/35b9ef0c raw_edge=852ad440 raw_probe=304.2ms cache_sync=ESP_OK cache_sync_err=0 chunk_crc=8bb8783b/e8b971ee/2db56761 submit=3 complete=3 seq=810/810 stale=0 prepare=8.8ms draw=35.9ms
W (89577) rc_video: [DEBUG-C151] display frame=300 consumer=0 active=1/0x3c177000->-2/0x0 select=600->600 became_active=0 overlap=0 overlap_count=0 finish=300 last_finished=0/0x3c0e0ec0 finish_active=1 finish_collision=0 guard=1 guard_errors=0 quiesce=300 resume=300 lifecycle_errors=0
I (89592) rc_video: [CAM-DIAG-C16A] frame=300 window=3 sensor=pattern slot=0 addr=0x3c0e0ec0 gen=300->300 crc_first=f4f7c187/f4f7c187 crc_mid=eef99c1a/eef99c1a crc_tail=0d968558/0d968558 stable=1 raw_full=fe06e219 raw_q=5eae532b/1c71a84a/a19457c3/35b9ef0c raw_edge=852ad440 raw_probe=304.2ms cache_sync=ESP_OK cache_sync_err=0 chunk_crc=8bb8783b/e8b971ee/2db56761 submit=3 complete=3 seq=900/900 stale=0 prepare=8.8ms draw=35.6ms
W (93667) rc_video: [DEBUG-C151] display frame=330 consumer=0 active=1/0x3c177000->-2/0x0 select=660->660 became_active=0 overlap=0 overlap_count=0 finish=330 last_finished=0/0x3c0e0ec0 finish_active=1 finish_collision=0 guard=1 guard_errors=0 quiesce=330 resume=330 lifecycle_errors=0
I (93682) rc_video: [CAM-DIAG-C16A] frame=330 window=3 sensor=pattern slot=0 addr=0x3c0e0ec0 gen=330->330 crc_first=f4f7c187/f4f7c187 crc_mid=eef99c1a/eef99c1a crc_tail=0d968558/0d968558 stable=1 raw_full=fe06e219 raw_q=5eae532b/1c71a84a/a19457c3/35b9ef0c raw_edge=852ad440 raw_probe=304.2ms cache_sync=ESP_OK cache_sync_err=0 chunk_crc=8bb8783b/e8b971ee/2db56761 submit=3 complete=3 seq=990/990 stale=0 prepare=8.8ms draw=35.7ms
W (97757) rc_video: [DEBUG-C151] display frame=360 consumer=0 active=1/0x3c177000->-2/0x0 select=720->720 became_active=0 overlap=0 overlap_count=0 finish=360 last_finished=0/0x3c0e0ec0 finish_active=1 finish_collision=0 guard=1 guard_errors=0 quiesce=360 resume=360 lifecycle_errors=0
I (97772) rc_video: [CAM-DIAG-C16A] frame=360 window=3 sensor=pattern slot=0 addr=0x3c0e0ec0 gen=360->360 crc_first=f4f7c187/f4f7c187 crc_mid=eef99c1a/eef99c1a crc_tail=0d968558/0d968558 stable=1 raw_full=fe06e219 raw_q=5eae532b/1c71a84a/a19457c3/35b9ef0c raw_edge=852ad440 raw_probe=304.2ms cache_sync=ESP_OK cache_sync_err=0 chunk_crc=8bb8783b/e8b971ee/2db56761 submit=3 complete=3 seq=1080/1080 stale=0 prepare=8.8ms draw=35.7ms
W (101847) rc_video: [DEBUG-C151] display frame=390 consumer=0 active=1/0x3c177000->-2/0x0 select=780->780 became_active=0 overlap=0 overlap_count=0 finish=390 last_finished=0/0x3c0e0ec0 finish_active=1 finish_collision=0 guard=1 guard_errors=0 quiesce=390 resume=390 lifecycle_errors=0
I (101862) rc_video: [CAM-DIAG-C16A] frame=390 window=3 sensor=pattern slot=0 addr=0x3c0e0ec0 gen=390->390 crc_first=f4f7c187/f4f7c187 crc_mid=eef99c1a/eef99c1a crc_tail=0d968558/0d968558 stable=1 raw_full=fe06e219 raw_q=5eae532b/1c71a84a/a19457c3/35b9ef0c raw_edge=852ad440 raw_probe=304.2ms cache_sync=ESP_OK cache_sync_err=0 chunk_crc=8bb8783b/e8b971ee/2db56761 submit=3 complete=3 seq=1170/1170 stale=0 prepare=8.8ms draw=35.8ms
W (105937) rc_video: [DEBUG-C151] display frame=420 consumer=0 active=1/0x3c177000->-2/0x0 select=840->840 became_active=0 overlap=0 overlap_count=0 finish=420 last_finished=0/0x3c0e0ec0 finish_active=1 finish_collision=0 guard=1 guard_errors=0 quiesce=420 resume=420 lifecycle_errors=0
I (105952) rc_video: [CAM-DIAG-C16A] frame=420 window=3 sensor=pattern slot=0 addr=0x3c0e0ec0 gen=420->420 crc_first=f4f7c187/f4f7c187 crc_mid=eef99c1a/eef99c1a crc_tail=0d968558/0d968558 stable=1 raw_full=fe06e219 raw_q=5eae532b/1c71a84a/a19457c3/35b9ef0c raw_edge=852ad440 raw_probe=304.2ms cache_sync=ESP_OK cache_sync_err=0 chunk_crc=8bb8783b/e8b971ee/2db56761 submit=3 complete=3 seq=1260/1260 stale=0 prepare=8.8ms draw=35.9ms
W (107153) rc_tank: [DEBUG-C151] heap stage=window_3_end_before_network intact=1
I (107154) rc_tank: [STEP] Network init starting...
I (107155) rc_net: Initializing as SoftAP (Tank)
I (107160) pp: pp rom version: e7ae62f
I (107162) net80211: net80211 rom version: e7ae62f
I (107169) wifi:wifi driver task: 3fcd0110, prio:23, stack:6656, core=0
I (107177) wifi:wifi firmware version: 0947e8b
I (107177) wifi:wifi certification version: v7.0
I (107181) wifi:config NVS flash: enabled
I (107185) wifi:config nano formatting: disabled
I (107189) wifi:Init data frame dynamic rx buffer num: 32
I (107195) wifi:Init static rx mgmt buffer num: 5
I (107199) wifi:Init management short buffer num: 32
I (107204) wifi:Init dynamic tx buffer num: 64
I (107208) wifi:Init static tx FG buffer num: 2
I (107212) wifi:Init static rx buffer size: 1600
I (107216) wifi:Init static rx buffer num: 10
I (107220) wifi:Init dynamic rx buffer num: 32
I (107226) wifi_init: rx ba win: 6
I (107228) wifi_init: accept mbox: 6
I (107231) wifi_init: tcpip mbox: 16
I (107234) wifi_init: udp mbox: 6
I (107237) wifi_init: tcp mbox: 6
I (107240) wifi_init: tcp tx win: 5760
I (107244) wifi_init: tcp rx win: 5760
I (107247) wifi_init: tcp mss: 1440
I (107250) wifi_init: WiFi IRAM OP enabled
I (107254) wifi_init: WiFi RX IRAM OP enabled
I (107259) rc_net: AP set_mode/config, SSID=RC_TANK_F3AE79 ch=1
I (107342) phy_init: phy_version 711,97bcf0a2,Aug 25 2025,19:04:10
W (107343) phy_init: failed to load RF calibration data (0x1102), falling back to full calibration
I (107383) phy_init: Saving new calibration data due to checksum failure or outdated calibration data, mode(2)
I (107394) wifi:mode : softAP (44:1b:f6:f3:ae:79)
I (107399) wifi:Total power save buffer number: 32
I (107400) wifi:Init max length of beacon: 752/752
I (107401) wifi:Init max length of beacon: 752/752
I (107404) rc_net: SoftAP started, SSID: RC_TANK_F3AE79, Password: 12345678
I (107405) esp_netif_lwip: DHCP server started on interface WIFI_AP_DEF with IP: 192.168.4.1
I (107418) rc_tank: [STEP] Network init OK
I (107421) rc_tank: Tank SoftAP ready, waiting for remote...
W (107427) rc_video: [CAM-DIAG-C16A] screen window marker=4 capture=432
W (107433) rc_tank: [CAM-DIAG-C15] WINDOW_4 start: wifi=on camera=on sensor=pattern gray8=200x200
W (110028) rc_video: [DEBUG-C151] display frame=450 consumer=0 active=1/0x3c177000->-2/0x0 select=900->900 became_active=0 overlap=0 overlap_count=0 finish=450 last_finished=0/0x3c0e0ec0 finish_active=1 finish_collision=0 guard=1 guard_errors=0 quiesce=450 resume=450 lifecycle_errors=0
I (110043) rc_video: [CAM-DIAG-C16A] frame=450 window=4 sensor=pattern slot=0 addr=0x3c0e0ec0 gen=450->450 crc_first=f4f7c187/f4f7c187 crc_mid=eef99c1a/eef99c1a crc_tail=0d968558/0d968558 stable=1 raw_full=fe06e219 raw_q=5eae532b/1c71a84a/a19457c3/35b9ef0c raw_edge=852ad440 raw_probe=304.8ms cache_sync=ESP_OK cache_sync_err=0 chunk_crc=8bb8783b/e8b971ee/2db56761 submit=3 complete=3 seq=1350/1350 stale=0 prepare=8.8ms draw=35.7ms
W (114119) rc_video: [DEBUG-C151] display frame=480 consumer=0 active=1/0x3c177000->-2/0x0 select=960->960 became_active=0 overlap=0 overlap_count=0 finish=480 last_finished=0/0x3c0e0ec0 finish_active=1 finish_collision=0 guard=1 guard_errors=0 quiesce=480 resume=480 lifecycle_errors=0
I (114133) rc_video: [CAM-DIAG-C16A] frame=480 window=4 sensor=pattern slot=0 addr=0x3c0e0ec0 gen=480->480 crc_first=f4f7c187/f4f7c187 crc_mid=eef99c1a/eef99c1a crc_tail=0d968558/0d968558 stable=1 raw_full=fe06e219 raw_q=5eae532b/1c71a84a/a19457c3/35b9ef0c raw_edge=852ad440 raw_probe=305.2ms cache_sync=ESP_OK cache_sync_err=0 chunk_crc=8bb8783b/e8b971ee/2db56761 submit=3 complete=3 seq=1440/1440 stale=0 prepare=8.9ms draw=35.9ms
W (118208) rc_video: [DEBUG-C151] display frame=510 consumer=0 active=1/0x3c177000->-2/0x0 select=1020->1020 became_active=0 overlap=0 overlap_count=0 finish=510 last_finished=0/0x3c0e0ec0 finish_active=1 finish_collision=0 guard=1 guard_errors=0 quiesce=510 resume=510 lifecycle_errors=0
I (118222) rc_video: [CAM-DIAG-C16A] frame=510 window=4 sensor=pattern slot=0 addr=0x3c0e0ec0 gen=510->510 crc_first=f4f7c187/f4f7c187 crc_mid=eef99c1a/eef99c1a crc_tail=0d968558/0d968558 stable=1 raw_full=fe06e219 raw_q=5eae532b/1c71a84a/a19457c3/35b9ef0c raw_edge=852ad440 raw_probe=303.9ms cache_sync=ESP_OK cache_sync_err=0 chunk_crc=8bb8783b/e8b971ee/2db56761 submit=3 complete=3 seq=1530/1530 stale=0 prepare=8.8ms draw=35.8ms
W (122299) rc_video: [DEBUG-C151] display frame=540 consumer=0 active=1/0x3c177000->-2/0x0 select=1080->1080 became_active=0 overlap=0 overlap_count=0 finish=540 last_finished=0/0x3c0e0ec0 finish_active=1 finish_collision=0 guard=1 guard_errors=0 quiesce=540 resume=540 lifecycle_errors=0
I (122313) rc_video: [CAM-DIAG-C16A] frame=540 window=4 sensor=pattern slot=0 addr=0x3c0e0ec0 gen=540->540 crc_first=f4f7c187/f4f7c187 crc_mid=eef99c1a/eef99c1a crc_tail=0d968558/0d968558 stable=1 raw_full=fe06e219 raw_q=5eae532b/1c71a84a/a19457c3/35b9ef0c raw_edge=852ad440 raw_probe=305.0ms cache_sync=ESP_OK cache_sync_err=0 chunk_crc=8bb8783b/e8b971ee/2db56761 submit=3 complete=3 seq=1620/1620 stale=0 prepare=8.8ms draw=36.0ms
W (126389) rc_video: [DEBUG-C151] display frame=570 consumer=0 active=1/0x3c177000->-2/0x0 select=1140->1140 became_active=0 overlap=0 overlap_count=0 finish=570 last_finished=0/0x3c0e0ec0 finish_active=1 finish_collision=0 guard=1 guard_errors=0 quiesce=570 resume=570 lifecycle_errors=0
I (126404) rc_video: [CAM-DIAG-C16A] frame=570 window=4 sensor=pattern slot=0 addr=0x3c0e0ec0 gen=570->570 crc_first=f4f7c187/f4f7c187 crc_mid=eef99c1a/eef99c1a crc_tail=0d968558/0d968558 stable=1 raw_full=fe06e219 raw_q=5eae532b/1c71a84a/a19457c3/35b9ef0c raw_edge=852ad440 raw_probe=305.7ms cache_sync=ESP_OK cache_sync_err=0 chunk_crc=8bb8783b/e8b971ee/2db56761 submit=3 complete=3 seq=1710/1710 stale=0 prepare=8.9ms draw=36.0ms
W (130478) rc_video: [DEBUG-C151] display frame=600 consumer=0 active=1/0x3c177000->-2/0x0 select=1200->1200 became_active=0 overlap=0 overlap_count=0 finish=600 last_finished=0/0x3c0e0ec0 finish_active=1 finish_collision=0 guard=1 guard_errors=0 quiesce=600 resume=600 lifecycle_errors=0
I (130493) rc_video: [CAM-DIAG-C16A] frame=600 window=4 sensor=pattern slot=0 addr=0x3c0e0ec0 gen=600->600 crc_first=f4f7c187/f4f7c187 crc_mid=eef99c1a/eef99c1a crc_tail=0d968558/0d968558 stable=1 raw_full=fe06e219 raw_q=5eae532b/1c71a84a/a19457c3/35b9ef0c raw_edge=852ad440 raw_probe=304.8ms cache_sync=ESP_OK cache_sync_err=0 chunk_crc=8bb8783b/e8b971ee/2db56761 submit=3 complete=3 seq=1800/1800 stale=0 prepare=8.8ms draw=36.2ms
W (134569) rc_video: [DEBUG-C151] display frame=630 consumer=0 active=1/0x3c177000->-2/0x0 select=1260->1260 became_active=0 overlap=0 overlap_count=0 finish=630 last_finished=0/0x3c0e0ec0 finish_active=1 finish_collision=0 guard=1 guard_errors=0 quiesce=630 resume=630 lifecycle_errors=0
I (134583) rc_video: [CAM-DIAG-C16A] frame=630 window=4 sensor=pattern slot=0 addr=0x3c0e0ec0 gen=630->630 crc_first=f4f7c187/f4f7c187 crc_mid=eef99c1a/eef99c1a crc_tail=0d968558/0d968558 stable=1 raw_full=fe06e219 raw_q=5eae532b/1c71a84a/a19457c3/35b9ef0c raw_edge=852ad440 raw_probe=304.8ms cache_sync=ESP_OK cache_sync_err=0 chunk_crc=8bb8783b/e8b971ee/2db56761 submit=3 complete=3 seq=1890/1890 stale=0 prepare=9.0ms draw=36.4ms
W (137444) camera_hal: [CAM-DIAG-C15] SP0A39 test_pattern=off P1:32 before=0x80 write=0x00 read=0x05 expected_bit=0x00
W (137545) rc_video: [CAM-DIAG-C16A] screen window marker=5 capture=654
W (137545) rc_tank: [CAM-DIAG-C15] WINDOW_5 start: wifi=on camera=on sensor=real gray8=200x200; DVP unchanged
W (138659) rc_video: [DEBUG-C151] display frame=660 consumer=0 active=1/0x3c177000->-2/0x0 select=1320->1320 became_active=0 overlap=0 overlap_count=0 finish=660 last_finished=0/0x3c0e0ec0 finish_active=1 finish_collision=0 guard=1 guard_errors=0 quiesce=660 resume=660 lifecycle_errors=0
I (138673) rc_video: [CAM-DIAG-C16A] frame=660 window=5 sensor=real slot=0 addr=0x3c0e0ec0 gen=660->660 crc_first=8a5f7973/8a5f7973 crc_mid=9e714dd1/9e714dd1 crc_tail=880e4ffb/880e4ffb stable=1 raw_full=de3a7d90 raw_q=d8a39356/2272d008/62de980b/e7c2f1a6 raw_edge=9f6d3c56 raw_probe=305.3ms cache_sync=ESP_OK cache_sync_err=0 chunk_crc=dbcbd4d3/b5b42832/99b4b3dc submit=3 complete=3 seq=1980/1980 stale=0 prepare=8.8ms draw=35.9ms
W (142749) rc_video: [DEBUG-C151] display frame=690 consumer=0 active=1/0x3c177000->-2/0x0 select=1380->1380 became_active=0 overlap=0 overlap_count=0 finish=690 last_finished=0/0x3c0e0ec0 finish_active=1 finish_collision=0 guard=1 guard_errors=0 quiesce=690 resume=690 lifecycle_errors=0
I (142763) rc_video: [CAM-DIAG-C16A] frame=690 window=5 sensor=real slot=0 addr=0x3c0e0ec0 gen=690->690 crc_first=8e58373f/8e58373f crc_mid=ad0a815a/ad0a815a crc_tail=97b85089/97b85089 stable=1 raw_full=78c81424 raw_q=1fd8a62e/3736f58b/7a381840/a92e555a raw_edge=d5651ef1 raw_probe=305.3ms cache_sync=ESP_OK cache_sync_err=0 chunk_crc=4cdfb156/254937ed/0893f673 submit=3 complete=3 seq=2070/2070 stale=0 prepare=8.8ms draw=36.0ms
W (146837) rc_video: [DEBUG-C151] display frame=720 consumer=0 active=1/0x3c177000->-2/0x0 select=1440->1440 became_active=0 overlap=0 overlap_count=0 finish=720 last_finished=0/0x3c0e0ec0 finish_active=1 finish_collision=0 guard=1 guard_errors=0 quiesce=720 resume=720 lifecycle_errors=0
I (146852) rc_video: [CAM-DIAG-C16A] frame=720 window=5 sensor=real slot=0 addr=0x3c0e0ec0 gen=720->720 crc_first=37a2ead2/37a2ead2 crc_mid=a4b0f0b3/a4b0f0b3 crc_tail=91901c5b/91901c5b stable=1 raw_full=56b0ad62 raw_q=a87480b4/e402636f/727200de/93c8bf69 raw_edge=00798d27 raw_probe=304.0ms cache_sync=ESP_OK cache_sync_err=0 chunk_crc=02a8df15/78048eef/eae543ee submit=3 complete=3 seq=2160/2160 stale=0 prepare=8.8ms draw=36.2ms
W (150928) rc_video: [DEBUG-C151] display frame=750 consumer=0 active=1/0x3c177000->-2/0x0 select=1500->1500 became_active=0 overlap=0 overlap_count=0 finish=750 last_finished=0/0x3c0e0ec0 finish_active=1 finish_collision=0 guard=1 guard_errors=0 quiesce=750 resume=750 lifecycle_errors=0
I (150942) rc_video: [CAM-DIAG-C16A] frame=750 window=5 sensor=real slot=0 addr=0x3c0e0ec0 gen=750->750 crc_first=d68056d2/d68056d2 crc_mid=e0adffeb/e0adffeb crc_tail=ef472283/ef472283 stable=1 raw_full=6441e32e raw_q=ed7619d6/58b224cf/cc807797/1b65d1b7 raw_edge=c9603b04 raw_probe=305.0ms cache_sync=ESP_OK cache_sync_err=0 chunk_crc=4ad81bd7/d7adebaf/c44074dd submit=3 complete=3 seq=2250/2250 stale=0 prepare=8.8ms draw=35.9ms
W (155018) rc_video: [DEBUG-C151] display frame=780 consumer=0 active=1/0x3c177000->-2/0x0 select=1560->1560 became_active=0 overlap=0 overlap_count=0 finish=780 last_finished=0/0x3c0e0ec0 finish_active=1 finish_collision=0 guard=1 guard_errors=0 quiesce=780 resume=780 lifecycle_errors=0
I (155032) rc_video: [CAM-DIAG-C16A] frame=780 window=5 sensor=real slot=0 addr=0x3c0e0ec0 gen=780->780 crc_first=0cb51d7c/0cb51d7c crc_mid=76464bc3/76464bc3 crc_tail=134f38b0/134f38b0 stable=1 raw_full=b0f49964 raw_q=082a5fb9/4e8d0812/b7c1a12a/9fa331ab raw_edge=17400527 raw_probe=304.8ms cache_sync=ESP_OK cache_sync_err=0 chunk_crc=d09e0a32/077e59cb/4512318d submit=3 complete=3 seq=2340/2340 stale=0 prepare=8.8ms draw=36.1ms
W (159108) rc_video: [DEBUG-C151] display frame=810 consumer=0 active=1/0x3c177000->-2/0x0 select=1620->1620 became_active=0 overlap=0 overlap_count=0 finish=810 last_finished=0/0x3c0e0ec0 finish_active=1 finish_collision=0 guard=1 guard_errors=0 quiesce=810 resume=810 lifecycle_errors=0
I (159122) rc_video: [CAM-DIAG-C16A] frame=810 window=5 sensor=real slot=0 addr=0x3c0e0ec0 gen=810->810 crc_first=43da4c79/43da4c79 crc_mid=30b2a48f/30b2a48f crc_tail=c2066178/c2066178 stable=1 raw_full=8ac31fb5 raw_q=80239f11/9f058d7b/3367bd05/280ed97e raw_edge=eea5371d raw_probe=305.0ms cache_sync=ESP_OK cache_sync_err=0 chunk_crc=b7fb14cb/4ddc34d6/5d7a3135 submit=3 complete=3 seq=2430/2430 stale=0 prepare=8.8ms draw=36.2ms
W (163198) rc_video: [DEBUG-C151] display frame=840 consumer=0 active=1/0x3c177000->-2/0x0 select=1680->1680 became_active=0 overlap=0 overlap_count=0 finish=840 last_finished=0/0x3c0e0ec0 finish_active=1 finish_collision=0 guard=1 guard_errors=0 quiesce=840 resume=840 lifecycle_errors=0
I (163212) rc_video: [CAM-DIAG-C16A] frame=840 window=5 sensor=real slot=0 addr=0x3c0e0ec0 gen=840->840 crc_first=de0cb00f/de0cb00f crc_mid=b75700db/b75700db crc_tail=8a959d56/8a959d56 stable=1 raw_full=c3edd90a raw_q=b7c5cf2e/5316cd54/095645a2/bb493d57 raw_edge=00af913e raw_probe=304.7ms cache_sync=ESP_OK cache_sync_err=0 chunk_crc=0cfabe0c/7c6cbee4/2139d0fc submit=3 complete=3 seq=2520/2520 stale=0 prepare=8.8ms draw=36.3ms
W (167288) rc_video: [DEBUG-C151] display frame=870 consumer=0 active=1/0x3c177000->-2/0x0 select=1740->1740 became_active=0 overlap=0 overlap_count=0 finish=870 last_finished=0/0x3c0e0ec0 finish_active=1 finish_collision=0 guard=1 guard_errors=0 quiesce=870 resume=870 lifecycle_errors=0
I (167302) rc_video: [CAM-DIAG-C16A] frame=870 window=5 sensor=real slot=0 addr=0x3c0e0ec0 gen=870->870 crc_first=bd0e866b/bd0e866b crc_mid=3b354c9f/3b354c9f crc_tail=a0d9a3b6/a0d9a3b6 stable=1 raw_full=0230daaf raw_q=f0d4f3d8/602d1e03/485b528a/e0eaa5da raw_edge=7329f19f raw_probe=305.1ms cache_sync=ESP_OK cache_sync_err=0 chunk_crc=73f01cfa/bb094f79/a1866031 submit=3 complete=3 seq=2610/2610 stale=0 prepare=9.0ms draw=35.9ms
I (167551) wifi:flush txq
I (167552) wifi:stop sw txq
I (167552) wifi:lmac stop hw txq
W (167556) camera_hal: [CAM-DIAG-C15] SP0A39 test_pattern=on P1:32 before=0x00 write=0x80 read=0x80 expected_bit=0x80
W (167659) rc_video: [CAM-DIAG-C16A] screen window marker=6 capture=873
W (167659) rc_tank: [CAM-DIAG-C15] WINDOW_6 start: wifi=off camera=on sensor=pattern gray8=200x200; DVP unchanged
W (171376) rc_video: [DEBUG-C151] display frame=900 consumer=0 active=1/0x3c177000->-2/0x0 select=1800->1800 became_active=0 overlap=0 overlap_count=0 finish=900 last_finished=0/0x3c0e0ec0 finish_active=1 finish_collision=0 guard=1 guard_errors=0 quiesce=900 resume=900 lifecycle_errors=0
I (171391) rc_video: [CAM-DIAG-C16A] frame=900 window=6 sensor=pattern slot=0 addr=0x3c0e0ec0 gen=900->900 crc_first=8154442f/8154442f crc_mid=eef99c1a/eef99c1a crc_tail=0d968558/0d968558 stable=1 raw_full=ff9fc484 raw_q=492441b9/8ca6ba58/a19457c3/35b9ef0c raw_edge=614554ef raw_probe=304.3ms cache_sync=ESP_OK cache_sync_err=0 chunk_crc=3632a141/3116d677/2db56761 submit=3 complete=3 seq=2700/2700 stale=0 prepare=8.8ms draw=35.8ms
W (175466) rc_video: [DEBUG-C151] display frame=930 consumer=0 active=1/0x3c177000->-2/0x0 select=1860->1860 became_active=0 overlap=0 overlap_count=0 finish=930 last_finished=0/0x3c0e0ec0 finish_active=1 finish_collision=0 guard=1 guard_errors=0 quiesce=930 resume=930 lifecycle_errors=0
I (175481) rc_video: [CAM-DIAG-C16A] frame=930 window=6 sensor=pattern slot=0 addr=0x3c0e0ec0 gen=930->930 crc_first=8154442f/8154442f crc_mid=eef99c1a/eef99c1a crc_tail=0d968558/0d968558 stable=1 raw_full=ff9fc484 raw_q=492441b9/8ca6ba58/a19457c3/35b9ef0c raw_edge=614554ef raw_probe=304.3ms cache_sync=ESP_OK cache_sync_err=0 chunk_crc=3632a141/3116d677/2db56761 submit=3 complete=3 seq=2790/2790 stale=0 prepare=8.8ms draw=35.9ms
W (179555) rc_video: [DEBUG-C151] display frame=960 consumer=0 active=1/0x3c177000->-2/0x0 select=1920->1920 became_active=0 overlap=0 overlap_count=0 finish=960 last_finished=0/0x3c0e0ec0 finish_active=1 finish_collision=0 guard=1 guard_errors=0 quiesce=960 resume=960 lifecycle_errors=0
I (179570) rc_video: [CAM-DIAG-C16A] frame=960 window=6 sensor=pattern slot=0 addr=0x3c0e0ec0 gen=960->960 crc_first=8154442f/8154442f crc_mid=eef99c1a/eef99c1a crc_tail=0d968558/0d968558 stable=1 raw_full=ff9fc484 raw_q=492441b9/8ca6ba58/a19457c3/35b9ef0c raw_edge=614554ef raw_probe=304.2ms cache_sync=ESP_OK cache_sync_err=0 chunk_crc=3632a141/3116d677/2db56761 submit=3 complete=3 seq=2880/2880 stale=0 prepare=8.8ms draw=35.6ms
W (183645) rc_video: [DEBUG-C151] display frame=990 consumer=0 active=1/0x3c177000->-2/0x0 select=1980->1980 became_active=0 overlap=0 overlap_count=0 finish=990 last_finished=0/0x3c0e0ec0 finish_active=1 finish_collision=0 guard=1 guard_errors=0 quiesce=990 resume=990 lifecycle_errors=0
I (183660) rc_video: [CAM-DIAG-C16A] frame=990 window=6 sensor=pattern slot=0 addr=0x3c0e0ec0 gen=990->990 crc_first=8154442f/8154442f crc_mid=eef99c1a/eef99c1a crc_tail=0d968558/0d968558 stable=1 raw_full=ff9fc484 raw_q=492441b9/8ca6ba58/a19457c3/35b9ef0c raw_edge=614554ef raw_probe=304.2ms cache_sync=ESP_OK cache_sync_err=0 chunk_crc=3632a141/3116d677/2db56761 submit=3 complete=3 seq=2970/2970 stale=0 prepare=8.8ms draw=35.7ms
W (187735) rc_video: [DEBUG-C151] display frame=1020 consumer=0 active=1/0x3c177000->-2/0x0 select=2040->2040 became_active=0 overlap=0 overlap_count=0 finish=1020 last_finished=0/0x3c0e0ec0 finish_active=1 finish_collision=0 guard=1 guard_errors=0 quiesce=1020 resume=1020 lifecycle_errors=0
I (187750) rc_video: [CAM-DIAG-C16A] frame=1020 window=6 sensor=pattern slot=0 addr=0x3c0e0ec0 gen=1020->1020 crc_first=8154442f/8154442f crc_mid=eef99c1a/eef99c1a crc_tail=0d968558/0d968558 stable=1 raw_full=ff9fc484 raw_q=492441b9/8ca6ba58/a19457c3/35b9ef0c raw_edge=614554ef raw_probe=304.2ms cache_sync=ESP_OK cache_sync_err=0 chunk_crc=3632a141/3116d677/2db56761 submit=3 complete=3 seq=3060/3060 stale=0 prepare=8.8ms draw=35.9ms
W (191825) rc_video: [DEBUG-C151] display frame=1050 consumer=0 active=1/0x3c177000->-2/0x0 select=2100->2100 became_active=0 overlap=0 overlap_count=0 finish=1050 last_finished=0/0x3c0e0ec0 finish_active=1 finish_collision=0 guard=1 guard_errors=0 quiesce=1050 resume=1050 lifecycle_errors=0
I (191840) rc_video: [CAM-DIAG-C16A] frame=1050 window=6 sensor=pattern slot=0 addr=0x3c0e0ec0 gen=1050->1050 crc_first=8154442f/8154442f crc_mid=eef99c1a/eef99c1a crc_tail=0d968558/0d968558 stable=1 raw_full=ff9fc484 raw_q=492441b9/8ca6ba58/a19457c3/35b9ef0c raw_edge=614554ef raw_probe=304.2ms cache_sync=ESP_OK cache_sync_err=0 chunk_crc=3632a141/3116d677/2db56761 submit=3 complete=3 seq=3150/3150 stale=0 prepare=8.8ms draw=36.0ms
W (195915) rc_video: [DEBUG-C151] display frame=1080 consumer=0 active=1/0x3c177000->-2/0x0 select=2160->2160 became_active=0 overlap=0 overlap_count=0 finish=1080 last_finished=0/0x3c0e0ec0 finish_active=1 finish_collision=0 guard=1 guard_errors=0 quiesce=1080 resume=1080 lifecycle_errors=0
I (195930) rc_video: [CAM-DIAG-C16A] frame=1080 window=6 sensor=pattern slot=0 addr=0x3c0e0ec0 gen=1080->1080 crc_first=8154442f/8154442f crc_mid=eef99c1a/eef99c1a crc_tail=0d968558/0d968558 stable=1 raw_full=ff9fc484 raw_q=492441b9/8ca6ba58/a19457c3/35b9ef0c raw_edge=614554ef raw_probe=304.2ms cache_sync=ESP_OK cache_sync_err=0 chunk_crc=3632a141/3116d677/2db56761 submit=3 complete=3 seq=3240/3240 stale=0 prepare=8.8ms draw=35.5ms
W (197666) camera_hal: [CAM-DIAG-C15] SP0A39 test_pattern=off P1:32 before=0x80 write=0x00 read=0x00 expected_bit=0x00
W (197767) rc_video: [CAM-DIAG-C16A] screen window marker=7 capture=1095
W (197767) rc_tank: [CAM-DIAG-C15] WINDOW_7 start: wifi=off camera=on sensor=real gray8=200x200 hold; DVP unchanged
W (197772) rc_tank: [CAM-DIAG-C15] low-bandwidth raw-source isolation sequence complete; hold WINDOW_7
I (197781) rc_tank: Tank running (video + control; audio disabled)
I (197787) rc_tank: app_main done, idle loop
W (200005) rc_video: [DEBUG-C151] display frame=1110 consumer=0 active=1/0x3c177000->-2/0x0 select=2220->2220 became_active=0 overlap=0 overlap_count=0 finish=1110 last_finished=0/0x3c0e0ec0 finish_active=1 finish_collision=0 guard=1 guard_errors=0 quiesce=1110 resume=1110 lifecycle_errors=0
I (200020) rc_video: [CAM-DIAG-C16A] frame=1110 window=7 sensor=real slot=0 addr=0x3c0e0ec0 gen=1110->1110 crc_first=fff58841/fff58841 crc_mid=9e7f7ad5/9e7f7ad5 crc_tail=0e4efdb3/0e4efdb3 stable=1 raw_full=f0d63cea raw_q=e566081c/cb09df26/54cf8c6f/df30eb06 raw_edge=26a86567 raw_probe=304.2ms cache_sync=ESP_OK cache_sync_err=0 chunk_crc=8be36bc6/b7f3a476/a1b408f0 submit=3 complete=3 seq=3330/3330 stale=0 prepare=8.8ms draw=35.6ms
W (204095) rc_video: [DEBUG-C151] display frame=1140 consumer=0 active=1/0x3c177000->-2/0x0 select=2280->2280 became_active=0 overlap=0 overlap_count=0 finish=1140 last_finished=0/0x3c0e0ec0 finish_active=1 finish_collision=0 guard=1 guard_errors=0 quiesce=1140 resume=1140 lifecycle_errors=0
I (204110) rc_video: [CAM-DIAG-C16A] frame=1140 window=7 sensor=real slot=0 addr=0x3c0e0ec0 gen=1140->1140 crc_first=806e341e/806e341e crc_mid=981c8853/981c8853 crc_tail=ee826e9e/ee826e9e stable=1 raw_full=2b63dc64 raw_q=c7802c60/cd5d8701/518e339f/e3d03d54 raw_edge=068d65c8 raw_probe=304.2ms cache_sync=ESP_OK cache_sync_err=0 chunk_crc=92269c2c/75ef0907/97c39c30 submit=3 complete=3 seq=3420/3420 stale=0 prepare=8.8ms draw=35.7ms
W (208185) rc_video: [DEBUG-C151] display frame=1170 consumer=0 active=1/0x3c177000->-2/0x0 select=2340->2340 became_active=0 overlap=0 overlap_count=0 finish=1170 last_finished=0/0x3c0e0ec0 finish_active=1 finish_collision=0 guard=1 guard_errors=0 quiesce=1170 resume=1170 lifecycle_errors=0
I (208200) rc_video: [CAM-DIAG-C16A] frame=1170 window=7 sensor=real slot=0 addr=0x3c0e0ec0 gen=1170->1170 crc_first=6193d3af/6193d3af crc_mid=23e2f5cc/23e2f5cc crc_tail=e9ea3e12/e9ea3e12 stable=1 raw_full=e3d4b844 raw_q=bc2f7992/dace1309/e3e05d03/e2822559 raw_edge=b0efc2f6 raw_probe=304.2ms cache_sync=ESP_OK cache_sync_err=0 chunk_crc=996a9237/285a5912/4ca922bf submit=3 complete=3 seq=3510/3510 stale=0 prepare=8.8ms draw=35.8ms
W (212275) rc_video: [DEBUG-C151] display frame=1200 consumer=0 active=1/0x3c177000->-2/0x0 select=2400->2400 became_active=0 overlap=0 overlap_count=0 finish=1200 last_finished=0/0x3c0e0ec0 finish_active=1 finish_collision=0 guard=1 guard_errors=0 quiesce=1200 resume=1200 lifecycle_errors=0
I (212290) rc_video: [CAM-DIAG-C16A] frame=1200 window=7 sensor=real slot=0 addr=0x3c0e0ec0 gen=1200->1200 crc_first=4f71cb12/4f71cb12 crc_mid=30ca5fcd/30ca5fcd crc_tail=5bb06542/5bb06542 stable=1 raw_full=80f7c8de raw_q=16e6240c/5b0e62df/c462675e/f6fccd3f raw_edge=6327b2a9 raw_probe=304.3ms cache_sync=ESP_OK cache_sync_err=0 chunk_crc=3aab42fc/9e0017b7/b93d6eb6 submit=3 complete=3 seq=3600/3600 stale=0 prepare=8.8ms draw=35.8ms
W (216365) rc_video: [DEBUG-C151] display frame=1230 consumer=0 active=1/0x3c177000->-2/0x0 select=2460->2460 became_active=0 overlap=0 overlap_count=0 finish=1230 last_finished=0/0x3c0e0ec0 finish_active=1 finish_collision=0 guard=1 guard_errors=0 quiesce=1230 resume=1230 lifecycle_errors=0
I (216380) rc_video: [CAM-DIAG-C16A] frame=1230 window=7 sensor=real slot=0 addr=0x3c0e0ec0 gen=1230->1230 crc_first=7dd154bd/7dd154bd crc_mid=7349485a/7349485a crc_tail=e114457d/e114457d stable=1 raw_full=b2da7ef5 raw_q=9169a00c/66f9a08f/3e948531/2ad6f04d raw_edge=9de1b555 raw_probe=304.3ms cache_sync=ESP_OK cache_sync_err=0 chunk_crc=d477727a/354ca15c/13faae6a submit=3 complete=3 seq=3690/3690 stale=0 prepare=8.8ms draw=35.9ms
W (220455) rc_video: [DEBUG-C151] display frame=1260 consumer=0 active=1/0x3c177000->-2/0x0 select=2520->2520 became_active=0 overlap=0 overlap_count=0 finish=1260 last_finished=0/0x3c0e0ec0 finish_active=1 finish_collision=0 guard=1 guard_errors=0 quiesce=1260 resume=1260 lifecycle_errors=0
I (220470) rc_video: [CAM-DIAG-C16A] frame=1260 window=7 sensor=real slot=0 addr=0x3c0e0ec0 gen=1260->1260 crc_first=44ff5a66/44ff5a66 crc_mid=6f54bd29/6f54bd29 crc_tail=e925a573/e925a573 stable=1 raw_full=5ca8e8e3 raw_q=590f3191/c7abc676/52abc502/8de7e9f4 raw_edge=e75a9801 raw_probe=304.3ms cache_sync=ESP_OK cache_sync_err=0 chunk_crc=b6cbe373/cdc40015/68108c19 submit=3 complete=3 seq=3780/3780 stale=0 prepare=8.8ms draw=36.0ms
W (224544) rc_video: [DEBUG-C151] display frame=1290 consumer=0 active=1/0x3c177000->-2/0x0 select=2580->2580 became_active=0 overlap=0 overlap_count=0 finish=1290 last_finished=0/0x3c0e0ec0 finish_active=1 finish_collision=0 guard=1 guard_errors=0 quiesce=1290 resume=1290 lifecycle_errors=0
I (224559) rc_video: [CAM-DIAG-C16A] frame=1290 window=7 sensor=real slot=0 addr=0x3c0e0ec0 gen=1290->1290 crc_first=4d817fb9/4d817fb9 crc_mid=8c121630/8c121630 crc_tail=548ccdfd/548ccdfd stable=1 raw_full=a5c463fb raw_q=ac4c533b/bd8694fc/fe1821e4/e6a462cf raw_edge=a15befeb raw_probe=304.2ms cache_sync=ESP_OK cache_sync_err=0 chunk_crc=77214ef7/5f0130d7/466e8ae2 submit=3 complete=3 seq=3870/3870 stale=0 prepare=8.8ms draw=35.7ms
