=========================================
Flashing RC Tank Demo - TANK Role to COM7
=========================================
Bootloader:      E:\10__AIProject\7_AI陪伴机器人\CODE\examples\rc_tank_demo\firmware_backup\bootloader_TANK.bin
Partition Table: E:\10__AIProject\7_AI陪伴机器人\CODE\examples\rc_tank_demo\firmware_backup\partition-table_TANK.bin
Application:     E:\10__AIProject\7_AI陪伴机器人\CODE\examples\rc_tank_demo\firmware_backup\rc_tank_demo_TANK.bin

Erasing flash...
esptool.py v4.12.dev2
Serial port COM7
Connecting.........
Chip is ESP32-S3 (QFN56) (revision v0.2)
Features: WiFi, BLE
Crystal is 40MHz
MAC: 44:1b:f6:f3:ae:78
Uploading stub...
Running stub...
Stub running...
Erasing flash (this may take a while)...
Chip erase completed successfully in 1.2 seconds.
Hard resetting via RTS pin...

Programming flash...
esptool.py v4.12.dev2
Serial port COM7
Connecting....
Chip is ESP32-S3 (QFN56) (revision v0.2)
Features: WiFi, BLE
Crystal is 40MHz
MAC: 44:1b:f6:f3:ae:78
Uploading stub...
Running stub...
Stub running...
Changing baud rate to 460800
Changed.
Configuring flash size...
Flash will be erased from 0x00000000 to 0x00005fff...
Flash will be erased from 0x00008000 to 0x00008fff...
Flash will be erased from 0x00010000 to 0x00101fff...
SHA digest in image updated
Compressed 20832 bytes to 13347...
Writing at 0x00000000... (100 %)
Wrote 20832 bytes (13347 compressed) at 0x00000000 in 0.4 seconds (effective 436.3 kbit/s)...
Hash of data verified.
Compressed 3072 bytes to 119...
Writing at 0x00008000... (100 %)
Wrote 3072 bytes (119 compressed) at 0x00008000 in 0.0 seconds (effective 1486.7 kbit/s)...
Hash of data verified.
Compressed 988288 bytes to 583082...
Writing at 0x00010000... (2 %)
Writing at 0x0001d40d... (5 %)
Writing at 0x00029d2a... (8 %)
Writing at 0x00032a8c... (11 %)
Writing at 0x0003d82a... (13 %)
Writing at 0x000447dc... (16 %)
Writing at 0x0004aa77... (19 %)
Writing at 0x00050e3b... (22 %)
Writing at 0x0005a675... (25 %)
Writing at 0x00060fbc... (27 %)
Writing at 0x00067c77... (30 %)
Writing at 0x0006d83f... (33 %)
Writing at 0x000730d1... (36 %)
Writing at 0x00078de0... (38 %)
Writing at 0x0007ec76... (41 %)
Writing at 0x00084ae6... (44 %)
Writing at 0x0008ab78... (47 %)
Writing at 0x000906f2... (50 %)
Writing at 0x00095ee5... (52 %)
Writing at 0x0009aeba... (55 %)
Writing at 0x000a07b8... (58 %)
Writing at 0x000a5ef9... (61 %)
Writing at 0x000ab41b... (63 %)
Writing at 0x000b090e... (66 %)
Writing at 0x000b619f... (69 %)
Writing at 0x000bc1f1... (72 %)
Writing at 0x000c1c5c... (75 %)
Writing at 0x000c7a71... (77 %)
Writing at 0x000cd353... (80 %)
Writing at 0x000d2bb0... (83 %)
Writing at 0x000dbb2f... (86 %)
Writing at 0x000e1a53... (88 %)
Writing at 0x000e87c9... (91 %)
Writing at 0x000f1c90... (94 %)
Writing at 0x000f87de... (97 %)
Writing at 0x000fd8ff... (100 %)
Wrote 988288 bytes (583082 compressed) at 0x00010000 in 13.3 seconds (effective 596.4 kbit/s)...
Hash of data verified.

Leaving...
Hard resetting via RTS pin...

=========================================
Flash completed successfully!
=========================================
