=========================================
Flashing RC Tank Demo - TANK Role to COM7
=========================================
Bootloader:      E:\10__AIProject\7_AI陪伴机器人\CODE\examples\rc_tank_demo\firmware_backup\bootloader_TANK.bin
Partition Table: E:\10__AIProject\7_AI陪伴机器人\CODE\examples\rc_tank_demo\firmware_backup\partition-table_TANK.bin
Application:     E:\10__AIProject\7_AI陪伴机器人\CODE\examples\rc_tank_demo\firmware_backup\rc_tank_demo_TANK.bin

Erasing flash...
esptool.py v4.12.dev2
Serial port COM7
Connecting....
Chip is ESP32-S3 (QFN56) (revision v0.2)
Features: WiFi, BLE
Crystal is 40MHz
MAC: 44:1b:f6:f3:ae:78
Uploading stub...
Running stub...
Stub running...
Erasing flash (this may take a while)...
Chip erase completed successfully in 1.2 seconds.
Hard resetting via RTS pin...

Programming flash...
esptool.py v4.12.dev2
Serial port COM7
Connecting...
Chip is ESP32-S3 (QFN56) (revision v0.2)
Features: WiFi, BLE
Crystal is 40MHz
MAC: 44:1b:f6:f3:ae:78
Uploading stub...
Running stub...
Stub running...
Changing baud rate to 460800
Changed.
Configuring flash size...
Flash will be erased from 0x00000000 to 0x00005fff...
Flash will be erased from 0x00008000 to 0x00008fff...
Flash will be erased from 0x00010000 to 0x00101fff...
SHA digest in image updated
Compressed 20832 bytes to 13347...
Writing at 0x00000000... (100 %)
Wrote 20832 bytes (13347 compressed) at 0x00000000 in 0.4 seconds (effective 431.6 kbit/s)...
Hash of data verified.
Compressed 3072 bytes to 119...
Writing at 0x00008000... (100 %)
Wrote 3072 bytes (119 compressed) at 0x00008000 in 0.0 seconds (effective 1523.9 kbit/s)...
Hash of data verified.
Compressed 988560 bytes to 583400...
Writing at 0x00010000... (2 %)
Writing at 0x0001d405... (5 %)
Writing at 0x00029d22... (8 %)
Writing at 0x00032a7c... (11 %)
Writing at 0x0003d819... (13 %)
Writing at 0x000447d5... (16 %)
Writing at 0x0004aa69... (19 %)
Writing at 0x00050d59... (22 %)
Writing at 0x0005a08f... (25 %)
Writing at 0x00060f25... (27 %)
Writing at 0x00067ba8... (30 %)
Writing at 0x0006d7dc... (33 %)
Writing at 0x00073058... (36 %)
Writing at 0x00078cf2... (38 %)
Writing at 0x0007eb72... (41 %)
Writing at 0x00084a01... (44 %)
Writing at 0x0008aa6b... (47 %)
Writing at 0x00090626... (50 %)
Writing at 0x00095e23... (52 %)
Writing at 0x0009ae5b... (55 %)
Writing at 0x000a0704... (58 %)
Writing at 0x000a5e91... (61 %)
Writing at 0x000ab391... (63 %)
Writing at 0x000b08b2... (66 %)
Writing at 0x000b60ec... (69 %)
Writing at 0x000bc17b... (72 %)
Writing at 0x000c1bc3... (75 %)
Writing at 0x000c79c1... (77 %)
Writing at 0x000cd2cb... (80 %)
Writing at 0x000d2af1... (83 %)
Writing at 0x000dba3b... (86 %)
Writing at 0x000e1995... (88 %)
Writing at 0x000e8734... (91 %)
Writing at 0x000f1bc8... (94 %)
Writing at 0x000f8762... (97 %)
Writing at 0x000fd85f... (100 %)
Wrote 988560 bytes (583400 compressed) at 0x00010000 in 13.4 seconds (effective 588.2 kbit/s)...
Hash of data verified.

Leaving...
Hard resetting via RTS pin...

=========================================
Flash completed successfully!
=========================================
