=========================================
Flashing RC Tank Demo - TANK Role to COM7
=========================================
Bootloader:      E:\10__AIProject\7_AI陪伴机器人\CODE\examples\rc_tank_demo\firmware_backup\bootloader_TANK.bin
Partition Table: E:\10__AIProject\7_AI陪伴机器人\CODE\examples\rc_tank_demo\firmware_backup\partition-table_TANK.bin
Application:     E:\10__AIProject\7_AI陪伴机器人\CODE\examples\rc_tank_demo\firmware_backup\rc_tank_demo_TANK.bin

Erasing flash...
esptool.py v4.12.dev2
Serial port COM7
Connecting....
Chip is ESP32-S3 (QFN56) (revision v0.2)
Features: WiFi, BLE
Crystal is 40MHz
MAC: 44:1b:f6:f3:ae:78
Uploading stub...
Running stub...
Stub running...
Erasing flash (this may take a while)...
Chip erase completed successfully in 1.2 seconds.
Hard resetting via RTS pin...

Programming flash...
esptool.py v4.12.dev2
Serial port COM7
Connecting....
Chip is ESP32-S3 (QFN56) (revision v0.2)
Features: WiFi, BLE
Crystal is 40MHz
MAC: 44:1b:f6:f3:ae:78
Uploading stub...
Running stub...
Stub running...
Changing baud rate to 460800
Changed.
Configuring flash size...
Flash will be erased from 0x00000000 to 0x00005fff...
Flash will be erased from 0x00008000 to 0x00008fff...
Flash will be erased from 0x00010000 to 0x00101fff...
SHA digest in image updated
Compressed 20832 bytes to 13348...
Writing at 0x00000000... (100 %)
Wrote 20832 bytes (13348 compressed) at 0x00000000 in 0.4 seconds (effective 430.7 kbit/s)...
Hash of data verified.
Compressed 3072 bytes to 119...
Writing at 0x00008000... (100 %)
Wrote 3072 bytes (119 compressed) at 0x00008000 in 0.0 seconds (effective 1592.2 kbit/s)...
Hash of data verified.
Compressed 988912 bytes to 583613...
Writing at 0x00010000... (2 %)
Writing at 0x0001d44a... (5 %)
Writing at 0x00029d5a... (8 %)
Writing at 0x00032ab8... (11 %)
Writing at 0x0003d877... (13 %)
Writing at 0x000447d4... (16 %)
Writing at 0x0004aa62... (19 %)
Writing at 0x00050d40... (22 %)
Writing at 0x00059f0d... (25 %)
Writing at 0x00060f49... (27 %)
Writing at 0x00067be8... (30 %)
Writing at 0x0006d812... (33 %)
Writing at 0x000730b2... (36 %)
Writing at 0x00078d1a... (38 %)
Writing at 0x0007ebbb... (41 %)
Writing at 0x00084a3e... (44 %)
Writing at 0x0008aa8a... (47 %)
Writing at 0x00090665... (50 %)
Writing at 0x00095e52... (52 %)
Writing at 0x0009aea2... (55 %)
Writing at 0x000a071f... (58 %)
Writing at 0x000a5eb0... (61 %)
Writing at 0x000ab3b0... (63 %)
Writing at 0x000b08d8... (66 %)
Writing at 0x000b60f6... (69 %)
Writing at 0x000bc185... (72 %)
Writing at 0x000c1bb5... (75 %)
Writing at 0x000c79c5... (77 %)
Writing at 0x000cd2c0... (80 %)
Writing at 0x000d2ae5... (83 %)
Writing at 0x000dba1f... (86 %)
Writing at 0x000e1934... (88 %)
Writing at 0x000e8794... (91 %)
Writing at 0x000f1bea... (94 %)
Writing at 0x000f876d... (97 %)
Writing at 0x000fd8b3... (100 %)
Wrote 988912 bytes (583613 compressed) at 0x00010000 in 13.5 seconds (effective 587.1 kbit/s)...
Hash of data verified.

Leaving...
Hard resetting via RTS pin...

=========================================
Flash completed successfully!
=========================================
