=========================================
Flashing RC Tank Demo - TANK Role to COM7
=========================================
Bootloader:      E:\10__AIProject\7_AI陪伴机器人\CODE\examples\rc_tank_demo\firmware_backup\bootloader_TANK.bin
Partition Table: E:\10__AIProject\7_AI陪伴机器人\CODE\examples\rc_tank_demo\firmware_backup\partition-table_TANK.bin
Application:     E:\10__AIProject\7_AI陪伴机器人\CODE\examples\rc_tank_demo\firmware_backup\rc_tank_demo_TANK.bin

Erasing flash...
esptool.py v4.12.dev2
Serial port COM7
Connecting....
Chip is ESP32-S3 (QFN56) (revision v0.2)
Features: WiFi, BLE
Crystal is 40MHz
MAC: 44:1b:f6:f3:ae:78
Uploading stub...
Running stub...
Stub running...
Erasing flash (this may take a while)...
Chip erase completed successfully in 1.1 seconds.
Hard resetting via RTS pin...

Programming flash...
esptool.py v4.12.dev2
Serial port COM7
Connecting....
Chip is ESP32-S3 (QFN56) (revision v0.2)
Features: WiFi, BLE
Crystal is 40MHz
MAC: 44:1b:f6:f3:ae:78
Uploading stub...
Running stub...
Stub running...
Changing baud rate to 460800
Changed.
Configuring flash size...
Flash will be erased from 0x00000000 to 0x00005fff...
Flash will be erased from 0x00008000 to 0x00008fff...
Flash will be erased from 0x00010000 to 0x00101fff...
SHA digest in image updated
Compressed 20832 bytes to 13348...
Writing at 0x00000000... (100 %)
Wrote 20832 bytes (13348 compressed) at 0x00000000 in 0.4 seconds (effective 434.9 kbit/s)...
Hash of data verified.
Compressed 3072 bytes to 119...
Writing at 0x00008000... (100 %)
Wrote 3072 bytes (119 compressed) at 0x00008000 in 0.0 seconds (effective 1612.5 kbit/s)...
Hash of data verified.
Compressed 988720 bytes to 583479...
Writing at 0x00010000... (2 %)
Writing at 0x0001d464... (5 %)
Writing at 0x00029d8a... (8 %)
Writing at 0x00032ae3... (11 %)
Writing at 0x0003d87a... (13 %)
Writing at 0x000447d9... (16 %)
Writing at 0x0004aa65... (19 %)
Writing at 0x00050d6c... (22 %)
Writing at 0x0005a007... (25 %)
Writing at 0x00060f3d... (27 %)
Writing at 0x00067bb5... (30 %)
Writing at 0x0006d7d1... (33 %)
Writing at 0x00073064... (36 %)
Writing at 0x00078ced... (38 %)
Writing at 0x0007eb6e... (41 %)
Writing at 0x000849e5... (44 %)
Writing at 0x0008aa49... (47 %)
Writing at 0x00090604... (50 %)
Writing at 0x00095e08... (52 %)
Writing at 0x0009ae42... (55 %)
Writing at 0x000a06cd... (58 %)
Writing at 0x000a5e61... (61 %)
Writing at 0x000ab373... (63 %)
Writing at 0x000b089d... (66 %)
Writing at 0x000b60da... (69 %)
Writing at 0x000bc148... (72 %)
Writing at 0x000c1bb0... (75 %)
Writing at 0x000c79af... (77 %)
Writing at 0x000cd2b1... (80 %)
Writing at 0x000d2ad6... (83 %)
Writing at 0x000dba12... (86 %)
Writing at 0x000e1965... (88 %)
Writing at 0x000e8763... (91 %)
Writing at 0x000f1beb... (94 %)
Writing at 0x000f876b... (97 %)
Writing at 0x000fd880... (100 %)
Wrote 988720 bytes (583479 compressed) at 0x00010000 in 13.3 seconds (effective 592.7 kbit/s)...
Hash of data verified.

Leaving...
Hard resetting via RTS pin...

=========================================
Flash completed successfully!
=========================================
