W (45316) rc_tank: [CAM-DIAG-C16F] WINDOW_2 start: wifi=off camera=on sensor=real vyuy=640x480
W (45316) rc_video: [CAM-DIAG-C16F] display source=real-camera capture=0; DVP unchanged
W (45321) rc_video: [CAM-DIAG-C16F] screen window marker=2 capture=0
I (45327) rc_tank: [STEP] Camera init starting...
I (45331) rc_video: Initializing camera (SP0A39 640x480 VYUY)
W (45337) rc_video: [CAM-DIAG-C16F] direct DVP init core=0; Wi-Fi task core=0; free_internal=230427 largest_internal_dma=110592
I (45348) board_camera: initializing SP0A39 camera mode=0 640x480
I (45354) camera_hal: init SP0A39 DVP 640x480 (SCCB manual mode)
I (45359) camera_hal: configuring IOEX pins for camera RESET/PWDN
I (45366) camera_hal: PWDN=HIGH (power down)
I (45380) camera_hal: PWDN=LOW (release sensor)
I (45580) camera_hal: RESET=LOW (assert reset)
I (45600) camera_hal: RESET=HIGH (release reset)
I (46600) camera_hal: full I2C scan after camera power-up (diagnostic only)...
I (46602) camera_hal:   post-powerup ACK at 0x15
I (46602) camera_hal:   post-powerup ACK at 0x18
I (46605) camera_hal:   post-powerup ACK at 0x21
I (46609) camera_hal:   post-powerup ACK at 0x22
I (46617) camera_hal:   post-powerup ACK at 0x40
I (46619) camera_hal:   post-powerup ACK at 0x51
I (46625) camera_hal:   post-powerup ACK at 0x68
I (46628) camera_hal: DVP GPIO diagnostics (checking PCLK/VSYNC/HSYNC activity)...
I (46694) camera_hal: DVP diagnostics: PCLK_changes=0 VSYNC_changes=0 HSYNC_changes=0
W (46694) camera_hal: PCLK has no transitions - MCLK likely not reaching sensor or sensor not active
I (46699) camera_hal: using sensor address 0x21
I (46704) camera_hal: SP0A39 I2C device added at 0x21
I (46710) camera_hal: SP0A39 chip ID: 0x0A39
I (46832) camera_hal: SP0A39 register init done: VYUY 640x480 (359 regs)
I (46833) camera_hal: [CAM-PROBE] SP0A39 p0_31 stage=post_table value=0x00 expected=0x01
E (46836) camera_hal: camera_hal_verify_expected_output_p0_31(92): unexpected p0_31=0x00 at post_table
W (46845) camera_hal: [CAM-PROBE] output state differs after table; continuing: ESP_ERR_INVALID_RESPONSE
I (46874) camera_hal: [CAM-PROBE] SP0A39 p0_31 stage=post_delay value=0x01 expected=0x01
I (46875) camera_hal: camera HAL initialized (sensor ready, DVP capture not yet implemented)
I (46879) board_camera: camera ready
I (46887) camera_hal: SP0A39 output regs: P0:1c=0x00 P0:30=0x01 P0:31=0x01 P1:32=0x15 P1:34=0xeb P1:35=0x00 P1:36=0x10
I (47020) rc_video:   3 DMA-capable PSRAM framebuffers allocated (600 KB each)
W (47062) rc_video: [CAM-DIAG-C16F] capture handoff uses rc_capture_pool + backup
W (47062) rc_video: [DEBUG-C151] buffers fb0=0x3c0e0ec0 fb1=0x3c177000 fb2=0x3c20d140 backup=0x3c2a3280 payload=614400 storage=614400 alloc=614656 terminal_guard=256
W (47073) rc_video: [DEBUG-C151] heap stage=framebuffers_allocated intact=1
W (47082) rc_video: [DEBUG-C151] heap stage=dvp_controller_created_before_start intact=1
W (47087) rc_video: [CAM-DIAG-C16F] direct DVP controller created; free_internal=228107 largest_internal_dma=110592
I (47098) rc_video: Camera initialized
I (47101) rc_tank: [STEP] Camera init OK
I (47107) camera_hal: [CAM-PROBE] SP0A39 p0_31 stage=dvp_started value=0x01 expected=0x01
W (47113) rc_video: [CAM-DIAG-C16F] scaled camera preview enabled (240x180 at 80,0; DVP started)
W (47121) rc_tank: [CAM-DIAG-C16F] burst-64 VYUY camera preview started while Wi-Fi is off
W (47854) rc_video: [DEBUG-C151] display frame=1 consumer=0 active=1/0x3c177000->-2/0x0 select=2->2 became_active=0 overlap=0 overlap_count=0 finish=1 last_finished=0/0x3c0e0ec0 finish_active=1 finish_collision=0 guard=1 guard_errors=0 quiesce=1 resume_before=0 resume_pending=1 lifecycle_errors=0
I (47869) rc_video: [CAM-DIAG-C16F] frame=1 window=2 sensor=real slot=0 addr=0x3c0e0ec0 gen=1->1 crc_first=eed3bef6/eed3bef6 crc_mid=5984dd68/5984dd68 crc_tail=0d968558/0d968558 stable=1 raw_full=12109850 raw_q=157128e2/ecaa6d2a/b307d1a3/0fff6a12 raw_edge=7f8cef48 raw_probe=593.8ms cache_sync=ESP_OK cache_sync_err=0 chunk_crc=e13806ac/08f36bef/841b9663 submit=3 complete=3 seq=3/3 stale=0 prepare=42.5ms draw=35.9ms
W (48685) rc_video: [DEBUG-C151] display frame=2 consumer=0 active=1/0x3c177000->-2/0x0 select=4->4 became_active=0 overlap=0 overlap_count=0 finish=2 last_finished=0/0x3c0e0ec0 finish_active=1 finish_collision=0 guard=1 guard_errors=0 quiesce=2 resume_before=1 resume_pending=1 lifecycle_errors=0
I (48701) rc_video: [CAM-DIAG-C16F] frame=2 window=2 sensor=real slot=0 addr=0x3c0e0ec0 gen=2->2 crc_first=ae8827ba/ae8827ba crc_mid=f2ad264a/f2ad264a crc_tail=473a96a1/473a96a1 stable=1 raw_full=14869d70 raw_q=dad22010/a1d99b9b/b6f85eae/fb357c71 raw_edge=ed0aed76 raw_probe=593.8ms cache_sync=ESP_OK cache_sync_err=0 chunk_crc=4ca4a413/09270df4/14501f83 submit=3 complete=3 seq=6/6 stale=0 prepare=42.6ms draw=36.3ms
W (49516) rc_video: [DEBUG-C151] display frame=3 consumer=0 active=1/0x3c177000->-2/0x0 select=6->6 became_active=0 overlap=0 overlap_count=0 finish=3 last_finished=0/0x3c0e0ec0 finish_active=1 finish_collision=0 guard=1 guard_errors=0 quiesce=3 resume_before=2 resume_pending=1 lifecycle_errors=0
I (49532) rc_video: [CAM-DIAG-C16F] frame=3 window=2 sensor=real slot=0 addr=0x3c0e0ec0 gen=3->3 crc_first=0c350017/0c350017 crc_mid=28bca237/28bca237 crc_tail=1eb31d3d/1eb31d3d stable=1 raw_full=fba1f859 raw_q=ae6a67b2/b4590ed1/77867c45/b839238b raw_edge=f2dfd752 raw_probe=593.8ms cache_sync=ESP_OK cache_sync_err=0 chunk_crc=78d76a05/da020adc/d607f19b submit=3 complete=3 seq=9/9 stale=0 prepare=42.6ms draw=36.1ms
W (50347) rc_video: [DEBUG-C151] display frame=4 consumer=0 active=1/0x3c177000->-2/0x0 select=8->8 became_active=0 overlap=0 overlap_count=0 finish=4 last_finished=0/0x3c0e0ec0 finish_active=1 finish_collision=0 guard=1 guard_errors=0 quiesce=4 resume_before=3 resume_pending=1 lifecycle_errors=0
I (50363) rc_video: [CAM-DIAG-C16F] frame=4 window=2 sensor=real slot=0 addr=0x3c0e0ec0 gen=4->4 crc_first=74ff199b/74ff199b crc_mid=dd9c2d6c/dd9c2d6c crc_tail=61299d9a/61299d9a stable=1 raw_full=bb47658f raw_q=de1c640d/0049681e/eb1a0923/2c8e589b raw_edge=929a8c8c raw_probe=593.8ms cache_sync=ESP_OK cache_sync_err=0 chunk_crc=48a34bbb/6118aa71/ec86b5d7 submit=3 complete=3 seq=12/12 stale=0 prepare=42.6ms draw=36.0ms
W (51178) rc_video: [DEBUG-C151] display frame=5 consumer=0 active=1/0x3c177000->-2/0x0 select=10->10 became_active=0 overlap=0 overlap_count=0 finish=5 last_finished=0/0x3c0e0ec0 finish_active=1 finish_collision=0 guard=1 guard_errors=0 quiesce=5 resume_before=4 resume_pending=1 lifecycle_errors=0
I (51194) rc_video: [CAM-DIAG-C16F] frame=5 window=2 sensor=real slot=0 addr=0x3c0e0ec0 gen=5->5 crc_first=42287fca/42287fca crc_mid=829ac07e/829ac07e crc_tail=4c97a9df/4c97a9df stable=1 raw_full=cf3033d9 raw_q=65bd2109/7b2d1e89/da86cf6e/ffb80d99 raw_edge=d015f75f raw_probe=593.8ms cache_sync=ESP_OK cache_sync_err=0 chunk_crc=10b3bb96/3be1a278/3197a9d7 submit=3 complete=3 seq=15/15 stale=0 prepare=42.6ms draw=35.8ms
W (54858) rc_video: [DEBUG-C151] display frame=30 consumer=0 active=1/0x3c177000->-2/0x0 select=60->60 became_active=0 overlap=0 overlap_count=0 finish=30 last_finished=0/0x3c0e0ec0 finish_active=1 finish_collision=0 guard=1 guard_errors=0 quiesce=30 resume_before=29 resume_pending=1 lifecycle_errors=0
I (54874) rc_video: [CAM-DIAG-C16F] frame=30 window=2 sensor=real slot=0 addr=0x3c0e0ec0 gen=30->30 crc_first=f3f882af/f3f882af crc_mid=411ba720/411ba720 crc_tail=464ce8b7/464ce8b7 stable=1 raw_full=466323f3 raw_q=98a43970/421aa250/5a513a96/54aa6bbd raw_edge=046b82cc raw_probe=593.8ms cache_sync=ESP_OK cache_sync_err=0 chunk_crc=f3edf3a2/45561cf9/0c5a26d9 submit=3 complete=3 seq=90/90 stale=0 prepare=42.5ms draw=35.2ms
W (59133) rc_video: [DEBUG-C151] display frame=60 consumer=0 active=1/0x3c177000->-2/0x0 select=120->120 became_active=0 overlap=0 overlap_count=0 finish=60 last_finished=0/0x3c0e0ec0 finish_active=1 finish_collision=0 guard=1 guard_errors=0 quiesce=60 resume_before=59 resume_pending=1 lifecycle_errors=0
I (59149) rc_video: [CAM-DIAG-C16F] frame=60 window=2 sensor=real slot=0 addr=0x3c0e0ec0 gen=60->60 crc_first=0b2fc3e1/0b2fc3e1 crc_mid=ed254fb5/ed254fb5 crc_tail=dcb7a56d/dcb7a56d stable=1 raw_full=0c46b2de raw_q=27845273/3add1226/406087c9/eb055c2c raw_edge=54461402 raw_probe=593.8ms cache_sync=ESP_OK cache_sync_err=0 chunk_crc=ad5c2ede/697fa736/be6ba44e submit=3 complete=3 seq=180/180 stale=0 prepare=42.5ms draw=35.5ms
W (63408) rc_video: [DEBUG-C151] display frame=90 consumer=0 active=1/0x3c177000->-2/0x0 select=180->180 became_active=0 overlap=0 overlap_count=0 finish=90 last_finished=0/0x3c0e0ec0 finish_active=1 finish_collision=0 guard=1 guard_errors=0 quiesce=90 resume_before=89 resume_pending=1 lifecycle_errors=0
I (63424) rc_video: [CAM-DIAG-C16F] frame=90 window=2 sensor=real slot=0 addr=0x3c0e0ec0 gen=90->90 crc_first=a1bfa734/a1bfa734 crc_mid=07af9dfc/07af9dfc crc_tail=3f5d6b04/3f5d6b04 stable=1 raw_full=0a76e8cd raw_q=1c156f63/7a162ee9/f8a9b937/4c6639a1 raw_edge=e022ff1e raw_probe=593.8ms cache_sync=ESP_OK cache_sync_err=0 chunk_crc=383d49d1/ce06014a/045fc58c submit=3 complete=3 seq=270/270 stale=0 prepare=42.5ms draw=36.0ms
W (67682) rc_video: [DEBUG-C151] display frame=120 consumer=0 active=1/0x3c177000->-2/0x0 select=240->240 became_active=0 overlap=0 overlap_count=0 finish=120 last_finished=0/0x3c0e0ec0 finish_active=1 finish_collision=0 guard=1 guard_errors=0 quiesce=120 resume_before=119 resume_pending=1 lifecycle_errors=0
I (67699) rc_video: [CAM-DIAG-C16F] frame=120 window=2 sensor=real slot=0 addr=0x3c0e0ec0 gen=120->120 crc_first=558e2a9a/558e2a9a crc_mid=773203eb/773203eb crc_tail=816c0a70/816c0a70 stable=1 raw_full=76c74844 raw_q=d046b001/34c39e05/194822a6/492ea6bf raw_edge=d8ff2edb raw_probe=593.8ms cache_sync=ESP_OK cache_sync_err=0 chunk_crc=0d08482e/541feb8d/d694e45a submit=3 complete=3 seq=360/360 stale=0 prepare=42.5ms draw=35.4ms
W (71957) rc_video: [DEBUG-C151] display frame=150 consumer=0 active=1/0x3c177000->-2/0x0 select=300->300 became_active=0 overlap=0 overlap_count=0 finish=150 last_finished=0/0x3c0e0ec0 finish_active=1 finish_collision=0 guard=1 guard_errors=0 quiesce=150 resume_before=149 resume_pending=1 lifecycle_errors=0
I (71974) rc_video: [CAM-DIAG-C16F] frame=150 window=2 sensor=real slot=0 addr=0x3c0e0ec0 gen=150->150 crc_first=58f4f525/58f4f525 crc_mid=ae0fc621/ae0fc621 crc_tail=d1ed7b09/d1ed7b09 stable=1 raw_full=32a98291 raw_q=2366602b/f3c250a4/327e7b7b/b51632d3 raw_edge=0957b0b9 raw_probe=593.8ms cache_sync=ESP_OK cache_sync_err=0 chunk_crc=f5689dc1/1e71bacb/d2967891 submit=3 complete=3 seq=450/450 stale=0 prepare=42.5ms draw=35.8ms
W (76231) rc_video: [DEBUG-C151] display frame=180 consumer=0 active=1/0x3c177000->-2/0x0 select=360->360 became_active=0 overlap=0 overlap_count=0 finish=180 last_finished=0/0x3c0e0ec0 finish_active=1 finish_collision=0 guard=1 guard_errors=0 quiesce=180 resume_before=179 resume_pending=1 lifecycle_errors=0
I (76248) rc_video: [CAM-DIAG-C16F] frame=180 window=2 sensor=real slot=0 addr=0x3c0e0ec0 gen=180->180 crc_first=82ce8382/82ce8382 crc_mid=2b29fe72/2b29fe72 crc_tail=3f7f9380/3f7f9380 stable=1 raw_full=b578925d raw_q=3ce37a97/b0057ca4/d6a42508/6b13b697 raw_edge=cb8b6ca8 raw_probe=593.8ms cache_sync=ESP_OK cache_sync_err=0 chunk_crc=db4d06da/33735c5d/131ae588 submit=3 complete=3 seq=540/540 stale=0 prepare=42.5ms draw=35.2ms
W (77129) rc_tank: [DEBUG-C151] heap stage=window_2_end intact=1
W (77132) camera_hal: [CAM-DIAG-C16F] SP0A39 test_pattern=on P1:32 before=0x15 write=0x95 read=0x80 expected_bit=0x80
W (77234) rc_video: [CAM-DIAG-C16F] screen window marker=3 capture=188
W (77234) rc_tank: [CAM-DIAG-C16F] WINDOW_3 start: wifi=off camera=on sensor=pattern vyuy=640x480
W (80506) rc_video: [DEBUG-C151] display frame=210 consumer=0 active=1/0x3c177000->-2/0x0 select=420->420 became_active=0 overlap=0 overlap_count=0 finish=210 last_finished=0/0x3c0e0ec0 finish_active=1 finish_collision=0 guard=1 guard_errors=0 quiesce=210 resume_before=209 resume_pending=1 lifecycle_errors=0
I (80522) rc_video: [CAM-DIAG-C16F] frame=210 window=3 sensor=pattern slot=0 addr=0x3c0e0ec0 gen=210->210 crc_first=1d27ef7c/1d27ef7c crc_mid=52b8a38d/52b8a38d crc_tail=aed88090/aed88090 stable=1 raw_full=821dd987 raw_q=cf826a1d/193c71d9/f516e5cc/8726f89b raw_edge=7203555f raw_probe=593.8ms cache_sync=ESP_OK cache_sync_err=0 chunk_crc=3c7f4330/e3abd16c/664eb94b submit=3 complete=3 seq=630/630 stale=0 prepare=42.1ms draw=35.6ms
W (84780) rc_video: [DEBUG-C151] display frame=240 consumer=0 active=1/0x3c177000->-2/0x0 select=480->480 became_active=0 overlap=0 overlap_count=0 finish=240 last_finished=0/0x3c0e0ec0 finish_active=1 finish_collision=0 guard=1 guard_errors=0 quiesce=240 resume_before=239 resume_pending=1 lifecycle_errors=0
I (84797) rc_video: [CAM-DIAG-C16F] frame=240 window=3 sensor=pattern slot=0 addr=0x3c0e0ec0 gen=240->240 crc_first=1d27ef7c/1d27ef7c crc_mid=52b8a38d/52b8a38d crc_tail=aed88090/aed88090 stable=1 raw_full=821dd987 raw_q=cf826a1d/193c71d9/f516e5cc/8726f89b raw_edge=7203555f raw_probe=593.8ms cache_sync=ESP_OK cache_sync_err=0 chunk_crc=3c7f4330/e3abd16c/664eb94b submit=3 complete=3 seq=720/720 stale=0 prepare=42.0ms draw=35.6ms
W (89055) rc_video: [DEBUG-C151] display frame=270 consumer=0 active=1/0x3c177000->-2/0x0 select=540->540 became_active=0 overlap=0 overlap_count=0 finish=270 last_finished=0/0x3c0e0ec0 finish_active=1 finish_collision=0 guard=1 guard_errors=0 quiesce=270 resume_before=269 resume_pending=1 lifecycle_errors=0
I (89071) rc_video: [CAM-DIAG-C16F] frame=270 window=3 sensor=pattern slot=0 addr=0x3c0e0ec0 gen=270->270 crc_first=1d27ef7c/1d27ef7c crc_mid=52b8a38d/52b8a38d crc_tail=aed88090/aed88090 stable=1 raw_full=821dd987 raw_q=cf826a1d/193c71d9/f516e5cc/8726f89b raw_edge=7203555f raw_probe=593.8ms cache_sync=ESP_OK cache_sync_err=0 chunk_crc=3c7f4330/e3abd16c/664eb94b submit=3 complete=3 seq=810/810 stale=0 prepare=42.1ms draw=35.4ms
W (93329) rc_video: [DEBUG-C151] display frame=300 consumer=0 active=1/0x3c177000->-2/0x0 select=600->600 became_active=0 overlap=0 overlap_count=0 finish=300 last_finished=0/0x3c0e0ec0 finish_active=1 finish_collision=0 guard=1 guard_errors=0 quiesce=300 resume_before=299 resume_pending=1 lifecycle_errors=0
I (93346) rc_video: [CAM-DIAG-C16F] frame=300 window=3 sensor=pattern slot=0 addr=0x3c0e0ec0 gen=300->300 crc_first=1d27ef7c/1d27ef7c crc_mid=52b8a38d/52b8a38d crc_tail=aed88090/aed88090 stable=1 raw_full=821dd987 raw_q=cf826a1d/193c71d9/f516e5cc/8726f89b raw_edge=7203555f raw_probe=593.8ms cache_sync=ESP_OK cache_sync_err=0 chunk_crc=3c7f4330/e3abd16c/664eb94b submit=3 complete=3 seq=900/900 stale=0 prepare=42.0ms draw=35.4ms
W (97604) rc_video: [DEBUG-C151] display frame=330 consumer=0 active=1/0x3c177000->-2/0x0 select=660->660 became_active=0 overlap=0 overlap_count=0 finish=330 last_finished=0/0x3c0e0ec0 finish_active=1 finish_collision=0 guard=1 guard_errors=0 quiesce=330 resume_before=329 resume_pending=1 lifecycle_errors=0
I (97621) rc_video: [CAM-DIAG-C16F] frame=330 window=3 sensor=pattern slot=0 addr=0x3c0e0ec0 gen=330->330 crc_first=1d27ef7c/1d27ef7c crc_mid=52b8a38d/52b8a38d crc_tail=aed88090/aed88090 stable=1 raw_full=821dd987 raw_q=cf826a1d/193c71d9/f516e5cc/8726f89b raw_edge=7203555f raw_probe=593.8ms cache_sync=ESP_OK cache_sync_err=0 chunk_crc=3c7f4330/e3abd16c/664eb94b submit=3 complete=3 seq=990/990 stale=0 prepare=42.0ms draw=35.8ms
W (101879) rc_video: [DEBUG-C151] display frame=360 consumer=0 active=1/0x3c177000->-2/0x0 select=720->720 became_active=0 overlap=0 overlap_count=0 finish=360 last_finished=0/0x3c0e0ec0 finish_active=1 finish_collision=0 guard=1 guard_errors=0 quiesce=360 resume_before=359 resume_pending=1 lifecycle_errors=0
I (101895) rc_video: [CAM-DIAG-C16F] frame=360 window=3 sensor=pattern slot=0 addr=0x3c0e0ec0 gen=360->360 crc_first=1d27ef7c/1d27ef7c crc_mid=52b8a38d/52b8a38d crc_tail=aed88090/aed88090 stable=1 raw_full=821dd987 raw_q=cf826a1d/193c71d9/f516e5cc/8726f89b raw_edge=7203555f raw_probe=593.8ms cache_sync=ESP_OK cache_sync_err=0 chunk_crc=3c7f4330/e3abd16c/664eb94b submit=3 complete=3 seq=1080/1080 stale=0 prepare=42.1ms draw=35.7ms
W (106153) rc_video: [DEBUG-C151] display frame=390 consumer=0 active=1/0x3c177000->-2/0x0 select=780->780 became_active=0 overlap=0 overlap_count=0 finish=390 last_finished=0/0x3c0e0ec0 finish_active=1 finish_collision=0 guard=1 guard_errors=0 quiesce=390 resume_before=389 resume_pending=1 lifecycle_errors=0
I (106170) rc_video: [CAM-DIAG-C16F] frame=390 window=3 sensor=pattern slot=0 addr=0x3c0e0ec0 gen=390->390 crc_first=1d27ef7c/1d27ef7c crc_mid=52b8a38d/52b8a38d crc_tail=aed88090/aed88090 stable=1 raw_full=821dd987 raw_q=cf826a1d/193c71d9/f516e5cc/8726f89b raw_edge=7203555f raw_probe=593.8ms cache_sync=ESP_OK cache_sync_err=0 chunk_crc=3c7f4330/e3abd16c/664eb94b submit=3 complete=3 seq=1170/1170 stale=0 prepare=42.0ms draw=35.7ms
W (107238) rc_tank: [DEBUG-C151] heap stage=window_3_end_before_network intact=1
I (107239) rc_tank: [STEP] Network init starting...
I (107240) rc_net: Initializing as SoftAP (Tank)
I (107245) pp: pp rom version: e7ae62f
I (107247) net80211: net80211 rom version: e7ae62f
I (107254) wifi:wifi driver task: 3fcd09d8, prio:23, stack:6656, core=0
I (107262) wifi:wifi firmware version: 0947e8b
I (107263) wifi:wifi certification version: v7.0
I (107266) wifi:config NVS flash: enabled
I (107270) wifi:config nano formatting: disabled
I (107274) wifi:Init data frame dynamic rx buffer num: 32
I (107280) wifi:Init static rx mgmt buffer num: 5
I (107284) wifi:Init management short buffer num: 32
I (107289) wifi:Init dynamic tx buffer num: 64
I (107293) wifi:Init static tx FG buffer num: 2
I (107297) wifi:Init static rx buffer size: 1600
I (107301) wifi:Init static rx buffer num: 10
I (107305) wifi:Init dynamic rx buffer num: 32
I (107311) wifi_init: rx ba win: 6
I (107313) wifi_init: accept mbox: 6
I (107316) wifi_init: tcpip mbox: 16
I (107319) wifi_init: udp mbox: 6
I (107322) wifi_init: tcp mbox: 6
I (107325) wifi_init: tcp tx win: 5760
I (107329) wifi_init: tcp rx win: 5760
I (107332) wifi_init: tcp mss: 1440
I (107335) wifi_init: WiFi IRAM OP enabled
I (107339) wifi_init: WiFi RX IRAM OP enabled
I (107344) rc_net: AP set_mode/config, SSID=RC_TANK_F3AE79 ch=1
I (107431) phy_init: phy_version 711,97bcf0a2,Aug 25 2025,19:04:10
W (107432) phy_init: failed to load RF calibration data (0x1102), falling back to full calibration
I (107470) phy_init: Saving new calibration data due to checksum failure or outdated calibration data, mode(2)
I (107480) wifi:mode : softAP (44:1b:f6:f3:ae:79)
I (107485) wifi:Total power save buffer number: 32
I (107485) wifi:Init max length of beacon: 752/752
I (107486) wifi:Init max length of beacon: 752/752
I (107489) rc_net: SoftAP started, SSID: RC_TANK_F3AE79, Password: 12345678
I (107490) esp_netif_lwip: DHCP server started on interface WIFI_AP_DEF with IP: 192.168.4.1
I (107503) rc_tank: [STEP] Network init OK
I (107506) rc_tank: Tank SoftAP ready, waiting for remote...
W (107512) rc_video: [CAM-DIAG-C16F] screen window marker=4 capture=400
W (107518) rc_tank: [CAM-DIAG-C16F] WINDOW_4 start: wifi=on camera=on sensor=pattern vyuy=640x480
W (110588) rc_video: [DEBUG-C151] display frame=420 consumer=0 active=1/0x3c177000->-2/0x0 select=840->840 became_active=0 overlap=0 overlap_count=0 finish=420 last_finished=0/0x3c0e0ec0 finish_active=1 finish_collision=0 guard=1 guard_errors=0 quiesce=420 resume_before=419 resume_pending=1 lifecycle_errors=0
I (110605) rc_video: [CAM-DIAG-C16F] frame=420 window=4 sensor=pattern slot=0 addr=0x3c0e0ec0 gen=420->420 crc_first=1d27ef7c/1d27ef7c crc_mid=9c6935c0/9c6935c0 crc_tail=aed88090/aed88090 stable=1 raw_full=3bf5ca46 raw_q=82224cbc/1a9df751/ec65bd21/4aa8c46b raw_edge=a3830588 raw_probe=594.5ms cache_sync=ESP_OK cache_sync_err=0 chunk_crc=0ea6ea94/0ec970e4/c4c6fa69 submit=3 complete=3 seq=1260/1260 stale=0 prepare=42.4ms draw=36.1ms
W (114942) rc_video: [DEBUG-C151] display frame=450 consumer=0 active=1/0x3c177000->-2/0x0 select=900->900 became_active=0 overlap=0 overlap_count=0 finish=450 last_finished=0/0x3c0e0ec0 finish_active=1 finish_collision=0 guard=1 guard_errors=0 quiesce=450 resume_before=449 resume_pending=1 lifecycle_errors=0
I (114959) rc_video: [CAM-DIAG-C16F] frame=450 window=4 sensor=pattern slot=0 addr=0x3c0e0ec0 gen=450->450 crc_first=1d27ef7c/1d27ef7c crc_mid=9c6935c0/9c6935c0 crc_tail=aed88090/aed88090 stable=1 raw_full=63623972 raw_q=cf826a1d/d9603bfe/9525a1c7/012d2ccd raw_edge=1f022c32 raw_probe=594.0ms cache_sync=ESP_OK cache_sync_err=0 chunk_crc=3c7f4330/c4f3adb1/5a61a20f submit=3 complete=3 seq=1350/1350 stale=0 prepare=42.6ms draw=36.6ms
W (119335) rc_video: [DEBUG-C151] display frame=480 consumer=0 active=1/0x3c177000->-2/0x0 select=960->960 became_active=0 overlap=0 overlap_count=0 finish=480 last_finished=0/0x3c0e0ec0 finish_active=1 finish_collision=0 guard=1 guard_errors=0 quiesce=480 resume_before=479 resume_pending=1 lifecycle_errors=0
I (119352) rc_video: [CAM-DIAG-C16F] frame=480 window=4 sensor=pattern slot=0 addr=0x3c0e0ec0 gen=480->480 crc_first=1d27ef7c/1d27ef7c crc_mid=52b8a38d/52b8a38d crc_tail=aed88090/aed88090 stable=1 raw_full=821dd987 raw_q=cf826a1d/193c71d9/f516e5cc/8726f89b raw_edge=7203555f raw_probe=594.9ms cache_sync=ESP_OK cache_sync_err=0 chunk_crc=3c7f4330/e3abd16c/664eb94b submit=3 complete=3 seq=1440/1440 stale=0 prepare=42.7ms draw=35.6ms
W (123649) rc_video: [DEBUG-C151] display frame=510 consumer=0 active=1/0x3c177000->-2/0x0 select=1020->1020 became_active=0 overlap=0 overlap_count=0 finish=510 last_finished=0/0x3c0e0ec0 finish_active=1 finish_collision=0 guard=1 guard_errors=0 quiesce=510 resume_before=509 resume_pending=1 lifecycle_errors=0
I (123666) rc_video: [CAM-DIAG-C16F] frame=510 window=4 sensor=pattern slot=0 addr=0x3c0e0ec0 gen=510->510 crc_first=1d27ef7c/1d27ef7c crc_mid=52b8a38d/52b8a38d crc_tail=aed88090/aed88090 stable=1 raw_full=821dd987 raw_q=cf826a1d/193c71d9/f516e5cc/8726f89b raw_edge=7203555f raw_probe=595.6ms cache_sync=ESP_OK cache_sync_err=0 chunk_crc=3c7f4330/e3abd16c/664eb94b submit=3 complete=3 seq=1530/1530 stale=0 prepare=42.1ms draw=35.6ms
W (128161) rc_video: [DEBUG-C151] display frame=540 consumer=0 active=1/0x3c177000->-2/0x0 select=1080->1080 became_active=0 overlap=0 overlap_count=0 finish=540 last_finished=0/0x3c0e0ec0 finish_active=1 finish_collision=0 guard=1 guard_errors=0 quiesce=540 resume_before=539 resume_pending=1 lifecycle_errors=0
I (128178) rc_video: [CAM-DIAG-C16F] frame=540 window=4 sensor=pattern slot=0 addr=0x3c0e0ec0 gen=540->540 crc_first=1d27ef7c/1d27ef7c crc_mid=52b8a38d/52b8a38d crc_tail=aed88090/aed88090 stable=1 raw_full=821dd987 raw_q=cf826a1d/193c71d9/f516e5cc/8726f89b raw_edge=7203555f raw_probe=595.0ms cache_sync=ESP_OK cache_sync_err=0 chunk_crc=3c7f4330/e3abd16c/664eb94b submit=3 complete=3 seq=1620/1620 stale=0 prepare=42.1ms draw=35.6ms
W (132516) rc_video: [DEBUG-C151] display frame=570 consumer=0 active=1/0x3c177000->-2/0x0 select=1140->1140 became_active=0 overlap=0 overlap_count=0 finish=570 last_finished=0/0x3c0e0ec0 finish_active=1 finish_collision=0 guard=1 guard_errors=0 quiesce=570 resume_before=569 resume_pending=1 lifecycle_errors=0
I (132533) rc_video: [CAM-DIAG-C16F] frame=570 window=4 sensor=pattern slot=0 addr=0x3c0e0ec0 gen=570->570 crc_first=1d27ef7c/1d27ef7c crc_mid=52b8a38d/52b8a38d crc_tail=aed88090/aed88090 stable=1 raw_full=821dd987 raw_q=cf826a1d/193c71d9/f516e5cc/8726f89b raw_edge=7203555f raw_probe=595.2ms cache_sync=ESP_OK cache_sync_err=0 chunk_crc=3c7f4330/e3abd16c/664eb94b submit=3 complete=3 seq=1710/1710 stale=0 prepare=42.6ms draw=36.2ms
W (136870) rc_video: [DEBUG-C151] display frame=600 consumer=0 active=1/0x3c177000->-2/0x0 select=1200->1200 became_active=0 overlap=0 overlap_count=0 finish=600 last_finished=0/0x3c0e0ec0 finish_active=1 finish_collision=0 guard=1 guard_errors=0 quiesce=600 resume_before=599 resume_pending=1 lifecycle_errors=0
I (136887) rc_video: [CAM-DIAG-C16F] frame=600 window=4 sensor=pattern slot=0 addr=0x3c0e0ec0 gen=600->600 crc_first=1d27ef7c/1d27ef7c crc_mid=52b8a38d/52b8a38d crc_tail=aed88090/aed88090 stable=1 raw_full=821dd987 raw_q=cf826a1d/193c71d9/f516e5cc/8726f89b raw_edge=7203555f raw_probe=595.9ms cache_sync=ESP_OK cache_sync_err=0 chunk_crc=3c7f4330/e3abd16c/664eb94b submit=3 complete=3 seq=1800/1800 stale=0 prepare=42.1ms draw=36.1ms
W (137529) camera_hal: [CAM-DIAG-C16F] SP0A39 test_pattern=off P1:32 before=0x80 write=0x00 read=0x15 expected_bit=0x00
W (137630) rc_video: [CAM-DIAG-C16F] screen window marker=5 capture=606
W (137630) rc_tank: [CAM-DIAG-C16F] WINDOW_5 start: wifi=on camera=on sensor=real vyuy=640x480; DVP unchanged
W (141380) rc_video: [DEBUG-C151] display frame=630 consumer=0 active=1/0x3c177000->-2/0x0 select=1260->1260 became_active=0 overlap=0 overlap_count=0 finish=630 last_finished=0/0x3c0e0ec0 finish_active=1 finish_collision=0 guard=1 guard_errors=0 quiesce=630 resume_before=629 resume_pending=1 lifecycle_errors=0
I (141397) rc_video: [CAM-DIAG-C16F] frame=630 window=5 sensor=real slot=0 addr=0x3c0e0ec0 gen=630->630 crc_first=4508022c/4508022c crc_mid=9ac0b070/9ac0b070 crc_tail=5d96d5ad/5d96d5ad stable=1 raw_full=c2e5fc66 raw_q=fa38bbb0/fe43b7bc/bff27f8a/63281669 raw_edge=8785572a raw_probe=593.4ms cache_sync=ESP_OK cache_sync_err=0 chunk_crc=76e2975e/d34d2f13/21c7c1a0 submit=3 complete=3 seq=1890/1890 stale=0 prepare=42.6ms draw=36.7ms
W (145735) rc_video: [DEBUG-C151] display frame=660 consumer=0 active=1/0x3c177000->-2/0x0 select=1320->1320 became_active=0 overlap=0 overlap_count=0 finish=660 last_finished=0/0x3c0e0ec0 finish_active=1 finish_collision=0 guard=1 guard_errors=0 quiesce=660 resume_before=659 resume_pending=1 lifecycle_errors=0
I (145752) rc_video: [CAM-DIAG-C16F] frame=660 window=5 sensor=real slot=0 addr=0x3c0e0ec0 gen=660->660 crc_first=8b729b16/8b729b16 crc_mid=770cf04f/770cf04f crc_tail=fe43c5f2/fe43c5f2 stable=1 raw_full=9c534a3e raw_q=4660b136/5d3935a3/92d00cb7/771f7e2d raw_edge=d6b16ed4 raw_probe=594.9ms cache_sync=ESP_OK cache_sync_err=0 chunk_crc=b30130aa/42f1e10a/90b1a775 submit=3 complete=3 seq=1980/1980 stale=0 prepare=42.6ms draw=36.5ms
W (150365) rc_video: [DEBUG-C151] display frame=690 consumer=0 active=1/0x3c177000->-2/0x0 select=1380->1380 became_active=0 overlap=0 overlap_count=0 finish=690 last_finished=0/0x3c0e0ec0 finish_active=1 finish_collision=0 guard=1 guard_errors=0 quiesce=690 resume_before=689 resume_pending=1 lifecycle_errors=0
I (150382) rc_video: [CAM-DIAG-C16F] frame=690 window=5 sensor=real slot=0 addr=0x3c0e0ec0 gen=690->690 crc_first=1a6dc900/1a6dc900 crc_mid=61d2dd07/61d2dd07 crc_tail=abc07b64/abc07b64 stable=1 raw_full=b95ef1f4 raw_q=710d77f5/516407fe/81f15131/269ce55a raw_edge=6709c8bc raw_probe=593.4ms cache_sync=ESP_OK cache_sync_err=0 chunk_crc=e8b36947/fe6c9aaa/4246d858 submit=3 complete=3 seq=2070/2070 stale=0 prepare=43.5ms draw=36.3ms
W (155036) rc_video: [DEBUG-C151] display frame=720 consumer=0 active=1/0x3c177000->-2/0x0 select=1440->1440 became_active=0 overlap=0 overlap_count=0 finish=720 last_finished=0/0x3c0e0ec0 finish_active=1 finish_collision=0 guard=1 guard_errors=0 quiesce=720 resume_before=719 resume_pending=1 lifecycle_errors=0
I (155053) rc_video: [CAM-DIAG-C16F] frame=720 window=5 sensor=real slot=0 addr=0x3c0e0ec0 gen=720->720 crc_first=a6fb721c/a6fb721c crc_mid=31ca9890/31ca9890 crc_tail=292548e6/292548e6 stable=1 raw_full=091cc943 raw_q=a61dcbec/42ce76d5/0f697746/dfef73fe raw_edge=e9cac7c9 raw_probe=594.3ms cache_sync=ESP_OK cache_sync_err=0 chunk_crc=9d33b3bd/2dd22df2/db0951e8 submit=3 complete=3 seq=2160/2160 stale=0 prepare=42.7ms draw=36.3ms
W (159549) rc_video: [DEBUG-C151] display frame=750 consumer=0 active=1/0x3c177000->-2/0x0 select=1500->1500 became_active=0 overlap=0 overlap_count=0 finish=750 last_finished=0/0x3c0e0ec0 finish_active=1 finish_collision=0 guard=1 guard_errors=0 quiesce=750 resume_before=749 resume_pending=1 lifecycle_errors=0
I (159566) rc_video: [CAM-DIAG-C16F] frame=750 window=5 sensor=real slot=0 addr=0x3c0e0ec0 gen=750->750 crc_first=f365b7d7/f365b7d7 crc_mid=998d0610/998d0610 crc_tail=6ea265db/6ea265db stable=1 raw_full=6b39532c raw_q=fbc78486/6fe3b208/bd4ff54a/dd3cbe38 raw_edge=a7001e1c raw_probe=595.2ms cache_sync=ESP_OK cache_sync_err=0 chunk_crc=cb95fce9/6378583d/115e0dda submit=3 complete=3 seq=2250/2250 stale=0 prepare=43.0ms draw=36.1ms
W (164140) rc_video: [DEBUG-C151] display frame=780 consumer=0 active=1/0x3c177000->-2/0x0 select=1560->1560 became_active=0 overlap=0 overlap_count=0 finish=780 last_finished=0/0x3c0e0ec0 finish_active=1 finish_collision=0 guard=1 guard_errors=0 quiesce=780 resume_before=779 resume_pending=1 lifecycle_errors=0
I (164157) rc_video: [CAM-DIAG-C16F] frame=780 window=5 sensor=real slot=0 addr=0x3c0e0ec0 gen=780->780 crc_first=e38f4d86/e38f4d86 crc_mid=663134af/663134af crc_tail=b25e65f1/b25e65f1 stable=1 raw_full=abb41463 raw_q=d7088461/4d3623ef/d2fb37c2/4c381440 raw_edge=12d9b3c7 raw_probe=595.3ms cache_sync=ESP_OK cache_sync_err=0 chunk_crc=1cf25285/787dbf7a/59b39708 submit=3 complete=3 seq=2340/2340 stale=0 prepare=42.6ms draw=36.1ms
I (167637) wifi:flush txq
I (167638) wifi:stop sw txq
I (167639) wifi:lmac stop hw txq
W (167643) camera_hal: [CAM-DIAG-C16F] SP0A39 test_pattern=on P1:32 before=0x00 write=0x80 read=0x80 expected_bit=0x80
W (167745) rc_video: [CAM-DIAG-C16F] screen window marker=6 capture=808
W (167745) rc_tank: [CAM-DIAG-C16F] WINDOW_6 start: wifi=off camera=on sensor=pattern vyuy=640x480; DVP unchanged
W (168610) rc_video: [DEBUG-C151] display frame=810 consumer=0 active=1/0x3c177000->-2/0x0 select=1620->1620 became_active=0 overlap=0 overlap_count=0 finish=810 last_finished=0/0x3c0e0ec0 finish_active=1 finish_collision=0 guard=1 guard_errors=0 quiesce=810 resume_before=809 resume_pending=1 lifecycle_errors=0
I (168627) rc_video: [CAM-DIAG-C16F] frame=810 window=6 sensor=pattern slot=0 addr=0x3c0e0ec0 gen=810->810 crc_first=0312ae3c/0312ae3c crc_mid=52b8a38d/52b8a38d crc_tail=c2d3e555/c2d3e555 stable=1 raw_full=19bd5486 raw_q=b9be77f7/eff9193b/2129f031/a3354e62 raw_edge=b209a8ac raw_probe=594.2ms cache_sync=ESP_OK cache_sync_err=0 chunk_crc=d71a854d/335dd534/664eb94b submit=3 complete=3 seq=2430/2430 stale=0 prepare=42.1ms draw=35.5ms
W (172884) rc_video: [DEBUG-C151] display frame=840 consumer=0 active=1/0x3c177000->-2/0x0 select=1680->1680 became_active=0 overlap=0 overlap_count=0 finish=840 last_finished=0/0x3c0e0ec0 finish_active=1 finish_collision=0 guard=1 guard_errors=0 quiesce=840 resume_before=839 resume_pending=1 lifecycle_errors=0
I (172901) rc_video: [CAM-DIAG-C16F] frame=840 window=6 sensor=pattern slot=0 addr=0x3c0e0ec0 gen=840->840 crc_first=0312ae3c/0312ae3c crc_mid=52b8a38d/52b8a38d crc_tail=c2d3e555/c2d3e555 stable=1 raw_full=19bd5486 raw_q=b9be77f7/eff9193b/2129f031/a3354e62 raw_edge=b209a8ac raw_probe=593.9ms cache_sync=ESP_OK cache_sync_err=0 chunk_crc=d71a854d/335dd534/664eb94b submit=3 complete=3 seq=2520/2520 stale=0 prepare=42.0ms draw=35.7ms
W (177159) rc_video: [DEBUG-C151] display frame=870 consumer=0 active=1/0x3c177000->-2/0x0 select=1740->1740 became_active=0 overlap=0 overlap_count=0 finish=870 last_finished=0/0x3c0e0ec0 finish_active=1 finish_collision=0 guard=1 guard_errors=0 quiesce=870 resume_before=869 resume_pending=1 lifecycle_errors=0
I (177176) rc_video: [CAM-DIAG-C16F] frame=870 window=6 sensor=pattern slot=0 addr=0x3c0e0ec0 gen=870->870 crc_first=0312ae3c/0312ae3c crc_mid=52b8a38d/52b8a38d crc_tail=c2d3e555/c2d3e555 stable=1 raw_full=19bd5486 raw_q=b9be77f7/eff9193b/2129f031/a3354e62 raw_edge=b209a8ac raw_probe=593.8ms cache_sync=ESP_OK cache_sync_err=0 chunk_crc=d71a854d/335dd534/664eb94b submit=3 complete=3 seq=2610/2610 stale=0 prepare=42.1ms draw=35.7ms
W (181433) rc_video: [DEBUG-C151] display frame=900 consumer=0 active=1/0x3c177000->-2/0x0 select=1800->1800 became_active=0 overlap=0 overlap_count=0 finish=900 last_finished=0/0x3c0e0ec0 finish_active=1 finish_collision=0 guard=1 guard_errors=0 quiesce=900 resume_before=899 resume_pending=1 lifecycle_errors=0
I (181450) rc_video: [CAM-DIAG-C16F] frame=900 window=6 sensor=pattern slot=0 addr=0x3c0e0ec0 gen=900->900 crc_first=0312ae3c/0312ae3c crc_mid=52b8a38d/52b8a38d crc_tail=c2d3e555/c2d3e555 stable=1 raw_full=19bd5486 raw_q=b9be77f7/eff9193b/2129f031/a3354e62 raw_edge=b209a8ac raw_probe=593.9ms cache_sync=ESP_OK cache_sync_err=0 chunk_crc=d71a854d/335dd534/664eb94b submit=3 complete=3 seq=2700/2700 stale=0 prepare=42.0ms draw=35.6ms
W (185708) rc_video: [DEBUG-C151] display frame=930 consumer=0 active=1/0x3c177000->-2/0x0 select=1860->1860 became_active=0 overlap=0 overlap_count=0 finish=930 last_finished=0/0x3c0e0ec0 finish_active=1 finish_collision=0 guard=1 guard_errors=0 quiesce=930 resume_before=929 resume_pending=1 lifecycle_errors=0
I (185725) rc_video: [CAM-DIAG-C16F] frame=930 window=6 sensor=pattern slot=0 addr=0x3c0e0ec0 gen=930->930 crc_first=0312ae3c/0312ae3c crc_mid=52b8a38d/52b8a38d crc_tail=c2d3e555/c2d3e555 stable=1 raw_full=19bd5486 raw_q=b9be77f7/eff9193b/2129f031/a3354e62 raw_edge=b209a8ac raw_probe=593.9ms cache_sync=ESP_OK cache_sync_err=0 chunk_crc=d71a854d/335dd534/664eb94b submit=3 complete=3 seq=2790/2790 stale=0 prepare=42.1ms draw=35.4ms
W (189982) rc_video: [DEBUG-C151] display frame=960 consumer=0 active=1/0x3c177000->-2/0x0 select=1920->1920 became_active=0 overlap=0 overlap_count=0 finish=960 last_finished=0/0x3c0e0ec0 finish_active=1 finish_collision=0 guard=1 guard_errors=0 quiesce=960 resume_before=959 resume_pending=1 lifecycle_errors=0
I (189999) rc_video: [CAM-DIAG-C16F] frame=960 window=6 sensor=pattern slot=0 addr=0x3c0e0ec0 gen=960->960 crc_first=0312ae3c/0312ae3c crc_mid=9c6935c0/9c6935c0 crc_tail=e0a77927/e0a77927 stable=1 raw_full=43206503 raw_q=597dd72a/f5672099/eabfd3d7/0138972b raw_edge=6d2a32e7 raw_probe=593.8ms cache_sync=ESP_OK cache_sync_err=0 chunk_crc=7f8bf045/ff8116a5/dbc60a7b submit=3 complete=3 seq=2880/2880 stale=0 prepare=42.1ms draw=35.5ms
W (194257) rc_video: [DEBUG-C151] display frame=990 consumer=0 active=1/0x3c177000->-2/0x0 select=1980->1980 became_active=0 overlap=0 overlap_count=0 finish=990 last_finished=0/0x3c0e0ec0 finish_active=1 finish_collision=0 guard=1 guard_errors=0 quiesce=990 resume_before=989 resume_pending=1 lifecycle_errors=0
I (194274) rc_video: [CAM-DIAG-C16F] frame=990 window=6 sensor=pattern slot=0 addr=0x3c0e0ec0 gen=990->990 crc_first=0312ae3c/0312ae3c crc_mid=52b8a38d/52b8a38d crc_tail=c2d3e555/c2d3e555 stable=1 raw_full=19bd5486 raw_q=b9be77f7/eff9193b/2129f031/a3354e62 raw_edge=b209a8ac raw_probe=593.8ms cache_sync=ESP_OK cache_sync_err=0 chunk_crc=d71a854d/335dd534/664eb94b submit=3 complete=3 seq=2970/2970 stale=0 prepare=42.1ms draw=35.8ms
W (197752) camera_hal: [CAM-DIAG-C16F] SP0A39 test_pattern=off P1:32 before=0x80 write=0x00 read=0x00 expected_bit=0x00
W (197853) rc_video: [CAM-DIAG-C16F] screen window marker=7 capture=1020
W (197853) rc_tank: [CAM-DIAG-C16F] WINDOW_7 start: wifi=off camera=on sensor=real vyuy=640x480 hold; DVP unchanged
W (197858) rc_tank: [CAM-DIAG-C16F] DVP cache-safe VYUY sequence complete; hold WINDOW_7
I (197866) rc_tank: Tank running (video + control; audio disabled)
I (197872) rc_tank: app_main done, idle loop
W (198538) rc_video: [DEBUG-C151] display frame=1020 consumer=0 active=1/0x3c177000->-2/0x0 select=2040->2040 became_active=0 overlap=0 overlap_count=0 finish=1020 last_finished=0/0x3c0e0ec0 finish_active=1 finish_collision=0 guard=1 guard_errors=0 quiesce=1020 resume_before=1019 resume_pending=1 lifecycle_errors=0
I (198555) rc_video: [CAM-DIAG-C16F] frame=1020 window=6 sensor=pattern slot=0 addr=0x3c0e0ec0 gen=1020->1020 crc_first=d6fb0226/d6fb0226 crc_mid=2f6b4dbe/2f6b4dbe crc_tail=cec84e0c/cec84e0c stable=1 raw_full=4658a23a raw_q=eeb73185/81b105ab/41f656c1/3b2fdf74 raw_edge=f5c858dd raw_probe=600.0ms cache_sync=ESP_OK cache_sync_err=0 chunk_crc=148d5065/5f6cea29/5b912d41 submit=3 complete=3 seq=3060/3060 stale=0 prepare=42.5ms draw=35.5ms
W (202806) rc_video: [DEBUG-C151] display frame=1050 consumer=0 active=1/0x3c177000->-2/0x0 select=2100->2100 became_active=0 overlap=0 overlap_count=0 finish=1050 last_finished=0/0x3c0e0ec0 finish_active=1 finish_collision=0 guard=1 guard_errors=0 quiesce=1050 resume_before=1049 resume_pending=1 lifecycle_errors=0
I (202823) rc_video: [CAM-DIAG-C16F] frame=1050 window=7 sensor=real slot=0 addr=0x3c0e0ec0 gen=1050->1050 crc_first=9c1fb4d7/9c1fb4d7 crc_mid=03af83f4/03af83f4 crc_tail=0af51cbf/0af51cbf stable=1 raw_full=cc583999 raw_q=3cf46d46/52c12dcb/0cdcbcdc/88180071 raw_edge=5e213127 raw_probe=593.9ms cache_sync=ESP_OK cache_sync_err=0 chunk_crc=48070d6a/957489ce/80c275d6 submit=3 complete=3 seq=3150/3150 stale=0 prepare=42.5ms draw=35.2ms
W (207081) rc_video: [DEBUG-C151] display frame=1080 consumer=0 active=1/0x3c177000->-2/0x0 select=2160->2160 became_active=0 overlap=0 overlap_count=0 finish=1080 last_finished=0/0x3c0e0ec0 finish_active=1 finish_collision=0 guard=1 guard_errors=0 quiesce=1080 resume_before=1079 resume_pending=1 lifecycle_errors=0
I (207098) rc_video: [CAM-DIAG-C16F] frame=1080 window=7 sensor=real slot=0 addr=0x3c0e0ec0 gen=1080->1080 crc_first=bda2b047/bda2b047 crc_mid=ddb7c4fc/ddb7c4fc crc_tail=d36bb73d/d36bb73d stable=1 raw_full=5c71c47e raw_q=e20aa950/60cea0c5/3e10811f/7fa504e2 raw_edge=d410ac5a raw_probe=593.8ms cache_sync=ESP_OK cache_sync_err=0 chunk_crc=4c529c0a/12ad7412/92ff50bf submit=3 complete=3 seq=3240/3240 stale=0 prepare=42.5ms draw=35.7ms
W (211355) rc_video: [DEBUG-C151] display frame=1110 consumer=0 active=1/0x3c177000->-2/0x0 select=2220->2220 became_active=0 overlap=0 overlap_count=0 finish=1110 last_finished=0/0x3c0e0ec0 finish_active=1 finish_collision=0 guard=1 guard_errors=0 quiesce=1110 resume_before=1109 resume_pending=1 lifecycle_errors=0
I (211373) rc_video: [CAM-DIAG-C16F] frame=1110 window=7 sensor=real slot=0 addr=0x3c0e0ec0 gen=1110->1110 crc_first=ab37d167/ab37d167 crc_mid=b047814a/b047814a crc_tail=741e0653/741e0653 stable=1 raw_full=d0f491ae raw_q=d6fc2d4a/102d232a/25ee1cce/deeb5a23 raw_edge=a2f30914 raw_probe=593.8ms cache_sync=ESP_OK cache_sync_err=0 chunk_crc=817b1041/8674cd42/013ce8cd submit=3 complete=3 seq=3330/3330 stale=0 prepare=42.6ms draw=35.1ms
W (215630) rc_video: [DEBUG-C151] display frame=1140 consumer=0 active=1/0x3c177000->-2/0x0 select=2280->2280 became_active=0 overlap=0 overlap_count=0 finish=1140 last_finished=0/0x3c0e0ec0 finish_active=1 finish_collision=0 guard=1 guard_errors=0 quiesce=1140 resume_before=1139 resume_pending=1 lifecycle_errors=0
I (215647) rc_video: [CAM-DIAG-C16F] frame=1140 window=7 sensor=real slot=0 addr=0x3c0e0ec0 gen=1140->1140 crc_first=ac9a9558/ac9a9558 crc_mid=62887386/62887386 crc_tail=1afc50db/1afc50db stable=1 raw_full=ab6fa47e raw_q=dcc98413/42ab4f45/baafdf2d/5d51cb94 raw_edge=a2f306e6 raw_probe=593.9ms cache_sync=ESP_OK cache_sync_err=0 chunk_crc=a215ea82/b5e149e0/7029dc58 submit=3 complete=3 seq=3420/3420 stale=0 prepare=42.5ms draw=35.5ms
W (219905) rc_video: [DEBUG-C151] display frame=1170 consumer=0 active=1/0x3c177000->-2/0x0 select=2340->2340 became_active=0 overlap=0 overlap_count=0 finish=1170 last_finished=0/0x3c0e0ec0 finish_active=1 finish_collision=0 guard=1 guard_errors=0 quiesce=1170 resume_before=1169 resume_pending=1 lifecycle_errors=0
I (219923) rc_video: [CAM-DIAG-C16F] frame=1170 window=7 sensor=real slot=0 addr=0x3c0e0ec0 gen=1170->1170 crc_first=c3c41700/c3c41700 crc_mid=3c893891/3c893891 crc_tail=8658f472/8658f472 stable=1 raw_full=56bedb94 raw_q=78febf3d/ccd27e10/aae205d0/6067fb8f raw_edge=89ce0003 raw_probe=593.9ms cache_sync=ESP_OK cache_sync_err=0 chunk_crc=d815a634/20e43b9d/357d462b submit=3 complete=3 seq=3510/3510 stale=0 prepare=42.5ms draw=35.9ms
W (224179) rc_video: [DEBUG-C151] display frame=1200 consumer=0 active=1/0x3c177000->-2/0x0 select=2400->2400 became_active=0 overlap=0 overlap_count=0 finish=1200 last_finished=0/0x3c0e0ec0 finish_active=1 finish_collision=0 guard=1 guard_errors=0 quiesce=1200 resume_before=1199 resume_pending=1 lifecycle_errors=0
I (224196) rc_video: [CAM-DIAG-C16F] frame=1200 window=7 sensor=real slot=0 addr=0x3c0e0ec0 gen=1200->1200 crc_first=b6284073/b6284073 crc_mid=82b595ae/82b595ae crc_tail=76a91820/76a91820 stable=1 raw_full=0b87bf78 raw_q=90a276a4/e02d95c5/2b55b3ff/f8953de6 raw_edge=c4ab37a2 raw_probe=593.8ms cache_sync=ESP_OK cache_sync_err=0 chunk_crc=871aad67/900c6b6c/7e4629c6 submit=3 complete=3 seq=3600/3600 stale=0 prepare=42.5ms draw=35.5ms
W (228454) rc_video: [DEBUG-C151] display frame=1230 consumer=0 active=1/0x3c177000->-2/0x0 select=2460->2460 became_active=0 overlap=0 overlap_count=0 finish=1230 last_finished=0/0x3c0e0ec0 finish_active=1 finish_collision=0 guard=1 guard_errors=0 quiesce=1230 resume_before=1229 resume_pending=1 lifecycle_errors=0
I (228472) rc_video: [CAM-DIAG-C16F] frame=1230 window=7 sensor=real slot=0 addr=0x3c0e0ec0 gen=1230->1230 crc_first=819129f5/819129f5 crc_mid=bdd7c8d6/bdd7c8d6 crc_tail=b7df3207/b7df3207 stable=1 raw_full=f6e68979 raw_q=7e2bad34/e777794e/8b237a26/62034cff raw_edge=d7726e2e raw_probe=593.9ms cache_sync=ESP_OK cache_sync_err=0 chunk_crc=49effc75/e9b23bc4/5d4d689f submit=3 complete=3 seq=3690/3690 stale=0 prepare=42.5ms draw=35.7ms
W (232728) rc_video: [DEBUG-C151] display frame=1260 consumer=0 active=1/0x3c177000->-2/0x0 select=2520->2520 became_active=0 overlap=0 overlap_count=0 finish=1260 last_finished=0/0x3c0e0ec0 finish_active=1 finish_collision=0 guard=1 guard_errors=0 quiesce=1260 resume_before=1259 resume_pending=1 lifecycle_errors=0
I (232745) rc_video: [CAM-DIAG-C16F] frame=1260 window=7 sensor=real slot=0 addr=0x3c0e0ec0 gen=1260->1260 crc_first=97ac4a61/97ac4a61 crc_mid=ed1f5320/ed1f5320 crc_tail=022c4327/022c4327 stable=1 raw_full=433805bd raw_q=b0981025/befe88dd/ad02b00d/73a04c5e raw_edge=982c27c9 raw_probe=593.9ms cache_sync=ESP_OK cache_sync_err=0 chunk_crc=f4933e1f/aa1b521e/018405ec submit=3 complete=3 seq=3780/3780 stale=0 prepare=42.5ms draw=35.2ms
W (237003) rc_video: [DEBUG-C151] display frame=1290 consumer=0 active=1/0x3c177000->-2/0x0 select=2580->2580 became_active=0 overlap=0 overlap_count=0 finish=1290 last_finished=0/0x3c0e0ec0 finish_active=1 finish_collision=0 guard=1 guard_errors=0 quiesce=1290 resume_before=1289 resume_pending=1 lifecycle_errors=0
I (237020) rc_video: [CAM-DIAG-C16F] frame=1290 window=7 sensor=real slot=0 addr=0x3c0e0ec0 gen=1290->1290 crc_first=fe20a7e9/fe20a7e9 crc_mid=70c5dbd7/70c5dbd7 crc_tail=74a22e6a/74a22e6a stable=1 raw_full=b61c87f4 raw_q=23b78491/778e4f17/8a3e0168/b371c0c5 raw_edge=c274447d raw_probe=593.8ms cache_sync=ESP_OK cache_sync_err=0 chunk_crc=c64a692f/258daa46/e76d6eff submit=3 complete=3 seq=3870/3870 stale=0 prepare=42.5ms draw=35.7ms
W (241277) rc_video: [DEBUG-C151] display frame=1320 consumer=0 active=1/0x3c177000->-2/0x0 select=2640->2640 became_active=0 overlap=0 overlap_count=0 finish=1320 last_finished=0/0x3c0e0ec0 finish_active=1 finish_collision=0 guard=1 guard_errors=0 quiesce=1320 resume_before=1319 resume_pending=1 lifecycle_errors=0
I (241294) rc_video: [CAM-DIAG-C16F] frame=1320 window=7 sensor=real slot=0 addr=0x3c0e0ec0 gen=1320->1320 crc_first=20a2158b/20a2158b crc_mid=e95fc76d/e95fc76d crc_tail=c54e7088/c54e7088 stable=1 raw_full=6a487bf4 raw_q=743b0acd/d3fdd65e/fb30e553/579b3c82 raw_edge=065114d2 raw_probe=593.8ms cache_sync=ESP_OK cache_sync_err=0 chunk_crc=07883a12/1bd9dfca/3c26ac5a submit=3 complete=3 seq=3960/3960 stale=0 prepare=42.5ms draw=35.1ms
W (245552) rc_video: [DEBUG-C151] display frame=1350 consumer=0 active=1/0x3c177000->-2/0x0 select=2700->2700 became_active=0 overlap=0 overlap_count=0 finish=1350 last_finished=0/0x3c0e0ec0 finish_active=1 finish_collision=0 guard=1 guard_errors=0 quiesce=1350 resume_before=1349 resume_pending=1 lifecycle_errors=0
I (245569) rc_video: [CAM-DIAG-C16F] frame=1350 window=7 sensor=real slot=0 addr=0x3c0e0ec0 gen=1350->1350 crc_first=5e701c10/5e701c10 crc_mid=5cfe4db4/5cfe4db4 crc_tail=bbd87863/bbd87863 stable=1 raw_full=436a8cc6 raw_q=6f19bd39/ece66a04/7a003b74/f1b205f2 raw_edge=e723d184 raw_probe=593.9ms cache_sync=ESP_OK cache_sync_err=0 chunk_crc=273b43e6/7277a7e4/3b33e746 submit=3 complete=3 seq=4050/4050 stale=0 prepare=42.5ms draw=35.5ms
W (249827) rc_video: [DEBUG-C151] display frame=1380 consumer=0 active=1/0x3c177000->-2/0x0 select=2760->2760 became_active=0 overlap=0 overlap_count=0 finish=1380 last_finished=0/0x3c0e0ec0 finish_active=1 finish_collision=0 guard=1 guard_errors=0 quiesce=1380 resume_before=1379 resume_pending=1 lifecycle_errors=0
I (249844) rc_video: [CAM-DIAG-C16F] frame=1380 window=7 sensor=real slot=0 addr=0x3c0e0ec0 gen=1380->1380 crc_first=22615bbb/22615bbb crc_mid=9f2dada7/9f2dada7 crc_tail=cb39efb3/cb39efb3 stable=1 raw_full=1aaf0cad raw_q=64cbc7c5/48b7f0b6/9a62ba03/26cb0298 raw_edge=618e09a8 raw_probe=593.9ms cache_sync=ESP_OK cache_sync_err=0 chunk_crc=ded1040a/11cddf96/31fd4cd4 submit=3 complete=3 seq=4140/4140 stale=0 prepare=42.5ms draw=35.9ms
W (254101) rc_video: [DEBUG-C151] display frame=1410 consumer=0 active=1/0x3c177000->-2/0x0 select=2820->2820 became_active=0 overlap=0 overlap_count=0 finish=1410 last_finished=0/0x3c0e0ec0 finish_active=1 finish_collision=0 guard=1 guard_errors=0 quiesce=1410 resume_before=1409 resume_pending=1 lifecycle_errors=0
I (254119) rc_video: [CAM-DIAG-C16F] frame=1410 window=7 sensor=real slot=0 addr=0x3c0e0ec0 gen=1410->1410 crc_first=b5c28634/b5c28634 crc_mid=fc8f717e/fc8f717e crc_tail=e05eb4a8/e05eb4a8 stable=1 raw_full=beee8fe2 raw_q=5285be49/1785764c/8776a4b5/9152d7c1 raw_edge=44ee39b3 raw_probe=593.8ms cache_sync=ESP_OK cache_sync_err=0 chunk_crc=dc36702a/421afce0/39a1a8d2 submit=3 complete=3 seq=4230/4230 stale=0 prepare=42.5ms draw=35.4ms
