=========================================
Flashing RC Tank Demo - TANK Role to COM7
=========================================
Bootloader:      E:\10__AIProject\7_AI陪伴机器人\CODE\examples\rc_tank_demo\firmware_backup\bootloader_TANK.bin
Partition Table: E:\10__AIProject\7_AI陪伴机器人\CODE\examples\rc_tank_demo\firmware_backup\partition-table_TANK.bin
Application:     E:\10__AIProject\7_AI陪伴机器人\CODE\examples\rc_tank_demo\firmware_backup\rc_tank_demo_TANK.bin

Erasing flash...
esptool.py v4.12.dev2
Serial port COM7
Connecting....
Chip is ESP32-S3 (QFN56) (revision v0.2)
Features: WiFi, BLE
Crystal is 40MHz
MAC: 44:1b:f6:f3:ae:78
Uploading stub...
Running stub...
Stub running...
Erasing flash (this may take a while)...
Chip erase completed successfully in 1.2 seconds.
Hard resetting via RTS pin...

Programming flash...
esptool.py v4.12.dev2
Serial port COM7
Connecting....
Chip is ESP32-S3 (QFN56) (revision v0.2)
Features: WiFi, BLE
Crystal is 40MHz
MAC: 44:1b:f6:f3:ae:78
Uploading stub...
Running stub...
Stub running...
Changing baud rate to 460800
Changed.
Configuring flash size...
Flash will be erased from 0x00000000 to 0x00005fff...
Flash will be erased from 0x00008000 to 0x00008fff...
Flash will be erased from 0x00010000 to 0x00101fff...
SHA digest in image updated
Compressed 20832 bytes to 13347...
Writing at 0x00000000... (100 %)
Wrote 20832 bytes (13347 compressed) at 0x00000000 in 0.4 seconds (effective 432.0 kbit/s)...
Hash of data verified.
Compressed 3072 bytes to 119...
Writing at 0x00008000... (100 %)
Wrote 3072 bytes (119 compressed) at 0x00008000 in 0.0 seconds (effective 1606.4 kbit/s)...
Hash of data verified.
Compressed 988992 bytes to 583606...
Writing at 0x00010000... (2 %)
Writing at 0x0001d4ad... (5 %)
Writing at 0x00029dc3... (8 %)
Writing at 0x00032b33... (11 %)
Writing at 0x0003d91c... (13 %)
Writing at 0x00044514... (16 %)
Writing at 0x0004a7c7... (19 %)
Writing at 0x00050a5b... (22 %)
Writing at 0x00059d7b... (25 %)
Writing at 0x00060c16... (27 %)
Writing at 0x00067897... (30 %)
Writing at 0x0006d4bc... (33 %)
Writing at 0x00072d4a... (36 %)
Writing at 0x000789d5... (38 %)
Writing at 0x0007e854... (41 %)
Writing at 0x000846ed... (44 %)
Writing at 0x0008a743... (47 %)
Writing at 0x000902ee... (50 %)
Writing at 0x00095afd... (52 %)
Writing at 0x0009ab29... (55 %)
Writing at 0x000a03c3... (58 %)
Writing at 0x000a5b5c... (61 %)
Writing at 0x000ab059... (63 %)
Writing at 0x000b0587... (66 %)
Writing at 0x000b5db1... (69 %)
Writing at 0x000bbe45... (72 %)
Writing at 0x000c1889... (75 %)
Writing at 0x000c768e... (77 %)
Writing at 0x000ccf9d... (80 %)
Writing at 0x000d27c3... (83 %)
Writing at 0x000db701... (86 %)
Writing at 0x000e165d... (88 %)
Writing at 0x000e87ce... (91 %)
Writing at 0x000f1c2e... (94 %)
Writing at 0x000f87b8... (97 %)
Writing at 0x000fd8e4... (100 %)
Wrote 988992 bytes (583606 compressed) at 0x00010000 in 13.5 seconds (effective 587.5 kbit/s)...
Hash of data verified.

Leaving...
Hard resetting via RTS pin...

=========================================
Flash completed successfully!
=========================================
