esptool.py v4.12.dev2
Serial port COM7
Connecting.........
Chip is ESP32-S3 (QFN56) (revision v0.2)
Features: WiFi, BLE
Crystal is 40MHz
MAC: 44:1b:f6:f3:ae:78
Uploading stub...
Running stub...
Stub running...
Erasing flash (this may take a while)...
Chip erase completed successfully in 1.1 seconds.
Hard resetting via RTS pin...
esptool.py v4.12.dev2
Serial port COM7
Connecting....
Chip is ESP32-S3 (QFN56) (revision v0.2)
Features: WiFi, BLE
Crystal is 40MHz
MAC: 44:1b:f6:f3:ae:78
Uploading stub...
Running stub...
Stub running...
Changing baud rate to 460800
Changed.
Configuring flash size...
Flash will be erased from 0x00000000 to 0x00005fff...
Flash will be erased from 0x00008000 to 0x00008fff...
Flash will be erased from 0x00010000 to 0x00101fff...
SHA digest in image updated
Compressed 20832 bytes to 13347...
Writing at 0x00000000... (100 %)
Wrote 20832 bytes (13347 compressed) at 0x00000000 in 0.4 seconds (effective 432.8 kbit/s)...
Hash of data verified.
Compressed 3072 bytes to 119...
Writing at 0x00008000... (100 %)
Wrote 3072 bytes (119 compressed) at 0x00008000 in 0.0 seconds (effective 1478.3 kbit/s)...
Hash of data verified.
Compressed 989840 bytes to 584481...
Writing at 0x00010000... (2 %)
Writing at 0x0001d37e... (5 %)
Writing at 0x00029d01... (8 %)
Writing at 0x00032a0a... (11 %)
Writing at 0x0003d7f0... (13 %)
Writing at 0x000447cc... (16 %)
Writing at 0x0004aa50... (19 %)
Writing at 0x00050d04... (22 %)
Writing at 0x00059752... (25 %)
Writing at 0x00060da7... (27 %)
Writing at 0x00067ae9... (30 %)
Writing at 0x0006d73f... (33 %)
Writing at 0x0007301d... (36 %)
Writing at 0x00078c48... (38 %)
Writing at 0x0007eae4... (41 %)
Writing at 0x00084936... (44 %)
Writing at 0x0008a9ed... (47 %)
Writing at 0x00090590... (50 %)
Writing at 0x00095e2a... (52 %)
Writing at 0x0009ae51... (55 %)
Writing at 0x000a06ec... (58 %)
Writing at 0x000a5e43... (61 %)
Writing at 0x000ab31c... (63 %)
Writing at 0x000b0842... (66 %)
Writing at 0x000b5fec... (69 %)
Writing at 0x000bc0ec... (72 %)
Writing at 0x000c1b17... (75 %)
Writing at 0x000c7961... (77 %)
Writing at 0x000cd2c6... (80 %)
Writing at 0x000d286c... (83 %)
Writing at 0x000db889... (86 %)
Writing at 0x000e1824... (88 %)
Writing at 0x000e8631... (91 %)
Writing at 0x000f1a5e... (94 %)
Writing at 0x000f84f7... (97 %)
Writing at 0x000fd81c... (100 %)
Wrote 989840 bytes (584481 compressed) at 0x00010000 in 13.5 seconds (effective 587.3 kbit/s)...
Hash of data verified.

Leaving...
Hard resetting via RTS pin...
