W (36843) rc_video: [CAM-DIAG-C16H] LIGHT stage=periodic window=2 sensor=real display=camera idle=0ms full_probe=0 cache=c2m frames=30 changes=29 sync_changes=0 sync_calls=30 sync_skips=0 unique=8 overflow=22 pre=231ce0a4 post=231ce0a4 avg_probe=1.008ms max_probe=1.084ms
I (36856) rc_video: [CAM-DIAG-C16H] HEALTH window=2 display_frame=30 guard_errors=0 quiesce=30 resume_before=29 lifecycle_errors=0 cache_sync_err=0 overlap=0 finish_collision=0
W (41078) rc_video: [CAM-DIAG-C16H] LIGHT stage=periodic window=2 sensor=real display=camera idle=0ms full_probe=0 cache=c2m frames=60 changes=59 sync_changes=0 sync_calls=60 sync_skips=0 unique=8 overflow=52 pre=25ade28a post=25ade28a avg_probe=1.008ms max_probe=1.084ms
I (41091) rc_video: [CAM-DIAG-C16H] HEALTH window=2 display_frame=60 guard_errors=0 quiesce=60 resume_before=59 lifecycle_errors=0 cache_sync_err=0 overlap=0 finish_collision=0
W (45313) rc_video: [CAM-DIAG-C16H] LIGHT stage=periodic window=2 sensor=real display=camera idle=0ms full_probe=0 cache=c2m frames=90 changes=89 sync_changes=0 sync_calls=90 sync_skips=0 unique=8 overflow=82 pre=0260b846 post=0260b846 avg_probe=1.007ms max_probe=1.084ms
I (45326) rc_video: [CAM-DIAG-C16H] HEALTH window=2 display_frame=90 guard_errors=0 quiesce=90 resume_before=89 lifecycle_errors=0 cache_sync_err=0 overlap=0 finish_collision=0
W (47635) rc_tank: [DEBUG-C151] heap stage=window_2_end intact=1
W (47639) camera_hal: [CAM-DIAG-C16H] SP0A39 test_pattern=on P1:32 before=0x15 write=0x95 read=0x80 expected_bit=0x80
W (47741) rc_video: [CAM-DIAG-C16H] PROFILE window=3 sensor=pattern display=camera idle=0ms full_probe=0 cache=c2m capture=107
W (47741) rc_tank: [CAM-DIAG-C16H] WINDOW_03 start: wifi=off sensor=pattern display=camera idle=0ms full_probe=off cache=c2m
W (47886) rc_video: [CAM-DIAG-C16H] LIGHT stage=complete window=2 sensor=real display=camera idle=0ms full_probe=0 cache=c2m frames=108 changes=107 sync_changes=0 sync_calls=108 sync_skips=0 unique=8 overflow=100 pre=2311648b post=2311648b avg_probe=1.008ms max_probe=1.084ms
W (51724) rc_video: [CAM-DIAG-C16H] LIGHT stage=periodic window=3 sensor=pattern display=camera idle=0ms full_probe=0 cache=c2m frames=30 changes=0 sync_changes=0 sync_calls=30 sync_skips=0 unique=1 overflow=0 pre=2311648b post=2311648b avg_probe=1.007ms max_probe=1.038ms
I (51737) rc_video: [CAM-DIAG-C16H] HEALTH window=3 display_frame=138 guard_errors=0 quiesce=138 resume_before=137 lifecycle_errors=0 cache_sync_err=0 overlap=0 finish_collision=0
W (55564) rc_video: [CAM-DIAG-C16H] LIGHT stage=periodic window=3 sensor=pattern display=camera idle=0ms full_probe=0 cache=c2m frames=60 changes=0 sync_changes=0 sync_calls=60 sync_skips=0 unique=1 overflow=0 pre=2311648b post=2311648b avg_probe=1.007ms max_probe=1.050ms
I (55577) rc_video: [CAM-DIAG-C16H] HEALTH window=3 display_frame=168 guard_errors=0 quiesce=168 resume_before=167 lifecycle_errors=0 cache_sync_err=0 overlap=0 finish_collision=0
W (59442) rc_video: [CAM-DIAG-C16H] LIGHT stage=periodic window=3 sensor=pattern display=camera idle=0ms full_probe=0 cache=c2m frames=90 changes=0 sync_changes=0 sync_calls=90 sync_skips=0 unique=1 overflow=0 pre=2311648b post=2311648b avg_probe=1.007ms max_probe=1.050ms
I (59455) rc_video: [CAM-DIAG-C16H] HEALTH window=3 display_frame=198 guard_errors=0 quiesce=198 resume_before=197 lifecycle_errors=0 cache_sync_err=0 overlap=0 finish_collision=0
W (62752) rc_tank: [DEBUG-C151] heap stage=window_3_end_before_network intact=1
I (62752) rc_tank: [STEP] Network init starting...
I (62754) rc_net: Initializing as SoftAP (Tank)
I (62759) pp: pp rom version: e7ae62f
I (62761) net80211: net80211 rom version: e7ae62f
I (62768) wifi:wifi driver task: 3fcd04bc, prio:23, stack:6656, core=0
I (62776) wifi:wifi firmware version: 0947e8b
I (62777) wifi:wifi certification version: v7.0
I (62779) wifi:config NVS flash: enabled
I (62783) wifi:config nano formatting: disabled
I (62788) wifi:Init data frame dynamic rx buffer num: 32
I (62793) wifi:Init static rx mgmt buffer num: 5
I (62797) wifi:Init management short buffer num: 32
I (62801) wifi:Init dynamic tx buffer num: 64
I (62805) wifi:Init static tx FG buffer num: 2
I (62810) wifi:Init static rx buffer size: 1600
I (62814) wifi:Init static rx buffer num: 10
I (62818) wifi:Init dynamic rx buffer num: 32
I (62823) wifi_init: rx ba win: 6
I (62825) wifi_init: accept mbox: 6
I (62828) wifi_init: tcpip mbox: 16
I (62831) wifi_init: udp mbox: 6
I (62834) wifi_init: tcp mbox: 6
I (62837) wifi_init: tcp tx win: 5760
I (62841) wifi_init: tcp rx win: 5760
I (62844) wifi_init: tcp mss: 1440
I (62847) wifi_init: WiFi IRAM OP enabled
I (62851) wifi_init: WiFi RX IRAM OP enabled
I (62856) rc_net: AP set_mode/config, SSID=RC_TANK_F3AE79 ch=1
I (62943) phy_init: phy_version 711,97bcf0a2,Aug 25 2025,19:04:10
W (62944) phy_init: failed to load RF calibration data (0x1102), falling back to full calibration
I (62996) phy_init: Saving new calibration data due to checksum failure or outdated calibration data, mode(2)
I (63006) wifi:mode : softAP (44:1b:f6:f3:ae:79)
I (63011) wifi:Total power save buffer number: 32
I (63013) wifi:Init max length of beacon: 752/752
I (63014) wifi:Init max length of beacon: 752/752
I (63016) rc_net: SoftAP started, SSID: RC_TANK_F3AE79, Password: 12345678
I (63018) esp_netif_lwip: DHCP server started on interface WIFI_AP_DEF with IP: 192.168.4.1
I (63029) rc_tank: [STEP] Network init OK
I (63033) rc_tank: Tank SoftAP ready, waiting for remote...
W (63038) rc_video: [CAM-DIAG-C16H] PROFILE window=4 sensor=pattern display=camera idle=0ms full_probe=0 cache=m2c capture=225
W (63049) rc_tank: [CAM-DIAG-C16H] WINDOW_04 start: wifi=on sensor=pattern display=camera idle=0ms full_probe=off cache=m2c
W (63127) rc_video: [CAM-DIAG-C16H] LIGHT stage=complete window=3 sensor=pattern display=camera idle=0ms full_probe=0 cache=c2m frames=118 changes=2 sync_changes=0 sync_calls=118 sync_skips=0 unique=3 overflow=0 pre=bb49f5b6 post=bb49f5b6 avg_probe=1.015ms max_probe=1.568ms
W (67875) rc_video: [CAM-DIAG-C16H] LIGHT stage=periodic window=4 sensor=pattern display=camera idle=0ms full_probe=0 cache=m2c frames=30 changes=18 sync_changes=0 sync_calls=30 sync_skips=0 unique=8 overflow=3 pre=2311648b post=2311648b avg_probe=1.043ms max_probe=1.169ms
I (67889) rc_video: [CAM-DIAG-C16H] HEALTH window=4 display_frame=256 guard_errors=0 quiesce=256 resume_before=255 lifecycle_errors=0 cache_sync_err=0 overlap=0 finish_collision=0
W (72623) rc_video: [CAM-DIAG-C16H] LIGHT stage=periodic window=4 sensor=pattern display=camera idle=0ms full_probe=0 cache=m2c frames=60 changes=36 sync_changes=0 sync_calls=60 sync_skips=0 unique=8 overflow=12 pre=2311648b post=2311648b avg_probe=1.044ms max_probe=1.251ms
I (72636) rc_video: [CAM-DIAG-C16H] HEALTH window=4 display_frame=286 guard_errors=0 quiesce=286 resume_before=285 lifecycle_errors=0 cache_sync_err=0 overlap=0 finish_collision=0
W (77372) rc_video: [CAM-DIAG-C16H] LIGHT stage=periodic window=4 sensor=pattern display=camera idle=0ms full_probe=0 cache=m2c frames=90 changes=60 sync_changes=0 sync_calls=90 sync_skips=0 unique=8 overflow=26 pre=efa6f514 post=efa6f514 avg_probe=1.042ms max_probe=1.251ms
I (77386) rc_video: [CAM-DIAG-C16H] HEALTH window=4 display_frame=316 guard_errors=0 quiesce=316 resume_before=315 lifecycle_errors=0 cache_sync_err=0 overlap=0 finish_collision=0
W (78060) rc_video: [CAM-DIAG-C16H] PROFILE window=5 sensor=pattern display=camera idle=0ms full_probe=0 cache=none capture=320
W (78061) rc_tank: [CAM-DIAG-C16H] WINDOW_05 start: wifi=on sensor=pattern display=camera idle=0ms full_probe=off cache=none
W (78164) rc_video: [CAM-DIAG-C16H] LIGHT stage=complete window=4 sensor=pattern display=camera idle=0ms full_probe=0 cache=m2c frames=95 changes=65 sync_changes=0 sync_calls=95 sync_skips=0 unique=8 overflow=29 pre=d237d4c9 post=d237d4c9 avg_probe=1.043ms max_probe=1.251ms
W (82834) rc_video: [CAM-DIAG-C16H] LIGHT stage=periodic window=5 sensor=pattern display=camera idle=0ms full_probe=0 cache=none frames=30 changes=21 sync_changes=0 sync_calls=0 sync_skips=30 unique=8 overflow=5 pre=2311648b post=2311648b avg_probe=1.026ms max_probe=1.049ms
I (82848) rc_video: [CAM-DIAG-C16H] HEALTH window=5 display_frame=351 guard_errors=0 quiesce=351 resume_before=350 lifecycle_errors=0 cache_sync_err=0 overlap=0 finish_collision=0
W (87585) rc_video: [CAM-DIAG-C16H] LIGHT stage=periodic window=5 sensor=pattern display=camera idle=0ms full_probe=0 cache=none frames=60 changes=42 sync_changes=0 sync_calls=0 sync_skips=60 unique=8 overflow=15 pre=2311648b post=2311648b avg_probe=1.025ms max_probe=1.049ms
I (87598) rc_video: [CAM-DIAG-C16H] HEALTH window=5 display_frame=381 guard_errors=0 quiesce=381 resume_before=380 lifecycle_errors=0 cache_sync_err=0 overlap=0 finish_collision=0
W (92333) rc_video: [CAM-DIAG-C16H] LIGHT stage=periodic window=5 sensor=pattern display=camera idle=0ms full_probe=0 cache=none frames=90 changes=64 sync_changes=0 sync_calls=0 sync_skips=90 unique=8 overflow=26 pre=2311648b post=2311648b avg_probe=1.025ms max_probe=1.049ms
I (92347) rc_video: [CAM-DIAG-C16H] HEALTH window=5 display_frame=411 guard_errors=0 quiesce=411 resume_before=410 lifecycle_errors=0 cache_sync_err=0 overlap=0 finish_collision=0
W (93072) rc_video: [CAM-DIAG-C16H] PROFILE window=6 sensor=pattern display=camera idle=0ms full_probe=0 cache=c2m capture=416
W (93072) rc_tank: [CAM-DIAG-C16H] WINDOW_06 start: wifi=on sensor=pattern display=camera idle=0ms full_probe=off cache=c2m
W (93126) rc_video: [CAM-DIAG-C16H] LIGHT stage=complete window=5 sensor=pattern display=camera idle=0ms full_probe=0 cache=none frames=95 changes=67 sync_changes=0 sync_calls=0 sync_skips=95 unique=8 overflow=28 pre=9312b997 post=9312b997 avg_probe=1.025ms max_probe=1.049ms
W (97875) rc_video: [CAM-DIAG-C16H] LIGHT stage=periodic window=6 sensor=pattern display=camera idle=0ms full_probe=0 cache=c2m frames=30 changes=20 sync_changes=0 sync_calls=30 sync_skips=0 unique=8 overflow=3 pre=2311648b post=2311648b avg_probe=1.065ms max_probe=1.394ms
I (97889) rc_video: [CAM-DIAG-C16H] HEALTH window=6 display_frame=446 guard_errors=0 quiesce=446 resume_before=445 lifecycle_errors=0 cache_sync_err=0 overlap=0 finish_collision=0
W (102624) rc_video: [CAM-DIAG-C16H] LIGHT stage=periodic window=6 sensor=pattern display=camera idle=0ms full_probe=0 cache=c2m frames=60 changes=39 sync_changes=0 sync_calls=60 sync_skips=0 unique=8 overflow=12 pre=2311648b post=2311648b avg_probe=1.058ms max_probe=1.394ms
I (102638) rc_video: [CAM-DIAG-C16H] HEALTH window=6 display_frame=476 guard_errors=0 quiesce=476 resume_before=475 lifecycle_errors=0 cache_sync_err=0 overlap=0 finish_collision=0
W (107373) rc_video: [CAM-DIAG-C16H] LIGHT stage=periodic window=6 sensor=pattern display=camera idle=0ms full_probe=0 cache=c2m frames=90 changes=65 sync_changes=0 sync_calls=90 sync_skips=0 unique=8 overflow=25 pre=2311648b post=2311648b avg_probe=1.053ms max_probe=1.394ms
I (107387) rc_video: [CAM-DIAG-C16H] HEALTH window=6 display_frame=506 guard_errors=0 quiesce=506 resume_before=505 lifecycle_errors=0 cache_sync_err=0 overlap=0 finish_collision=0
W (108083) rc_video: [CAM-DIAG-C16H] PROFILE window=7 sensor=pattern display=camera idle=0ms full_probe=0 cache=c2m_inv capture=510
W (108084) rc_tank: [CAM-DIAG-C16H] WINDOW_07 start: wifi=on sensor=pattern display=camera idle=0ms full_probe=off cache=c2m_inv
W (108167) rc_video: [CAM-DIAG-C16H] LIGHT stage=complete window=6 sensor=pattern display=camera idle=0ms full_probe=0 cache=c2m frames=95 changes=68 sync_changes=0 sync_calls=95 sync_skips=0 unique=8 overflow=27 pre=fecb2980 post=fecb2980 avg_probe=1.056ms max_probe=1.434ms
W (112915) rc_video: [CAM-DIAG-C16H] LIGHT stage=periodic window=7 sensor=pattern display=camera idle=0ms full_probe=0 cache=c2m_inv frames=30 changes=22 sync_changes=0 sync_calls=30 sync_skips=0 unique=8 overflow=6 pre=2311648b post=2311648b avg_probe=1.048ms max_probe=1.066ms
I (112928) rc_video: [CAM-DIAG-C16H] HEALTH window=7 display_frame=541 guard_errors=0 quiesce=541 resume_before=540 lifecycle_errors=0 cache_sync_err=0 overlap=0 finish_collision=0
W (117664) rc_video: [CAM-DIAG-C16H] LIGHT stage=periodic window=7 sensor=pattern display=camera idle=0ms full_probe=0 cache=c2m_inv frames=60 changes=49 sync_changes=0 sync_calls=60 sync_skips=0 unique=8 overflow=25 pre=2311648b post=2311648b avg_probe=1.049ms max_probe=1.071ms
I (117678) rc_video: [CAM-DIAG-C16H] HEALTH window=7 display_frame=571 guard_errors=0 quiesce=571 resume_before=570 lifecycle_errors=0 cache_sync_err=0 overlap=0 finish_collision=0
W (122375) rc_video: [CAM-DIAG-C16H] LIGHT stage=periodic window=7 sensor=pattern display=camera idle=0ms full_probe=0 cache=c2m_inv frames=90 changes=72 sync_changes=0 sync_calls=90 sync_skips=0 unique=8 overflow=38 pre=2311648b post=2311648b avg_probe=1.056ms max_probe=1.370ms
I (122389) rc_video: [CAM-DIAG-C16H] HEALTH window=7 display_frame=601 guard_errors=0 quiesce=601 resume_before=600 lifecycle_errors=0 cache_sync_err=0 overlap=0 finish_collision=0
W (123095) rc_video: [CAM-DIAG-C16H] PROFILE window=8 sensor=pattern display=camera idle=0ms full_probe=0 cache=m2c capture=606
W (123095) rc_tank: [CAM-DIAG-C16H] WINDOW_08 start: wifi=on sensor=pattern display=camera idle=0ms full_probe=off cache=m2c
W (123169) rc_video: [CAM-DIAG-C16H] LIGHT stage=complete window=7 sensor=pattern display=camera idle=0ms full_probe=0 cache=c2m_inv frames=95 changes=72 sync_changes=0 sync_calls=95 sync_skips=0 unique=8 overflow=38 pre=2311648b post=2311648b avg_probe=1.059ms max_probe=1.370ms
W (127916) rc_video: [CAM-DIAG-C16H] LIGHT stage=periodic window=8 sensor=pattern display=camera idle=0ms full_probe=0 cache=m2c frames=30 changes=22 sync_changes=0 sync_calls=30 sync_skips=0 unique=8 overflow=5 pre=2311648b post=2311648b avg_probe=1.044ms max_probe=1.196ms
I (127930) rc_video: [CAM-DIAG-C16H] HEALTH window=8 display_frame=636 guard_errors=0 quiesce=636 resume_before=635 lifecycle_errors=0 cache_sync_err=0 overlap=0 finish_collision=0
W (132665) rc_video: [CAM-DIAG-C16H] LIGHT stage=periodic window=8 sensor=pattern display=camera idle=0ms full_probe=0 cache=m2c frames=60 changes=44 sync_changes=0 sync_calls=60 sync_skips=0 unique=8 overflow=17 pre=2311648b post=2311648b avg_probe=1.044ms max_probe=1.196ms
I (132679) rc_video: [CAM-DIAG-C16H] HEALTH window=8 display_frame=666 guard_errors=0 quiesce=666 resume_before=665 lifecycle_errors=0 cache_sync_err=0 overlap=0 finish_collision=0
W (137414) rc_video: [CAM-DIAG-C16H] LIGHT stage=periodic window=8 sensor=pattern display=camera idle=0ms full_probe=0 cache=m2c frames=90 changes=60 sync_changes=0 sync_calls=90 sync_skips=0 unique=8 overflow=26 pre=2311648b post=2311648b avg_probe=1.042ms max_probe=1.196ms
I (137428) rc_video: [CAM-DIAG-C16H] HEALTH window=8 display_frame=696 guard_errors=0 quiesce=696 resume_before=695 lifecycle_errors=0 cache_sync_err=0 overlap=0 finish_collision=0
W (138106) rc_video: [CAM-DIAG-C16H] PROFILE window=9 sensor=pattern display=camera idle=0ms full_probe=0 cache=none capture=700
W (138107) rc_tank: [CAM-DIAG-C16H] WINDOW_09 start: wifi=on sensor=pattern display=camera idle=0ms full_probe=off cache=none
W (138206) rc_video: [CAM-DIAG-C16H] LIGHT stage=complete window=8 sensor=pattern display=camera idle=0ms full_probe=0 cache=m2c frames=95 changes=64 sync_changes=0 sync_calls=95 sync_skips=0 unique=8 overflow=29 pre=29a2c23d post=29a2c23d avg_probe=1.042ms max_probe=1.196ms
W (142956) rc_video: [CAM-DIAG-C16H] LIGHT stage=periodic window=9 sensor=pattern display=camera idle=0ms full_probe=0 cache=none frames=30 changes=24 sync_changes=0 sync_calls=0 sync_skips=30 unique=8 overflow=7 pre=2311648b post=2311648b avg_probe=1.034ms max_probe=1.258ms
I (142969) rc_video: [CAM-DIAG-C16H] HEALTH window=9 display_frame=731 guard_errors=0 quiesce=731 resume_before=730 lifecycle_errors=0 cache_sync_err=0 overlap=0 finish_collision=0
W (147705) rc_video: [CAM-DIAG-C16H] LIGHT stage=periodic window=9 sensor=pattern display=camera idle=0ms full_probe=0 cache=none frames=60 changes=47 sync_changes=0 sync_calls=0 sync_skips=60 unique=8 overflow=20 pre=b9971729 post=b9971729 avg_probe=1.034ms max_probe=1.319ms
I (147718) rc_video: [CAM-DIAG-C16H] HEALTH window=9 display_frame=761 guard_errors=0 quiesce=761 resume_before=760 lifecycle_errors=0 cache_sync_err=0 overlap=0 finish_collision=0
W (152454) rc_video: [CAM-DIAG-C16H] LIGHT stage=periodic window=9 sensor=pattern display=camera idle=0ms full_probe=0 cache=none frames=90 changes=72 sync_changes=0 sync_calls=0 sync_skips=90 unique=8 overflow=34 pre=2311648b post=2311648b avg_probe=1.032ms max_probe=1.319ms
I (152468) rc_video: [CAM-DIAG-C16H] HEALTH window=9 display_frame=791 guard_errors=0 quiesce=791 resume_before=790 lifecycle_errors=0 cache_sync_err=0 overlap=0 finish_collision=0
W (153118) rc_video: [CAM-DIAG-C16H] PROFILE window=10 sensor=pattern display=camera idle=0ms full_probe=0 cache=c2m capture=795
W (153118) rc_tank: [CAM-DIAG-C16H] WINDOW_10 start: wifi=on sensor=pattern display=camera idle=0ms full_probe=off cache=c2m
W (153247) rc_video: [CAM-DIAG-C16H] LIGHT stage=complete window=9 sensor=pattern display=camera idle=0ms full_probe=0 cache=none frames=95 changes=77 sync_changes=0 sync_calls=0 sync_skips=95 unique=8 overflow=38 pre=b83d6970 post=b83d6970 avg_probe=1.032ms max_probe=1.319ms
W (157996) rc_video: [CAM-DIAG-C16H] LIGHT stage=periodic window=10 sensor=pattern display=camera idle=0ms full_probe=0 cache=c2m frames=30 changes=20 sync_changes=0 sync_calls=30 sync_skips=0 unique=8 overflow=3 pre=2311648b post=2311648b avg_probe=1.058ms max_probe=1.447ms
I (158010) rc_video: [CAM-DIAG-C16H] HEALTH window=10 display_frame=826 guard_errors=0 quiesce=826 resume_before=825 lifecycle_errors=0 cache_sync_err=0 overlap=0 finish_collision=0
W (162745) rc_video: [CAM-DIAG-C16H] LIGHT stage=periodic window=10 sensor=pattern display=camera idle=0ms full_probe=0 cache=c2m frames=60 changes=41 sync_changes=0 sync_calls=60 sync_skips=0 unique=8 overflow=15 pre=2311648b post=2311648b avg_probe=1.055ms max_probe=1.447ms
I (162759) rc_video: [CAM-DIAG-C16H] HEALTH window=10 display_frame=856 guard_errors=0 quiesce=856 resume_before=855 lifecycle_errors=0 cache_sync_err=0 overlap=0 finish_collision=0
W (167495) rc_video: [CAM-DIAG-C16H] LIGHT stage=periodic window=10 sensor=pattern display=camera idle=0ms full_probe=0 cache=c2m frames=90 changes=59 sync_changes=0 sync_calls=90 sync_skips=0 unique=8 overflow=24 pre=2311648b post=2311648b avg_probe=1.050ms max_probe=1.447ms
I (167508) rc_video: [CAM-DIAG-C16H] HEALTH window=10 display_frame=886 guard_errors=0 quiesce=886 resume_before=885 lifecycle_errors=0 cache_sync_err=0 overlap=0 finish_collision=0
W (168129) rc_video: [CAM-DIAG-C16H] PROFILE window=11 sensor=pattern display=camera idle=0ms full_probe=0 cache=c2m_inv capture=890
W (168130) rc_tank: [CAM-DIAG-C16H] WINDOW_11 start: wifi=on sensor=pattern display=camera idle=0ms full_probe=off cache=c2m_inv
W (168287) rc_video: [CAM-DIAG-C16H] LIGHT stage=complete window=10 sensor=pattern display=camera idle=0ms full_probe=0 cache=c2m frames=95 changes=64 sync_changes=0 sync_calls=95 sync_skips=0 unique=8 overflow=28 pre=62a8ed05 post=62a8ed05 avg_probe=1.050ms max_probe=1.447ms
W (173036) rc_video: [CAM-DIAG-C16H] LIGHT stage=periodic window=11 sensor=pattern display=camera idle=0ms full_probe=0 cache=c2m_inv frames=30 changes=23 sync_changes=0 sync_calls=30 sync_skips=0 unique=8 overflow=5 pre=2311648b post=2311648b avg_probe=1.072ms max_probe=1.409ms
I (173050) rc_video: [CAM-DIAG-C16H] HEALTH window=11 display_frame=921 guard_errors=0 quiesce=921 resume_before=920 lifecycle_errors=0 cache_sync_err=0 overlap=0 finish_collision=0
W (177786) rc_video: [CAM-DIAG-C16H] LIGHT stage=periodic window=11 sensor=pattern display=camera idle=0ms full_probe=0 cache=c2m_inv frames=60 changes=46 sync_changes=0 sync_calls=60 sync_skips=0 unique=8 overflow=17 pre=b91806d0 post=b91806d0 avg_probe=1.067ms max_probe=1.409ms
I (177800) rc_video: [CAM-DIAG-C16H] HEALTH window=11 display_frame=951 guard_errors=0 quiesce=951 resume_before=950 lifecycle_errors=0 cache_sync_err=0 overlap=0 finish_collision=0
W (182535) rc_video: [CAM-DIAG-C16H] LIGHT stage=periodic window=11 sensor=pattern display=camera idle=0ms full_probe=0 cache=c2m_inv frames=90 changes=71 sync_changes=0 sync_calls=90 sync_skips=0 unique=8 overflow=30 pre=2311648b post=2311648b avg_probe=1.062ms max_probe=1.409ms
I (182549) rc_video: [CAM-DIAG-C16H] HEALTH window=11 display_frame=981 guard_errors=0 quiesce=981 resume_before=980 lifecycle_errors=0 cache_sync_err=0 overlap=0 finish_collision=0
W (183149) camera_hal: [CAM-DIAG-C16H] SP0A39 test_pattern=off P1:32 before=0x80 write=0x00 read=0x15 expected_bit=0x00
W (183249) rc_video: [CAM-DIAG-C16H] PROFILE window=12 sensor=real display=camera idle=0ms full_probe=0 cache=m2c capture=986
W (183249) rc_tank: [CAM-DIAG-C16H] WINDOW_12 start: wifi=on sensor=real display=camera idle=0ms full_probe=off cache=m2c
W (183329) rc_video: [CAM-DIAG-C16H] LIGHT stage=complete window=11 sensor=pattern display=camera idle=0ms full_probe=0 cache=c2m_inv frames=95 changes=75 sync_changes=0 sync_calls=95 sync_skips=0 unique=8 overflow=33 pre=972381ee post=972381ee avg_probe=1.062ms max_probe=1.409ms
W (188077) rc_video: [CAM-DIAG-C16H] LIGHT stage=periodic window=12 sensor=real display=camera idle=0ms full_probe=0 cache=m2c frames=30 changes=29 sync_changes=0 sync_calls=30 sync_skips=0 unique=8 overflow=22 pre=f7c763b4 post=f7c763b4 avg_probe=1.042ms max_probe=1.062ms
I (188091) rc_video: [CAM-DIAG-C16H] HEALTH window=12 display_frame=1016 guard_errors=0 quiesce=1016 resume_before=1015 lifecycle_errors=0 cache_sync_err=0 overlap=0 finish_collision=0
W (192826) rc_video: [CAM-DIAG-C16H] LIGHT stage=periodic window=12 sensor=real display=camera idle=0ms full_probe=0 cache=m2c frames=60 changes=59 sync_changes=0 sync_calls=60 sync_skips=0 unique=8 overflow=52 pre=3f9b616a post=3f9b616a avg_probe=1.040ms max_probe=1.062ms
I (192840) rc_video: [CAM-DIAG-C16H] HEALTH window=12 display_frame=1046 guard_errors=0 quiesce=1046 resume_before=1045 lifecycle_errors=0 cache_sync_err=0 overlap=0 finish_collision=0
W (197575) rc_video: [CAM-DIAG-C16H] LIGHT stage=periodic window=12 sensor=real display=camera idle=0ms full_probe=0 cache=m2c frames=90 changes=89 sync_changes=0 sync_calls=90 sync_skips=0 unique=8 overflow=82 pre=5c759dbd post=5c759dbd avg_probe=1.040ms max_probe=1.082ms
I (197589) rc_video: [CAM-DIAG-C16H] HEALTH window=12 display_frame=1076 guard_errors=0 quiesce=1076 resume_before=1075 lifecycle_errors=0 cache_sync_err=0 overlap=0 finish_collision=0
W (198260) rc_video: [CAM-DIAG-C16H] PROFILE window=13 sensor=real display=camera idle=0ms full_probe=0 cache=none capture=1080
W (198261) rc_tank: [CAM-DIAG-C16H] WINDOW_13 start: wifi=on sensor=real display=camera idle=0ms full_probe=off cache=none
W (198367) rc_video: [CAM-DIAG-C16H] LIGHT stage=complete window=12 sensor=real display=camera idle=0ms full_probe=0 cache=m2c frames=95 changes=94 sync_changes=0 sync_calls=95 sync_skips=0 unique=8 overflow=87 pre=aabdfdb0 post=aabdfdb0 avg_probe=1.040ms max_probe=1.082ms
W (203117) rc_video: [CAM-DIAG-C16H] LIGHT stage=periodic window=13 sensor=real display=camera idle=0ms full_probe=0 cache=none frames=30 changes=29 sync_changes=0 sync_calls=0 sync_skips=30 unique=8 overflow=22 pre=7d838b8e post=7d838b8e avg_probe=1.030ms max_probe=1.118ms
I (203130) rc_video: [CAM-DIAG-C16H] HEALTH window=13 display_frame=1111 guard_errors=0 quiesce=1111 resume_before=1110 lifecycle_errors=0 cache_sync_err=0 overlap=0 finish_collision=0
W (207868) rc_video: [CAM-DIAG-C16H] LIGHT stage=periodic window=13 sensor=real display=camera idle=0ms full_probe=0 cache=none frames=60 changes=59 sync_changes=0 sync_calls=0 sync_skips=60 unique=8 overflow=52 pre=682c76be post=682c76be avg_probe=1.026ms max_probe=1.118ms
I (207881) rc_video: [CAM-DIAG-C16H] HEALTH window=13 display_frame=1141 guard_errors=0 quiesce=1141 resume_before=1140 lifecycle_errors=0 cache_sync_err=0 overlap=0 finish_collision=0
W (212615) rc_video: [CAM-DIAG-C16H] LIGHT stage=periodic window=13 sensor=real display=camera idle=0ms full_probe=0 cache=none frames=90 changes=89 sync_changes=0 sync_calls=0 sync_skips=90 unique=8 overflow=82 pre=d38541c5 post=d38541c5 avg_probe=1.028ms max_probe=1.248ms
I (212629) rc_video: [CAM-DIAG-C16H] HEALTH window=13 display_frame=1171 guard_errors=0 quiesce=1171 resume_before=1170 lifecycle_errors=0 cache_sync_err=0 overlap=0 finish_collision=0
W (213271) rc_video: [CAM-DIAG-C16H] PROFILE window=14 sensor=real display=camera idle=0ms full_probe=0 cache=c2m capture=1175
W (213271) rc_tank: [CAM-DIAG-C16H] WINDOW_14 start: wifi=on sensor=real display=camera idle=0ms full_probe=off cache=c2m
W (213408) rc_video: [CAM-DIAG-C16H] LIGHT stage=complete window=13 sensor=real display=camera idle=0ms full_probe=0 cache=none frames=95 changes=94 sync_changes=0 sync_calls=0 sync_skips=95 unique=8 overflow=87 pre=8ba46d48 post=8ba46d48 avg_probe=1.028ms max_probe=1.248ms
W (218157) rc_video: [CAM-DIAG-C16H] LIGHT stage=periodic window=14 sensor=real display=camera idle=0ms full_probe=0 cache=c2m frames=30 changes=29 sync_changes=0 sync_calls=30 sync_skips=0 unique=8 overflow=22 pre=2c0bef72 post=2c0bef72 avg_probe=1.065ms max_probe=1.427ms
I (218170) rc_video: [CAM-DIAG-C16H] HEALTH window=14 display_frame=1206 guard_errors=0 quiesce=1206 resume_before=1205 lifecycle_errors=0 cache_sync_err=0 overlap=0 finish_collision=0
W (222907) rc_video: [CAM-DIAG-C16H] LIGHT stage=periodic window=14 sensor=real display=camera idle=0ms full_probe=0 cache=c2m frames=60 changes=59 sync_changes=0 sync_calls=60 sync_skips=0 unique=8 overflow=52 pre=f084c6da post=f084c6da avg_probe=1.059ms max_probe=1.427ms
I (222920) rc_video: [CAM-DIAG-C16H] HEALTH window=14 display_frame=1236 guard_errors=0 quiesce=1236 resume_before=1235 lifecycle_errors=0 cache_sync_err=0 overlap=0 finish_collision=0
W (227655) rc_video: [CAM-DIAG-C16H] LIGHT stage=periodic window=14 sensor=real display=camera idle=0ms full_probe=0 cache=c2m frames=90 changes=89 sync_changes=0 sync_calls=90 sync_skips=0 unique=8 overflow=82 pre=5d3804c2 post=5d3804c2 avg_probe=1.054ms max_probe=1.427ms
I (227669) rc_video: [CAM-DIAG-C16H] HEALTH window=14 display_frame=1266 guard_errors=0 quiesce=1266 resume_before=1265 lifecycle_errors=0 cache_sync_err=0 overlap=0 finish_collision=0
W (228282) rc_video: [CAM-DIAG-C16H] PROFILE window=15 sensor=real display=camera idle=0ms full_probe=0 cache=c2m_inv capture=1270
W (228283) rc_tank: [CAM-DIAG-C16H] WINDOW_15 start: wifi=on sensor=real display=camera idle=0ms full_probe=off cache=c2m_inv
W (228289) rc_video: [CAM-DIAG-C16H] LIGHT stage=complete window=14 sensor=real display=camera idle=0ms full_probe=0 cache=c2m frames=94 changes=93 sync_changes=0 sync_calls=94 sync_skips=0 unique=8 overflow=86 pre=e56ff61a post=e56ff61a avg_probe=1.054ms max_probe=1.427ms
W (233039) rc_video: [CAM-DIAG-C16H] LIGHT stage=periodic window=15 sensor=real display=camera idle=0ms full_probe=0 cache=c2m_inv frames=30 changes=29 sync_changes=0 sync_calls=30 sync_skips=0 unique=8 overflow=22 pre=7988e176 post=7988e176 avg_probe=1.049ms max_probe=1.079ms
I (233052) rc_video: [CAM-DIAG-C16H] HEALTH window=15 display_frame=1300 guard_errors=0 quiesce=1300 resume_before=1299 lifecycle_errors=0 cache_sync_err=0 overlap=0 finish_collision=0
W (237788) rc_video: [CAM-DIAG-C16H] LIGHT stage=periodic window=15 sensor=real display=camera idle=0ms full_probe=0 cache=c2m_inv frames=60 changes=59 sync_changes=0 sync_calls=60 sync_skips=0 unique=8 overflow=52 pre=08f3b872 post=08f3b872 avg_probe=1.052ms max_probe=1.240ms
I (237802) rc_video: [CAM-DIAG-C16H] HEALTH window=15 display_frame=1330 guard_errors=0 quiesce=1330 resume_before=1329 lifecycle_errors=0 cache_sync_err=0 overlap=0 finish_collision=0
W (242537) rc_video: [CAM-DIAG-C16H] LIGHT stage=periodic window=15 sensor=real display=camera idle=0ms full_probe=0 cache=c2m_inv frames=90 changes=89 sync_changes=0 sync_calls=90 sync_skips=0 unique=8 overflow=82 pre=411aee71 post=411aee71 avg_probe=1.056ms max_probe=1.501ms
I (242551) rc_video: [CAM-DIAG-C16H] HEALTH window=15 display_frame=1360 guard_errors=0 quiesce=1360 resume_before=1359 lifecycle_errors=0 cache_sync_err=0 overlap=0 finish_collision=0
W (243294) rc_video: [CAM-DIAG-C16H] PROFILE window=16 sensor=real display=camera idle=0ms full_probe=0 cache=c2m capture=1365
W (243294) rc_tank: [CAM-DIAG-C16H] WINDOW_16 start: wifi=on sensor=real display=camera idle=0ms full_probe=off cache=c2m
W (243305) rc_tank: [CAM-DIAG-C16H] cache-sync matrix complete; hold WINDOW_16 wifi=on real cache=c2m
I (243314) rc_tank: Tank running (video + control; audio disabled)
I (243320) rc_tank: app_main done, idle loop
W (243332) rc_video: [CAM-DIAG-C16H] LIGHT stage=complete window=15 sensor=real display=camera idle=0ms full_probe=0 cache=c2m_inv frames=95 changes=94 sync_changes=0 sync_calls=95 sync_skips=0 unique=8 overflow=87 pre=07f51d8f post=07f51d8f avg_probe=1.056ms max_probe=1.501ms
W (248079) rc_video: [CAM-DIAG-C16H] LIGHT stage=periodic window=16 sensor=real display=camera idle=0ms full_probe=0 cache=c2m frames=30 changes=29 sync_changes=0 sync_calls=30 sync_skips=0 unique=8 overflow=22 pre=daef3d3e post=daef3d3e avg_probe=1.071ms max_probe=1.884ms
I (248093) rc_video: [CAM-DIAG-C16H] HEALTH window=16 display_frame=1395 guard_errors=0 quiesce=1395 resume_before=1394 lifecycle_errors=0 cache_sync_err=0 overlap=0 finish_collision=0
W (252829) rc_video: [CAM-DIAG-C16H] LIGHT stage=periodic window=16 sensor=real display=camera idle=0ms full_probe=0 cache=c2m frames=60 changes=59 sync_changes=0 sync_calls=60 sync_skips=0 unique=8 overflow=52 pre=ace6316f post=ace6316f avg_probe=1.061ms max_probe=1.884ms
I (252843) rc_video: [CAM-DIAG-C16H] HEALTH window=16 display_frame=1425 guard_errors=0 quiesce=1425 resume_before=1424 lifecycle_errors=0 cache_sync_err=0 overlap=0 finish_collision=0
W (257577) rc_video: [CAM-DIAG-C16H] LIGHT stage=periodic window=16 sensor=real display=camera idle=0ms full_probe=0 cache=c2m frames=90 changes=89 sync_changes=0 sync_calls=90 sync_skips=0 unique=8 overflow=82 pre=59552e69 post=59552e69 avg_probe=1.054ms max_probe=1.884ms
I (257591) rc_video: [CAM-DIAG-C16H] HEALTH window=16 display_frame=1455 guard_errors=0 quiesce=1455 resume_before=1454 lifecycle_errors=0 cache_sync_err=0 overlap=0 finish_collision=0
W (262327) rc_video: [CAM-DIAG-C16H] LIGHT stage=periodic window=16 sensor=real display=camera idle=0ms full_probe=0 cache=c2m frames=120 changes=119 sync_changes=0 sync_calls=120 sync_skips=0 unique=8 overflow=112 pre=1cae3f7f post=1cae3f7f avg_probe=1.051ms max_probe=1.884ms
I (262341) rc_video: [CAM-DIAG-C16H] HEALTH window=16 display_frame=1485 guard_errors=0 quiesce=1485 resume_before=1484 lifecycle_errors=0 cache_sync_err=0 overlap=0 finish_collision=0
W (267077) rc_video: [CAM-DIAG-C16H] LIGHT stage=periodic window=16 sensor=real display=camera idle=0ms full_probe=0 cache=c2m frames=150 changes=149 sync_changes=0 sync_calls=150 sync_skips=0 unique=8 overflow=142 pre=09bfa22e post=09bfa22e avg_probe=1.053ms max_probe=1.884ms
I (267090) rc_video: [CAM-DIAG-C16H] HEALTH window=16 display_frame=1515 guard_errors=0 quiesce=1515 resume_before=1514 lifecycle_errors=0 cache_sync_err=0 overlap=0 finish_collision=0
W (271827) rc_video: [CAM-DIAG-C16H] LIGHT stage=periodic window=16 sensor=real display=camera idle=0ms full_probe=0 cache=c2m frames=180 changes=179 sync_changes=0 sync_calls=180 sync_skips=0 unique=8 overflow=172 pre=bb5ea3ee post=bb5ea3ee avg_probe=1.052ms max_probe=1.884ms
I (271840) rc_video: [CAM-DIAG-C16H] HEALTH window=16 display_frame=1545 guard_errors=0 quiesce=1545 resume_before=1544 lifecycle_errors=0 cache_sync_err=0 overlap=0 finish_collision=0
W (276576) rc_video: [CAM-DIAG-C16H] LIGHT stage=periodic window=16 sensor=real display=camera idle=0ms full_probe=0 cache=c2m frames=210 changes=209 sync_changes=0 sync_calls=210 sync_skips=0 unique=8 overflow=202 pre=d910a2e2 post=d910a2e2 avg_probe=1.050ms max_probe=1.884ms
I (276589) rc_video: [CAM-DIAG-C16H] HEALTH window=16 display_frame=1575 guard_errors=0 quiesce=1575 resume_before=1574 lifecycle_errors=0 cache_sync_err=0 overlap=0 finish_collision=0
W (281325) rc_video: [CAM-DIAG-C16H] LIGHT stage=periodic window=16 sensor=real display=camera idle=0ms full_probe=0 cache=c2m frames=240 changes=239 sync_changes=0 sync_calls=240 sync_skips=0 unique=8 overflow=232 pre=d860bea3 post=d860bea3 avg_probe=1.051ms max_probe=1.884ms
I (281339) rc_video: [CAM-DIAG-C16H] HEALTH window=16 display_frame=1605 guard_errors=0 quiesce=1605 resume_before=1604 lifecycle_errors=0 cache_sync_err=0 overlap=0 finish_collision=0
W (286075) rc_video: [CAM-DIAG-C16H] LIGHT stage=periodic window=16 sensor=real display=camera idle=0ms full_probe=0 cache=c2m frames=270 changes=269 sync_changes=0 sync_calls=270 sync_skips=0 unique=8 overflow=262 pre=9d6efd2b post=9d6efd2b avg_probe=1.051ms max_probe=1.884ms
I (286089) rc_video: [CAM-DIAG-C16H] HEALTH window=16 display_frame=1635 guard_errors=0 quiesce=1635 resume_before=1634 lifecycle_errors=0 cache_sync_err=0 overlap=0 finish_collision=0
W (290825) rc_video: [CAM-DIAG-C16H] LIGHT stage=periodic window=16 sensor=real display=camera idle=0ms full_probe=0 cache=c2m frames=300 changes=299 sync_changes=0 sync_calls=300 sync_skips=0 unique=8 overflow=292 pre=79510b04 post=79510b04 avg_probe=1.052ms max_probe=1.884ms
I (290838) rc_video: [CAM-DIAG-C16H] HEALTH window=16 display_frame=1665 guard_errors=0 quiesce=1665 resume_before=1664 lifecycle_errors=0 cache_sync_err=0 overlap=0 finish_collision=0
W (295576) rc_video: [CAM-DIAG-C16H] LIGHT stage=periodic window=16 sensor=real display=camera idle=0ms full_probe=0 cache=c2m frames=330 changes=329 sync_changes=0 sync_calls=330 sync_skips=0 unique=8 overflow=322 pre=f09cd905 post=f09cd905 avg_probe=1.051ms max_probe=1.884ms
I (295589) rc_video: [CAM-DIAG-C16H] HEALTH window=16 display_frame=1695 guard_errors=0 quiesce=1695 resume_before=1694 lifecycle_errors=0 cache_sync_err=0 overlap=0 finish_collision=0
W (300324) rc_video: [CAM-DIAG-C16H] LIGHT stage=periodic window=16 sensor=real display=camera idle=0ms full_probe=0 cache=c2m frames=360 changes=359 sync_changes=0 sync_calls=360 sync_skips=0 unique=8 overflow=352 pre=658857c2 post=658857c2 avg_probe=1.051ms max_probe=1.884ms
I (300337) rc_video: [CAM-DIAG-C16H] HEALTH window=16 display_frame=1725 guard_errors=0 quiesce=1725 resume_before=1724 lifecycle_errors=0 cache_sync_err=0 overlap=0 finish_collision=0
W (305074) rc_video: [CAM-DIAG-C16H] LIGHT stage=periodic window=16 sensor=real display=camera idle=0ms full_probe=0 cache=c2m frames=390 changes=389 sync_changes=0 sync_calls=390 sync_skips=0 unique=8 overflow=382 pre=c6c598e6 post=c6c598e6 avg_probe=1.050ms max_probe=1.884ms
I (305087) rc_video: [CAM-DIAG-C16H] HEALTH window=16 display_frame=1755 guard_errors=0 quiesce=1755 resume_before=1754 lifecycle_errors=0 cache_sync_err=0 overlap=0 finish_collision=0
W (309824) rc_video: [CAM-DIAG-C16H] LIGHT stage=periodic window=16 sensor=real display=camera idle=0ms full_probe=0 cache=c2m frames=420 changes=419 sync_changes=0 sync_calls=420 sync_skips=0 unique=8 overflow=412 pre=d3f474be post=d3f474be avg_probe=1.049ms max_probe=1.884ms
I (309837) rc_video: [CAM-DIAG-C16H] HEALTH window=16 display_frame=1785 guard_errors=0 quiesce=1785 resume_before=1784 lifecycle_errors=0 cache_sync_err=0 overlap=0 finish_collision=0
W (314572) rc_video: [CAM-DIAG-C16H] LIGHT stage=periodic window=16 sensor=real display=camera idle=0ms full_probe=0 cache=c2m frames=450 changes=449 sync_changes=0 sync_calls=450 sync_skips=0 unique=8 overflow=442 pre=226a9558 post=226a9558 avg_probe=1.051ms max_probe=1.884ms
I (314586) rc_video: [CAM-DIAG-C16H] HEALTH window=16 display_frame=1815 guard_errors=0 quiesce=1815 resume_before=1814 lifecycle_errors=0 cache_sync_err=0 overlap=0 finish_collision=0
W (319321) rc_video: [CAM-DIAG-C16H] LIGHT stage=periodic window=16 sensor=real display=camera idle=0ms full_probe=0 cache=c2m frames=480 changes=479 sync_changes=0 sync_calls=480 sync_skips=0 unique=8 overflow=472 pre=9f768eed post=9f768eed avg_probe=1.051ms max_probe=1.884ms
I (319335) rc_video: [CAM-DIAG-C16H] HEALTH window=16 display_frame=1845 guard_errors=0 quiesce=1845 resume_before=1844 lifecycle_errors=0 cache_sync_err=0 overlap=0 finish_collision=0
W (324072) rc_video: [CAM-DIAG-C16H] LIGHT stage=periodic window=16 sensor=real display=camera idle=0ms full_probe=0 cache=c2m frames=510 changes=509 sync_changes=0 sync_calls=510 sync_skips=0 unique=8 overflow=502 pre=5b93181f post=5b93181f avg_probe=1.051ms max_probe=1.884ms
I (324085) rc_video: [CAM-DIAG-C16H] HEALTH window=16 display_frame=1875 guard_errors=0 quiesce=1875 resume_before=1874 lifecycle_errors=0 cache_sync_err=0 overlap=0 finish_collision=0
W (328820) rc_video: [CAM-DIAG-C16H] LIGHT stage=periodic window=16 sensor=real display=camera idle=0ms full_probe=0 cache=c2m frames=540 changes=539 sync_changes=0 sync_calls=540 sync_skips=0 unique=8 overflow=532 pre=fc91fd9b post=fc91fd9b avg_probe=1.050ms max_probe=1.884ms
I (328834) rc_video: [CAM-DIAG-C16H] HEALTH window=16 display_frame=1905 guard_errors=0 quiesce=1905 resume_before=1904 lifecycle_errors=0 cache_sync_err=0 overlap=0 finish_collision=0
W (333570) rc_video: [CAM-DIAG-C16H] LIGHT stage=periodic window=16 sensor=real display=camera idle=0ms full_probe=0 cache=c2m frames=570 changes=569 sync_changes=0 sync_calls=570 sync_skips=0 unique=8 overflow=562 pre=91b5cb29 post=91b5cb29 avg_probe=1.050ms max_probe=1.884ms
I (333584) rc_video: [CAM-DIAG-C16H] HEALTH window=16 display_frame=1935 guard_errors=0 quiesce=1935 resume_before=1934 lifecycle_errors=0 cache_sync_err=0 overlap=0 finish_collision=0
W (338321) rc_video: [CAM-DIAG-C16H] LIGHT stage=periodic window=16 sensor=real display=camera idle=0ms full_probe=0 cache=c2m frames=600 changes=599 sync_changes=0 sync_calls=600 sync_skips=0 unique=8 overflow=592 pre=6a13c54b post=6a13c54b avg_probe=1.050ms max_probe=1.884ms
I (338334) rc_video: [CAM-DIAG-C16H] HEALTH window=16 display_frame=1965 guard_errors=0 quiesce=1965 resume_before=1964 lifecycle_errors=0 cache_sync_err=0 overlap=0 finish_collision=0
W (343069) rc_video: [CAM-DIAG-C16H] LIGHT stage=periodic window=16 sensor=real display=camera idle=0ms full_probe=0 cache=c2m frames=630 changes=629 sync_changes=0 sync_calls=630 sync_skips=0 unique=8 overflow=622 pre=6f0b6f85 post=6f0b6f85 avg_probe=1.050ms max_probe=1.884ms
I (343083) rc_video: [CAM-DIAG-C16H] HEALTH window=16 display_frame=1995 guard_errors=0 quiesce=1995 resume_before=1994 lifecycle_errors=0 cache_sync_err=0 overlap=0 finish_collision=0
W (347819) rc_video: [CAM-DIAG-C16H] LIGHT stage=periodic window=16 sensor=real display=camera idle=0ms full_probe=0 cache=c2m frames=660 changes=659 sync_changes=0 sync_calls=660 sync_skips=0 unique=8 overflow=652 pre=f275cb4b post=f275cb4b avg_probe=1.049ms max_probe=1.884ms
I (347832) rc_video: [CAM-DIAG-C16H] HEALTH window=16 display_frame=2025 guard_errors=0 quiesce=2025 resume_before=2024 lifecycle_errors=0 cache_sync_err=0 overlap=0 finish_collision=0
W (352568) rc_video: [CAM-DIAG-C16H] LIGHT stage=periodic window=16 sensor=real display=camera idle=0ms full_probe=0 cache=c2m frames=690 changes=689 sync_changes=0 sync_calls=690 sync_skips=0 unique=8 overflow=682 pre=1206c271 post=1206c271 avg_probe=1.049ms max_probe=1.884ms
I (352581) rc_video: [CAM-DIAG-C16H] HEALTH window=16 display_frame=2055 guard_errors=0 quiesce=2055 resume_before=2054 lifecycle_errors=0 cache_sync_err=0 overlap=0 finish_collision=0
W (357317) rc_video: [CAM-DIAG-C16H] LIGHT stage=periodic window=16 sensor=real display=camera idle=0ms full_probe=0 cache=c2m frames=720 changes=719 sync_changes=0 sync_calls=720 sync_skips=0 unique=8 overflow=712 pre=00085c5d post=00085c5d avg_probe=1.049ms max_probe=1.884ms
I (357331) rc_video: [CAM-DIAG-C16H] HEALTH window=16 display_frame=2085 guard_errors=0 quiesce=2085 resume_before=2084 lifecycle_errors=0 cache_sync_err=0 overlap=0 finish_collision=0
W (362068) rc_video: [CAM-DIAG-C16H] LIGHT stage=periodic window=16 sensor=real display=camera idle=0ms full_probe=0 cache=c2m frames=750 changes=749 sync_changes=0 sync_calls=750 sync_skips=0 unique=8 overflow=742 pre=6839072a post=6839072a avg_probe=1.049ms max_probe=1.884ms
I (362081) rc_video: [CAM-DIAG-C16H] HEALTH window=16 display_frame=2115 guard_errors=0 quiesce=2115 resume_before=2114 lifecycle_errors=0 cache_sync_err=0 overlap=0 finish_collision=0
