=========================================
Flashing RC Tank Demo - TANK Role to COM7
=========================================
Bootloader:      E:\10__AIProject\7_AI陪伴机器人\CODE\examples\rc_tank_demo\firmware_backup\bootloader_TANK.bin
Partition Table: E:\10__AIProject\7_AI陪伴机器人\CODE\examples\rc_tank_demo\firmware_backup\partition-table_TANK.bin
Application:     E:\10__AIProject\7_AI陪伴机器人\CODE\examples\rc_tank_demo\firmware_backup\rc_tank_demo_TANK.bin

Erasing flash...
esptool.py v4.12.dev2
Serial port COM7
Connecting....
Chip is ESP32-S3 (QFN56) (revision v0.2)
Features: WiFi, BLE
Crystal is 40MHz
MAC: 44:1b:f6:f3:ae:78
Uploading stub...
Running stub...
Stub running...
Erasing flash (this may take a while)...
Chip erase completed successfully in 1.1 seconds.
Hard resetting via RTS pin...

Programming flash...
esptool.py v4.12.dev2
Serial port COM7
Connecting....
Chip is ESP32-S3 (QFN56) (revision v0.2)
Features: WiFi, BLE
Crystal is 40MHz
MAC: 44:1b:f6:f3:ae:78
Uploading stub...
Running stub...
Stub running...
Changing baud rate to 460800
Changed.
Configuring flash size...
Flash will be erased from 0x00000000 to 0x00005fff...
Flash will be erased from 0x00008000 to 0x00008fff...
Flash will be erased from 0x00010000 to 0x00101fff...
SHA digest in image updated
Compressed 20832 bytes to 13347...
Writing at 0x00000000... (100 %)
Wrote 20832 bytes (13347 compressed) at 0x00000000 in 0.4 seconds (effective 432.2 kbit/s)...
Hash of data verified.
Compressed 3072 bytes to 119...
Writing at 0x00008000... (100 %)
Wrote 3072 bytes (119 compressed) at 0x00008000 in 0.0 seconds (effective 1605.9 kbit/s)...
Hash of data verified.
Compressed 990112 bytes to 584691...
Writing at 0x00010000... (2 %)
Writing at 0x0001d29f... (5 %)
Writing at 0x00029bff... (8 %)
Writing at 0x00032993... (11 %)
Writing at 0x0003d7b1... (13 %)
Writing at 0x00044773... (16 %)
Writing at 0x0004aa28... (19 %)
Writing at 0x00050cbb... (22 %)
Writing at 0x000591fe... (25 %)
Writing at 0x00060d4f... (27 %)
Writing at 0x00067ab8... (30 %)
Writing at 0x0006d716... (33 %)
Writing at 0x00073008... (36 %)
Writing at 0x00078c49... (38 %)
Writing at 0x0007eaaf... (41 %)
Writing at 0x0008491a... (44 %)
Writing at 0x0008a9ed... (47 %)
Writing at 0x0009059e... (50 %)
Writing at 0x00095e47... (52 %)
Writing at 0x0009ae55... (55 %)
Writing at 0x000a06dd... (58 %)
Writing at 0x000a5e22... (61 %)
Writing at 0x000ab302... (63 %)
Writing at 0x000b07dc... (66 %)
Writing at 0x000b5fde... (69 %)
Writing at 0x000bc113... (72 %)
Writing at 0x000c1b13... (75 %)
Writing at 0x000c7972... (77 %)
Writing at 0x000cd2c6... (80 %)
Writing at 0x000d2880... (83 %)
Writing at 0x000db889... (86 %)
Writing at 0x000e1834... (88 %)
Writing at 0x000e8642... (91 %)
Writing at 0x000f1a4f... (94 %)
Writing at 0x000f848f... (97 %)
Writing at 0x000fd813... (100 %)
Wrote 990112 bytes (584691 compressed) at 0x00010000 in 13.5 seconds (effective 587.7 kbit/s)...
Hash of data verified.

Leaving...
Hard resetting via RTS pin...

=========================================
Flash completed successfully!
=========================================
