=========================================
Flashing RC Tank Demo - TANK Role to COM7
=========================================
Bootloader:      E:\10__AIProject\7_AI陪伴机器人\CODE\examples\rc_tank_demo\firmware_backup\bootloader_TANK.bin
Partition Table: E:\10__AIProject\7_AI陪伴机器人\CODE\examples\rc_tank_demo\firmware_backup\partition-table_TANK.bin
Application:     E:\10__AIProject\7_AI陪伴机器人\CODE\examples\rc_tank_demo\firmware_backup\rc_tank_demo_TANK.bin

Erasing flash...
esptool.py v4.12.dev2
Serial port COM7
Connecting....
Chip is ESP32-S3 (QFN56) (revision v0.2)
Features: WiFi, BLE
Crystal is 40MHz
MAC: 44:1b:f6:f3:ae:78
Uploading stub...
Running stub...
Stub running...
Erasing flash (this may take a while)...
Chip erase completed successfully in 1.1 seconds.
Hard resetting via RTS pin...

Programming flash...
esptool.py v4.12.dev2
Serial port COM7
Connecting....
Chip is ESP32-S3 (QFN56) (revision v0.2)
Features: WiFi, BLE
Crystal is 40MHz
MAC: 44:1b:f6:f3:ae:78
Uploading stub...
Running stub...
Stub running...
Changing baud rate to 460800
Changed.
Configuring flash size...
Flash will be erased from 0x00000000 to 0x00005fff...
Flash will be erased from 0x00008000 to 0x00008fff...
Flash will be erased from 0x00010000 to 0x00102fff...
SHA digest in image updated
Compressed 20832 bytes to 13347...
Writing at 0x00000000... (100 %)
Wrote 20832 bytes (13347 compressed) at 0x00000000 in 0.4 seconds (effective 432.5 kbit/s)...
Hash of data verified.
Compressed 3072 bytes to 119...
Writing at 0x00008000... (100 %)
Wrote 3072 bytes (119 compressed) at 0x00008000 in 0.0 seconds (effective 1583.5 kbit/s)...
Hash of data verified.
Compressed 991568 bytes to 585345...
Writing at 0x00010000... (2 %)
Writing at 0x0001d29f... (5 %)
Writing at 0x00029bdb... (8 %)
Writing at 0x00032a1c... (11 %)
Writing at 0x0003d97e... (13 %)
Writing at 0x0004475d... (16 %)
Writing at 0x0004aa14... (19 %)
Writing at 0x00050ca7... (22 %)
Writing at 0x00058f97... (25 %)
Writing at 0x00060d5b... (27 %)
Writing at 0x00067aa1... (30 %)
Writing at 0x0006d738... (33 %)
Writing at 0x00073045... (36 %)
Writing at 0x00078c46... (38 %)
Writing at 0x0007ea95... (41 %)
Writing at 0x00084933... (44 %)
Writing at 0x0008aa24... (47 %)
Writing at 0x000905c0... (50 %)
Writing at 0x00095e66... (52 %)
Writing at 0x0009ae92... (55 %)
Writing at 0x000a06f8... (58 %)
Writing at 0x000a5e47... (61 %)
Writing at 0x000ab34b... (63 %)
Writing at 0x000b07ed... (66 %)
Writing at 0x000b5f78... (69 %)
Writing at 0x000bc0bb... (72 %)
Writing at 0x000c1a4b... (75 %)
Writing at 0x000c791f... (77 %)
Writing at 0x000cd2e5... (80 %)
Writing at 0x000d2838... (83 %)
Writing at 0x000db81c... (86 %)
Writing at 0x000e1804... (88 %)
Writing at 0x000e8907... (91 %)
Writing at 0x000f1ca8... (94 %)
Writing at 0x000f8592... (97 %)
Writing at 0x000fda84... (100 %)
Wrote 991568 bytes (585345 compressed) at 0x00010000 in 13.5 seconds (effective 586.9 kbit/s)...
Hash of data verified.

Leaving...
Hard resetting via RTS pin...

=========================================
Flash completed successfully!
=========================================
