=========================================
Flashing RC Tank Demo - TANK Role to COM7
=========================================
Bootloader:      E:\10__AIProject\7_AI陪伴机器人\CODE\examples\rc_tank_demo\firmware_backup\bootloader_TANK.bin
Partition Table: E:\10__AIProject\7_AI陪伴机器人\CODE\examples\rc_tank_demo\firmware_backup\partition-table_TANK.bin
Application:     E:\10__AIProject\7_AI陪伴机器人\CODE\examples\rc_tank_demo\firmware_backup\rc_tank_demo_TANK.bin

Erasing flash...
esptool.py v4.12.dev2
Serial port COM7
Connecting.........
Chip is ESP32-S3 (QFN56) (revision v0.2)
Features: WiFi, BLE
Crystal is 40MHz
MAC: 44:1b:f6:f3:ae:78
Uploading stub...
Running stub...
Stub running...
Erasing flash (this may take a while)...
Chip erase completed successfully in 1.1 seconds.
Hard resetting via RTS pin...

Programming flash...
esptool.py v4.12.dev2
Serial port COM7
Connecting....
Chip is ESP32-S3 (QFN56) (revision v0.2)
Features: WiFi, BLE
Crystal is 40MHz
MAC: 44:1b:f6:f3:ae:78
Uploading stub...
Running stub...
Stub running...
Changing baud rate to 460800
Changed.
Configuring flash size...
Flash will be erased from 0x00000000 to 0x00005fff...
Flash will be erased from 0x00008000 to 0x00008fff...
Flash will be erased from 0x00010000 to 0x00102fff...
SHA digest in image updated
Compressed 20832 bytes to 13349...
Writing at 0x00000000... (100 %)
Wrote 20832 bytes (13349 compressed) at 0x00000000 in 0.4 seconds (effective 431.5 kbit/s)...
Hash of data verified.
Compressed 3072 bytes to 119...
Writing at 0x00008000... (100 %)
Wrote 3072 bytes (119 compressed) at 0x00008000 in 0.0 seconds (effective 1533.8 kbit/s)...
Hash of data verified.
Compressed 991632 bytes to 585424...
Writing at 0x00010000... (2 %)
Writing at 0x0001d254... (5 %)
Writing at 0x00029b26... (8 %)
Writing at 0x00032a5c... (11 %)
Writing at 0x0003d99c... (13 %)
Writing at 0x0004468f... (16 %)
Writing at 0x0004a94b... (19 %)
Writing at 0x00050b40... (22 %)
Writing at 0x00058b51... (25 %)
Writing at 0x00060c13... (27 %)
Writing at 0x00067956... (30 %)
Writing at 0x0006d606... (33 %)
Writing at 0x00072eec... (36 %)
Writing at 0x00078b0c... (38 %)
Writing at 0x0007e933... (41 %)
Writing at 0x000847c0... (44 %)
Writing at 0x0008a8bd... (47 %)
Writing at 0x00090494... (50 %)
Writing at 0x00095d34... (52 %)
Writing at 0x0009ad8e... (55 %)
Writing at 0x000a05c7... (58 %)
Writing at 0x000a5d1f... (61 %)
Writing at 0x000ab21a... (63 %)
Writing at 0x000b06a1... (66 %)
Writing at 0x000b5da3... (69 %)
Writing at 0x000bbfe8... (72 %)
Writing at 0x000c18a4... (75 %)
Writing at 0x000c77c7... (77 %)
Writing at 0x000cd178... (80 %)
Writing at 0x000d2726... (83 %)
Writing at 0x000db659... (86 %)
Writing at 0x000e16bf... (88 %)
Writing at 0x000e88de... (91 %)
Writing at 0x000f1c46... (94 %)
Writing at 0x000f84c8... (97 %)
Writing at 0x000fda6b... (100 %)
Wrote 991632 bytes (585424 compressed) at 0x00010000 in 13.5 seconds (effective 587.3 kbit/s)...
Hash of data verified.

Leaving...
Hard resetting via RTS pin...

=========================================
Flash completed successfully!
=========================================
