=========================================
Flashing RC Tank Demo - TANK Role to COM7
=========================================
Bootloader:      E:\10__AIProject\7_AI陪伴机器人\CODE\examples\rc_tank_demo\firmware_backup\bootloader_TANK.bin
Partition Table: E:\10__AIProject\7_AI陪伴机器人\CODE\examples\rc_tank_demo\firmware_backup\partition-table_TANK.bin
Application:     E:\10__AIProject\7_AI陪伴机器人\CODE\examples\rc_tank_demo\firmware_backup\rc_tank_demo_TANK.bin

Erasing flash...
esptool.py v4.12.dev2
Serial port COM7
Connecting....
Chip is ESP32-S3 (QFN56) (revision v0.2)
Features: WiFi, BLE
Crystal is 40MHz
MAC: 44:1b:f6:f3:ae:78
Uploading stub...
Running stub...
Stub running...
Erasing flash (this may take a while)...
Chip erase completed successfully in 1.1 seconds.
Hard resetting via RTS pin...

Programming flash...
esptool.py v4.12.dev2
Serial port COM7
Connecting..............
Chip is ESP32-S3 (QFN56) (revision v0.2)
Features: WiFi, BLE
Crystal is 40MHz
MAC: 44:1b:f6:f3:ae:78
Uploading stub...
Running stub...
Stub running...
Changing baud rate to 460800
Changed.
Configuring flash size...
Flash will be erased from 0x00000000 to 0x00005fff...
Flash will be erased from 0x00008000 to 0x00008fff...
Flash will be erased from 0x00010000 to 0x00103fff...
SHA digest in image updated
Compressed 20832 bytes to 13347...
Writing at 0x00000000... (100 %)
Wrote 20832 bytes (13347 compressed) at 0x00000000 in 0.4 seconds (effective 432.0 kbit/s)...
Hash of data verified.
Compressed 3072 bytes to 119...
Writing at 0x00008000... (100 %)
Wrote 3072 bytes (119 compressed) at 0x00008000 in 0.0 seconds (effective 1582.7 kbit/s)...
Hash of data verified.
Compressed 995696 bytes to 587674...
Writing at 0x00010000... (2 %)
Writing at 0x0001d382... (5 %)
Writing at 0x00029b0b... (8 %)
Writing at 0x00032ba1... (11 %)
Writing at 0x0003dcf5... (13 %)
Writing at 0x0004456b... (16 %)
Writing at 0x0004a823... (19 %)
Writing at 0x000509ac... (22 %)
Writing at 0x0005821c... (25 %)
Writing at 0x000609c9... (27 %)
Writing at 0x000676e4... (30 %)
Writing at 0x0006d4cc... (33 %)
Writing at 0x00072e7a... (36 %)
Writing at 0x00078a6e... (38 %)
Writing at 0x0007e8ce... (41 %)
Writing at 0x000846d3... (44 %)
Writing at 0x0008a6f9... (47 %)
Writing at 0x0009038f... (50 %)
Writing at 0x00095ccb... (52 %)
Writing at 0x0009ad1f... (55 %)
Writing at 0x000a0506... (58 %)
Writing at 0x000a5cdf... (61 %)
Writing at 0x000ab184... (63 %)
Writing at 0x000b0524... (66 %)
Writing at 0x000b5b15... (69 %)
Writing at 0x000bbf15... (72 %)
Writing at 0x000c17c5... (75 %)
Writing at 0x000c75ca... (77 %)
Writing at 0x000cd08d... (80 %)
Writing at 0x000d24f8... (83 %)
Writing at 0x000db137... (86 %)
Writing at 0x000e13dd... (88 %)
Writing at 0x000e8c2b... (91 %)
Writing at 0x000f1e9b... (94 %)
Writing at 0x000f82a9... (97 %)
Writing at 0x000fdf0f... (100 %)
Wrote 995696 bytes (587674 compressed) at 0x00010000 in 13.6 seconds (effective 585.9 kbit/s)...
Hash of data verified.

Leaving...
Hard resetting via RTS pin...

=========================================
Flash completed successfully!
=========================================
