esptool.py v4.12.dev2
Serial port COM7
Connecting....
Chip is ESP32-S3 (QFN56) (revision v0.2)
Features: WiFi, BLE
Crystal is 40MHz
MAC: 44:1b:f6:f3:ae:78
Uploading stub...
Running stub...
Stub running...
Erasing flash (this may take a while)...
Chip erase completed successfully in 1.1 seconds.
Hard resetting via RTS pin...
esptool.py v4.12.dev2
Serial port COM7
Connecting.........
Chip is ESP32-S3 (QFN56) (revision v0.2)
Features: WiFi, BLE
Crystal is 40MHz
MAC: 44:1b:f6:f3:ae:78
Uploading stub...
Running stub...
Stub running...
Changing baud rate to 460800
Changed.
Configuring flash size...
Flash will be erased from 0x00000000 to 0x00005fff...
Flash will be erased from 0x00008000 to 0x00008fff...
Flash will be erased from 0x00010000 to 0x00103fff...
SHA digest in image updated
Compressed 20832 bytes to 13349...
Writing at 0x00000000... (100 %)
Wrote 20832 bytes (13349 compressed) at 0x00000000 in 0.4 seconds (effective 431.5 kbit/s)...
Hash of data verified.
Compressed 3072 bytes to 119...
Writing at 0x00008000... (100 %)
Wrote 3072 bytes (119 compressed) at 0x00008000 in 0.0 seconds (effective 1582.8 kbit/s)...
Hash of data verified.
Compressed 998000 bytes to 588872...
Writing at 0x00010000... (2 %)
Writing at 0x0001d3c5... (5 %)
Writing at 0x00029ae2... (8 %)
Writing at 0x00032c08... (11 %)
Writing at 0x0003df05... (13 %)
Writing at 0x00044513... (16 %)
Writing at 0x0004a791... (19 %)
Writing at 0x000509b3... (22 %)
Writing at 0x00057acc... (25 %)
Writing at 0x00060950... (27 %)
Writing at 0x0006738d... (30 %)
Writing at 0x0006d4d7... (33 %)
Writing at 0x00072def... (36 %)
Writing at 0x00078a5c... (38 %)
Writing at 0x0007e8be... (41 %)
Writing at 0x00084650... (44 %)
Writing at 0x0008a6f7... (47 %)
Writing at 0x000902b5... (50 %)
Writing at 0x00095cd4... (52 %)
Writing at 0x0009ad69... (55 %)
Writing at 0x000a04fa... (58 %)
Writing at 0x000a5c34... (61 %)
Writing at 0x000ab109... (63 %)
Writing at 0x000b04de... (66 %)
Writing at 0x000b5ae3... (69 %)
Writing at 0x000bbed9... (72 %)
Writing at 0x000c176b... (75 %)
Writing at 0x000c7546... (77 %)
Writing at 0x000ccf59... (80 %)
Writing at 0x000d253b... (83 %)
Writing at 0x000dafe3... (86 %)
Writing at 0x000e1286... (88 %)
Writing at 0x000e8dec... (91 %)
Writing at 0x000f1f50... (94 %)
Writing at 0x000f83fa... (97 %)
Writing at 0x000fe1f4... (100 %)
Wrote 998000 bytes (588872 compressed) at 0x00010000 in 13.6 seconds (effective 586.0 kbit/s)...
Hash of data verified.

Leaving...
Hard resetting via RTS pin...
