W (45309) rc_tank: [CAM-DIAG-C16M] WINDOW_01 repeat: wifi=off camera=off display=black cache=none; camera_init=next
W (45309) rc_video: [CAM-DIAG-C16M] PROFILE window=1 sensor=real display=camera idle=0ms full_probe=0 cache=none capture=0
I (45318) rc_tank: [STEP] Camera init starting...
I (45323) rc_video: Initializing camera (SP0A39 640x480 VYUY)
W (45328) rc_video: [CAM-DIAG-C16M] direct DVP init core=0; Wi-Fi task core=0; free_internal=231355 largest_internal_dma=110592
I (45340) board_camera: initializing SP0A39 camera mode=0 640x480
I (45345) camera_hal: init SP0A39 DVP 640x480 (SCCB manual mode)
I (45351) camera_hal: configuring IOEX pins for camera RESET/PWDN
I (45358) camera_hal: PWDN=HIGH (power down)
I (45371) camera_hal: PWDN=LOW (release sensor)
I (45571) camera_hal: RESET=LOW (assert reset)
I (45591) camera_hal: RESET=HIGH (release reset)
I (46591) camera_hal: full I2C scan after camera power-up (diagnostic only)...
I (46593) camera_hal:   post-powerup ACK at 0x15
I (46593) camera_hal:   post-powerup ACK at 0x18
I (46596) camera_hal:   post-powerup ACK at 0x21
I (46600) camera_hal:   post-powerup ACK at 0x22
I (46608) camera_hal:   post-powerup ACK at 0x40
I (46610) camera_hal:   post-powerup ACK at 0x51
I (46616) camera_hal:   post-powerup ACK at 0x68
I (46619) camera_hal: DVP GPIO diagnostics (checking PCLK/VSYNC/HSYNC activity)...
I (46685) camera_hal: DVP diagnostics: PCLK_changes=0 VSYNC_changes=0 HSYNC_changes=0
W (46685) camera_hal: PCLK has no transitions - MCLK likely not reaching sensor or sensor not active
I (46690) camera_hal: using sensor address 0x21
I (46695) camera_hal: SP0A39 I2C device added at 0x21
I (46701) camera_hal: SP0A39 chip ID: 0x0A39
I (46823) camera_hal: SP0A39 register init done: VYUY 640x480 (359 regs)
I (46824) camera_hal: [CAM-PROBE] SP0A39 p0_31 stage=post_table value=0x00 expected=0x01
E (46826) camera_hal: camera_hal_verify_expected_output_p0_31(92): unexpected p0_31=0x00 at post_table
W (46836) camera_hal: [CAM-PROBE] output state differs after table; continuing: ESP_ERR_INVALID_RESPONSE
I (46865) camera_hal: [CAM-PROBE] SP0A39 p0_31 stage=post_delay value=0x01 expected=0x01
I (46866) camera_hal: camera HAL initialized (sensor ready, DVP capture not yet implemented)
I (46870) board_camera: camera ready
I (46878) camera_hal: SP0A39 output regs: P0:1c=0x00 P0:30=0x01 P0:31=0x01 P1:32=0x15 P1:34=0xeb P1:35=0x00 P1:36=0x10
I (47011) rc_video:   3 DMA-capable PSRAM framebuffers allocated (600 KB each)
W (47053) rc_video: [CAM-DIAG-C16M] capture handoff uses rc_capture_pool + backup
W (47053) rc_video: [DEBUG-C151] buffers fb0=0x3c0e0ec0 fb1=0x3c177000 fb2=0x3c20d140 backup=0x3c2a3280 payload=614400 storage=614400 alloc=614656 terminal_guard=256
W (47064) rc_video: [DEBUG-C151] heap stage=framebuffers_allocated intact=1
W (47073) rc_video: [DEBUG-C151] heap stage=dvp_controller_created_before_start intact=1
W (47078) rc_video: [CAM-DIAG-C16M] direct DVP controller created; free_internal=229175 largest_internal_dma=110592
I (47089) rc_video: Camera initialized
I (47092) rc_tank: [STEP] Camera init OK
W (47096) rc_tank: [CAM-DIAG-C16M] GDMA_PRIORITY window=2 requested=0 result=ESP_OK
W (47103) rc_tank: [CAM-DIAG-C16M] TSF_GUARD window=2 beacon=0 after=0us budget=0us result=ESP_OK
W (47112) rc_tank: [CAM-DIAG-C16M] TSF_TARGET window=2 phase=0us tolerance=0us result=ESP_OK
W (47120) rc_tank: [CAM-DIAG-C16M] RGB_GAIN window=2 requested=100 result=ESP_OK
W (47127) rc_video: [CAM-DIAG-C16M] PROFILE window=2 sensor=real display=camera idle=0ms full_probe=0 cache=c2m capture=0
W (47138) rc_tank: [CAM-DIAG-C16M] WINDOW_02 start: wifi=off sensor=real display=camera idle=0ms full_probe=off cache=c2m gdma_prio=0 protocol=off beacon=0 guard_after=0us capture_budget=0us target=0us tolerance=0us rgb_gain=100%
W (47138) rc_video: [CAM-DIAG-C16M] LIGHT stage=complete window=1 sensor=real display=camera idle=0ms full_probe=0 cache=none frames=0 changes=0 sync_changes=0 sync_calls=0 sync_skips=0 unique=0 overflow=0 pre=00000000 post=00000000 luma_avg=0.0 luma_min=255 luma_max=0 luma_last=0 avg_probe=0.000ms max_probe=0.000ms tsf_waits=0 tsf_wait_us=0 tsf_wait_max_global_us=0 launch_phase_samples=0 launch_phase_avg=0.0 launch_phase_min=0 launch_phase_max=0 tsf_errors=0
I (47160) camera_hal: [CAM-PROBE] SP0A39 p0_31 stage=dvp_started value=0x01 expected=0x01
W (47206) rc_video: [CAM-DIAG-C16M] scaled camera preview enabled (240x180 at 80,0; DVP started)
W (47214) rc_tank: [CAM-DIAG-C16M] burst-64 VYUY camera preview started while Wi-Fi is off
W (51565) rc_video: [CAM-DIAG-C16M] LIGHT stage=periodic window=2 sensor=real display=camera idle=0ms full_probe=0 cache=c2m frames=30 changes=29 sync_changes=0 sync_calls=30 sync_skips=0 unique=8 overflow=22 pre=1785ff69 post=1785ff69 luma_avg=89.9 luma_min=47 luma_max=92 luma_last=92 avg_probe=1.077ms max_probe=1.564ms tsf_waits=0 tsf_wait_us=0 tsf_wait_max_global_us=0 launch_phase_samples=0 launch_phase_avg=0.0 launch_phase_min=0 launch_phase_max=0 tsf_errors=0
I (51595) rc_video: [CAM-DIAG-C16M] HEALTH window=2 display_frame=30 guard_errors=0 quiesce=30 resume_before=29 lifecycle_errors=0 cache_sync_err=0 overlap=0 finish_collision=0 tsf_waits=0 tsf_wait_us=0 tsf_wait_max_global_us=0 target=0 tolerance=0 launch_samples=0 launch_min=0 launch_max=0 rgb_gain=100 tsf_errors=0
W (56117) rc_video: [CAM-DIAG-C16M] LIGHT stage=periodic window=2 sensor=real display=camera idle=0ms full_probe=0 cache=c2m frames=60 changes=59 sync_changes=0 sync_calls=60 sync_skips=0 unique=8 overflow=52 pre=8e572d11 post=8e572d11 luma_avg=90.6 luma_min=47 luma_max=92 luma_last=91 avg_probe=1.069ms max_probe=1.564ms tsf_waits=0 tsf_wait_us=0 tsf_wait_max_global_us=0 launch_phase_samples=0 launch_phase_avg=0.0 launch_phase_min=0 launch_phase_max=0 tsf_errors=0
I (56147) rc_video: [CAM-DIAG-C16M] HEALTH window=2 display_frame=60 guard_errors=0 quiesce=60 resume_before=59 lifecycle_errors=0 cache_sync_err=0 overlap=0 finish_collision=0 tsf_waits=0 tsf_wait_us=0 tsf_wait_max_global_us=0 target=0 tolerance=0 launch_samples=0 launch_min=0 launch_max=0 rgb_gain=100 tsf_errors=0
W (57222) rc_tank: [DEBUG-C151] heap stage=window_2_end intact=1
W (57225) camera_hal: [CAM-DIAG-C16I] SP0A39 test_pattern=on P1:32 before=0x15 write=0x95 read=0x80 expected_bit=0x80
W (57327) rc_tank: [CAM-DIAG-C16M] GDMA_PRIORITY window=3 requested=0 result=ESP_OK
W (57327) rc_tank: [CAM-DIAG-C16M] TSF_GUARD window=3 beacon=0 after=0us budget=0us result=ESP_OK
W (57332) rc_tank: [CAM-DIAG-C16M] TSF_TARGET window=3 phase=0us tolerance=0us result=ESP_OK
W (57340) rc_tank: [CAM-DIAG-C16M] RGB_GAIN window=3 requested=100 result=ESP_OK
W (57347) rc_video: [CAM-DIAG-C16M] PROFILE window=3 sensor=pattern display=camera idle=0ms full_probe=0 cache=c2m capture=68
W (57358) rc_tank: [CAM-DIAG-C16M] WINDOW_03 start: wifi=off sensor=pattern display=camera idle=0ms full_probe=off cache=c2m gdma_prio=0 protocol=off beacon=0 guard_after=0us capture_budget=0us target=0us tolerance=0us rgb_gain=100%
W (57503) rc_video: [CAM-DIAG-C16M] LIGHT stage=complete window=2 sensor=real display=camera idle=0ms full_probe=0 cache=c2m frames=69 changes=68 sync_changes=0 sync_calls=69 sync_skips=0 unique=8 overflow=61 pre=f24db51b post=f24db51b luma_avg=91.8 luma_min=47 luma_max=129 luma_last=123 avg_probe=1.071ms max_probe=1.564ms tsf_waits=0 tsf_wait_us=0 tsf_wait_max_global_us=0 launch_phase_samples=0 launch_phase_avg=0.0 launch_phase_min=0 launch_phase_max=0 tsf_errors=0
W (61777) rc_video: [CAM-DIAG-C16M] LIGHT stage=periodic window=3 sensor=pattern display=camera idle=0ms full_probe=0 cache=c2m frames=30 changes=0 sync_changes=0 sync_calls=30 sync_skips=0 unique=1 overflow=0 pre=f24db51b post=f24db51b luma_avg=123.0 luma_min=123 luma_max=123 luma_last=123 avg_probe=1.062ms max_probe=1.125ms tsf_waits=0 tsf_wait_us=0 tsf_wait_max_global_us=0 launch_phase_samples=0 launch_phase_avg=0.0 launch_phase_min=0 launch_phase_max=0 tsf_errors=0
I (61807) rc_video: [CAM-DIAG-C16M] HEALTH window=3 display_frame=99 guard_errors=0 quiesce=99 resume_before=98 lifecycle_errors=0 cache_sync_err=0 overlap=0 finish_collision=0 tsf_waits=0 tsf_wait_us=0 tsf_wait_max_global_us=0 target=0 tolerance=0 launch_samples=0 launch_min=0 launch_max=0 rgb_gain=100 tsf_errors=0
W (66051) rc_video: [CAM-DIAG-C16M] LIGHT stage=periodic window=3 sensor=pattern display=camera idle=0ms full_probe=0 cache=c2m frames=60 changes=0 sync_changes=0 sync_calls=60 sync_skips=0 unique=1 overflow=0 pre=f24db51b post=f24db51b luma_avg=123.0 luma_min=123 luma_max=123 luma_last=123 avg_probe=1.062ms max_probe=1.125ms tsf_waits=0 tsf_wait_us=0 tsf_wait_max_global_us=0 launch_phase_samples=0 launch_phase_avg=0.0 launch_phase_min=0 launch_phase_max=0 tsf_errors=0
I (66082) rc_video: [CAM-DIAG-C16M] HEALTH window=3 display_frame=129 guard_errors=0 quiesce=129 resume_before=128 lifecycle_errors=0 cache_sync_err=0 overlap=0 finish_collision=0 tsf_waits=0 tsf_wait_us=0 tsf_wait_max_global_us=0 target=0 tolerance=0 launch_samples=0 launch_min=0 launch_max=0 rgb_gain=100 tsf_errors=0
W (67378) rc_tank: [DEBUG-C151] heap stage=window_3_end_before_network intact=1
I (67379) rc_tank: [STEP] Network init starting...
I (67380) rc_net: Initializing as SoftAP (Tank)
I (67385) pp: pp rom version: e7ae62f
I (67387) net80211: net80211 rom version: e7ae62f
I (67394) wifi:wifi driver task: 3fcd050c, prio:23, stack:6656, core=0
I (67402) wifi:wifi firmware version: 0947e8b
I (67402) wifi:wifi certification version: v7.0
I (67406) wifi:config NVS flash: enabled
I (67409) wifi:config nano formatting: disabled
I (67414) wifi:Init data frame dynamic rx buffer num: 32
I (67419) wifi:Init static rx mgmt buffer num: 5
I (67423) wifi:Init management short buffer num: 32
I (67427) wifi:Init dynamic tx buffer num: 64
I (67432) wifi:Init static tx FG buffer num: 2
I (67436) wifi:Init static rx buffer size: 1600
I (67440) wifi:Init static rx buffer num: 10
I (67444) wifi:Init dynamic rx buffer num: 32
I (67449) wifi_init: rx ba win: 6
I (67451) wifi_init: accept mbox: 6
I (67454) wifi_init: tcpip mbox: 16
I (67457) wifi_init: udp mbox: 6
I (67460) wifi_init: tcp mbox: 6
I (67463) wifi_init: tcp tx win: 5760
I (67467) wifi_init: tcp rx win: 5760
I (67470) wifi_init: tcp mss: 1440
I (67473) wifi_init: WiFi IRAM OP enabled
I (67477) wifi_init: WiFi RX IRAM OP enabled
I (67482) rc_net: AP set_mode/config, SSID=RC_TANK_F3AE79 ch=1
I (67559) phy_init: phy_version 711,97bcf0a2,Aug 25 2025,19:04:10
W (67559) phy_init: failed to load RF calibration data (0x1102), falling back to full calibration
I (67594) phy_init: Saving new calibration data due to checksum failure or outdated calibration data, mode(2)
I (67605) wifi:mode : softAP (44:1b:f6:f3:ae:79)
I (67611) wifi:Total power save buffer number: 32
I (67613) wifi:Init max length of beacon: 752/752
I (67614) wifi:Init max length of beacon: 752/752
I (67616) rc_net: SoftAP started, SSID: RC_TANK_F3AE79, Password: 12345678
I (67618) esp_netif_lwip: DHCP server started on interface WIFI_AP_DEF with IP: 192.168.4.1
I (67629) rc_tank: [STEP] Network init OK
I (67633) rc_tank: Tank SoftAP ready, waiting for remote...
W (67638) rc_tank: [CAM-DIAG-C16M] GDMA_PRIORITY window=4 requested=0 result=ESP_OK
W (67646) rc_tank: [CAM-DIAG-C16M] PROTOCOL window=4 before=0x07 requested=0x07 after=0x07 name=bgn changed=0
I (67660) wifi:Total power save buffer number: 32
W (67662) rc_tank: [CAM-DIAG-C16M] BEACON window=4 before=100 requested=200 after=200 changed=1
I (67664) esp_netif_lwip: DHCP server started on interface WIFI_AP_DEF with IP: 192.168.4.1
W (67676) rc_tank: [CAM-DIAG-C16M] TSF_GUARD window=4 beacon=200 after=0us budget=0us result=ESP_OK
W (67685) rc_tank: [CAM-DIAG-C16M] TSF_TARGET window=4 phase=0us tolerance=0us result=ESP_OK
W (67693) rc_tank: [CAM-DIAG-C16M] RGB_GAIN window=4 requested=100 result=ESP_OK
W (67700) rc_video: [CAM-DIAG-C16M] PROFILE window=4 sensor=pattern display=camera idle=0ms full_probe=0 cache=c2m capture=140
W (67711) rc_tank: [CAM-DIAG-C16M] WINDOW_04 start: wifi=on sensor=pattern display=camera idle=0ms full_probe=off cache=c2m gdma_prio=0 protocol=bgn beacon=200 guard_after=0us capture_budget=0us target=0us tolerance=0us rgb_gain=100%
W (67724) rc_video: [CAM-DIAG-C16M] LIGHT stage=complete window=3 sensor=pattern display=camera idle=0ms full_probe=0 cache=c2m frames=71 changes=2 sync_changes=0 sync_calls=71 sync_skips=0 unique=3 overflow=0 pre=b3e7fd01 post=b3e7fd01 luma_avg=123.0 luma_min=105 luma_max=138 luma_last=105 avg_probe=1.075ms max_probe=1.521ms tsf_waits=0 tsf_wait_us=0 tsf_wait_max_global_us=0 launch_phase_samples=0 launch_phase_avg=0.0 launch_phase_min=0 launch_phase_max=0 tsf_errors=0
W (72424) rc_video: [CAM-DIAG-C16M] LIGHT stage=periodic window=4 sensor=pattern display=camera idle=0ms full_probe=0 cache=c2m frames=30 changes=15 sync_changes=0 sync_calls=30 sync_skips=0 unique=8 overflow=1 pre=f24db51b post=f24db51b luma_avg=125.8 luma_min=123 luma_max=147 luma_last=123 avg_probe=1.113ms max_probe=1.480ms tsf_waits=0 tsf_wait_us=0 tsf_wait_max_global_us=0 launch_phase_samples=0 launch_phase_avg=0.0 launch_phase_min=0 launch_phase_max=0 tsf_errors=0
I (72455) rc_video: [CAM-DIAG-C16M] HEALTH window=4 display_frame=170 guard_errors=0 quiesce=170 resume_before=169 lifecycle_errors=0 cache_sync_err=0 overlap=0 finish_collision=0 tsf_waits=0 tsf_wait_us=0 tsf_wait_max_global_us=0 target=0 tolerance=0 launch_samples=0 launch_min=0 launch_max=0 rgb_gain=100 tsf_errors=0
W (77173) rc_video: [CAM-DIAG-C16M] LIGHT stage=periodic window=4 sensor=pattern display=camera idle=0ms full_probe=0 cache=c2m frames=60 changes=34 sync_changes=0 sync_calls=60 sync_skips=0 unique=8 overflow=10 pre=83a13433 post=83a13433 luma_avg=126.6 luma_min=113 luma_max=157 luma_last=155 avg_probe=1.108ms max_probe=1.480ms tsf_waits=0 tsf_wait_us=0 tsf_wait_max_global_us=0 launch_phase_samples=0 launch_phase_avg=0.0 launch_phase_min=0 launch_phase_max=0 tsf_errors=0
I (77204) rc_video: [CAM-DIAG-C16M] HEALTH window=4 display_frame=200 guard_errors=0 quiesce=200 resume_before=199 lifecycle_errors=0 cache_sync_err=0 overlap=0 finish_collision=0 tsf_waits=0 tsf_wait_us=0 tsf_wait_max_global_us=0 target=0 tolerance=0 launch_samples=0 launch_min=0 launch_max=0 rgb_gain=100 tsf_errors=0
W (77732) rc_tank: [CAM-DIAG-C16M] GDMA_PRIORITY window=5 requested=0 result=ESP_OK
W (77733) rc_tank: [CAM-DIAG-C16M] PROTOCOL window=5 before=0x07 requested=0x07 after=0x07 name=bgn changed=0
W (77739) rc_tank: [CAM-DIAG-C16M] BEACON window=5 before=200 requested=200 after=200 changed=0
W (77747) rc_tank: [CAM-DIAG-C16M] TSF_GUARD window=5 beacon=200 after=20000us budget=60000us result=ESP_OK
W (77756) rc_tank: [CAM-DIAG-C16M] TSF_TARGET window=5 phase=0us tolerance=0us result=ESP_OK
W (77764) rc_tank: [CAM-DIAG-C16M] RGB_GAIN window=5 requested=100 result=ESP_OK
W (77772) rc_video: [CAM-DIAG-C16M] PROFILE window=5 sensor=pattern display=camera idle=0ms full_probe=0 cache=c2m capture=204
W (77783) rc_tank: [CAM-DIAG-C16M] WINDOW_05 start: wifi=on sensor=pattern display=camera idle=0ms full_probe=off cache=c2m gdma_prio=0 protocol=bgn beacon=200 guard_after=20000us capture_budget=60000us target=0us tolerance=0us rgb_gain=100%
W (77922) rc_video: [CAM-DIAG-C16M] LIGHT stage=complete window=4 sensor=pattern display=camera idle=0ms full_probe=0 cache=c2m frames=64 changes=38 sync_changes=0 sync_calls=64 sync_skips=0 unique=8 overflow=13 pre=cc6552c4 post=cc6552c4 luma_avg=127.0 luma_min=113 luma_max=157 luma_last=135 avg_probe=1.114ms max_probe=1.518ms tsf_waits=2 tsf_wait_us=71869 tsf_wait_max_global_us=70254 launch_phase_samples=1 launch_phase_avg=20069.0 launch_phase_min=20069 launch_phase_max=20069 tsf_errors=0
W (83981) rc_video: [CAM-DIAG-C16M] LIGHT stage=periodic window=5 sensor=pattern display=camera idle=0ms full_probe=0 cache=c2m frames=30 changes=11 sync_changes=0 sync_calls=30 sync_skips=0 unique=7 overflow=0 pre=f24db51b post=f24db51b luma_avg=123.9 luma_min=117 luma_max=136 luma_last=123 avg_probe=1.129ms max_probe=1.147ms tsf_waits=67 tsf_wait_us=1947495 tsf_wait_max_global_us=83483 launch_phase_samples=30 launch_phase_avg=20074.3 launch_phase_min=20052 launch_phase_max=20110 tsf_errors=0
I (84014) rc_video: [CAM-DIAG-C16M] HEALTH window=5 display_frame=234 guard_errors=0 quiesce=234 resume_before=233 lifecycle_errors=0 cache_sync_err=0 overlap=0 finish_collision=0 tsf_waits=69 tsf_wait_us=2019364 tsf_wait_max_global_us=83483 target=0 tolerance=0 launch_samples=30 launch_min=20052 launch_max=20110 rgb_gain=100 tsf_errors=0
W (87804) rc_tank: [CAM-DIAG-C16M] GDMA_PRIORITY window=6 requested=0 result=ESP_OK
W (87805) rc_tank: [CAM-DIAG-C16M] PROTOCOL window=6 before=0x07 requested=0x07 after=0x07 name=bgn changed=0
W (87811) rc_tank: [CAM-DIAG-C16M] BEACON window=6 before=200 requested=200 after=200 changed=0
W (87819) rc_tank: [CAM-DIAG-C16M] TSF_GUARD window=6 beacon=200 after=0us budget=60000us result=ESP_OK
W (87828) rc_tank: [CAM-DIAG-C16M] TSF_TARGET window=6 phase=20000us tolerance=2000us result=ESP_OK
W (87837) rc_tank: [CAM-DIAG-C16M] RGB_GAIN window=6 requested=100 result=ESP_OK
W (87844) rc_video: [CAM-DIAG-C16M] PROFILE window=6 sensor=pattern display=camera idle=0ms full_probe=0 cache=c2m capture=253
W (87855) rc_tank: [CAM-DIAG-C16M] WINDOW_06 start: wifi=on sensor=pattern display=camera idle=0ms full_probe=off cache=c2m gdma_prio=0 protocol=bgn beacon=200 guard_after=0us capture_budget=60000us target=20000us tolerance=2000us rgb_gain=100%
W (87957) rc_video: [CAM-DIAG-C16M] LIGHT stage=complete window=5 sensor=pattern display=camera idle=0ms full_probe=0 cache=c2m frames=49 changes=16 sync_changes=0 sync_calls=49 sync_skips=0 unique=8 overflow=2 pre=11be5cd1 post=11be5cd1 luma_avg=124.8 luma_min=117 luma_max=150 luma_last=150 avg_probe=1.137ms max_probe=1.518ms tsf_waits=118 tsf_wait_us=3219453 tsf_wait_max_global_us=83483 launch_phase_samples=1 launch_phase_avg=20066.0 launch_phase_min=20066 launch_phase_max=20066 tsf_errors=0
W (94034) rc_video: [CAM-DIAG-C16M] LIGHT stage=periodic window=6 sensor=pattern display=camera idle=0ms full_probe=0 cache=c2m frames=30 changes=12 sync_changes=0 sync_calls=30 sync_skips=0 unique=8 overflow=0 pre=f24db51b post=f24db51b luma_avg=126.9 luma_min=123 luma_max=152 luma_last=123 avg_probe=1.129ms max_probe=1.139ms tsf_waits=76 tsf_wait_us=1998843 tsf_wait_max_global_us=84648 launch_phase_samples=30 launch_phase_avg=20065.8 launch_phase_min=20052 launch_phase_max=20104 tsf_errors=0
I (94067) rc_video: [CAM-DIAG-C16M] HEALTH window=6 display_frame=283 guard_errors=0 quiesce=283 resume_before=282 lifecycle_errors=0 cache_sync_err=0 overlap=0 finish_collision=0 tsf_waits=196 tsf_wait_us=5290165 tsf_wait_max_global_us=84648 target=20000 tolerance=2000 launch_samples=30 launch_min=20052 launch_max=20104 rgb_gain=100 tsf_errors=0
W (97876) rc_tank: [CAM-DIAG-C16M] GDMA_PRIORITY window=7 requested=0 result=ESP_OK
W (97877) rc_tank: [CAM-DIAG-C16M] PROTOCOL window=7 before=0x07 requested=0x07 after=0x07 name=bgn changed=0
W (97882) rc_tank: [CAM-DIAG-C16M] BEACON window=7 before=200 requested=200 after=200 changed=0
W (97891) rc_tank: [CAM-DIAG-C16M] TSF_GUARD window=7 beacon=200 after=0us budget=60000us result=ESP_OK
W (97900) rc_tank: [CAM-DIAG-C16M] TSF_TARGET window=7 phase=40000us tolerance=2000us result=ESP_OK
W (97908) rc_tank: [CAM-DIAG-C16M] RGB_GAIN window=7 requested=100 result=ESP_OK
W (97916) rc_video: [CAM-DIAG-C16M] PROFILE window=7 sensor=pattern display=camera idle=0ms full_probe=0 cache=c2m capture=302
W (97927) rc_tank: [CAM-DIAG-C16M] WINDOW_07 start: wifi=on sensor=pattern display=camera idle=0ms full_probe=off cache=c2m gdma_prio=0 protocol=bgn beacon=200 guard_after=0us capture_budget=60000us target=40000us tolerance=2000us rgb_gain=100%
W (98012) rc_video: [CAM-DIAG-C16M] LIGHT stage=complete window=6 sensor=pattern display=camera idle=0ms full_probe=0 cache=c2m frames=49 changes=19 sync_changes=0 sync_calls=49 sync_skips=0 unique=8 overflow=4 pre=f24db51b post=f24db51b luma_avg=126.5 luma_min=122 luma_max=155 luma_last=123 avg_probe=1.136ms max_probe=1.443ms tsf_waits=128 tsf_wait_us=3332443 tsf_wait_max_global_us=95531 launch_phase_samples=1 launch_phase_avg=40103.0 launch_phase_min=40103 launch_phase_max=40103 tsf_errors=0
W (104088) rc_video: [CAM-DIAG-C16M] LIGHT stage=periodic window=7 sensor=pattern display=camera idle=0ms full_probe=0 cache=c2m frames=30 changes=10 sync_changes=0 sync_calls=30 sync_skips=0 unique=7 overflow=0 pre=f24db51b post=f24db51b luma_avg=125.0 luma_min=123 luma_max=141 luma_last=123 avg_probe=1.129ms max_probe=1.139ms tsf_waits=69 tsf_wait_us=1966164 tsf_wait_max_global_us=95531 launch_phase_samples=30 launch_phase_avg=40072.2 launch_phase_min=40052 launch_phase_max=40103 tsf_errors=0
I (104121) rc_video: [CAM-DIAG-C16M] HEALTH window=7 display_frame=332 guard_errors=0 quiesce=332 resume_before=331 lifecycle_errors=0 cache_sync_err=0 overlap=0 finish_collision=0 tsf_waits=317 tsf_wait_us=8589929 tsf_wait_max_global_us=95531 target=40000 tolerance=2000 launch_samples=30 launch_min=40052 launch_max=40103 rgb_gain=100 tsf_errors=0
W (107948) rc_tank: [CAM-DIAG-C16M] GDMA_PRIORITY window=8 requested=0 result=ESP_OK
W (107949) rc_tank: [CAM-DIAG-C16M] PROTOCOL window=8 before=0x07 requested=0x07 after=0x07 name=bgn changed=0
W (107955) rc_tank: [CAM-DIAG-C16M] BEACON window=8 before=200 requested=200 after=200 changed=0
W (107963) rc_tank: [CAM-DIAG-C16M] TSF_GUARD window=8 beacon=200 after=0us budget=60000us result=ESP_OK
W (107972) rc_tank: [CAM-DIAG-C16M] TSF_TARGET window=8 phase=60000us tolerance=2000us result=ESP_OK
W (107981) rc_tank: [CAM-DIAG-C16M] RGB_GAIN window=8 requested=100 result=ESP_OK
W (107988) rc_video: [CAM-DIAG-C16M] PROFILE window=8 sensor=pattern display=camera idle=0ms full_probe=0 cache=c2m capture=351
W (107999) rc_tank: [CAM-DIAG-C16M] WINDOW_08 start: wifi=on sensor=pattern display=camera idle=0ms full_probe=off cache=c2m gdma_prio=0 protocol=bgn beacon=200 guard_after=0us capture_budget=60000us target=60000us tolerance=2000us rgb_gain=100%
W (108008) rc_video: [CAM-DIAG-C16M] LIGHT stage=complete window=7 sensor=pattern display=camera idle=0ms full_probe=0 cache=c2m frames=49 changes=18 sync_changes=0 sync_calls=49 sync_skips=0 unique=8 overflow=3 pre=f24db51b post=f24db51b luma_avg=125.1 luma_min=123 luma_max=141 luma_last=123 avg_probe=1.128ms max_probe=1.139ms tsf_waits=116 tsf_wait_us=3230086 tsf_wait_max_global_us=95531 launch_phase_samples=1 launch_phase_avg=510.0 launch_phase_min=510 launch_phase_max=510 tsf_errors=0
W (114141) rc_video: [CAM-DIAG-C16M] LIGHT stage=periodic window=8 sensor=pattern display=camera idle=0ms full_probe=0 cache=c2m frames=30 changes=7 sync_changes=0 sync_calls=30 sync_skips=0 unique=6 overflow=0 pre=f24db51b post=f24db51b luma_avg=124.5 luma_min=108 luma_max=152 luma_last=123 avg_probe=1.126ms max_probe=1.139ms tsf_waits=65 tsf_wait_us=1975563 tsf_wait_max_global_us=107185 launch_phase_samples=30 launch_phase_avg=58084.0 launch_phase_min=510 launch_phase_max=60113 tsf_errors=0
I (114174) rc_video: [CAM-DIAG-C16M] HEALTH window=8 display_frame=381 guard_errors=0 quiesce=381 resume_before=380 lifecycle_errors=0 cache_sync_err=0 overlap=0 finish_collision=0 tsf_waits=429 tsf_wait_us=11829414 tsf_wait_max_global_us=107185 target=60000 tolerance=2000 launch_samples=30 launch_min=510 launch_max=60113 rgb_gain=100 tsf_errors=0
W (118021) rc_tank: [CAM-DIAG-C16M] GDMA_PRIORITY window=9 requested=0 result=ESP_OK
W (118022) rc_tank: [CAM-DIAG-C16M] PROTOCOL window=9 before=0x07 requested=0x07 after=0x07 name=bgn changed=0
W (118027) rc_tank: [CAM-DIAG-C16M] BEACON window=9 before=200 requested=200 after=200 changed=0
W (118036) rc_tank: [CAM-DIAG-C16M] TSF_GUARD window=9 beacon=200 after=0us budget=60000us result=ESP_OK
W (118045) rc_tank: [CAM-DIAG-C16M] TSF_TARGET window=9 phase=80000us tolerance=2000us result=ESP_OK
W (118054) rc_tank: [CAM-DIAG-C16M] RGB_GAIN window=9 requested=100 result=ESP_OK
W (118061) rc_video: [CAM-DIAG-C16M] PROFILE window=9 sensor=pattern display=camera idle=0ms full_probe=0 cache=c2m capture=400
W (118072) rc_tank: [CAM-DIAG-C16M] WINDOW_09 start: wifi=on sensor=pattern display=camera idle=0ms full_probe=off cache=c2m gdma_prio=0 protocol=bgn beacon=200 guard_after=0us capture_budget=60000us target=80000us tolerance=2000us rgb_gain=100%
W (118102) rc_video: [CAM-DIAG-C16M] LIGHT stage=complete window=8 sensor=pattern display=camera idle=0ms full_probe=0 cache=c2m frames=49 changes=9 sync_changes=0 sync_calls=49 sync_skips=0 unique=7 overflow=0 pre=f24db51b post=f24db51b luma_avg=124.7 luma_min=108 luma_max=159 luma_last=123 avg_probe=1.126ms max_probe=1.139ms tsf_waits=109 tsf_wait_us=3280693 tsf_wait_max_global_us=107185 launch_phase_samples=1 launch_phase_avg=60052.0 launch_phase_min=60052 launch_phase_max=60052 tsf_errors=0
W (124194) rc_video: [CAM-DIAG-C16M] LIGHT stage=periodic window=9 sensor=pattern display=camera idle=0ms full_probe=0 cache=c2m frames=30 changes=9 sync_changes=0 sync_calls=30 sync_skips=0 unique=6 overflow=0 pre=f24db51b post=f24db51b luma_avg=124.9 luma_min=108 luma_max=162 luma_last=123 avg_probe=1.126ms max_probe=1.189ms tsf_waits=72 tsf_wait_us=1965033 tsf_wait_max_global_us=107185 launch_phase_samples=30 launch_phase_avg=79395.4 launch_phase_min=60052 launch_phase_max=80115 tsf_errors=0
I (124227) rc_video: [CAM-DIAG-C16M] HEALTH window=9 display_frame=430 guard_errors=0 quiesce=430 resume_before=429 lifecycle_errors=0 cache_sync_err=0 overlap=0 finish_collision=0 tsf_waits=545 tsf_wait_us=15099577 tsf_wait_max_global_us=107185 target=80000 tolerance=2000 launch_samples=30 launch_min=60052 launch_max=80115 rgb_gain=100 tsf_errors=0
W (128094) rc_tank: [CAM-DIAG-C16M] GDMA_PRIORITY window=10 requested=0 result=ESP_OK
W (128095) rc_tank: [CAM-DIAG-C16M] PROTOCOL window=10 before=0x07 requested=0x07 after=0x07 name=bgn changed=0
W (128101) rc_tank: [CAM-DIAG-C16M] BEACON window=10 before=200 requested=200 after=200 changed=0
W (128109) rc_tank: [CAM-DIAG-C16M] TSF_GUARD window=10 beacon=200 after=0us budget=60000us result=ESP_OK
W (128118) rc_tank: [CAM-DIAG-C16M] TSF_TARGET window=10 phase=100000us tolerance=2000us result=ESP_OK
W (128127) rc_tank: [CAM-DIAG-C16M] RGB_GAIN window=10 requested=100 result=ESP_OK
W (128135) rc_video: [CAM-DIAG-C16M] PROFILE window=10 sensor=pattern display=camera idle=0ms full_probe=0 cache=c2m capture=449
W (128146) rc_tank: [CAM-DIAG-C16M] WINDOW_10 start: wifi=on sensor=pattern display=camera idle=0ms full_probe=off cache=c2m gdma_prio=0 protocol=bgn beacon=200 guard_after=0us capture_budget=60000us target=100000us tolerance=2000us rgb_gain=100%
W (128158) rc_video: [CAM-DIAG-C16M] LIGHT stage=complete window=9 sensor=pattern display=camera idle=0ms full_probe=0 cache=c2m frames=49 changes=11 sync_changes=0 sync_calls=49 sync_skips=0 unique=7 overflow=0 pre=f24db51b post=f24db51b luma_avg=124.1 luma_min=108 luma_max=162 luma_last=123 avg_probe=1.125ms max_probe=1.189ms tsf_waits=122 tsf_wait_us=3277709 tsf_wait_max_global_us=107185 launch_phase_samples=1 launch_phase_avg=80437.0 launch_phase_min=80437 launch_phase_max=80437 tsf_errors=0
W (134248) rc_video: [CAM-DIAG-C16M] LIGHT stage=periodic window=10 sensor=pattern display=camera idle=0ms full_probe=0 cache=c2m frames=30 changes=9 sync_changes=0 sync_calls=30 sync_skips=0 unique=7 overflow=0 pre=f24db51b post=f24db51b luma_avg=125.0 luma_min=103 luma_max=161 luma_last=123 avg_probe=1.127ms max_probe=1.139ms tsf_waits=78 tsf_wait_us=1957289 tsf_wait_max_global_us=107185 launch_phase_samples=30 launch_phase_avg=99405.7 launch_phase_min=80437 launch_phase_max=100272 tsf_errors=0
I (134281) rc_video: [CAM-DIAG-C16M] HEALTH window=10 display_frame=479 guard_errors=0 quiesce=479 resume_before=478 lifecycle_errors=0 cache_sync_err=0 overlap=0 finish_collision=0 tsf_waits=673 tsf_wait_us=18369542 tsf_wait_max_global_us=107185 target=100000 tolerance=2000 launch_samples=30 launch_min=80437 launch_max=100272 rgb_gain=100 tsf_errors=0
W (138167) rc_tank: [CAM-DIAG-C16M] GDMA_PRIORITY window=11 requested=0 result=ESP_OK
W (138167) rc_tank: [CAM-DIAG-C16M] PROTOCOL window=11 before=0x07 requested=0x07 after=0x07 name=bgn changed=0
W (138174) rc_tank: [CAM-DIAG-C16M] BEACON window=11 before=200 requested=200 after=200 changed=0
W (138182) rc_tank: [CAM-DIAG-C16M] TSF_GUARD window=11 beacon=200 after=0us budget=60000us result=ESP_OK
W (138191) rc_tank: [CAM-DIAG-C16M] TSF_TARGET window=11 phase=20000us tolerance=2000us result=ESP_OK
W (138200) rc_tank: [CAM-DIAG-C16M] RGB_GAIN window=11 requested=100 result=ESP_OK
W (138208) rc_video: [CAM-DIAG-C16M] PROFILE window=11 sensor=pattern display=camera idle=0ms full_probe=0 cache=c2m capture=498
W (138213) rc_video: [CAM-DIAG-C16M] LIGHT stage=complete window=10 sensor=pattern display=camera idle=0ms full_probe=0 cache=c2m frames=49 changes=13 sync_changes=0 sync_calls=49 sync_skips=0 unique=8 overflow=1 pre=f24db51b post=f24db51b luma_avg=124.4 luma_min=103 luma_max=161 luma_last=123 avg_probe=1.126ms max_probe=1.139ms tsf_waits=131 tsf_wait_us=3276126 tsf_wait_max_global_us=107185 launch_phase_samples=1 launch_phase_avg=100429.0 launch_phase_min=100429 launch_phase_max=100429 tsf_errors=0
W (138219) rc_tank: [CAM-DIAG-C16M] WINDOW_11 start: wifi=on sensor=pattern display=camera idle=0ms full_probe=off cache=c2m gdma_prio=0 protocol=bgn beacon=200 guard_after=0us capture_budget=60000us target=20000us tolerance=2000us rgb_gain=100%
W (144419) rc_video: [CAM-DIAG-C16M] LIGHT stage=periodic window=11 sensor=pattern display=camera idle=0ms full_probe=0 cache=c2m frames=30 changes=7 sync_changes=0 sync_calls=30 sync_skips=0 unique=5 overflow=0 pre=f24db51b post=f24db51b luma_avg=124.6 luma_min=123 luma_max=142 luma_last=123 avg_probe=1.135ms max_probe=1.297ms tsf_waits=71 tsf_wait_us=2074487 tsf_wait_max_global_us=178136 launch_phase_samples=30 launch_phase_avg=22746.2 launch_phase_min=20053 launch_phase_max=100429 tsf_errors=0
I (144452) rc_video: [CAM-DIAG-C16M] HEALTH window=11 display_frame=528 guard_errors=0 quiesce=528 resume_before=527 lifecycle_errors=0 cache_sync_err=0 overlap=0 finish_collision=0 tsf_waits=797 tsf_wait_us=21762866 tsf_wait_max_global_us=178136 target=20000 tolerance=2000 launch_samples=30 launch_min=20053 launch_max=100429 rgb_gain=100 tsf_errors=0
W (148284) rc_tank: [CAM-DIAG-C16M] GDMA_PRIORITY window=12 requested=0 result=ESP_OK
W (148285) rc_tank: [CAM-DIAG-C16M] PROTOCOL window=12 before=0x07 requested=0x07 after=0x07 name=bgn changed=0
W (148291) rc_tank: [CAM-DIAG-C16M] BEACON window=12 before=200 requested=200 after=200 changed=0
W (148299) rc_tank: [CAM-DIAG-C16M] TSF_GUARD window=12 beacon=200 after=0us budget=60000us result=ESP_OK
W (148308) rc_tank: [CAM-DIAG-C16M] TSF_TARGET window=12 phase=40000us tolerance=2000us result=ESP_OK
W (148317) rc_tank: [CAM-DIAG-C16M] RGB_GAIN window=12 requested=100 result=ESP_OK
W (148325) rc_video: [CAM-DIAG-C16M] PROFILE window=12 sensor=pattern display=camera idle=0ms full_probe=0 cache=c2m capture=546
W (148336) rc_tank: [CAM-DIAG-C16M] WINDOW_12 start: wifi=on sensor=pattern display=camera idle=0ms full_probe=off cache=c2m gdma_prio=0 protocol=bgn beacon=200 guard_after=0us capture_budget=60000us target=40000us tolerance=2000us rgb_gain=100%
W (148373) rc_video: [CAM-DIAG-C16M] LIGHT stage=complete window=11 sensor=pattern display=camera idle=0ms full_probe=0 cache=c2m frames=48 changes=14 sync_changes=0 sync_calls=48 sync_skips=0 unique=8 overflow=1 pre=f24db51b post=f24db51b luma_avg=125.6 luma_min=123 luma_max=165 luma_last=123 avg_probe=1.133ms max_probe=1.297ms tsf_waits=120 tsf_wait_us=3522175 tsf_wait_max_global_us=202416 launch_phase_samples=1 launch_phase_avg=20108.0 launch_phase_min=20108 launch_phase_max=20108 tsf_errors=0
W (154472) rc_video: [CAM-DIAG-C16M] LIGHT stage=periodic window=12 sensor=pattern display=camera idle=0ms full_probe=0 cache=c2m frames=30 changes=4 sync_changes=0 sync_calls=30 sync_skips=0 unique=4 overflow=0 pre=83a13433 post=83a13433 luma_avg=124.1 luma_min=123 luma_max=155 luma_last=155 avg_probe=1.128ms max_probe=1.140ms tsf_waits=77 tsf_wait_us=2032779 tsf_wait_max_global_us=202416 launch_phase_samples=30 launch_phase_avg=39397.1 launch_phase_min=20108 launch_phase_max=40096 tsf_errors=0
I (154505) rc_video: [CAM-DIAG-C16M] HEALTH window=12 display_frame=576 guard_errors=0 quiesce=576 resume_before=575 lifecycle_errors=0 cache_sync_err=0 overlap=0 finish_collision=0 tsf_waits=923 tsf_wait_us=25243333 tsf_wait_max_global_us=202416 target=40000 tolerance=2000 launch_samples=30 launch_min=20108 launch_max=40096 rgb_gain=100 tsf_errors=0
W (158357) rc_tank: [CAM-DIAG-C16M] GDMA_PRIORITY window=13 requested=0 result=ESP_OK
W (158358) rc_tank: [CAM-DIAG-C16M] PROTOCOL window=13 before=0x07 requested=0x07 after=0x07 name=bgn changed=0
W (158364) rc_tank: [CAM-DIAG-C16M] BEACON window=13 before=200 requested=200 after=200 changed=0
W (158372) rc_tank: [CAM-DIAG-C16M] TSF_GUARD window=13 beacon=200 after=0us budget=60000us result=ESP_OK
W (158381) rc_tank: [CAM-DIAG-C16M] TSF_TARGET window=13 phase=60000us tolerance=2000us result=ESP_OK
W (158390) rc_tank: [CAM-DIAG-C16M] RGB_GAIN window=13 requested=100 result=ESP_OK
W (158398) rc_video: [CAM-DIAG-C16M] PROFILE window=13 sensor=pattern display=camera idle=0ms full_probe=0 cache=c2m capture=595
W (158409) rc_tank: [CAM-DIAG-C16M] WINDOW_13 start: wifi=on sensor=pattern display=camera idle=0ms full_probe=off cache=c2m gdma_prio=0 protocol=bgn beacon=200 guard_after=0us capture_budget=60000us target=60000us tolerance=2000us rgb_gain=100%
W (158428) rc_video: [CAM-DIAG-C16M] LIGHT stage=complete window=12 sensor=pattern display=camera idle=0ms full_probe=0 cache=c2m frames=49 changes=9 sync_changes=0 sync_calls=49 sync_skips=0 unique=6 overflow=0 pre=f24db51b post=f24db51b luma_avg=124.3 luma_min=123 luma_max=155 luma_last=123 avg_probe=1.129ms max_probe=1.140ms tsf_waits=123 tsf_wait_us=3343969 tsf_wait_max_global_us=202416 launch_phase_samples=1 launch_phase_avg=40379.0 launch_phase_min=40379 launch_phase_max=40379 tsf_errors=0
W (164525) rc_video: [CAM-DIAG-C16M] LIGHT stage=periodic window=13 sensor=pattern display=camera idle=0ms full_probe=0 cache=c2m frames=30 changes=8 sync_changes=0 sync_calls=30 sync_skips=0 unique=6 overflow=0 pre=f24db51b post=f24db51b luma_avg=124.8 luma_min=121 luma_max=147 luma_last=123 avg_probe=1.135ms max_probe=1.372ms tsf_waits=77 tsf_wait_us=2006015 tsf_wait_max_global_us=202416 launch_phase_samples=30 launch_phase_avg=59405.5 launch_phase_min=40379 launch_phase_max=60103 tsf_errors=0
I (164558) rc_video: [CAM-DIAG-C16M] HEALTH window=13 display_frame=625 guard_errors=0 quiesce=625 resume_before=624 lifecycle_errors=0 cache_sync_err=0 overlap=0 finish_collision=0 tsf_waits=1046 tsf_wait_us=28560538 tsf_wait_max_global_us=202416 target=60000 tolerance=2000 launch_samples=30 launch_min=40379 launch_max=60103 rgb_gain=100 tsf_errors=0
W (168430) rc_tank: [CAM-DIAG-C16M] GDMA_PRIORITY window=14 requested=0 result=ESP_OK
W (168431) rc_tank: [CAM-DIAG-C16M] PROTOCOL window=14 before=0x07 requested=0x07 after=0x07 name=bgn changed=0
I (168441) wifi:Total power save buffer number: 32
W (168443) rc_tank: [CAM-DIAG-C16M] BEACON window=14 before=200 requested=100 after=100 changed=1
I (168445) esp_netif_lwip: DHCP server started on interface WIFI_AP_DEF with IP: 192.168.4.1
W (168458) rc_tank: [CAM-DIAG-C16M] TSF_GUARD window=14 beacon=100 after=0us budget=60000us result=ESP_OK
W (168467) rc_tank: [CAM-DIAG-C16M] TSF_TARGET window=14 phase=20000us tolerance=2000us result=ESP_OK
W (168476) rc_tank: [CAM-DIAG-C16M] RGB_GAIN window=14 requested=100 result=ESP_OK
W (168483) rc_video: [CAM-DIAG-C16M] PROFILE window=14 sensor=pattern display=camera idle=0ms full_probe=0 cache=c2m capture=644
W (168495) rc_tank: [CAM-DIAG-C16M] WINDOW_14 start: wifi=on sensor=pattern display=camera idle=0ms full_probe=off cache=c2m gdma_prio=0 protocol=bgn beacon=100 guard_after=0us capture_budget=60000us target=20000us tolerance=2000us rgb_gain=100%
W (168503) rc_video: [CAM-DIAG-C16M] LIGHT stage=complete window=13 sensor=pattern display=camera idle=0ms full_probe=0 cache=c2m frames=49 changes=16 sync_changes=0 sync_calls=49 sync_skips=0 unique=8 overflow=2 pre=f24db51b post=f24db51b luma_avg=125.3 luma_min=111 luma_max=155 luma_last=123 avg_probe=1.132ms max_probe=1.372ms tsf_waits=127 tsf_wait_us=3345156 tsf_wait_max_global_us=202416 launch_phase_samples=1 launch_phase_avg=60486.0 launch_phase_min=60486 launch_phase_max=60486 tsf_errors=0
W (174539) rc_video: [CAM-DIAG-C16M] LIGHT stage=periodic window=14 sensor=pattern display=camera idle=0ms full_probe=0 cache=c2m frames=30 changes=10 sync_changes=0 sync_calls=30 sync_skips=0 unique=7 overflow=0 pre=cf60c754 post=cf60c754 luma_avg=126.1 luma_min=123 luma_max=152 luma_last=147 avg_probe=1.127ms max_probe=1.140ms tsf_waits=74 tsf_wait_us=1918354 tsf_wait_max_global_us=202416 launch_phase_samples=30 launch_phase_avg=21406.1 launch_phase_min=20053 launch_phase_max=60486 tsf_errors=0
I (174572) rc_video: [CAM-DIAG-C16M] HEALTH window=14 display_frame=674 guard_errors=0 quiesce=674 resume_before=673 lifecycle_errors=0 cache_sync_err=0 overlap=0 finish_collision=0 tsf_waits=1170 tsf_wait_us=31818033 tsf_wait_max_global_us=202416 target=20000 tolerance=2000 launch_samples=30 launch_min=20053 launch_max=60486 rgb_gain=100 tsf_errors=0
W (178516) rc_tank: [CAM-DIAG-C16M] GDMA_PRIORITY window=15 requested=0 result=ESP_OK
W (178517) rc_tank: [CAM-DIAG-C16M] PROTOCOL window=15 before=0x07 requested=0x07 after=0x07 name=bgn changed=0
I (178527) wifi:Total power save buffer number: 32
W (178529) rc_tank: [CAM-DIAG-C16M] BEACON window=15 before=100 requested=300 after=300 changed=1
I (178531) esp_netif_lwip: DHCP server started on interface WIFI_AP_DEF with IP: 192.168.4.1
W (178544) rc_tank: [CAM-DIAG-C16M] TSF_GUARD window=15 beacon=300 after=0us budget=60000us result=ESP_OK
W (178553) rc_tank: [CAM-DIAG-C16M] TSF_TARGET window=15 phase=40000us tolerance=2000us result=ESP_OK
W (178562) rc_tank: [CAM-DIAG-C16M] RGB_GAIN window=15 requested=100 result=ESP_OK
W (178569) rc_video: [CAM-DIAG-C16M] PROFILE window=15 sensor=pattern display=camera idle=0ms full_probe=0 cache=c2m capture=693
W (178581) rc_tank: [CAM-DIAG-C16M] WINDOW_15 start: wifi=on sensor=pattern display=camera idle=0ms full_probe=off cache=c2m gdma_prio=0 protocol=bgn beacon=300 guard_after=0us capture_budget=60000us target=40000us tolerance=2000us rgb_gain=100%
W (178876) rc_video: [CAM-DIAG-C16M] LIGHT stage=complete window=14 sensor=pattern display=camera idle=0ms full_probe=0 cache=c2m frames=50 changes=14 sync_changes=0 sync_calls=50 sync_skips=0 unique=8 overflow=1 pre=a5d116d4 post=a5d116d4 luma_avg=125.3 luma_min=123 luma_max=152 luma_last=128 avg_probe=1.134ms max_probe=1.504ms tsf_waits=125 tsf_wait_us=3477052 tsf_wait_max_global_us=216625 launch_phase_samples=1 launch_phase_avg=40099.0 launch_phase_min=40099 launch_phase_max=40099 tsf_errors=0
W (187917) rc_video: [CAM-DIAG-C16M] LIGHT stage=periodic window=15 sensor=pattern display=camera idle=0ms full_probe=0 cache=c2m frames=30 changes=11 sync_changes=0 sync_calls=30 sync_skips=0 unique=7 overflow=0 pre=f24db51b post=f24db51b luma_avg=124.9 luma_min=115 luma_max=151 luma_last=123 avg_probe=1.131ms max_probe=1.142ms tsf_waits=70 tsf_wait_us=4932612 tsf_wait_max_global_us=216625 launch_phase_samples=30 launch_phase_avg=40072.3 launch_phase_min=40052 launch_phase_max=40114 tsf_errors=0
I (187950) rc_video: [CAM-DIAG-C16M] HEALTH window=15 display_frame=724 guard_errors=0 quiesce=724 resume_before=723 lifecycle_errors=0 cache_sync_err=0 overlap=0 finish_collision=0 tsf_waits=1291 tsf_wait_us=38309343 tsf_wait_max_global_us=216625 target=40000 tolerance=2000 launch_samples=30 launch_min=40052 launch_max=40114 rgb_gain=100 tsf_errors=0
W (188604) camera_hal: [CAM-DIAG-C16I] SP0A39 test_pattern=off P1:32 before=0x80 write=0x00 read=0x15 expected_bit=0x00
W (188705) rc_tank: [CAM-DIAG-C16M] GDMA_PRIORITY window=16 requested=0 result=ESP_OK
W (188705) rc_tank: [CAM-DIAG-C16M] PROTOCOL window=16 before=0x07 requested=0x07 after=0x07 name=bgn changed=0
I (188718) wifi:Total power save buffer number: 32
W (188721) rc_tank: [CAM-DIAG-C16M] BEACON window=16 before=300 requested=200 after=200 changed=1
I (188723) esp_netif_lwip: DHCP server started on interface WIFI_AP_DEF with IP: 192.168.4.1
W (188733) rc_tank: [CAM-DIAG-C16M] TSF_GUARD window=16 beacon=200 after=0us budget=0us result=ESP_OK
W (188742) rc_tank: [CAM-DIAG-C16M] TSF_TARGET window=16 phase=0us tolerance=0us result=ESP_OK
W (188750) rc_tank: [CAM-DIAG-C16M] RGB_GAIN window=16 requested=100 result=ESP_OK
W (188757) rc_video: [CAM-DIAG-C16M] PROFILE window=16 sensor=real display=camera idle=0ms full_probe=0 cache=c2m capture=727
W (188768) rc_tank: [CAM-DIAG-C16M] WINDOW_16 start: wifi=on sensor=real display=camera idle=0ms full_probe=off cache=c2m gdma_prio=0 protocol=bgn beacon=200 guard_after=0us capture_budget=0us target=0us tolerance=0us rgb_gain=100%
W (188832) rc_video: [CAM-DIAG-C16M] LIGHT stage=complete window=15 sensor=pattern display=camera idle=0ms full_probe=0 cache=c2m frames=33 changes=12 sync_changes=0 sync_calls=33 sync_skips=0 unique=8 overflow=0 pre=ba7b29b7 post=ba7b29b7 luma_avg=124.3 luma_min=109 luma_max=151 luma_last=109 avg_probe=1.142ms max_probe=1.505ms tsf_waits=77 tsf_wait_us=5371220 tsf_wait_max_global_us=216625 launch_phase_samples=0 launch_phase_avg=0.0 launch_phase_min=0 launch_phase_max=0 tsf_errors=0
W (193576) rc_video: [CAM-DIAG-C16M] LIGHT stage=periodic window=16 sensor=real display=camera idle=0ms full_probe=0 cache=c2m frames=30 changes=29 sync_changes=0 sync_calls=30 sync_skips=0 unique=8 overflow=22 pre=07cb4bca post=07cb4bca luma_avg=95.1 luma_min=81 luma_max=123 luma_last=91 avg_probe=1.109ms max_probe=1.321ms tsf_waits=0 tsf_wait_us=0 tsf_wait_max_global_us=216625 launch_phase_samples=0 launch_phase_avg=0.0 launch_phase_min=0 launch_phase_max=0 tsf_errors=0
I (193607) rc_video: [CAM-DIAG-C16M] HEALTH window=16 display_frame=757 guard_errors=0 quiesce=757 resume_before=756 lifecycle_errors=0 cache_sync_err=0 overlap=0 finish_collision=0 tsf_waits=1298 tsf_wait_us=38747951 tsf_wait_max_global_us=216625 target=0 tolerance=0 launch_samples=0 launch_min=0 launch_max=0 rgb_gain=100 tsf_errors=0
W (198367) rc_video: [CAM-DIAG-C16M] LIGHT stage=periodic window=16 sensor=real display=camera idle=0ms full_probe=0 cache=c2m frames=60 changes=59 sync_changes=0 sync_calls=60 sync_skips=0 unique=8 overflow=52 pre=59c1712e post=59c1712e luma_avg=96.6 luma_min=81 luma_max=131 luma_last=120 avg_probe=1.106ms max_probe=1.321ms tsf_waits=0 tsf_wait_us=0 tsf_wait_max_global_us=216625 launch_phase_samples=0 launch_phase_avg=0.0 launch_phase_min=0 launch_phase_max=0 tsf_errors=0
I (198398) rc_video: [CAM-DIAG-C16M] HEALTH window=16 display_frame=787 guard_errors=0 quiesce=787 resume_before=786 lifecycle_errors=0 cache_sync_err=0 overlap=0 finish_collision=0 tsf_waits=1298 tsf_wait_us=38747951 tsf_wait_max_global_us=216625 target=0 tolerance=0 launch_samples=0 launch_min=0 launch_max=0 rgb_gain=100 tsf_errors=0
W (198788) rc_tank: [CAM-DIAG-C16M] GDMA_PRIORITY window=17 requested=0 result=ESP_OK
W (198789) rc_tank: [CAM-DIAG-C16M] PROTOCOL window=17 before=0x07 requested=0x07 after=0x07 name=bgn changed=0
W (198795) rc_tank: [CAM-DIAG-C16M] BEACON window=17 before=200 requested=200 after=200 changed=0
W (198803) rc_tank: [CAM-DIAG-C16M] TSF_GUARD window=17 beacon=200 after=20000us budget=60000us result=ESP_OK
W (198813) rc_tank: [CAM-DIAG-C16M] TSF_TARGET window=17 phase=0us tolerance=0us result=ESP_OK
W (198821) rc_tank: [CAM-DIAG-C16M] RGB_GAIN window=17 requested=100 result=ESP_OK
W (198829) rc_video: [CAM-DIAG-C16M] PROFILE window=17 sensor=real display=camera idle=0ms full_probe=0 cache=c2m capture=790
W (198840) rc_tank: [CAM-DIAG-C16M] WINDOW_17 start: wifi=on sensor=real display=camera idle=0ms full_probe=off cache=c2m gdma_prio=0 protocol=bgn beacon=200 guard_after=20000us capture_budget=60000us target=0us tolerance=0us rgb_gain=100%
W (198887) rc_video: [CAM-DIAG-C16M] LIGHT stage=complete window=16 sensor=real display=camera idle=0ms full_probe=0 cache=c2m frames=63 changes=62 sync_changes=0 sync_calls=63 sync_skips=0 unique=8 overflow=55 pre=25e5b5e0 post=25e5b5e0 luma_avg=96.6 luma_min=81 luma_max=131 luma_last=106 avg_probe=1.113ms max_probe=1.516ms tsf_waits=0 tsf_wait_us=0 tsf_wait_max_global_us=216625 launch_phase_samples=1 launch_phase_avg=132111.0 launch_phase_min=132111 launch_phase_max=132111 tsf_errors=0
W (204857) rc_video: [CAM-DIAG-C16M] LIGHT stage=periodic window=17 sensor=real display=camera idle=0ms full_probe=0 cache=c2m frames=30 changes=29 sync_changes=0 sync_calls=30 sync_skips=0 unique=8 overflow=22 pre=d0c88bb2 post=d0c88bb2 luma_avg=93.6 luma_min=89 luma_max=128 luma_last=90 avg_probe=1.128ms max_probe=1.139ms tsf_waits=63 tsf_wait_us=1778508 tsf_wait_max_global_us=216625 launch_phase_samples=30 launch_phase_avg=26217.0 launch_phase_min=20052 launch_phase_max=132111 tsf_errors=0
I (204890) rc_video: [CAM-DIAG-C16M] HEALTH window=17 display_frame=820 guard_errors=0 quiesce=820 resume_before=819 lifecycle_errors=0 cache_sync_err=0 overlap=0 finish_collision=0 tsf_waits=1361 tsf_wait_us=40526459 tsf_wait_max_global_us=216625 target=0 tolerance=0 launch_samples=30 launch_min=20052 launch_max=132111 rgb_gain=100 tsf_errors=0
W (208861) rc_tank: [CAM-DIAG-C16M] GDMA_PRIORITY window=18 requested=0 result=ESP_OK
W (208862) rc_tank: [CAM-DIAG-C16M] PROTOCOL window=18 before=0x07 requested=0x07 after=0x07 name=bgn changed=0
W (208868) rc_tank: [CAM-DIAG-C16M] BEACON window=18 before=200 requested=200 after=200 changed=0
W (208876) rc_tank: [CAM-DIAG-C16M] TSF_GUARD window=18 beacon=200 after=0us budget=60000us result=ESP_OK
W (208885) rc_tank: [CAM-DIAG-C16M] TSF_TARGET window=18 phase=20000us tolerance=2000us result=ESP_OK
W (208894) rc_tank: [CAM-DIAG-C16M] RGB_GAIN window=18 requested=100 result=ESP_OK
W (208902) rc_video: [CAM-DIAG-C16M] PROFILE window=18 sensor=real display=camera idle=0ms full_probe=0 cache=c2m capture=840
W (208913) rc_tank: [CAM-DIAG-C16M] WINDOW_18 start: wifi=on sensor=real display=camera idle=0ms full_probe=off cache=c2m gdma_prio=0 protocol=bgn beacon=200 guard_after=0us capture_budget=60000us target=20000us tolerance=2000us rgb_gain=100%
W (209015) rc_video: [CAM-DIAG-C16M] LIGHT stage=complete window=17 sensor=real display=camera idle=0ms full_probe=0 cache=c2m frames=50 changes=49 sync_changes=0 sync_calls=50 sync_skips=0 unique=8 overflow=42 pre=85ed2820 post=85ed2820 luma_avg=94.2 luma_min=89 luma_max=129 luma_last=90 avg_probe=1.129ms max_probe=1.141ms tsf_waits=111 tsf_wait_us=3159737 tsf_wait_max_global_us=216625 launch_phase_samples=1 launch_phase_avg=20052.0 launch_phase_min=20052 launch_phase_max=20052 tsf_errors=0
W (215108) rc_video: [CAM-DIAG-C16M] LIGHT stage=periodic window=18 sensor=real display=camera idle=0ms full_probe=0 cache=c2m frames=30 changes=29 sync_changes=0 sync_calls=30 sync_skips=0 unique=8 overflow=22 pre=66b361fc post=66b361fc luma_avg=93.4 luma_min=90 luma_max=124 luma_last=91 avg_probe=1.129ms max_probe=1.138ms tsf_waits=68 tsf_wait_us=1938240 tsf_wait_max_global_us=216625 launch_phase_samples=30 launch_phase_avg=20070.8 launch_phase_min=20052 launch_phase_max=20115 tsf_errors=0
I (215140) rc_video: [CAM-DIAG-C16M] HEALTH window=18 display_frame=870 guard_errors=0 quiesce=870 resume_before=869 lifecycle_errors=0 cache_sync_err=0 overlap=0 finish_collision=0 tsf_waits=1477 tsf_wait_us=43845928 tsf_wait_max_global_us=216625 target=20000 tolerance=2000 launch_samples=30 launch_min=20052 launch_max=20115 rgb_gain=100 tsf_errors=0
W (218934) rc_tank: [CAM-DIAG-C16M] GDMA_PRIORITY window=19 requested=0 result=ESP_OK
W (218935) rc_tank: [CAM-DIAG-C16M] PROTOCOL window=19 before=0x07 requested=0x07 after=0x07 name=bgn changed=0
W (218941) rc_tank: [CAM-DIAG-C16M] BEACON window=19 before=200 requested=200 after=200 changed=0
W (218949) rc_tank: [CAM-DIAG-C16M] TSF_GUARD window=19 beacon=200 after=0us budget=60000us result=ESP_OK
W (218958) rc_tank: [CAM-DIAG-C16M] TSF_TARGET window=19 phase=40000us tolerance=2000us result=ESP_OK
W (218967) rc_tank: [CAM-DIAG-C16M] RGB_GAIN window=19 requested=100 result=ESP_OK
W (218975) rc_video: [CAM-DIAG-C16M] PROFILE window=19 sensor=real display=camera idle=0ms full_probe=0 cache=c2m capture=888
W (218986) rc_tank: [CAM-DIAG-C16M] WINDOW_19 start: wifi=on sensor=real display=camera idle=0ms full_probe=off cache=c2m gdma_prio=0 protocol=bgn beacon=200 guard_after=0us capture_budget=60000us target=40000us tolerance=2000us rgb_gain=100%
W (219070) rc_video: [CAM-DIAG-C16M] LIGHT stage=complete window=18 sensor=real display=camera idle=0ms full_probe=0 cache=c2m frames=48 changes=47 sync_changes=0 sync_calls=48 sync_skips=0 unique=8 overflow=40 pre=b1480995 post=b1480995 luma_avg=93.2 luma_min=90 luma_max=126 luma_last=91 avg_probe=1.130ms max_probe=1.139ms tsf_waits=111 tsf_wait_us=3336552 tsf_wait_max_global_us=216625 launch_phase_samples=1 launch_phase_avg=40095.0 launch_phase_min=40095 launch_phase_max=40095 tsf_errors=0
W (225161) rc_video: [CAM-DIAG-C16M] LIGHT stage=periodic window=19 sensor=real display=camera idle=0ms full_probe=0 cache=c2m frames=30 changes=29 sync_changes=0 sync_calls=30 sync_skips=0 unique=8 overflow=22 pre=8420480f post=8420480f luma_avg=95.1 luma_min=89 luma_max=128 luma_last=91 avg_probe=1.128ms max_probe=1.139ms tsf_waits=69 tsf_wait_us=1922336 tsf_wait_max_global_us=216625 launch_phase_samples=30 launch_phase_avg=40064.4 launch_phase_min=40052 launch_phase_max=40112 tsf_errors=0
I (225193) rc_video: [CAM-DIAG-C16M] HEALTH window=19 display_frame=918 guard_errors=0 quiesce=918 resume_before=917 lifecycle_errors=0 cache_sync_err=0 overlap=0 finish_collision=0 tsf_waits=1589 tsf_wait_us=47166576 tsf_wait_max_global_us=216625 target=40000 tolerance=2000 launch_samples=30 launch_min=40052 launch_max=40112 rgb_gain=100 tsf_errors=0
W (229007) rc_tank: [CAM-DIAG-C16M] GDMA_PRIORITY window=20 requested=0 result=ESP_OK
W (229008) rc_tank: [CAM-DIAG-C16M] PROTOCOL window=20 before=0x07 requested=0x07 after=0x07 name=bgn changed=0
W (229014) rc_tank: [CAM-DIAG-C16M] BEACON window=20 before=200 requested=200 after=200 changed=0
W (229022) rc_tank: [CAM-DIAG-C16M] TSF_GUARD window=20 beacon=200 after=0us budget=60000us result=ESP_OK
W (229031) rc_tank: [CAM-DIAG-C16M] TSF_TARGET window=20 phase=60000us tolerance=2000us result=ESP_OK
W (229040) rc_tank: [CAM-DIAG-C16M] RGB_GAIN window=20 requested=100 result=ESP_OK
W (229048) rc_video: [CAM-DIAG-C16M] PROFILE window=20 sensor=real display=camera idle=0ms full_probe=0 cache=c2m capture=936
W (229059) rc_tank: [CAM-DIAG-C16M] WINDOW_20 start: wifi=on sensor=real display=camera idle=0ms full_probe=off cache=c2m gdma_prio=0 protocol=bgn beacon=200 guard_after=0us capture_budget=60000us target=60000us tolerance=2000us rgb_gain=100%
W (229126) rc_video: [CAM-DIAG-C16M] LIGHT stage=complete window=19 sensor=real display=camera idle=0ms full_probe=0 cache=c2m frames=48 changes=47 sync_changes=0 sync_calls=48 sync_skips=0 unique=8 overflow=40 pre=c7d79ae6 post=c7d79ae6 luma_avg=93.6 luma_min=89 luma_max=128 luma_last=90 avg_probe=1.129ms max_probe=1.145ms tsf_waits=111 tsf_wait_us=3362919 tsf_wait_max_global_us=216625 launch_phase_samples=1 launch_phase_avg=60114.0 launch_phase_min=60114 launch_phase_max=60114 tsf_errors=0
W (235214) rc_video: [CAM-DIAG-C16M] LIGHT stage=periodic window=20 sensor=real display=camera idle=0ms full_probe=0 cache=c2m frames=30 changes=29 sync_changes=0 sync_calls=30 sync_skips=0 unique=8 overflow=22 pre=58171b67 post=58171b67 luma_avg=93.2 luma_min=88 luma_max=121 luma_last=91 avg_probe=1.127ms max_probe=1.140ms tsf_waits=68 tsf_wait_us=1941648 tsf_wait_max_global_us=216625 launch_phase_samples=30 launch_phase_avg=60078.5 launch_phase_min=60052 launch_phase_max=60118 tsf_errors=0
I (235246) rc_video: [CAM-DIAG-C16M] HEALTH window=20 display_frame=966 guard_errors=0 quiesce=966 resume_before=965 lifecycle_errors=0 cache_sync_err=0 overlap=0 finish_collision=0 tsf_waits=1699 tsf_wait_us=50548807 tsf_wait_max_global_us=216625 target=60000 tolerance=2000 launch_samples=30 launch_min=60052 launch_max=60118 rgb_gain=100 tsf_errors=0
W (239080) rc_tank: [CAM-DIAG-C16M] GDMA_PRIORITY window=21 requested=0 result=ESP_OK
W (239081) rc_tank: [CAM-DIAG-C16M] PROTOCOL window=21 before=0x07 requested=0x07 after=0x07 name=bgn changed=0
W (239087) rc_tank: [CAM-DIAG-C16M] BEACON window=21 before=200 requested=200 after=200 changed=0
W (239095) rc_tank: [CAM-DIAG-C16M] TSF_GUARD window=21 beacon=200 after=0us budget=60000us result=ESP_OK
W (239104) rc_tank: [CAM-DIAG-C16M] TSF_TARGET window=21 phase=40000us tolerance=2000us result=ESP_OK
W (239113) rc_tank: [CAM-DIAG-C16M] RGB_GAIN window=21 requested=115 result=ESP_OK
W (239121) rc_video: [CAM-DIAG-C16M] PROFILE window=21 sensor=real display=camera idle=0ms full_probe=0 cache=c2m capture=984
W (239132) rc_tank: [CAM-DIAG-C16M] WINDOW_21 start: wifi=on sensor=real display=camera idle=0ms full_probe=off cache=c2m gdma_prio=0 protocol=bgn beacon=200 guard_after=0us capture_budget=60000us target=40000us tolerance=2000us rgb_gain=115%
W (239161) rc_video: [CAM-DIAG-C16M] LIGHT stage=complete window=20 sensor=real display=camera idle=0ms full_probe=0 cache=c2m frames=48 changes=47 sync_changes=0 sync_calls=48 sync_skips=0 unique=8 overflow=40 pre=503c77eb post=503c77eb luma_avg=94.0 luma_min=88 luma_max=121 luma_last=92 avg_probe=1.127ms max_probe=1.140ms tsf_waits=112 tsf_wait_us=3363047 tsf_wait_max_global_us=216625 launch_phase_samples=1 launch_phase_avg=60120.0 launch_phase_min=60120 launch_phase_max=60120 tsf_errors=0
W (245239) rc_video: [CAM-DIAG-C16M] LIGHT stage=periodic window=21 sensor=real display=camera idle=0ms full_probe=0 cache=c2m frames=30 changes=29 sync_changes=0 sync_calls=30 sync_skips=0 unique=8 overflow=22 pre=ce686f37 post=ce686f37 luma_avg=95.8 luma_min=90 luma_max=136 luma_last=91 avg_probe=1.128ms max_probe=1.138ms tsf_waits=74 tsf_wait_us=1623163 tsf_wait_max_global_us=216625 launch_phase_samples=30 launch_phase_avg=40731.5 launch_phase_min=40052 launch_phase_max=60120 tsf_errors=0
I (245272) rc_video: [CAM-DIAG-C16M] HEALTH window=21 display_frame=1014 guard_errors=0 quiesce=1014 resume_before=1013 lifecycle_errors=0 cache_sync_err=0 overlap=0 finish_collision=0 tsf_waits=1817 tsf_wait_us=53593369 tsf_wait_max_global_us=216625 target=40000 tolerance=2000 launch_samples=30 launch_min=40052 launch_max=60120 rgb_gain=115 tsf_errors=0
W (249153) rc_tank: [CAM-DIAG-C16M] GDMA_PRIORITY window=22 requested=0 result=ESP_OK
W (249154) rc_tank: [CAM-DIAG-C16M] PROTOCOL window=22 before=0x07 requested=0x07 after=0x07 name=bgn changed=0
W (249160) rc_tank: [CAM-DIAG-C16M] BEACON window=22 before=200 requested=200 after=200 changed=0
W (249168) rc_tank: [CAM-DIAG-C16M] TSF_GUARD window=22 beacon=200 after=0us budget=60000us result=ESP_OK
W (249177) rc_tank: [CAM-DIAG-C16M] TSF_TARGET window=22 phase=40000us tolerance=2000us result=ESP_OK
W (249186) rc_tank: [CAM-DIAG-C16M] RGB_GAIN window=22 requested=130 result=ESP_OK
W (249194) rc_video: [CAM-DIAG-C16M] PROFILE window=22 sensor=real display=camera idle=0ms full_probe=0 cache=c2m capture=1032
W (249205) rc_tank: [CAM-DIAG-C16M] WINDOW_22 start: wifi=on sensor=real display=camera idle=0ms full_probe=off cache=c2m gdma_prio=0 protocol=bgn beacon=200 guard_after=0us capture_budget=60000us target=40000us tolerance=2000us rgb_gain=130%
W (249381) rc_video: [CAM-DIAG-C16M] LIGHT stage=complete window=21 sensor=real display=camera idle=0ms full_probe=0 cache=c2m frames=49 changes=48 sync_changes=0 sync_calls=49 sync_skips=0 unique=8 overflow=41 pre=b7727e73 post=b7727e73 luma_avg=97.1 luma_min=84 luma_max=156 luma_last=84 avg_probe=1.139ms max_probe=1.488ms tsf_waits=126 tsf_wait_us=2894032 tsf_wait_max_global_us=216625 launch_phase_samples=1 launch_phase_avg=40100.0 launch_phase_min=40100 launch_phase_max=40100 tsf_errors=0
W (255490) rc_video: [CAM-DIAG-C16M] LIGHT stage=periodic window=22 sensor=real display=camera idle=0ms full_probe=0 cache=c2m frames=30 changes=29 sync_changes=0 sync_calls=30 sync_skips=0 unique=8 overflow=22 pre=187cc15c post=187cc15c luma_avg=93.6 luma_min=88 luma_max=125 luma_last=125 avg_probe=1.130ms max_probe=1.143ms tsf_waits=76 tsf_wait_us=1663444 tsf_wait_max_global_us=216625 launch_phase_samples=30 launch_phase_avg=40068.6 launch_phase_min=40052 launch_phase_max=40109 tsf_errors=0
I (255523) rc_video: [CAM-DIAG-C16M] HEALTH window=22 display_frame=1063 guard_errors=0 quiesce=1063 resume_before=1062 lifecycle_errors=0 cache_sync_err=0 overlap=0 finish_collision=0 tsf_waits=1945 tsf_wait_us=56527682 tsf_wait_max_global_us=216625 target=40000 tolerance=2000 launch_samples=30 launch_min=40052 launch_max=40109 rgb_gain=130 tsf_errors=0
W (259226) rc_tank: [CAM-DIAG-C16M] GDMA_PRIORITY window=23 requested=0 result=ESP_OK
W (259227) rc_tank: [CAM-DIAG-C16M] PROTOCOL window=23 before=0x07 requested=0x07 after=0x07 name=bgn changed=0
W (259233) rc_tank: [CAM-DIAG-C16M] BEACON window=23 before=200 requested=200 after=200 changed=0
W (259241) rc_tank: [CAM-DIAG-C16M] TSF_GUARD window=23 beacon=200 after=0us budget=60000us result=ESP_OK
W (259250) rc_tank: [CAM-DIAG-C16M] TSF_TARGET window=23 phase=40000us tolerance=2000us result=ESP_OK
W (259259) rc_tank: [CAM-DIAG-C16M] RGB_GAIN window=23 requested=145 result=ESP_OK
W (259267) rc_video: [CAM-DIAG-C16M] PROFILE window=23 sensor=real display=camera idle=0ms full_probe=0 cache=c2m capture=1080
W (259278) rc_tank: [CAM-DIAG-C16M] WINDOW_23 start: wifi=on sensor=real display=camera idle=0ms full_probe=off cache=c2m gdma_prio=0 protocol=bgn beacon=200 guard_after=0us capture_budget=60000us target=40000us tolerance=2000us rgb_gain=145%
W (259416) rc_video: [CAM-DIAG-C16M] LIGHT stage=complete window=22 sensor=real display=camera idle=0ms full_probe=0 cache=c2m frames=48 changes=47 sync_changes=0 sync_calls=48 sync_skips=0 unique=8 overflow=40 pre=c04b7e83 post=c04b7e83 luma_avg=94.9 luma_min=53 luma_max=135 luma_last=135 avg_probe=1.139ms max_probe=1.559ms tsf_waits=123 tsf_wait_us=2843666 tsf_wait_max_global_us=216625 launch_phase_samples=1 launch_phase_avg=40055.0 launch_phase_min=40055 launch_phase_max=40055 tsf_errors=0
W (265504) rc_video: [CAM-DIAG-C16M] LIGHT stage=periodic window=23 sensor=real display=camera idle=0ms full_probe=0 cache=c2m frames=30 changes=29 sync_changes=0 sync_calls=30 sync_skips=0 unique=8 overflow=22 pre=b5f6e676 post=b5f6e676 luma_avg=98.6 luma_min=88 luma_max=142 luma_last=88 avg_probe=1.129ms max_probe=1.138ms tsf_waits=73 tsf_wait_us=1612536 tsf_wait_max_global_us=216625 launch_phase_samples=30 launch_phase_avg=40063.1 launch_phase_min=40052 launch_phase_max=40092 tsf_errors=0
I (265537) rc_video: [CAM-DIAG-C16M] HEALTH window=23 display_frame=1111 guard_errors=0 quiesce=1111 resume_before=1110 lifecycle_errors=0 cache_sync_err=0 overlap=0 finish_collision=0 tsf_waits=2065 tsf_wait_us=59320440 tsf_wait_max_global_us=216625 target=40000 tolerance=2000 launch_samples=30 launch_min=40052 launch_max=40092 rgb_gain=145 tsf_errors=0
W (269299) rc_tank: [CAM-DIAG-C16M] GDMA_PRIORITY window=24 requested=0 result=ESP_OK
W (269300) rc_tank: [CAM-DIAG-C16M] PROTOCOL window=24 before=0x07 requested=0x07 after=0x07 name=bgn changed=0
W (269306) rc_tank: [CAM-DIAG-C16M] BEACON window=24 before=200 requested=200 after=200 changed=0
W (269314) rc_tank: [CAM-DIAG-C16M] TSF_GUARD window=24 beacon=200 after=0us budget=60000us result=ESP_OK
W (269323) rc_tank: [CAM-DIAG-C16M] TSF_TARGET window=24 phase=40000us tolerance=2000us result=ESP_OK
W (269332) rc_tank: [CAM-DIAG-C16M] RGB_GAIN window=24 requested=130 result=ESP_OK
W (269340) rc_video: [CAM-DIAG-C16M] PROFILE window=24 sensor=real display=camera idle=0ms full_probe=0 cache=c2m capture=1129
W (269351) rc_tank: [CAM-DIAG-C16M] WINDOW_24 start: wifi=on sensor=real display=camera idle=0ms full_probe=off cache=c2m gdma_prio=0 protocol=bgn beacon=200 guard_after=0us capture_budget=60000us target=40000us tolerance=2000us rgb_gain=130%
W (269372) rc_tank: [CAM-DIAG-C16M] exact-TSF/luma/gain matrix complete; hold WINDOW_24 wifi=on real cache=c2m gdma_prio=0 protocol=bgn beacon=200 target=40000us tolerance=2000us capture_budget=60000us rgb_gain=130%
I (269391) rc_tank: Tank running (video + control; audio disabled)
I (269397) rc_tank: app_main done, idle loop
W (269451) rc_video: [CAM-DIAG-C16M] LIGHT stage=complete window=23 sensor=real display=camera idle=0ms full_probe=0 cache=c2m frames=48 changes=47 sync_changes=0 sync_calls=48 sync_skips=0 unique=8 overflow=40 pre=60cdabb5 post=60cdabb5 luma_avg=103.4 luma_min=88 luma_max=142 luma_last=110 avg_probe=1.129ms max_probe=1.138ms tsf_waits=117 tsf_wait_us=2837677 tsf_wait_max_global_us=216625 launch_phase_samples=1 launch_phase_avg=40056.0 launch_phase_min=40056 launch_phase_max=40056 tsf_errors=0
W (275557) rc_video: [CAM-DIAG-C16M] LIGHT stage=periodic window=24 sensor=real display=camera idle=0ms full_probe=0 cache=c2m frames=30 changes=29 sync_changes=0 sync_calls=30 sync_skips=0 unique=8 overflow=22 pre=6181d515 post=6181d515 luma_avg=112.2 luma_min=104 luma_max=139 luma_last=110 avg_probe=1.128ms max_probe=1.137ms tsf_waits=68 tsf_wait_us=1598487 tsf_wait_max_global_us=216625 launch_phase_samples=30 launch_phase_avg=40075.6 launch_phase_min=40052 launch_phase_max=40112 tsf_errors=0
I (275590) rc_video: [CAM-DIAG-C16M] HEALTH window=24 display_frame=1159 guard_errors=0 quiesce=1159 resume_before=1158 lifecycle_errors=0 cache_sync_err=0 overlap=0 finish_collision=0 tsf_waits=2177 tsf_wait_us=62144068 tsf_wait_max_global_us=216625 target=40000 tolerance=2000 launch_samples=30 launch_min=40052 launch_max=40112 rgb_gain=130 tsf_errors=0
W (281890) rc_video: [CAM-DIAG-C16M] LIGHT stage=periodic window=24 sensor=real display=camera idle=0ms full_probe=0 cache=c2m frames=60 changes=59 sync_changes=0 sync_calls=60 sync_skips=0 unique=8 overflow=52 pre=a977c234 post=a977c234 luma_avg=112.9 luma_min=104 luma_max=152 luma_last=110 avg_probe=1.146ms max_probe=2.010ms tsf_waits=142 tsf_wait_us=3408020 tsf_wait_max_global_us=216625 launch_phase_samples=60 launch_phase_avg=40070.6 launch_phase_min=40052 launch_phase_max=40112 tsf_errors=0
I (281923) rc_video: [CAM-DIAG-C16M] HEALTH window=24 display_frame=1189 guard_errors=0 quiesce=1189 resume_before=1188 lifecycle_errors=0 cache_sync_err=0 overlap=0 finish_collision=0 tsf_waits=2251 tsf_wait_us=63953601 tsf_wait_max_global_us=216625 target=40000 tolerance=2000 launch_samples=60 launch_min=40052 launch_max=40112 rgb_gain=130 tsf_errors=0
W (288223) rc_video: [CAM-DIAG-C16M] LIGHT stage=periodic window=24 sensor=real display=camera idle=0ms full_probe=0 cache=c2m frames=90 changes=89 sync_changes=0 sync_calls=90 sync_skips=0 unique=8 overflow=82 pre=6b46a8c9 post=6b46a8c9 luma_avg=112.8 luma_min=104 luma_max=152 luma_last=110 avg_probe=1.140ms max_probe=2.010ms tsf_waits=209 tsf_wait_us=5216040 tsf_wait_max_global_us=216625 launch_phase_samples=90 launch_phase_avg=40075.0 launch_phase_min=40052 launch_phase_max=40116 tsf_errors=0
I (288256) rc_video: [CAM-DIAG-C16M] HEALTH window=24 display_frame=1219 guard_errors=0 quiesce=1219 resume_before=1218 lifecycle_errors=0 cache_sync_err=0 overlap=0 finish_collision=0 tsf_waits=2318 tsf_wait_us=65761621 tsf_wait_max_global_us=216625 target=40000 tolerance=2000 launch_samples=90 launch_min=40052 launch_max=40116 rgb_gain=130 tsf_errors=0
W (294397) rc_video: [CAM-DIAG-C16M] LIGHT stage=periodic window=24 sensor=real display=camera idle=0ms full_probe=0 cache=c2m frames=120 changes=119 sync_changes=0 sync_calls=120 sync_skips=0 unique=8 overflow=112 pre=f811b556 post=f811b556 luma_avg=112.7 luma_min=104 luma_max=152 luma_last=109 avg_probe=1.137ms max_probe=2.010ms tsf_waits=277 tsf_wait_us=6821894 tsf_wait_max_global_us=216625 launch_phase_samples=120 launch_phase_avg=40076.5 launch_phase_min=40052 launch_phase_max=40116 tsf_errors=0
I (294431) rc_video: [CAM-DIAG-C16M] HEALTH window=24 display_frame=1249 guard_errors=0 quiesce=1249 resume_before=1248 lifecycle_errors=0 cache_sync_err=0 overlap=0 finish_collision=0 tsf_waits=2386 tsf_wait_us=67367475 tsf_wait_max_global_us=216625 target=40000 tolerance=2000 launch_samples=120 launch_min=40052 launch_max=40116 rgb_gain=130 tsf_errors=0
W (300730) rc_video: [CAM-DIAG-C16M] LIGHT stage=periodic window=24 sensor=real display=camera idle=0ms full_probe=0 cache=c2m frames=150 changes=149 sync_changes=0 sync_calls=150 sync_skips=0 unique=8 overflow=142 pre=2cf20ebf post=2cf20ebf luma_avg=112.4 luma_min=101 luma_max=152 luma_last=148 avg_probe=1.135ms max_probe=2.010ms tsf_waits=342 tsf_wait_us=8590782 tsf_wait_max_global_us=216625 launch_phase_samples=150 launch_phase_avg=40077.5 launch_phase_min=40052 launch_phase_max=40116 tsf_errors=0
I (300763) rc_video: [CAM-DIAG-C16M] HEALTH window=24 display_frame=1279 guard_errors=0 quiesce=1279 resume_before=1278 lifecycle_errors=0 cache_sync_err=0 overlap=0 finish_collision=0 tsf_waits=2451 tsf_wait_us=69136363 tsf_wait_max_global_us=216625 target=40000 tolerance=2000 launch_samples=150 launch_min=40052 launch_max=40116 rgb_gain=130 tsf_errors=0
W (307062) rc_video: [CAM-DIAG-C16M] LIGHT stage=periodic window=24 sensor=real display=camera idle=0ms full_probe=0 cache=c2m frames=180 changes=179 sync_changes=0 sync_calls=180 sync_skips=0 unique=8 overflow=172 pre=497f37cc post=497f37cc luma_avg=112.0 luma_min=101 luma_max=152 luma_last=109 avg_probe=1.134ms max_probe=2.010ms tsf_waits=406 tsf_wait_us=10403941 tsf_wait_max_global_us=216625 launch_phase_samples=180 launch_phase_avg=40079.3 launch_phase_min=40052 launch_phase_max=40433 tsf_errors=0
I (307096) rc_video: [CAM-DIAG-C16M] HEALTH window=24 display_frame=1309 guard_errors=0 quiesce=1309 resume_before=1308 lifecycle_errors=0 cache_sync_err=0 overlap=0 finish_collision=0 tsf_waits=2515 tsf_wait_us=70949522 tsf_wait_max_global_us=216625 target=40000 tolerance=2000 launch_samples=180 launch_min=40052 launch_max=40433 rgb_gain=130 tsf_errors=0
W (313237) rc_video: [CAM-DIAG-C16M] LIGHT stage=periodic window=24 sensor=real display=camera idle=0ms full_probe=0 cache=c2m frames=210 changes=209 sync_changes=0 sync_calls=210 sync_skips=0 unique=8 overflow=202 pre=f6a788c0 post=f6a788c0 luma_avg=112.1 luma_min=101 luma_max=152 luma_last=110 avg_probe=1.134ms max_probe=2.010ms tsf_waits=473 tsf_wait_us=11986277 tsf_wait_max_global_us=216625 launch_phase_samples=210 launch_phase_avg=40079.8 launch_phase_min=40052 launch_phase_max=40433 tsf_errors=0
I (313270) rc_video: [CAM-DIAG-C16M] HEALTH window=24 display_frame=1339 guard_errors=0 quiesce=1339 resume_before=1338 lifecycle_errors=0 cache_sync_err=0 overlap=0 finish_collision=0 tsf_waits=2582 tsf_wait_us=72531858 tsf_wait_max_global_us=216625 target=40000 tolerance=2000 launch_samples=210 launch_min=40052 launch_max=40433 rgb_gain=130 tsf_errors=0
W (319570) rc_video: [CAM-DIAG-C16M] LIGHT stage=periodic window=24 sensor=real display=camera idle=0ms full_probe=0 cache=c2m frames=240 changes=239 sync_changes=0 sync_calls=240 sync_skips=0 unique=8 overflow=232 pre=378d2f27 post=378d2f27 luma_avg=112.2 luma_min=101 luma_max=152 luma_last=110 avg_probe=1.133ms max_probe=2.010ms tsf_waits=550 tsf_wait_us=13795792 tsf_wait_max_global_us=216625 launch_phase_samples=240 launch_phase_avg=40077.6 launch_phase_min=40052 launch_phase_max=40433 tsf_errors=0
I (319603) rc_video: [CAM-DIAG-C16M] HEALTH window=24 display_frame=1369 guard_errors=0 quiesce=1369 resume_before=1368 lifecycle_errors=0 cache_sync_err=0 overlap=0 finish_collision=0 tsf_waits=2659 tsf_wait_us=74341373 tsf_wait_max_global_us=216625 target=40000 tolerance=2000 launch_samples=240 launch_min=40052 launch_max=40433 rgb_gain=130 tsf_errors=0
W (325942) rc_video: [CAM-DIAG-C16M] LIGHT stage=periodic window=24 sensor=real display=camera idle=0ms full_probe=0 cache=c2m frames=270 changes=269 sync_changes=0 sync_calls=270 sync_skips=0 unique=8 overflow=262 pre=6a03c3c7 post=6a03c3c7 luma_avg=112.4 luma_min=101 luma_max=152 luma_last=109 avg_probe=1.134ms max_probe=2.010ms tsf_waits=626 tsf_wait_us=15651384 tsf_wait_max_global_us=216625 launch_phase_samples=270 launch_phase_avg=40076.4 launch_phase_min=40052 launch_phase_max=40433 tsf_errors=0
I (325975) rc_video: [CAM-DIAG-C16M] HEALTH window=24 display_frame=1399 guard_errors=0 quiesce=1399 resume_before=1398 lifecycle_errors=0 cache_sync_err=0 overlap=0 finish_collision=0 tsf_waits=2735 tsf_wait_us=76196965 tsf_wait_max_global_us=216625 target=40000 tolerance=2000 launch_samples=270 launch_min=40052 launch_max=40433 rgb_gain=130 tsf_errors=0
W (332275) rc_video: [CAM-DIAG-C16M] LIGHT stage=periodic window=24 sensor=real display=camera idle=0ms full_probe=0 cache=c2m frames=300 changes=299 sync_changes=0 sync_calls=300 sync_skips=0 unique=8 overflow=292 pre=1630c78a post=1630c78a luma_avg=112.2 luma_min=101 luma_max=152 luma_last=123 avg_probe=1.134ms max_probe=2.010ms tsf_waits=698 tsf_wait_us=17429414 tsf_wait_max_global_us=216625 launch_phase_samples=300 launch_phase_avg=40076.6 launch_phase_min=40052 launch_phase_max=40433 tsf_errors=0
I (332308) rc_video: [CAM-DIAG-C16M] HEALTH window=24 display_frame=1429 guard_errors=0 quiesce=1429 resume_before=1428 lifecycle_errors=0 cache_sync_err=0 overlap=0 finish_collision=0 tsf_waits=2807 tsf_wait_us=77974995 tsf_wait_max_global_us=216625 target=40000 tolerance=2000 launch_samples=300 launch_min=40052 launch_max=40433 rgb_gain=130 tsf_errors=0
W (338607) rc_video: [CAM-DIAG-C16M] LIGHT stage=periodic window=24 sensor=real display=camera idle=0ms full_probe=0 cache=c2m frames=330 changes=329 sync_changes=0 sync_calls=330 sync_skips=0 unique=8 overflow=322 pre=ce44f805 post=ce44f805 luma_avg=114.9 luma_min=101 luma_max=152 luma_last=141 avg_probe=1.133ms max_probe=2.010ms tsf_waits=777 tsf_wait_us=19267887 tsf_wait_max_global_us=216625 launch_phase_samples=330 launch_phase_avg=40075.1 launch_phase_min=40052 launch_phase_max=40433 tsf_errors=0
I (338641) rc_video: [CAM-DIAG-C16M] HEALTH window=24 display_frame=1459 guard_errors=0 quiesce=1459 resume_before=1458 lifecycle_errors=0 cache_sync_err=0 overlap=0 finish_collision=0 tsf_waits=2886 tsf_wait_us=79813468 tsf_wait_max_global_us=216625 target=40000 tolerance=2000 launch_samples=330 launch_min=40052 launch_max=40433 rgb_gain=130 tsf_errors=0
W (344781) rc_video: [CAM-DIAG-C16M] LIGHT stage=periodic window=24 sensor=real display=camera idle=0ms full_probe=0 cache=c2m frames=360 changes=359 sync_changes=0 sync_calls=360 sync_skips=0 unique=8 overflow=352 pre=c2a9e5d2 post=c2a9e5d2 luma_avg=115.8 luma_min=101 luma_max=152 luma_last=110 avg_probe=1.133ms max_probe=2.010ms tsf_waits=853 tsf_wait_us=20900949 tsf_wait_max_global_us=216625 launch_phase_samples=360 launch_phase_avg=40074.3 launch_phase_min=40052 launch_phase_max=40433 tsf_errors=0
I (344815) rc_video: [CAM-DIAG-C16M] HEALTH window=24 display_frame=1489 guard_errors=0 quiesce=1489 resume_before=1488 lifecycle_errors=0 cache_sync_err=0 overlap=0 finish_collision=0 tsf_waits=2962 tsf_wait_us=81446530 tsf_wait_max_global_us=216625 target=40000 tolerance=2000 launch_samples=360 launch_min=40052 launch_max=40433 rgb_gain=130 tsf_errors=0
W (351114) rc_video: [CAM-DIAG-C16M] LIGHT stage=periodic window=24 sensor=real display=camera idle=0ms full_probe=0 cache=c2m frames=390 changes=389 sync_changes=0 sync_calls=390 sync_skips=0 unique=8 overflow=382 pre=00493222 post=00493222 luma_avg=115.5 luma_min=70 luma_max=152 luma_last=70 avg_probe=1.134ms max_probe=2.010ms tsf_waits=926 tsf_wait_us=22693596 tsf_wait_max_global_us=216625 launch_phase_samples=390 launch_phase_avg=40073.6 launch_phase_min=40052 launch_phase_max=40433 tsf_errors=0
I (351148) rc_video: [CAM-DIAG-C16M] HEALTH window=24 display_frame=1519 guard_errors=0 quiesce=1519 resume_before=1518 lifecycle_errors=0 cache_sync_err=0 overlap=0 finish_collision=0 tsf_waits=3035 tsf_wait_us=83239177 tsf_wait_max_global_us=216625 target=40000 tolerance=2000 launch_samples=390 launch_min=40052 launch_max=40433 rgb_gain=130 tsf_errors=0
W (357447) rc_video: [CAM-DIAG-C16M] LIGHT stage=periodic window=24 sensor=real display=camera idle=0ms full_probe=0 cache=c2m frames=420 changes=419 sync_changes=0 sync_calls=420 sync_skips=0 unique=8 overflow=412 pre=92f3c535 post=92f3c535 luma_avg=115.4 luma_min=70 luma_max=152 luma_last=110 avg_probe=1.134ms max_probe=2.010ms tsf_waits=1001 tsf_wait_us=24539918 tsf_wait_max_global_us=216625 launch_phase_samples=420 launch_phase_avg=40073.3 launch_phase_min=40050 launch_phase_max=40433 tsf_errors=0
I (357480) rc_video: [CAM-DIAG-C16M] HEALTH window=24 display_frame=1549 guard_errors=0 quiesce=1549 resume_before=1548 lifecycle_errors=0 cache_sync_err=0 overlap=0 finish_collision=0 tsf_waits=3110 tsf_wait_us=85085499 tsf_wait_max_global_us=216625 target=40000 tolerance=2000 launch_samples=420 launch_min=40050 launch_max=40433 rgb_gain=130 tsf_errors=0
W (363621) rc_video: [CAM-DIAG-C16M] LIGHT stage=periodic window=24 sensor=real display=camera idle=0ms full_probe=0 cache=c2m frames=450 changes=449 sync_changes=0 sync_calls=450 sync_skips=0 unique=8 overflow=442 pre=6072bfb8 post=6072bfb8 luma_avg=115.2 luma_min=70 luma_max=152 luma_last=109 avg_probe=1.133ms max_probe=2.010ms tsf_waits=1076 tsf_wait_us=26147332 tsf_wait_max_global_us=216625 launch_phase_samples=450 launch_phase_avg=40072.8 launch_phase_min=40050 launch_phase_max=40433 tsf_errors=0
I (363655) rc_video: [CAM-DIAG-C16M] HEALTH window=24 display_frame=1579 guard_errors=0 quiesce=1579 resume_before=1578 lifecycle_errors=0 cache_sync_err=0 overlap=0 finish_collision=0 tsf_waits=3185 tsf_wait_us=86692913 tsf_wait_max_global_us=216625 target=40000 tolerance=2000 launch_samples=450 launch_min=40050 launch_max=40433 rgb_gain=130 tsf_errors=0
W (369954) rc_video: [CAM-DIAG-C16M] LIGHT stage=periodic window=24 sensor=real display=camera idle=0ms full_probe=0 cache=c2m frames=480 changes=479 sync_changes=0 sync_calls=480 sync_skips=0 unique=8 overflow=472 pre=f4749574 post=f4749574 luma_avg=114.9 luma_min=70 luma_max=152 luma_last=110 avg_probe=1.133ms max_probe=2.010ms tsf_waits=1153 tsf_wait_us=27963329 tsf_wait_max_global_us=216625 launch_phase_samples=480 launch_phase_avg=40072.1 launch_phase_min=40050 launch_phase_max=40433 tsf_errors=0
I (369988) rc_video: [CAM-DIAG-C16M] HEALTH window=24 display_frame=1609 guard_errors=0 quiesce=1609 resume_before=1608 lifecycle_errors=0 cache_sync_err=0 overlap=0 finish_collision=0 tsf_waits=3262 tsf_wait_us=88508910 tsf_wait_max_global_us=216625 target=40000 tolerance=2000 launch_samples=480 launch_min=40050 launch_max=40433 rgb_gain=130 tsf_errors=0
W (376287) rc_video: [CAM-DIAG-C16M] LIGHT stage=periodic window=24 sensor=real display=camera idle=0ms full_probe=0 cache=c2m frames=510 changes=509 sync_changes=0 sync_calls=510 sync_skips=0 unique=8 overflow=502 pre=c0cef90a post=c0cef90a luma_avg=114.6 luma_min=70 luma_max=152 luma_last=109 avg_probe=1.134ms max_probe=2.010ms tsf_waits=1227 tsf_wait_us=29778338 tsf_wait_max_global_us=216625 launch_phase_samples=510 launch_phase_avg=40071.7 launch_phase_min=40050 launch_phase_max=40433 tsf_errors=0
I (376320) rc_video: [CAM-DIAG-C16M] HEALTH window=24 display_frame=1639 guard_errors=0 quiesce=1639 resume_before=1638 lifecycle_errors=0 cache_sync_err=0 overlap=0 finish_collision=0 tsf_waits=3336 tsf_wait_us=90323919 tsf_wait_max_global_us=216625 target=40000 tolerance=2000 launch_samples=510 launch_min=40050 launch_max=40433 rgb_gain=130 tsf_errors=0
W (382461) rc_video: [CAM-DIAG-C16M] LIGHT stage=periodic window=24 sensor=real display=camera idle=0ms full_probe=0 cache=c2m frames=540 changes=539 sync_changes=0 sync_calls=540 sync_skips=0 unique=8 overflow=532 pre=807c1882 post=807c1882 luma_avg=114.5 luma_min=70 luma_max=152 luma_last=109 avg_probe=1.134ms max_probe=2.010ms tsf_waits=1297 tsf_wait_us=31390308 tsf_wait_max_global_us=216625 launch_phase_samples=540 launch_phase_avg=40071.9 launch_phase_min=40050 launch_phase_max=40433 tsf_errors=0
I (382495) rc_video: [CAM-DIAG-C16M] HEALTH window=24 display_frame=1669 guard_errors=0 quiesce=1669 resume_before=1668 lifecycle_errors=0 cache_sync_err=0 overlap=0 finish_collision=0 tsf_waits=3406 tsf_wait_us=91935889 tsf_wait_max_global_us=216625 target=40000 tolerance=2000 launch_samples=540 launch_min=40050 launch_max=40433 rgb_gain=130 tsf_errors=0
W (388794) rc_video: [CAM-DIAG-C16M] LIGHT stage=periodic window=24 sensor=real display=camera idle=0ms full_probe=0 cache=c2m frames=570 changes=569 sync_changes=0 sync_calls=570 sync_skips=0 unique=8 overflow=562 pre=6951aa01 post=6951aa01 luma_avg=114.2 luma_min=70 luma_max=152 luma_last=109 avg_probe=1.133ms max_probe=2.010ms tsf_waits=1364 tsf_wait_us=33159248 tsf_wait_max_global_us=216625 launch_phase_samples=570 launch_phase_avg=40072.3 launch_phase_min=40050 launch_phase_max=40433 tsf_errors=0
I (388827) rc_video: [CAM-DIAG-C16M] HEALTH window=24 display_frame=1699 guard_errors=0 quiesce=1699 resume_before=1698 lifecycle_errors=0 cache_sync_err=0 overlap=0 finish_collision=0 tsf_waits=3473 tsf_wait_us=93704829 tsf_wait_max_global_us=216625 target=40000 tolerance=2000 launch_samples=570 launch_min=40050 launch_max=40433 rgb_gain=130 tsf_errors=0
W (395126) rc_video: [CAM-DIAG-C16M] LIGHT stage=periodic window=24 sensor=real display=camera idle=0ms full_probe=0 cache=c2m frames=600 changes=599 sync_changes=0 sync_calls=600 sync_skips=0 unique=8 overflow=592 pre=425525c3 post=425525c3 luma_avg=114.0 luma_min=70 luma_max=152 luma_last=109 avg_probe=1.133ms max_probe=2.010ms tsf_waits=1433 tsf_wait_us=34980715 tsf_wait_max_global_us=216625 launch_phase_samples=600 launch_phase_avg=40072.0 launch_phase_min=40050 launch_phase_max=40433 tsf_errors=0
I (395160) rc_video: [CAM-DIAG-C16M] HEALTH window=24 display_frame=1729 guard_errors=0 quiesce=1729 resume_before=1728 lifecycle_errors=0 cache_sync_err=0 overlap=0 finish_collision=0 tsf_waits=3542 tsf_wait_us=95526296 tsf_wait_max_global_us=216625 target=40000 tolerance=2000 launch_samples=600 launch_min=40050 launch_max=40433 rgb_gain=130 tsf_errors=0
W (401301) rc_video: [CAM-DIAG-C16M] LIGHT stage=periodic window=24 sensor=real display=camera idle=0ms full_probe=0 cache=c2m frames=630 changes=629 sync_changes=0 sync_calls=630 sync_skips=0 unique=8 overflow=622 pre=79fa6f19 post=79fa6f19 luma_avg=113.8 luma_min=70 luma_max=152 luma_last=109 avg_probe=1.133ms max_probe=2.010ms tsf_waits=1500 tsf_wait_us=36565278 tsf_wait_max_global_us=216625 launch_phase_samples=630 launch_phase_avg=40072.6 launch_phase_min=40050 launch_phase_max=40433 tsf_errors=0
I (401334) rc_video: [CAM-DIAG-C16M] HEALTH window=24 display_frame=1759 guard_errors=0 quiesce=1759 resume_before=1758 lifecycle_errors=0 cache_sync_err=0 overlap=0 finish_collision=0 tsf_waits=3609 tsf_wait_us=97110859 tsf_wait_max_global_us=216625 target=40000 tolerance=2000 launch_samples=630 launch_min=40050 launch_max=40433 rgb_gain=130 tsf_errors=0
W (407634) rc_video: [CAM-DIAG-C16M] LIGHT stage=periodic window=24 sensor=real display=camera idle=0ms full_probe=0 cache=c2m frames=660 changes=659 sync_changes=0 sync_calls=660 sync_skips=0 unique=8 overflow=652 pre=1aa593a4 post=1aa593a4 luma_avg=113.7 luma_min=70 luma_max=152 luma_last=109 avg_probe=1.132ms max_probe=2.010ms tsf_waits=1573 tsf_wait_us=38366488 tsf_wait_max_global_us=216625 launch_phase_samples=660 launch_phase_avg=40072.6 launch_phase_min=40050 launch_phase_max=40433 tsf_errors=0
I (407667) rc_video: [CAM-DIAG-C16M] HEALTH window=24 display_frame=1789 guard_errors=0 quiesce=1789 resume_before=1788 lifecycle_errors=0 cache_sync_err=0 overlap=0 finish_collision=0 tsf_waits=3682 tsf_wait_us=98912069 tsf_wait_max_global_us=216625 target=40000 tolerance=2000 launch_samples=660 launch_min=40050 launch_max=40433 rgb_gain=130 tsf_errors=0
W (414006) rc_video: [CAM-DIAG-C16M] LIGHT stage=periodic window=24 sensor=real display=camera idle=0ms full_probe=0 cache=c2m frames=690 changes=689 sync_changes=0 sync_calls=690 sync_skips=0 unique=8 overflow=682 pre=692f3ba6 post=692f3ba6 luma_avg=113.6 luma_min=70 luma_max=152 luma_last=110 avg_probe=1.132ms max_probe=2.010ms tsf_waits=1649 tsf_wait_us=40222003 tsf_wait_max_global_us=216625 launch_phase_samples=690 launch_phase_avg=40072.2 launch_phase_min=40050 launch_phase_max=40433 tsf_errors=0
I (414039) rc_video: [CAM-DIAG-C16M] HEALTH window=24 display_frame=1819 guard_errors=0 quiesce=1819 resume_before=1818 lifecycle_errors=0 cache_sync_err=0 overlap=0 finish_collision=0 tsf_waits=3758 tsf_wait_us=100767584 tsf_wait_max_global_us=216625 target=40000 tolerance=2000 launch_samples=690 launch_min=40050 launch_max=40433 rgb_gain=130 tsf_errors=0
