=========================================
Flashing RC Tank Demo - TANK Role to COM7
=========================================
Bootloader:      E:\10__AIProject\7_AI陪伴机器人\CODE\examples\rc_tank_demo\firmware_backup\bootloader_TANK.bin
Partition Table: E:\10__AIProject\7_AI陪伴机器人\CODE\examples\rc_tank_demo\firmware_backup\partition-table_TANK.bin
Application:     E:\10__AIProject\7_AI陪伴机器人\CODE\examples\rc_tank_demo\firmware_backup\rc_tank_demo_TANK.bin

Erasing flash...
esptool.py v4.12.dev2
Serial port COM7
Connecting....
Chip is ESP32-S3 (QFN56) (revision v0.2)
Features: WiFi, BLE
Crystal is 40MHz
MAC: 44:1b:f6:f3:ae:78
Uploading stub...
Running stub...
Stub running...
Erasing flash (this may take a while)...
Chip erase completed successfully in 1.1 seconds.
Hard resetting via RTS pin...

Programming flash...
esptool.py v4.12.dev2
Serial port COM7
Connecting....
Chip is ESP32-S3 (QFN56) (revision v0.2)
Features: WiFi, BLE
Crystal is 40MHz
MAC: 44:1b:f6:f3:ae:78
Uploading stub...
Running stub...
Stub running...
Changing baud rate to 460800
Changed.
Configuring flash size...
Flash will be erased from 0x00000000 to 0x00005fff...
Flash will be erased from 0x00008000 to 0x00008fff...
Flash will be erased from 0x00010000 to 0x00103fff...
SHA digest in image updated
Compressed 20832 bytes to 13349...
Writing at 0x00000000... (100 %)
Wrote 20832 bytes (13349 compressed) at 0x00000000 in 0.4 seconds (effective 430.8 kbit/s)...
Hash of data verified.
Compressed 3072 bytes to 119...
Writing at 0x00008000... (100 %)
Wrote 3072 bytes (119 compressed) at 0x00008000 in 0.0 seconds (effective 1582.2 kbit/s)...
Hash of data verified.
Compressed 996224 bytes to 588284...
Writing at 0x00010000... (2 %)
Writing at 0x0001d3fc... (5 %)
Writing at 0x00029c13... (8 %)
Writing at 0x00032c70... (11 %)
Writing at 0x0003dcee... (13 %)
Writing at 0x000446aa... (16 %)
Writing at 0x0004a94b... (19 %)
Writing at 0x00050b1e... (22 %)
Writing at 0x000580f1... (25 %)
Writing at 0x0006098c... (27 %)
Writing at 0x0006745b... (30 %)
Writing at 0x0006d484... (33 %)
Writing at 0x00072e28... (36 %)
Writing at 0x00078a37... (38 %)
Writing at 0x0007e86a... (41 %)
Writing at 0x00084678... (44 %)
Writing at 0x0008a6ae... (47 %)
Writing at 0x00090306... (50 %)
Writing at 0x00095ca2... (52 %)
Writing at 0x0009acd8... (55 %)
Writing at 0x000a04cc... (58 %)
Writing at 0x000a5c35... (61 %)
Writing at 0x000ab0e8... (63 %)
Writing at 0x000b048d... (66 %)
Writing at 0x000b5a68... (69 %)
Writing at 0x000bbea0... (72 %)
Writing at 0x000c1718... (75 %)
Writing at 0x000c74dc... (77 %)
Writing at 0x000ccf06... (80 %)
Writing at 0x000d2460... (83 %)
Writing at 0x000dafa2... (86 %)
Writing at 0x000e12cd... (88 %)
Writing at 0x000e8a5b... (91 %)
Writing at 0x000f1cbd... (94 %)
Writing at 0x000f8019... (97 %)
Writing at 0x000fddf6... (100 %)
Wrote 996224 bytes (588284 compressed) at 0x00010000 in 13.6 seconds (effective 587.3 kbit/s)...
Hash of data verified.

Leaving...
Hard resetting via RTS pin...

=========================================
Flash completed successfully!
=========================================
