W (45318) rc_tank: [CAM-DIAG-C16O] WINDOW_01 repeat: wifi=off camera=off display=black cache=none; camera_init=next
W (45318) rc_video: [CAM-DIAG-C16O] PROFILE window=1 sensor=real display=camera idle=0ms full_probe=0 cache=none capture=0
I (45327) rc_tank: [STEP] Camera init starting...
I (45332) rc_video: Initializing camera (SP0A39 640x480 VYUY)
W (45337) rc_video: [CAM-DIAG-C16O] staged DVP init core=0; Wi-Fi task core=0; configured_internal_dma=102400; free_internal=231107 largest_internal_dma=110592
I (45351) board_camera: initializing SP0A39 camera mode=0 640x480
I (45357) camera_hal: init SP0A39 DVP 640x480 (SCCB manual mode)
I (45363) camera_hal: configuring IOEX pins for camera RESET/PWDN
I (45370) camera_hal: PWDN=HIGH (power down)
I (45383) camera_hal: PWDN=LOW (release sensor)
I (45583) camera_hal: RESET=LOW (assert reset)
I (45603) camera_hal: RESET=HIGH (release reset)
I (46603) camera_hal: full I2C scan after camera power-up (diagnostic only)...
I (46605) camera_hal:   post-powerup ACK at 0x15
I (46605) camera_hal:   post-powerup ACK at 0x18
I (46608) camera_hal:   post-powerup ACK at 0x21
I (46612) camera_hal:   post-powerup ACK at 0x22
I (46620) camera_hal:   post-powerup ACK at 0x40
I (46622) camera_hal:   post-powerup ACK at 0x51
I (46628) camera_hal:   post-powerup ACK at 0x68
I (46631) camera_hal: DVP GPIO diagnostics (checking PCLK/VSYNC/HSYNC activity)...
I (46697) camera_hal: DVP diagnostics: PCLK_changes=0 VSYNC_changes=0 HSYNC_changes=0
W (46697) camera_hal: PCLK has no transitions - MCLK likely not reaching sensor or sensor not active
I (46702) camera_hal: using sensor address 0x21
I (46707) camera_hal: SP0A39 I2C device added at 0x21
I (46713) camera_hal: SP0A39 chip ID: 0x0A39
I (46835) camera_hal: SP0A39 register init done: VYUY 640x480 (359 regs)
I (46836) camera_hal: [CAM-PROBE] SP0A39 p0_31 stage=post_table value=0x00 expected=0x01
E (46838) camera_hal: camera_hal_verify_expected_output_p0_31(92): unexpected p0_31=0x00 at post_table
W (46847) camera_hal: [CAM-PROBE] output state differs after table; continuing: ESP_ERR_INVALID_RESPONSE
I (46877) camera_hal: [CAM-PROBE] SP0A39 p0_31 stage=post_delay value=0x01 expected=0x01
I (46878) camera_hal: camera HAL initialized (sensor ready, DVP capture not yet implemented)
I (46882) board_camera: camera ready
I (46890) camera_hal: SP0A39 output regs: P0:1c=0x00 P0:30=0x01 P0:31=0x01 P1:32=0x15 P1:34=0xeb P1:35=0x00 P1:36=0x10
I (47024) rc_video:   3 DMA-capable PSRAM framebuffers allocated (600 KB each)
W (47067) rc_video: [CAM-DIAG-C16O] capture handoff uses rc_capture_pool + backup
W (47067) rc_video: [DEBUG-C151] buffers fb0=0x3c0e0ec0 fb1=0x3c177000 fb2=0x3c20d140 backup=0x3c2a3280 payload=614400 storage=614400 alloc=614656 terminal_guard=256
W (47078) rc_video: [DEBUG-C151] heap stage=framebuffers_allocated intact=1
I (47086) dvp_ext: DVP Extended camera controller driver is initialized
W (47091) rc_video: [DEBUG-C151] heap stage=dvp_controller_created_before_start intact=1
W (47098) rc_video: [CAM-DIAG-C16O] staged DVP controller created; configured_internal_dma=102400 free_internal=124027 largest_internal_dma=63488
I (47111) rc_video: Camera initialized
I (47114) rc_tank: [STEP] Camera init OK
W (47118) rc_tank: [CAM-DIAG-C16O] TSF_GUARD window=2 beacon=0 after=0us budget=0us result=ESP_OK
W (47127) rc_tank: [CAM-DIAG-C16O] TSF_TARGET window=2 phase=0us tolerance=0us result=ESP_OK
W (47135) rc_tank: [CAM-DIAG-C16O] RGB_GAIN window=2 requested=100 result=ESP_OK
W (47142) rc_video: [CAM-DIAG-C16O] PROFILE window=2 sensor=real display=camera idle=0ms full_probe=0 cache=c2m_inv capture=0
W (47153) rc_tank: [CAM-DIAG-C16O] WINDOW_02 start: wifi=off sensor=real display=camera idle=0ms full_probe=off cache=c2m_inv dvp=staged100k protocol=off beacon=0 guard_after=0us capture_budget=0us target=0us tolerance=0us rgb_gain=100%
W (47153) rc_video: [CAM-DIAG-C16O] LIGHT stage=complete window=1 sensor=real display=camera idle=0ms full_probe=0 cache=none frames=0 changes=0 sync_changes=0 sync_calls=0 sync_skips=0 unique=0 overflow=0 pre=00000000 post=00000000 luma_avg=0.0 luma_min=255 luma_max=0 luma_last=0 avg_probe=0.000ms max_probe=0.000ms tsf_waits=0 tsf_wait_us=0 tsf_wait_max_global_us=0 launch_phase_samples=0 launch_phase_avg=0.0 launch_phase_min=0 launch_phase_max=0 tsf_errors=0
I (47175) camera_hal: [CAM-PROBE] SP0A39 p0_31 stage=dvp_started value=0x01 expected=0x01
W (47232) rc_video: [CAM-DIAG-C16O] scaled camera preview enabled (240x180 at 80,0; DVP started)
W (47237) rc_tank: [CAM-DIAG-C16O] staged-100KiB VYUY camera preview started while Wi-Fi is off
W (51902) rc_video: [CAM-DIAG-C16O] LIGHT stage=periodic window=2 sensor=real display=camera idle=0ms full_probe=0 cache=c2m_inv frames=30 changes=29 sync_changes=0 sync_calls=30 sync_skips=0 unique=8 overflow=22 pre=7b6646fa post=7b6646fa luma_avg=80.2 luma_min=69 luma_max=88 luma_last=86 avg_probe=2.215ms max_probe=2.588ms tsf_waits=0 tsf_wait_us=0 tsf_wait_max_global_us=0 launch_phase_samples=0 launch_phase_avg=0.0 launch_phase_min=0 launch_phase_max=0 tsf_errors=0
I (51933) rc_video: [CAM-DIAG-C16O] HEALTH window=2 display_frame=30 guard_errors=0 quiesce=30 resume_before=29 lifecycle_errors=0 pause_req=30 pause_ack=30 pause_timeout=0 cache_sync_err=0 overlap=0 finish_collision=0 tsf_waits=0 tsf_wait_us=0 tsf_wait_max_global_us=0 target=0 tolerance=0 launch_samples=0 launch_min=0 launch_max=0 rgb_gain=100 tsf_errors=0
W (56691) rc_video: [CAM-DIAG-C16O] LIGHT stage=periodic window=2 sensor=real display=camera idle=0ms full_probe=0 cache=c2m_inv frames=60 changes=59 sync_changes=0 sync_calls=60 sync_skips=0 unique=8 overflow=52 pre=c6107652 post=c6107652 luma_avg=81.9 luma_min=69 luma_max=88 luma_last=81 avg_probe=2.211ms max_probe=2.588ms tsf_waits=0 tsf_wait_us=0 tsf_wait_max_global_us=0 launch_phase_samples=0 launch_phase_avg=0.0 launch_phase_min=0 launch_phase_max=0 tsf_errors=0
I (56722) rc_video: [CAM-DIAG-C16O] HEALTH window=2 display_frame=60 guard_errors=0 quiesce=60 resume_before=59 lifecycle_errors=0 pause_req=60 pause_ack=60 pause_timeout=0 cache_sync_err=0 overlap=0 finish_collision=0 tsf_waits=0 tsf_wait_us=0 tsf_wait_max_global_us=0 target=0 tolerance=0 launch_samples=0 launch_min=0 launch_max=0 rgb_gain=100 tsf_errors=0
W (57284) rc_tank: [DEBUG-C151] heap stage=window_2_end intact=1
W (57288) camera_hal: [CAM-DIAG-C16I] SP0A39 test_pattern=on P1:32 before=0x15 write=0x95 read=0x80 expected_bit=0x80
W (57390) rc_tank: [CAM-DIAG-C16O] TSF_GUARD window=3 beacon=0 after=0us budget=0us result=ESP_OK
W (57390) rc_tank: [CAM-DIAG-C16O] TSF_TARGET window=3 phase=0us tolerance=0us result=ESP_OK
W (57396) rc_tank: [CAM-DIAG-C16O] RGB_GAIN window=3 requested=100 result=ESP_OK
W (57403) rc_video: [CAM-DIAG-C16O] PROFILE window=3 sensor=pattern display=camera idle=0ms full_probe=1 cache=c2m_inv capture=64
W (57442) rc_tank: [CAM-DIAG-C16O] WINDOW_03 start: wifi=off sensor=pattern display=camera idle=0ms full_probe=on cache=c2m_inv dvp=staged100k protocol=off beacon=0 guard_after=0us capture_budget=0us target=0us tolerance=0us rgb_gain=100%
W (57526) rc_video: [CAM-DIAG-C16O] LIGHT stage=complete window=2 sensor=real display=camera idle=0ms full_probe=0 cache=c2m_inv frames=65 changes=64 sync_changes=0 sync_calls=65 sync_skips=0 unique=8 overflow=57 pre=cfabf268 post=cfabf268 luma_avg=82.5 luma_min=69 luma_max=123 luma_last=123 avg_probe=2.235ms max_probe=3.366ms tsf_waits=0 tsf_wait_us=0 tsf_wait_max_global_us=0 launch_phase_samples=0 launch_phase_avg=0.0 launch_phase_min=0 launch_phase_max=0 tsf_errors=0
W (62113) rc_video: [DEBUG-C151] display frame=90 consumer=0 active=-2/0x0->-2/0x0 select=180->180 became_active=0 overlap=0 overlap_count=0 finish=90 last_finished=0/0x3c0e0ec0 finish_active=0 finish_collision=0 guard=1 guard_errors=0 quiesce=90 resume_before=89 resume_pending=1 lifecycle_errors=0
I (62129) rc_video: [CAM-DIAG-C16O] frame=90 window=3 sensor=pattern slot=0 addr=0x3c0e0ec0 gen=90->90 crc_first=e32b7276/e32b7276 crc_mid=52b8a38d/52b8a38d crc_tail=aed88090/aed88090 stable=1 raw_full=d9c15441 raw_q=386da63e/a74ed0de/fc4794e7/8726f89b raw_edge=a13576c3 raw_probe=592.9ms cache_sync=ESP_OK cache_sync_err=0 chunk_crc=28220d08/371c9fc6/664eb94b submit=3 complete=3 seq=270/270 stale=0 prepare=42.1ms draw=35.5ms
W (62945) rc_video: [CAM-DIAG-C16O] LIGHT stage=periodic window=3 sensor=pattern display=camera idle=0ms full_probe=1 cache=c2m_inv frames=30 changes=0 sync_changes=0 sync_calls=30 sync_skips=0 unique=1 overflow=0 pre=cfabf268 post=cfabf268 luma_avg=123.0 luma_min=123 luma_max=123 luma_last=123 avg_probe=2.200ms max_probe=2.244ms tsf_waits=0 tsf_wait_us=0 tsf_wait_max_global_us=0 launch_phase_samples=0 launch_phase_avg=0.0 launch_phase_min=0 launch_phase_max=0 tsf_errors=0
I (62976) rc_video: [CAM-DIAG-C16O] HEALTH window=3 display_frame=95 guard_errors=0 quiesce=95 resume_before=94 lifecycle_errors=0 pause_req=95 pause_ack=95 pause_timeout=0 cache_sync_err=0 overlap=0 finish_collision=0 tsf_waits=0 tsf_wait_us=0 tsf_wait_max_global_us=0 target=0 tolerance=0 launch_samples=0 launch_min=0 launch_max=0 rgb_gain=100 tsf_errors=0
W (67463) rc_tank: [DEBUG-C151] heap stage=window_3_end_before_network intact=1
I (67464) rc_tank: [STEP] Network init starting...
I (67466) rc_net: Initializing as SoftAP (Tank)
I (67470) pp: pp rom version: e7ae62f
I (67472) net80211: net80211 rom version: e7ae62f
I (67479) wifi:wifi driver task: 3fce868c, prio:23, stack:6656, core=0
I (67487) wifi:wifi firmware version: 0947e8b
I (67487) wifi:wifi certification version: v7.0
I (67491) wifi:config NVS flash: enabled
I (67494) wifi:config nano formatting: disabled
I (67499) wifi:Init data frame dynamic rx buffer num: 32
I (67504) wifi:Init static rx mgmt buffer num: 5
I (67508) wifi:Init management short buffer num: 32
I (67513) wifi:Init dynamic tx buffer num: 64
I (67517) wifi:Init static tx FG buffer num: 2
I (67521) wifi:Init static rx buffer size: 1600
I (67525) wifi:Init static rx buffer num: 10
I (67529) wifi:Init dynamic rx buffer num: 32
I (67534) wifi_init: rx ba win: 6
I (67536) wifi_init: accept mbox: 6
I (67539) wifi_init: tcpip mbox: 16
I (67543) wifi_init: udp mbox: 6
I (67546) wifi_init: tcp mbox: 6
I (67549) wifi_init: tcp tx win: 5760
I (67552) wifi_init: tcp rx win: 5760
I (67555) wifi_init: tcp mss: 1440
I (67558) wifi_init: WiFi IRAM OP enabled
I (67562) wifi_init: WiFi RX IRAM OP enabled
I (67567) rc_net: AP set_mode/config, SSID=RC_TANK_F3AE79 ch=1
W (67604) rc_video: [DEBUG-C151] display frame=120 consumer=0 active=-2/0x0->-2/0x0 select=240->240 became_active=0 overlap=0 overlap_count=0 finish=120 last_finished=0/0x3c0e0ec0 finish_active=0 finish_collision=0 guard=1 guard_errors=0 quiesce=120 resume_before=119 resume_pending=1 lifecycle_errors=0
I (67619) rc_video: [CAM-DIAG-C16O] frame=120 window=3 sensor=pattern slot=0 addr=0x3c0e0ec0 gen=120->120 crc_first=e32b7276/e32b7276 crc_mid=52b8a38d/52b8a38d crc_tail=aed88090/aed88090 stable=1 raw_full=d9c15441 raw_q=386da63e/a74ed0de/fc4794e7/8726f89b raw_edge=a13576c3 raw_probe=592.9ms cache_sync=ESP_OK cache_sync_err=0 chunk_crc=28220d08/371c9fc6/664eb94b submit=3 complete=3 seq=360/360 stale=0 prepare=51.3ms draw=36.1ms
I (67659) phy_init: phy_version 711,97bcf0a2,Aug 25 2025,19:04:10
W (67663) phy_init: failed to load RF calibration data (0x1102), falling back to full calibration
I (67710) phy_init: Saving new calibration data due to checksum failure or outdated calibration data, mode(2)
I (67722) wifi:mode : softAP (44:1b:f6:f3:ae:79)
I (67729) wifi:Total power save buffer number: 32
I (67730) wifi:Init max length of beacon: 752/752
I (67731) wifi:Init max length of beacon: 752/752
I (67734) esp_netif_lwip: DHCP server started on interface WIFI_AP_DEF with IP: 192.168.4.1
I (67740) rc_net: SoftAP started, SSID: RC_TANK_F3AE79, Password: 12345678
I (67746) rc_tank: [STEP] Network init OK
I (67750) rc_tank: Tank SoftAP ready, waiting for remote...
W (67756) rc_tank: [CAM-DIAG-C16O] PROTOCOL window=4 before=0x07 requested=0x07 after=0x07 name=bgn changed=0
I (67775) wifi:Total power save buffer number: 32
I (67778) esp_netif_lwip: DHCP server started on interface WIFI_AP_DEF with IP: 192.168.4.1
W (67777) rc_tank: [CAM-DIAG-C16O] BEACON window=4 before=100 requested=200 after=200 changed=1
W (67786) rc_tank: [CAM-DIAG-C16O] TSF_GUARD window=4 beacon=200 after=0us budget=0us result=ESP_OK
W (67795) rc_tank: [CAM-DIAG-C16O] TSF_TARGET window=4 phase=0us tolerance=0us result=ESP_OK
W (67803) rc_tank: [CAM-DIAG-C16O] RGB_GAIN window=4 requested=100 result=ESP_OK
W (67810) rc_video: [CAM-DIAG-C16O] PROFILE window=4 sensor=pattern display=camera idle=0ms full_probe=1 cache=m2c capture=121
W (67821) rc_tank: [CAM-DIAG-C16O] WINDOW_04 start: wifi=on sensor=pattern display=camera idle=0ms full_probe=on cache=m2c dvp=staged100k protocol=bgn beacon=200 guard_after=0us capture_budget=0us target=0us tolerance=0us rgb_gain=100%
W (67861) rc_video: [CAM-DIAG-C16O] LIGHT stage=complete window=3 sensor=pattern display=camera idle=0ms full_probe=1 cache=c2m_inv frames=56 changes=1 sync_changes=0 sync_calls=56 sync_skips=0 unique=2 overflow=0 pre=94da5df6 post=94da5df6 luma_avg=122.9 luma_min=118 luma_max=123 luma_last=118 avg_probe=2.253ms max_probe=4.989ms tsf_waits=0 tsf_wait_us=0 tsf_wait_max_global_us=0 launch_phase_samples=0 launch_phase_avg=0.0 launch_phase_min=0 launch_phase_max=0 tsf_errors=0
W (73077) rc_video: [DEBUG-C151] display frame=150 consumer=0 active=-2/0x0->-2/0x0 select=300->300 became_active=0 overlap=0 overlap_count=0 finish=150 last_finished=0/0x3c0e0ec0 finish_active=0 finish_collision=0 guard=1 guard_errors=0 quiesce=150 resume_before=149 resume_pending=1 lifecycle_errors=0
I (73093) rc_video: [CAM-DIAG-C16O] frame=150 window=4 sensor=pattern slot=0 addr=0x3c0e0ec0 gen=150->150 crc_first=e32b7276/e32b7276 crc_mid=52b8a38d/52b8a38d crc_tail=aed88090/aed88090 stable=1 raw_full=d9c15441 raw_q=386da63e/a74ed0de/fc4794e7/8726f89b raw_edge=a13576c3 raw_probe=593.8ms cache_sync=ESP_OK cache_sync_err=0 chunk_crc=28220d08/371c9fc6/664eb94b submit=3 complete=3 seq=450/450 stale=0 prepare=42.2ms draw=36.0ms
W (73275) rc_video: [CAM-DIAG-C16O] LIGHT stage=periodic window=4 sensor=pattern display=camera idle=0ms full_probe=1 cache=m2c frames=30 changes=0 sync_changes=0 sync_calls=30 sync_skips=0 unique=1 overflow=0 pre=cfabf268 post=cfabf268 luma_avg=123.0 luma_min=123 luma_max=123 luma_last=123 avg_probe=1.157ms max_probe=1.446ms tsf_waits=0 tsf_wait_us=0 tsf_wait_max_global_us=0 launch_phase_samples=0 launch_phase_avg=0.0 launch_phase_min=0 launch_phase_max=0 tsf_errors=0
I (73305) rc_video: [CAM-DIAG-C16O] HEALTH window=4 display_frame=151 guard_errors=0 quiesce=151 resume_before=150 lifecycle_errors=0 pause_req=151 pause_ack=151 pause_timeout=0 cache_sync_err=0 overlap=0 finish_collision=0 tsf_waits=0 tsf_wait_us=0 tsf_wait_max_global_us=0 target=0 tolerance=0 launch_samples=0 launch_min=0 launch_max=0 rgb_gain=100 tsf_errors=0
W (77842) rc_tank: [CAM-DIAG-C16O] PROTOCOL window=5 before=0x07 requested=0x07 after=0x07 name=bgn changed=0
W (77843) rc_tank: [CAM-DIAG-C16O] BEACON window=5 before=200 requested=200 after=200 changed=0
W (77850) rc_tank: [CAM-DIAG-C16O] TSF_GUARD window=5 beacon=200 after=0us budget=0us result=ESP_OK
W (77858) rc_tank: [CAM-DIAG-C16O] TSF_TARGET window=5 phase=0us tolerance=0us result=ESP_OK
W (77867) rc_tank: [CAM-DIAG-C16O] RGB_GAIN window=5 requested=100 result=ESP_OK
W (77874) rc_video: [CAM-DIAG-C16O] PROFILE window=5 sensor=pattern display=camera idle=0ms full_probe=1 cache=none capture=180
W (77885) rc_tank: [CAM-DIAG-C16O] WINDOW_05 start: wifi=on sensor=pattern display=camera idle=0ms full_probe=on cache=none dvp=staged100k protocol=bgn beacon=200 guard_after=0us capture_budget=0us target=0us tolerance=0us rgb_gain=100%
W (78557) rc_video: [DEBUG-C151] display frame=180 consumer=0 active=-2/0x0->-2/0x0 select=360->360 became_active=0 overlap=0 overlap_count=0 finish=180 last_finished=0/0x3c0e0ec0 finish_active=0 finish_collision=0 guard=1 guard_errors=0 quiesce=180 resume_before=179 resume_pending=1 lifecycle_errors=0
I (78573) rc_video: [CAM-DIAG-C16O] frame=180 window=4 sensor=pattern slot=0 addr=0x3c0e0ec0 gen=180->180 crc_first=e32b7276/e32b7276 crc_mid=52b8a38d/52b8a38d crc_tail=aed88090/aed88090 stable=1 raw_full=d9c15441 raw_q=386da63e/a74ed0de/fc4794e7/8726f89b raw_edge=a13576c3 raw_probe=611.5ms cache_sync=ESP_OK cache_sync_err=0 chunk_crc=28220d08/371c9fc6/664eb94b submit=3 complete=3 seq=540/540 stale=0 prepare=42.2ms draw=35.8ms
W (78611) rc_video: [CAM-DIAG-C16O] LIGHT stage=complete window=4 sensor=pattern display=camera idle=0ms full_probe=1 cache=m2c frames=59 changes=0 sync_changes=0 sync_calls=59 sync_skips=0 unique=1 overflow=0 pre=cfabf268 post=cfabf268 luma_avg=123.0 luma_min=123 luma_max=123 luma_last=123 avg_probe=1.151ms max_probe=1.446ms tsf_waits=0 tsf_wait_us=0 tsf_wait_max_global_us=0 launch_phase_samples=0 launch_phase_avg=0.0 launch_phase_min=0 launch_phase_max=0 tsf_errors=0
W (84001) rc_video: [CAM-DIAG-C16O] LIGHT stage=periodic window=5 sensor=pattern display=camera idle=0ms full_probe=1 cache=none frames=30 changes=0 sync_changes=0 sync_calls=0 sync_skips=30 unique=1 overflow=0 pre=cfabf268 post=cfabf268 luma_avg=123.0 luma_min=123 luma_max=123 luma_last=123 avg_probe=1.138ms max_probe=1.314ms tsf_waits=0 tsf_wait_us=0 tsf_wait_max_global_us=0 launch_phase_samples=0 launch_phase_avg=0.0 launch_phase_min=0 launch_phase_max=0 tsf_errors=0
I (84031) rc_video: [CAM-DIAG-C16O] HEALTH window=5 display_frame=210 guard_errors=0 quiesce=210 resume_before=209 lifecycle_errors=0 pause_req=210 pause_ack=210 pause_timeout=0 cache_sync_err=0 overlap=0 finish_collision=0 tsf_waits=0 tsf_wait_us=0 tsf_wait_max_global_us=0 target=0 tolerance=0 launch_samples=0 launch_min=0 launch_max=0 rgb_gain=100 tsf_errors=0
W (84063) rc_video: [DEBUG-C151] display frame=210 consumer=0 active=-2/0x0->-2/0x0 select=420->420 became_active=0 overlap=0 overlap_count=0 finish=210 last_finished=0/0x3c0e0ec0 finish_active=0 finish_collision=0 guard=1 guard_errors=0 quiesce=210 resume_before=209 resume_pending=1 lifecycle_errors=0
I (84090) rc_video: [CAM-DIAG-C16O] frame=210 window=5 sensor=pattern slot=0 addr=0x3c0e0ec0 gen=210->210 crc_first=e32b7276/e32b7276 crc_mid=52b8a38d/52b8a38d crc_tail=aed88090/aed88090 stable=1 raw_full=d9c15441 raw_q=386da63e/a74ed0de/fc4794e7/8726f89b raw_edge=a13576c3 raw_probe=593.6ms cache_sync=ESP_OK cache_sync_err=0 chunk_crc=28220d08/371c9fc6/664eb94b submit=3 complete=3 seq=630/630 stale=0 prepare=42.1ms draw=35.9ms
W (87906) rc_tank: [CAM-DIAG-C16O] PROTOCOL window=6 before=0x07 requested=0x07 after=0x07 name=bgn changed=0
W (87907) rc_tank: [CAM-DIAG-C16O] BEACON window=6 before=200 requested=200 after=200 changed=0
W (87914) rc_tank: [CAM-DIAG-C16O] TSF_GUARD window=6 beacon=200 after=0us budget=0us result=ESP_OK
W (87923) rc_tank: [CAM-DIAG-C16O] TSF_TARGET window=6 phase=0us tolerance=0us result=ESP_OK
W (87931) rc_tank: [CAM-DIAG-C16O] RGB_GAIN window=6 requested=100 result=ESP_OK
W (87938) rc_video: [CAM-DIAG-C16O] PROFILE window=6 sensor=pattern display=camera idle=0ms full_probe=1 cache=c2m capture=234
W (87949) rc_tank: [CAM-DIAG-C16O] WINDOW_06 start: wifi=on sensor=pattern display=camera idle=0ms full_probe=on cache=c2m dvp=staged100k protocol=bgn beacon=200 guard_after=0us capture_budget=0us target=0us tolerance=0us rgb_gain=100%
W (88078) rc_video: [CAM-DIAG-C16O] LIGHT stage=complete window=5 sensor=pattern display=camera idle=0ms full_probe=1 cache=none frames=55 changes=0 sync_changes=0 sync_calls=0 sync_skips=55 unique=1 overflow=0 pre=cfabf268 post=cfabf268 luma_avg=123.0 luma_min=123 luma_max=123 luma_last=123 avg_probe=1.149ms max_probe=1.343ms tsf_waits=0 tsf_wait_us=0 tsf_wait_max_global_us=0 launch_phase_samples=0 launch_phase_avg=0.0 launch_phase_min=0 launch_phase_max=0 tsf_errors=0
W (89504) rc_video: [DEBUG-C151] display frame=240 consumer=0 active=-2/0x0->-2/0x0 select=480->480 became_active=0 overlap=0 overlap_count=0 finish=240 last_finished=0/0x3c0e0ec0 finish_active=0 finish_collision=0 guard=1 guard_errors=0 quiesce=240 resume_before=239 resume_pending=1 lifecycle_errors=0
I (89520) rc_video: [CAM-DIAG-C16O] frame=240 window=6 sensor=pattern slot=0 addr=0x3c0e0ec0 gen=240->240 crc_first=e32b7276/e32b7276 crc_mid=52b8a38d/52b8a38d crc_tail=aed88090/aed88090 stable=1 raw_full=d9c15441 raw_q=386da63e/a74ed0de/fc4794e7/8726f89b raw_edge=a13576c3 raw_probe=593.2ms cache_sync=ESP_OK cache_sync_err=0 chunk_crc=28220d08/371c9fc6/664eb94b submit=3 complete=3 seq=720/720 stale=0 prepare=42.4ms draw=35.9ms
W (93500) rc_video: [CAM-DIAG-C16O] LIGHT stage=periodic window=6 sensor=pattern display=camera idle=0ms full_probe=1 cache=c2m frames=30 changes=0 sync_changes=0 sync_calls=30 sync_skips=0 unique=1 overflow=0 pre=cfabf268 post=cfabf268 luma_avg=123.0 luma_min=123 luma_max=123 luma_last=123 avg_probe=2.277ms max_probe=2.591ms tsf_waits=0 tsf_wait_us=0 tsf_wait_max_global_us=0 launch_phase_samples=0 launch_phase_avg=0.0 launch_phase_min=0 launch_phase_max=0 tsf_errors=0
I (93531) rc_video: [CAM-DIAG-C16O] HEALTH window=6 display_frame=265 guard_errors=0 quiesce=265 resume_before=264 lifecycle_errors=0 pause_req=265 pause_ack=265 pause_timeout=0 cache_sync_err=0 overlap=0 finish_collision=0 tsf_waits=0 tsf_wait_us=0 tsf_wait_max_global_us=0 target=0 tolerance=0 launch_samples=0 launch_min=0 launch_max=0 rgb_gain=100 tsf_errors=0
W (94965) rc_video: [DEBUG-C151] display frame=270 consumer=0 active=-2/0x0->-2/0x0 select=540->540 became_active=0 overlap=0 overlap_count=0 finish=270 last_finished=0/0x3c0e0ec0 finish_active=0 finish_collision=0 guard=1 guard_errors=0 quiesce=270 resume_before=269 resume_pending=1 lifecycle_errors=0
I (94981) rc_video: [CAM-DIAG-C16O] frame=270 window=6 sensor=pattern slot=0 addr=0x3c0e0ec0 gen=270->270 crc_first=e32b7276/e32b7276 crc_mid=52b8a38d/52b8a38d crc_tail=aed88090/aed88090 stable=1 raw_full=d9c15441 raw_q=386da63e/a74ed0de/fc4794e7/8726f89b raw_edge=a13576c3 raw_probe=593.6ms cache_sync=ESP_OK cache_sync_err=0 chunk_crc=28220d08/371c9fc6/664eb94b submit=3 complete=3 seq=810/810 stale=0 prepare=42.1ms draw=35.8ms
W (98000) rc_tank: [CAM-DIAG-C16O] PROTOCOL window=7 before=0x07 requested=0x07 after=0x07 name=bgn changed=0
W (98001) rc_tank: [CAM-DIAG-C16O] BEACON window=7 before=200 requested=200 after=200 changed=0
W (98007) rc_tank: [CAM-DIAG-C16O] TSF_GUARD window=7 beacon=200 after=0us budget=0us result=ESP_OK
W (98016) rc_tank: [CAM-DIAG-C16O] TSF_TARGET window=7 phase=0us tolerance=0us result=ESP_OK
W (98024) rc_tank: [CAM-DIAG-C16O] RGB_GAIN window=7 requested=100 result=ESP_OK
W (98031) rc_video: [CAM-DIAG-C16O] PROFILE window=7 sensor=pattern display=camera idle=0ms full_probe=1 cache=c2m_inv capture=289
W (98043) rc_tank: [CAM-DIAG-C16O] WINDOW_07 start: wifi=on sensor=pattern display=camera idle=0ms full_probe=on cache=c2m_inv dvp=staged100k protocol=bgn beacon=200 guard_after=0us capture_budget=0us target=0us tolerance=0us rgb_gain=100%
W (98172) rc_video: [CAM-DIAG-C16O] LIGHT stage=complete window=6 sensor=pattern display=camera idle=0ms full_probe=1 cache=c2m frames=55 changes=0 sync_changes=0 sync_calls=55 sync_skips=0 unique=1 overflow=0 pre=cfabf268 post=cfabf268 luma_avg=123.0 luma_min=123 luma_max=123 luma_last=123 avg_probe=2.290ms max_probe=2.822ms tsf_waits=0 tsf_wait_us=0 tsf_wait_max_global_us=0 launch_phase_samples=0 launch_phase_avg=0.0 launch_phase_min=0 launch_phase_max=0 tsf_errors=0
W (100387) rc_video: [DEBUG-C151] display frame=300 consumer=0 active=-2/0x0->-2/0x0 select=600->600 became_active=0 overlap=0 overlap_count=0 finish=300 last_finished=0/0x3c0e0ec0 finish_active=0 finish_collision=0 guard=1 guard_errors=0 quiesce=300 resume_before=299 resume_pending=1 lifecycle_errors=0
I (100404) rc_video: [CAM-DIAG-C16O] frame=300 window=7 sensor=pattern slot=0 addr=0x3c0e0ec0 gen=300->300 crc_first=e32b7276/e32b7276 crc_mid=52b8a38d/52b8a38d crc_tail=aed88090/aed88090 stable=1 raw_full=d9c15441 raw_q=386da63e/a74ed0de/fc4794e7/8726f89b raw_edge=a13576c3 raw_probe=593.4ms cache_sync=ESP_OK cache_sync_err=0 chunk_crc=28220d08/371c9fc6/664eb94b submit=3 complete=3 seq=900/900 stale=0 prepare=42.1ms draw=36.0ms
W (103593) rc_video: [CAM-DIAG-C16O] LIGHT stage=periodic window=7 sensor=pattern display=camera idle=0ms full_probe=1 cache=c2m_inv frames=30 changes=0 sync_changes=0 sync_calls=30 sync_skips=0 unique=1 overflow=0 pre=cfabf268 post=cfabf268 luma_avg=123.0 luma_min=123 luma_max=123 luma_last=123 avg_probe=2.294ms max_probe=2.671ms tsf_waits=0 tsf_wait_us=0 tsf_wait_max_global_us=0 launch_phase_samples=0 launch_phase_avg=0.0 launch_phase_min=0 launch_phase_max=0 tsf_errors=0
I (103624) rc_video: [CAM-DIAG-C16O] HEALTH window=7 display_frame=320 guard_errors=0 quiesce=320 resume_before=319 lifecycle_errors=0 pause_req=320 pause_ack=320 pause_timeout=0 cache_sync_err=0 overlap=0 finish_collision=0 tsf_waits=0 tsf_wait_us=0 tsf_wait_max_global_us=0 target=0 tolerance=0 launch_samples=0 launch_min=0 launch_max=0 rgb_gain=100 tsf_errors=0
W (105849) rc_video: [DEBUG-C151] display frame=330 consumer=0 active=-2/0x0->-2/0x0 select=660->660 became_active=0 overlap=0 overlap_count=0 finish=330 last_finished=0/0x3c0e0ec0 finish_active=0 finish_collision=0 guard=1 guard_errors=0 quiesce=330 resume_before=329 resume_pending=1 lifecycle_errors=0
I (105866) rc_video: [CAM-DIAG-C16O] frame=330 window=7 sensor=pattern slot=0 addr=0x3c0e0ec0 gen=330->330 crc_first=e32b7276/e32b7276 crc_mid=52b8a38d/52b8a38d crc_tail=aed88090/aed88090 stable=1 raw_full=d9c15441 raw_q=386da63e/a74ed0de/fc4794e7/8726f89b raw_edge=a13576c3 raw_probe=593.4ms cache_sync=ESP_OK cache_sync_err=0 chunk_crc=28220d08/371c9fc6/664eb94b submit=3 complete=3 seq=990/990 stale=0 prepare=42.1ms draw=36.2ms
W (108092) rc_tank: [CAM-DIAG-C16O] PROTOCOL window=8 before=0x07 requested=0x07 after=0x07 name=bgn changed=0
W (108093) rc_tank: [CAM-DIAG-C16O] BEACON window=8 before=200 requested=200 after=200 changed=0
W (108100) rc_tank: [CAM-DIAG-C16O] TSF_GUARD window=8 beacon=200 after=0us budget=0us result=ESP_OK
W (108109) rc_tank: [CAM-DIAG-C16O] TSF_TARGET window=8 phase=0us tolerance=0us result=ESP_OK
W (108117) rc_tank: [CAM-DIAG-C16O] RGB_GAIN window=8 requested=100 result=ESP_OK
W (108124) rc_video: [CAM-DIAG-C16O] PROFILE window=8 sensor=pattern display=camera idle=0ms full_probe=1 cache=c2m_inv capture=344
W (108136) rc_tank: [CAM-DIAG-C16O] WINDOW_08 start: wifi=on sensor=pattern display=camera idle=0ms full_probe=on cache=c2m_inv dvp=staged100k protocol=bgn beacon=200 guard_after=0us capture_budget=0us target=0us tolerance=0us rgb_gain=100%
W (108264) rc_video: [CAM-DIAG-C16O] LIGHT stage=complete window=7 sensor=pattern display=camera idle=0ms full_probe=1 cache=c2m_inv frames=55 changes=2 sync_changes=0 sync_calls=55 sync_skips=0 unique=2 overflow=0 pre=cfabf268 post=cfabf268 luma_avg=123.3 luma_min=123 luma_max=137 luma_last=123 avg_probe=2.294ms max_probe=2.671ms tsf_waits=0 tsf_wait_us=0 tsf_wait_max_global_us=0 launch_phase_samples=0 launch_phase_avg=0.0 launch_phase_min=0 launch_phase_max=0 tsf_errors=0
W (111272) rc_video: [DEBUG-C151] display frame=360 consumer=0 active=-2/0x0->-2/0x0 select=720->720 became_active=0 overlap=0 overlap_count=0 finish=360 last_finished=0/0x3c0e0ec0 finish_active=0 finish_collision=0 guard=1 guard_errors=0 quiesce=360 resume_before=359 resume_pending=1 lifecycle_errors=0
I (111288) rc_video: [CAM-DIAG-C16O] frame=360 window=8 sensor=pattern slot=0 addr=0x3c0e0ec0 gen=360->360 crc_first=e32b7276/e32b7276 crc_mid=52b8a38d/52b8a38d crc_tail=aed88090/aed88090 stable=1 raw_full=d9c15441 raw_q=386da63e/a74ed0de/fc4794e7/8726f89b raw_edge=a13576c3 raw_probe=593.4ms cache_sync=ESP_OK cache_sync_err=0 chunk_crc=28220d08/371c9fc6/664eb94b submit=3 complete=3 seq=1080/1080 stale=0 prepare=42.3ms draw=36.0ms
W (113686) rc_video: [CAM-DIAG-C16O] LIGHT stage=periodic window=8 sensor=pattern display=camera idle=0ms full_probe=1 cache=c2m_inv frames=30 changes=0 sync_changes=0 sync_calls=30 sync_skips=0 unique=1 overflow=0 pre=cfabf268 post=cfabf268 luma_avg=123.0 luma_min=123 luma_max=123 luma_last=123 avg_probe=2.322ms max_probe=2.796ms tsf_waits=0 tsf_wait_us=0 tsf_wait_max_global_us=0 launch_phase_samples=0 launch_phase_avg=0.0 launch_phase_min=0 launch_phase_max=0 tsf_errors=0
I (113717) rc_video: [CAM-DIAG-C16O] HEALTH window=8 display_frame=375 guard_errors=0 quiesce=375 resume_before=374 lifecycle_errors=0 pause_req=375 pause_ack=375 pause_timeout=0 cache_sync_err=0 overlap=0 finish_collision=0 tsf_waits=0 tsf_wait_us=0 tsf_wait_max_global_us=0 target=0 tolerance=0 launch_samples=0 launch_min=0 launch_max=0 rgb_gain=100 tsf_errors=0
W (116734) rc_video: [DEBUG-C151] display frame=390 consumer=0 active=-2/0x0->-2/0x0 select=780->780 became_active=0 overlap=0 overlap_count=0 finish=390 last_finished=0/0x3c0e0ec0 finish_active=0 finish_collision=0 guard=1 guard_errors=0 quiesce=390 resume_before=389 resume_pending=1 lifecycle_errors=0
I (116750) rc_video: [CAM-DIAG-C16O] frame=390 window=8 sensor=pattern slot=0 addr=0x3c0e0ec0 gen=390->390 crc_first=e32b7276/e32b7276 crc_mid=52b8a38d/52b8a38d crc_tail=aed88090/aed88090 stable=1 raw_full=d9c15441 raw_q=386da63e/a74ed0de/fc4794e7/8726f89b raw_edge=a13576c3 raw_probe=593.4ms cache_sync=ESP_OK cache_sync_err=0 chunk_crc=28220d08/371c9fc6/664eb94b submit=3 complete=3 seq=1170/1170 stale=0 prepare=42.1ms draw=35.7ms
W (118185) rc_tank: [CAM-DIAG-C16O] PROTOCOL window=9 before=0x07 requested=0x07 after=0x07 name=bgn changed=0
W (118186) rc_tank: [CAM-DIAG-C16O] BEACON window=9 before=200 requested=200 after=200 changed=0
W (118193) rc_tank: [CAM-DIAG-C16O] TSF_GUARD window=9 beacon=200 after=0us budget=0us result=ESP_OK
W (118202) rc_tank: [CAM-DIAG-C16O] TSF_TARGET window=9 phase=0us tolerance=0us result=ESP_OK
W (118210) rc_tank: [CAM-DIAG-C16O] RGB_GAIN window=9 requested=100 result=ESP_OK
W (118217) rc_video: [CAM-DIAG-C16O] PROFILE window=9 sensor=pattern display=camera idle=0ms full_probe=1 cache=c2m_inv capture=399
W (118229) rc_tank: [CAM-DIAG-C16O] WINDOW_09 start: wifi=on sensor=pattern display=camera idle=0ms full_probe=on cache=c2m_inv dvp=staged100k protocol=bgn beacon=200 guard_after=0us capture_budget=0us target=0us tolerance=0us rgb_gain=100%
W (118357) rc_video: [CAM-DIAG-C16O] LIGHT stage=complete window=8 sensor=pattern display=camera idle=0ms full_probe=1 cache=c2m_inv frames=55 changes=0 sync_changes=0 sync_calls=55 sync_skips=0 unique=1 overflow=0 pre=cfabf268 post=cfabf268 luma_avg=123.0 luma_min=123 luma_max=123 luma_last=123 avg_probe=2.317ms max_probe=2.796ms tsf_waits=0 tsf_wait_us=0 tsf_wait_max_global_us=0 launch_phase_samples=0 launch_phase_avg=0.0 launch_phase_min=0 launch_phase_max=0 tsf_errors=0
W (122157) rc_video: [DEBUG-C151] display frame=420 consumer=0 active=-2/0x0->-2/0x0 select=840->840 became_active=0 overlap=0 overlap_count=0 finish=420 last_finished=0/0x3c0e0ec0 finish_active=0 finish_collision=0 guard=1 guard_errors=0 quiesce=420 resume_before=419 resume_pending=1 lifecycle_errors=0
I (122173) rc_video: [CAM-DIAG-C16O] frame=420 window=9 sensor=pattern slot=0 addr=0x3c0e0ec0 gen=420->420 crc_first=e32b7276/e32b7276 crc_mid=52b8a38d/52b8a38d crc_tail=aed88090/aed88090 stable=1 raw_full=d9c15441 raw_q=386da63e/a74ed0de/fc4794e7/8726f89b raw_edge=a13576c3 raw_probe=593.9ms cache_sync=ESP_OK cache_sync_err=0 chunk_crc=28220d08/371c9fc6/664eb94b submit=3 complete=3 seq=1260/1260 stale=0 prepare=42.4ms draw=35.8ms
W (123779) rc_video: [CAM-DIAG-C16O] LIGHT stage=periodic window=9 sensor=pattern display=camera idle=0ms full_probe=1 cache=c2m_inv frames=30 changes=2 sync_changes=0 sync_calls=30 sync_skips=0 unique=2 overflow=0 pre=cfabf268 post=cfabf268 luma_avg=121.9 luma_min=91 luma_max=123 luma_last=123 avg_probe=2.315ms max_probe=2.598ms tsf_waits=0 tsf_wait_us=0 tsf_wait_max_global_us=0 launch_phase_samples=0 launch_phase_avg=0.0 launch_phase_min=0 launch_phase_max=0 tsf_errors=0
I (123810) rc_video: [CAM-DIAG-C16O] HEALTH window=9 display_frame=430 guard_errors=0 quiesce=430 resume_before=429 lifecycle_errors=0 pause_req=430 pause_ack=430 pause_timeout=0 cache_sync_err=0 overlap=0 finish_collision=0 tsf_waits=0 tsf_wait_us=0 tsf_wait_max_global_us=0 target=0 tolerance=0 launch_samples=0 launch_min=0 launch_max=0 rgb_gain=100 tsf_errors=0
W (127618) rc_video: [DEBUG-C151] display frame=450 consumer=0 active=-2/0x0->-2/0x0 select=900->900 became_active=0 overlap=0 overlap_count=0 finish=450 last_finished=0/0x3c0e0ec0 finish_active=0 finish_collision=0 guard=1 guard_errors=0 quiesce=450 resume_before=449 resume_pending=1 lifecycle_errors=0
I (127635) rc_video: [CAM-DIAG-C16O] frame=450 window=9 sensor=pattern slot=0 addr=0x3c0e0ec0 gen=450->450 crc_first=e32b7276/e32b7276 crc_mid=52b8a38d/52b8a38d crc_tail=aed88090/aed88090 stable=1 raw_full=d9c15441 raw_q=386da63e/a74ed0de/fc4794e7/8726f89b raw_edge=a13576c3 raw_probe=593.4ms cache_sync=ESP_OK cache_sync_err=0 chunk_crc=28220d08/371c9fc6/664eb94b submit=3 complete=3 seq=1350/1350 stale=0 prepare=42.3ms draw=36.2ms
W (128280) camera_hal: [CAM-DIAG-C16I] SP0A39 test_pattern=off P1:32 before=0x80 write=0x00 read=0x15 expected_bit=0x00
W (128381) rc_tank: [CAM-DIAG-C16O] PROTOCOL window=10 before=0x07 requested=0x07 after=0x07 name=bgn changed=0
W (128382) rc_tank: [CAM-DIAG-C16O] BEACON window=10 before=200 requested=200 after=200 changed=0
W (128389) rc_tank: [CAM-DIAG-C16O] TSF_GUARD window=10 beacon=200 after=0us budget=0us result=ESP_OK
W (128398) rc_tank: [CAM-DIAG-C16O] TSF_TARGET window=10 phase=0us tolerance=0us result=ESP_OK
W (128406) rc_tank: [CAM-DIAG-C16O] RGB_GAIN window=10 requested=100 result=ESP_OK
W (128414) rc_video: [CAM-DIAG-C16O] PROFILE window=10 sensor=real display=camera idle=0ms full_probe=0 cache=c2m_inv capture=455
W (128425) rc_tank: [CAM-DIAG-C16O] WINDOW_10 start: wifi=on sensor=real display=camera idle=0ms full_probe=off cache=c2m_inv dvp=staged100k protocol=bgn beacon=200 guard_after=0us capture_budget=0us target=0us tolerance=0us rgb_gain=100%
W (128457) rc_video: [CAM-DIAG-C16O] LIGHT stage=complete window=9 sensor=pattern display=camera idle=0ms full_probe=1 cache=c2m_inv frames=55 changes=4 sync_changes=0 sync_calls=55 sync_skips=0 unique=4 overflow=0 pre=317d0aba post=317d0aba luma_avg=121.1 luma_min=54 luma_max=123 luma_last=54 avg_probe=2.304ms max_probe=2.645ms tsf_waits=0 tsf_wait_us=0 tsf_wait_max_global_us=0 launch_phase_samples=0 launch_phase_avg=0.0 launch_phase_min=0 launch_phase_max=0 tsf_errors=0
W (133199) rc_video: [CAM-DIAG-C16O] LIGHT stage=periodic window=10 sensor=real display=camera idle=0ms full_probe=0 cache=c2m_inv frames=30 changes=29 sync_changes=0 sync_calls=30 sync_skips=0 unique=8 overflow=22 pre=7e7ec830 post=7e7ec830 luma_avg=54.6 luma_min=51 luma_max=60 luma_last=54 avg_probe=2.314ms max_probe=2.610ms tsf_waits=0 tsf_wait_us=0 tsf_wait_max_global_us=0 launch_phase_samples=0 launch_phase_avg=0.0 launch_phase_min=0 launch_phase_max=0 tsf_errors=0
I (133230) rc_video: [CAM-DIAG-C16O] HEALTH window=10 display_frame=485 guard_errors=0 quiesce=485 resume_before=484 lifecycle_errors=0 pause_req=485 pause_ack=485 pause_timeout=0 cache_sync_err=0 overlap=0 finish_collision=0 tsf_waits=0 tsf_wait_us=0 tsf_wait_max_global_us=0 target=0 tolerance=0 launch_samples=0 launch_min=0 launch_max=0 rgb_gain=100 tsf_errors=0
W (137988) rc_video: [CAM-DIAG-C16O] LIGHT stage=periodic window=10 sensor=real display=camera idle=0ms full_probe=0 cache=c2m_inv frames=60 changes=59 sync_changes=0 sync_calls=60 sync_skips=0 unique=8 overflow=52 pre=e95c9884 post=e95c9884 luma_avg=55.0 luma_min=49 luma_max=61 luma_last=55 avg_probe=2.308ms max_probe=2.668ms tsf_waits=0 tsf_wait_us=0 tsf_wait_max_global_us=0 launch_phase_samples=0 launch_phase_avg=0.0 launch_phase_min=0 launch_phase_max=0 tsf_errors=0
I (138019) rc_video: [CAM-DIAG-C16O] HEALTH window=10 display_frame=515 guard_errors=0 quiesce=515 resume_before=514 lifecycle_errors=0 pause_req=515 pause_ack=515 pause_timeout=0 cache_sync_err=0 overlap=0 finish_collision=0 tsf_waits=0 tsf_wait_us=0 tsf_wait_max_global_us=0 target=0 tolerance=0 launch_samples=0 launch_min=0 launch_max=0 rgb_gain=100 tsf_errors=0
W (138446) rc_tank: [CAM-DIAG-C16O] PROTOCOL window=11 before=0x07 requested=0x07 after=0x07 name=bgn changed=0
W (138447) rc_tank: [CAM-DIAG-C16O] BEACON window=11 before=200 requested=200 after=200 changed=0
W (138454) rc_tank: [CAM-DIAG-C16O] TSF_GUARD window=11 beacon=200 after=0us budget=0us result=ESP_OK
W (138463) rc_tank: [CAM-DIAG-C16O] TSF_TARGET window=11 phase=0us tolerance=0us result=ESP_OK
W (138471) rc_tank: [CAM-DIAG-C16O] RGB_GAIN window=11 requested=100 result=ESP_OK
W (138479) rc_video: [CAM-DIAG-C16O] PROFILE window=11 sensor=real display=camera idle=0ms full_probe=0 cache=c2m_inv capture=518
W (138490) rc_tank: [CAM-DIAG-C16O] WINDOW_11 start: wifi=on sensor=real display=camera idle=0ms full_probe=off cache=c2m_inv dvp=staged100k protocol=bgn beacon=200 guard_after=0us capture_budget=0us target=0us tolerance=0us rgb_gain=100%
W (138508) rc_video: [CAM-DIAG-C16O] LIGHT stage=complete window=10 sensor=real display=camera idle=0ms full_probe=0 cache=c2m_inv frames=63 changes=62 sync_changes=0 sync_calls=63 sync_skips=0 unique=8 overflow=55 pre=5d27e63d post=5d27e63d luma_avg=55.1 luma_min=49 luma_max=61 luma_last=59 avg_probe=2.310ms max_probe=2.668ms tsf_waits=0 tsf_wait_us=0 tsf_wait_max_global_us=0 launch_phase_samples=0 launch_phase_avg=0.0 launch_phase_min=0 launch_phase_max=0 tsf_errors=0
W (143252) rc_video: [CAM-DIAG-C16O] LIGHT stage=periodic window=11 sensor=real display=camera idle=0ms full_probe=0 cache=c2m_inv frames=30 changes=29 sync_changes=0 sync_calls=30 sync_skips=0 unique=8 overflow=22 pre=22078c22 post=22078c22 luma_avg=52.4 luma_min=45 luma_max=57 luma_last=52 avg_probe=2.296ms max_probe=2.669ms tsf_waits=0 tsf_wait_us=0 tsf_wait_max_global_us=0 launch_phase_samples=0 launch_phase_avg=0.0 launch_phase_min=0 launch_phase_max=0 tsf_errors=0
I (143283) rc_video: [CAM-DIAG-C16O] HEALTH window=11 display_frame=548 guard_errors=0 quiesce=548 resume_before=547 lifecycle_errors=0 pause_req=548 pause_ack=548 pause_timeout=0 cache_sync_err=0 overlap=0 finish_collision=0 tsf_waits=0 tsf_wait_us=0 tsf_wait_max_global_us=0 target=0 tolerance=0 launch_samples=0 launch_min=0 launch_max=0 rgb_gain=100 tsf_errors=0
W (148041) rc_video: [CAM-DIAG-C16O] LIGHT stage=periodic window=11 sensor=real display=camera idle=0ms full_probe=0 cache=c2m_inv frames=60 changes=59 sync_changes=0 sync_calls=60 sync_skips=0 unique=8 overflow=52 pre=7344a5d7 post=7344a5d7 luma_avg=58.8 luma_min=45 luma_max=100 luma_last=61 avg_probe=2.288ms max_probe=2.669ms tsf_waits=0 tsf_wait_us=0 tsf_wait_max_global_us=0 launch_phase_samples=0 launch_phase_avg=0.0 launch_phase_min=0 launch_phase_max=0 tsf_errors=0
I (148072) rc_video: [CAM-DIAG-C16O] HEALTH window=11 display_frame=578 guard_errors=0 quiesce=578 resume_before=577 lifecycle_errors=0 pause_req=578 pause_ack=578 pause_timeout=0 cache_sync_err=0 overlap=0 finish_collision=0 tsf_waits=0 tsf_wait_us=0 tsf_wait_max_global_us=0 target=0 tolerance=0 launch_samples=0 launch_min=0 launch_max=0 rgb_gain=100 tsf_errors=0
W (148511) rc_tank: [CAM-DIAG-C16O] PROTOCOL window=12 before=0x07 requested=0x07 after=0x07 name=bgn changed=0
W (148512) rc_tank: [CAM-DIAG-C16O] BEACON window=12 before=200 requested=200 after=200 changed=0
W (148519) rc_tank: [CAM-DIAG-C16O] TSF_GUARD window=12 beacon=200 after=0us budget=0us result=ESP_OK
W (148528) rc_tank: [CAM-DIAG-C16O] TSF_TARGET window=12 phase=0us tolerance=0us result=ESP_OK
W (148536) rc_tank: [CAM-DIAG-C16O] RGB_GAIN window=12 requested=100 result=ESP_OK
W (148544) rc_video: [CAM-DIAG-C16O] PROFILE window=12 sensor=real display=camera idle=0ms full_probe=0 cache=c2m_inv capture=581
W (148555) rc_tank: [CAM-DIAG-C16O] WINDOW_12 start: wifi=on sensor=real display=camera idle=0ms full_probe=off cache=c2m_inv dvp=staged100k protocol=bgn beacon=200 guard_after=0us capture_budget=0us target=0us tolerance=0us rgb_gain=100%
W (148561) rc_video: [CAM-DIAG-C16O] LIGHT stage=complete window=11 sensor=real display=camera idle=0ms full_probe=0 cache=c2m_inv frames=63 changes=62 sync_changes=0 sync_calls=63 sync_skips=0 unique=8 overflow=55 pre=66105ee7 post=66105ee7 luma_avg=59.6 luma_min=45 luma_max=100 luma_last=84 avg_probe=2.290ms max_probe=2.669ms tsf_waits=0 tsf_wait_us=0 tsf_wait_max_global_us=0 launch_phase_samples=0 launch_phase_avg=0.0 launch_phase_min=0 launch_phase_max=0 tsf_errors=0
W (153305) rc_video: [CAM-DIAG-C16O] LIGHT stage=periodic window=12 sensor=real display=camera idle=0ms full_probe=0 cache=c2m_inv frames=30 changes=29 sync_changes=0 sync_calls=30 sync_skips=0 unique=8 overflow=22 pre=eecbacfb post=eecbacfb luma_avg=55.4 luma_min=51 luma_max=87 luma_last=51 avg_probe=2.303ms max_probe=2.630ms tsf_waits=0 tsf_wait_us=0 tsf_wait_max_global_us=0 launch_phase_samples=0 launch_phase_avg=0.0 launch_phase_min=0 launch_phase_max=0 tsf_errors=0
I (153336) rc_video: [CAM-DIAG-C16O] HEALTH window=12 display_frame=611 guard_errors=0 quiesce=611 resume_before=610 lifecycle_errors=0 pause_req=611 pause_ack=611 pause_timeout=0 cache_sync_err=0 overlap=0 finish_collision=0 tsf_waits=0 tsf_wait_us=0 tsf_wait_max_global_us=0 target=0 tolerance=0 launch_samples=0 launch_min=0 launch_max=0 rgb_gain=100 tsf_errors=0
W (158094) rc_video: [CAM-DIAG-C16O] LIGHT stage=periodic window=12 sensor=real display=camera idle=0ms full_probe=0 cache=c2m_inv frames=60 changes=59 sync_changes=0 sync_calls=60 sync_skips=0 unique=8 overflow=52 pre=9c52ed00 post=9c52ed00 luma_avg=53.3 luma_min=46 luma_max=87 luma_last=51 avg_probe=2.308ms max_probe=3.069ms tsf_waits=0 tsf_wait_us=0 tsf_wait_max_global_us=0 launch_phase_samples=0 launch_phase_avg=0.0 launch_phase_min=0 launch_phase_max=0 tsf_errors=0
I (158125) rc_video: [CAM-DIAG-C16O] HEALTH window=12 display_frame=641 guard_errors=0 quiesce=641 resume_before=640 lifecycle_errors=0 pause_req=641 pause_ack=641 pause_timeout=0 cache_sync_err=0 overlap=0 finish_collision=0 tsf_waits=0 tsf_wait_us=0 tsf_wait_max_global_us=0 target=0 tolerance=0 launch_samples=0 launch_min=0 launch_max=0 rgb_gain=100 tsf_errors=0
W (158576) rc_tank: [CAM-DIAG-C16O] PROTOCOL window=13 before=0x07 requested=0x07 after=0x07 name=bgn changed=0
W (158577) rc_tank: [CAM-DIAG-C16O] BEACON window=13 before=200 requested=200 after=200 changed=0
W (158584) rc_tank: [CAM-DIAG-C16O] TSF_GUARD window=13 beacon=200 after=0us budget=0us result=ESP_OK
W (158593) rc_tank: [CAM-DIAG-C16O] TSF_TARGET window=13 phase=0us tolerance=0us result=ESP_OK
W (158601) rc_tank: [CAM-DIAG-C16O] RGB_GAIN window=13 requested=100 result=ESP_OK
W (158609) rc_video: [CAM-DIAG-C16O] PROFILE window=13 sensor=real display=camera idle=0ms full_probe=0 cache=none capture=644
W (158612) rc_video: [CAM-DIAG-C16O] LIGHT stage=complete window=12 sensor=real display=camera idle=0ms full_probe=0 cache=c2m_inv frames=63 changes=62 sync_changes=0 sync_calls=63 sync_skips=0 unique=8 overflow=55 pre=9ce94612 post=9ce94612 luma_avg=53.2 luma_min=46 luma_max=87 luma_last=51 avg_probe=2.308ms max_probe=3.069ms tsf_waits=0 tsf_wait_us=0 tsf_wait_max_global_us=0 launch_phase_samples=0 launch_phase_avg=0.0 launch_phase_min=0 launch_phase_max=0 tsf_errors=0
W (158620) rc_tank: [CAM-DIAG-C16O] WINDOW_13 start: wifi=on sensor=real display=camera idle=0ms full_probe=off cache=none dvp=staged100k protocol=bgn beacon=200 guard_after=0us capture_budget=0us target=0us tolerance=0us rgb_gain=100%
W (163357) rc_video: [CAM-DIAG-C16O] LIGHT stage=periodic window=13 sensor=real display=camera idle=0ms full_probe=0 cache=none frames=30 changes=29 sync_changes=0 sync_calls=0 sync_skips=30 unique=8 overflow=22 pre=ff5621dd post=ff5621dd luma_avg=51.2 luma_min=49 luma_max=52 luma_last=52 avg_probe=1.143ms max_probe=1.562ms tsf_waits=0 tsf_wait_us=0 tsf_wait_max_global_us=0 launch_phase_samples=0 launch_phase_avg=0.0 launch_phase_min=0 launch_phase_max=0 tsf_errors=0
I (163387) rc_video: [CAM-DIAG-C16O] HEALTH window=13 display_frame=674 guard_errors=0 quiesce=674 resume_before=673 lifecycle_errors=0 pause_req=674 pause_ack=674 pause_timeout=0 cache_sync_err=0 overlap=0 finish_collision=0 tsf_waits=0 tsf_wait_us=0 tsf_wait_max_global_us=0 target=0 tolerance=0 launch_samples=0 launch_min=0 launch_max=0 rgb_gain=100 tsf_errors=0
W (168147) rc_video: [CAM-DIAG-C16O] LIGHT stage=periodic window=13 sensor=real display=camera idle=0ms full_probe=0 cache=none frames=60 changes=59 sync_changes=0 sync_calls=0 sync_skips=60 unique=8 overflow=52 pre=898aef58 post=898aef58 luma_avg=51.3 luma_min=49 luma_max=52 luma_last=52 avg_probe=1.145ms max_probe=1.562ms tsf_waits=0 tsf_wait_us=0 tsf_wait_max_global_us=0 launch_phase_samples=0 launch_phase_avg=0.0 launch_phase_min=0 launch_phase_max=0 tsf_errors=0
I (168177) rc_video: [CAM-DIAG-C16O] HEALTH window=13 display_frame=704 guard_errors=0 quiesce=704 resume_before=703 lifecycle_errors=0 pause_req=704 pause_ack=704 pause_timeout=0 cache_sync_err=0 overlap=0 finish_collision=0 tsf_waits=0 tsf_wait_us=0 tsf_wait_max_global_us=0 target=0 tolerance=0 launch_samples=0 launch_min=0 launch_max=0 rgb_gain=100 tsf_errors=0
W (168697) rc_tank: [CAM-DIAG-C16O] PROTOCOL window=14 before=0x07 requested=0x07 after=0x07 name=bgn changed=0
W (168698) rc_tank: [CAM-DIAG-C16O] BEACON window=14 before=200 requested=200 after=200 changed=0
W (168705) rc_tank: [CAM-DIAG-C16O] TSF_GUARD window=14 beacon=200 after=0us budget=0us result=ESP_OK
W (168714) rc_tank: [CAM-DIAG-C16O] TSF_TARGET window=14 phase=0us tolerance=0us result=ESP_OK
W (168723) rc_tank: [CAM-DIAG-C16O] RGB_GAIN window=14 requested=100 result=ESP_OK
W (168730) rc_video: [CAM-DIAG-C16O] PROFILE window=14 sensor=real display=camera idle=0ms full_probe=0 cache=c2m capture=707
W (168741) rc_tank: [CAM-DIAG-C16O] WINDOW_14 start: wifi=on sensor=real display=camera idle=0ms full_probe=off cache=c2m dvp=staged100k protocol=bgn beacon=200 guard_after=0us capture_budget=0us target=0us tolerance=0us rgb_gain=100%
W (168824) rc_video: [CAM-DIAG-C16O] LIGHT stage=complete window=13 sensor=real display=camera idle=0ms full_probe=0 cache=none frames=64 changes=63 sync_changes=0 sync_calls=0 sync_skips=64 unique=8 overflow=56 pre=6d90284f post=6d90284f luma_avg=51.3 luma_min=48 luma_max=52 luma_last=48 avg_probe=1.149ms max_probe=1.562ms tsf_waits=0 tsf_wait_us=0 tsf_wait_max_global_us=0 launch_phase_samples=0 launch_phase_avg=0.0 launch_phase_min=0 launch_phase_max=0 tsf_errors=0
W (173570) rc_video: [CAM-DIAG-C16O] LIGHT stage=periodic window=14 sensor=real display=camera idle=0ms full_probe=0 cache=c2m frames=30 changes=29 sync_changes=0 sync_calls=30 sync_skips=0 unique=8 overflow=22 pre=a9bfab8e post=a9bfab8e luma_avg=51.8 luma_min=48 luma_max=53 luma_last=53 avg_probe=2.282ms max_probe=2.592ms tsf_waits=0 tsf_wait_us=0 tsf_wait_max_global_us=0 launch_phase_samples=0 launch_phase_avg=0.0 launch_phase_min=0 launch_phase_max=0 tsf_errors=0
I (173601) rc_video: [CAM-DIAG-C16O] HEALTH window=14 display_frame=738 guard_errors=0 quiesce=738 resume_before=737 lifecycle_errors=0 pause_req=738 pause_ack=738 pause_timeout=0 cache_sync_err=0 overlap=0 finish_collision=0 tsf_waits=0 tsf_wait_us=0 tsf_wait_max_global_us=0 target=0 tolerance=0 launch_samples=0 launch_min=0 launch_max=0 rgb_gain=100 tsf_errors=0
W (178359) rc_video: [CAM-DIAG-C16O] LIGHT stage=periodic window=14 sensor=real display=camera idle=0ms full_probe=0 cache=c2m frames=60 changes=59 sync_changes=0 sync_calls=60 sync_skips=0 unique=8 overflow=52 pre=b7bbadc0 post=b7bbadc0 luma_avg=51.8 luma_min=48 luma_max=53 luma_last=52 avg_probe=2.285ms max_probe=2.680ms tsf_waits=0 tsf_wait_us=0 tsf_wait_max_global_us=0 launch_phase_samples=0 launch_phase_avg=0.0 launch_phase_min=0 launch_phase_max=0 tsf_errors=0
I (178389) rc_video: [CAM-DIAG-C16O] HEALTH window=14 display_frame=768 guard_errors=0 quiesce=768 resume_before=767 lifecycle_errors=0 pause_req=768 pause_ack=768 pause_timeout=0 cache_sync_err=0 overlap=0 finish_collision=0 tsf_waits=0 tsf_wait_us=0 tsf_wait_max_global_us=0 target=0 tolerance=0 launch_samples=0 launch_min=0 launch_max=0 rgb_gain=100 tsf_errors=0
W (178793) rc_tank: [CAM-DIAG-C16O] PROTOCOL window=15 before=0x07 requested=0x07 after=0x07 name=bgn changed=0
W (178795) rc_tank: [CAM-DIAG-C16O] BEACON window=15 before=200 requested=200 after=200 changed=0
W (178802) rc_tank: [CAM-DIAG-C16O] TSF_GUARD window=15 beacon=200 after=0us budget=0us result=ESP_OK
W (178811) rc_tank: [CAM-DIAG-C16O] TSF_TARGET window=15 phase=0us tolerance=0us result=ESP_OK
W (178819) rc_tank: [CAM-DIAG-C16O] RGB_GAIN window=15 requested=100 result=ESP_OK
W (178826) rc_video: [CAM-DIAG-C16O] PROFILE window=15 sensor=real display=camera idle=0ms full_probe=0 cache=m2c capture=771
W (178837) rc_tank: [CAM-DIAG-C16O] WINDOW_15 start: wifi=on sensor=real display=camera idle=0ms full_probe=off cache=m2c dvp=staged100k protocol=bgn beacon=200 guard_after=0us capture_budget=0us target=0us tolerance=0us rgb_gain=100%
W (178882) rc_video: [CAM-DIAG-C16O] LIGHT stage=complete window=14 sensor=real display=camera idle=0ms full_probe=0 cache=c2m frames=63 changes=62 sync_changes=0 sync_calls=63 sync_skips=0 unique=8 overflow=55 pre=4044925e post=4044925e luma_avg=51.8 luma_min=48 luma_max=53 luma_last=52 avg_probe=2.312ms max_probe=4.047ms tsf_waits=0 tsf_wait_us=0 tsf_wait_max_global_us=0 launch_phase_samples=0 launch_phase_avg=0.0 launch_phase_min=0 launch_phase_max=0 tsf_errors=0
W (183622) rc_video: [CAM-DIAG-C16O] LIGHT stage=periodic window=15 sensor=real display=camera idle=0ms full_probe=0 cache=m2c frames=30 changes=29 sync_changes=0 sync_calls=30 sync_skips=0 unique=8 overflow=22 pre=a8e3d362 post=a8e3d362 luma_avg=51.9 luma_min=51 luma_max=52 luma_last=51 avg_probe=1.150ms max_probe=1.328ms tsf_waits=0 tsf_wait_us=0 tsf_wait_max_global_us=0 launch_phase_samples=0 launch_phase_avg=0.0 launch_phase_min=0 launch_phase_max=0 tsf_errors=0
I (183652) rc_video: [CAM-DIAG-C16O] HEALTH window=15 display_frame=801 guard_errors=0 quiesce=801 resume_before=800 lifecycle_errors=0 pause_req=801 pause_ack=801 pause_timeout=0 cache_sync_err=0 overlap=0 finish_collision=0 tsf_waits=0 tsf_wait_us=0 tsf_wait_max_global_us=0 target=0 tolerance=0 launch_samples=0 launch_min=0 launch_max=0 rgb_gain=100 tsf_errors=0
W (188411) rc_video: [CAM-DIAG-C16O] LIGHT stage=periodic window=15 sensor=real display=camera idle=0ms full_probe=0 cache=m2c frames=60 changes=59 sync_changes=0 sync_calls=60 sync_skips=0 unique=8 overflow=52 pre=b7060f95 post=b7060f95 luma_avg=51.9 luma_min=51 luma_max=52 luma_last=52 avg_probe=1.154ms max_probe=1.328ms tsf_waits=0 tsf_wait_us=0 tsf_wait_max_global_us=0 launch_phase_samples=0 launch_phase_avg=0.0 launch_phase_min=0 launch_phase_max=0 tsf_errors=0
I (188441) rc_video: [CAM-DIAG-C16O] HEALTH window=15 display_frame=831 guard_errors=0 quiesce=831 resume_before=830 lifecycle_errors=0 pause_req=831 pause_ack=831 pause_timeout=0 cache_sync_err=0 overlap=0 finish_collision=0 tsf_waits=0 tsf_wait_us=0 tsf_wait_max_global_us=0 target=0 tolerance=0 launch_samples=0 launch_min=0 launch_max=0 rgb_gain=100 tsf_errors=0
W (188858) rc_tank: [CAM-DIAG-C16O] PROTOCOL window=16 before=0x07 requested=0x07 after=0x07 name=bgn changed=0
W (188859) rc_tank: [CAM-DIAG-C16O] BEACON window=16 before=200 requested=200 after=200 changed=0
W (188866) rc_tank: [CAM-DIAG-C16O] TSF_GUARD window=16 beacon=200 after=0us budget=0us result=ESP_OK
W (188875) rc_tank: [CAM-DIAG-C16O] TSF_TARGET window=16 phase=0us tolerance=0us result=ESP_OK
W (188883) rc_tank: [CAM-DIAG-C16O] RGB_GAIN window=16 requested=100 result=ESP_OK
W (188891) rc_video: [CAM-DIAG-C16O] PROFILE window=16 sensor=real display=camera idle=0ms full_probe=0 cache=c2m_inv capture=834
W (188902) rc_tank: [CAM-DIAG-C16O] WINDOW_16 start: wifi=on sensor=real display=camera idle=0ms full_probe=off cache=c2m_inv dvp=staged100k protocol=bgn beacon=200 guard_after=0us capture_budget=0us target=0us tolerance=0us rgb_gain=100%
W (188933) rc_video: [CAM-DIAG-C16O] LIGHT stage=complete window=15 sensor=real display=camera idle=0ms full_probe=0 cache=m2c frames=63 changes=62 sync_changes=0 sync_calls=63 sync_skips=0 unique=8 overflow=55 pre=7ea3568d post=7ea3568d luma_avg=51.9 luma_min=51 luma_max=52 luma_last=52 avg_probe=1.155ms max_probe=1.328ms tsf_waits=0 tsf_wait_us=0 tsf_wait_max_global_us=0 launch_phase_samples=0 launch_phase_avg=0.0 launch_phase_min=0 launch_phase_max=0 tsf_errors=0
W (193676) rc_video: [CAM-DIAG-C16O] LIGHT stage=periodic window=16 sensor=real display=camera idle=0ms full_probe=0 cache=c2m_inv frames=30 changes=29 sync_changes=0 sync_calls=30 sync_skips=0 unique=8 overflow=22 pre=9729d01e post=9729d01e luma_avg=51.9 luma_min=51 luma_max=52 luma_last=52 avg_probe=2.278ms max_probe=2.546ms tsf_waits=0 tsf_wait_us=0 tsf_wait_max_global_us=0 launch_phase_samples=0 launch_phase_avg=0.0 launch_phase_min=0 launch_phase_max=0 tsf_errors=0
I (193707) rc_video: [CAM-DIAG-C16O] HEALTH window=16 display_frame=864 guard_errors=0 quiesce=864 resume_before=863 lifecycle_errors=0 pause_req=864 pause_ack=864 pause_timeout=0 cache_sync_err=0 overlap=0 finish_collision=0 tsf_waits=0 tsf_wait_us=0 tsf_wait_max_global_us=0 target=0 tolerance=0 launch_samples=0 launch_min=0 launch_max=0 rgb_gain=100 tsf_errors=0
W (198466) rc_video: [CAM-DIAG-C16O] LIGHT stage=periodic window=16 sensor=real display=camera idle=0ms full_probe=0 cache=c2m_inv frames=60 changes=59 sync_changes=0 sync_calls=60 sync_skips=0 unique=8 overflow=52 pre=071e1475 post=071e1475 luma_avg=51.8 luma_min=51 luma_max=52 luma_last=52 avg_probe=2.292ms max_probe=2.610ms tsf_waits=0 tsf_wait_us=0 tsf_wait_max_global_us=0 launch_phase_samples=0 launch_phase_avg=0.0 launch_phase_min=0 launch_phase_max=0 tsf_errors=0
I (198497) rc_video: [CAM-DIAG-C16O] HEALTH window=16 display_frame=894 guard_errors=0 quiesce=894 resume_before=893 lifecycle_errors=0 pause_req=894 pause_ack=894 pause_timeout=0 cache_sync_err=0 overlap=0 finish_collision=0 tsf_waits=0 tsf_wait_us=0 tsf_wait_max_global_us=0 target=0 tolerance=0 launch_samples=0 launch_min=0 launch_max=0 rgb_gain=100 tsf_errors=0
W (198923) rc_tank: [CAM-DIAG-C16O] PROTOCOL window=17 before=0x07 requested=0x07 after=0x07 name=bgn changed=0
W (198924) rc_tank: [CAM-DIAG-C16O] BEACON window=17 before=200 requested=200 after=200 changed=0
W (198931) rc_tank: [CAM-DIAG-C16O] TSF_GUARD window=17 beacon=200 after=0us budget=0us result=ESP_OK
W (198940) rc_tank: [CAM-DIAG-C16O] TSF_TARGET window=17 phase=0us tolerance=0us result=ESP_OK
W (198948) rc_tank: [CAM-DIAG-C16O] RGB_GAIN window=17 requested=100 result=ESP_OK
W (198956) rc_video: [CAM-DIAG-C16O] PROFILE window=17 sensor=real display=camera idle=0ms full_probe=0 cache=c2m_inv capture=897
W (198967) rc_tank: [CAM-DIAG-C16O] WINDOW_17 start: wifi=on sensor=real display=camera idle=0ms full_probe=off cache=c2m_inv dvp=staged100k protocol=bgn beacon=200 guard_after=0us capture_budget=0us target=0us tolerance=0us rgb_gain=100%
W (198985) rc_video: [CAM-DIAG-C16O] LIGHT stage=complete window=16 sensor=real display=camera idle=0ms full_probe=0 cache=c2m_inv frames=63 changes=62 sync_changes=0 sync_calls=63 sync_skips=0 unique=8 overflow=55 pre=3c4c2882 post=3c4c2882 luma_avg=51.8 luma_min=51 luma_max=52 luma_last=52 avg_probe=2.291ms max_probe=2.610ms tsf_waits=0 tsf_wait_us=0 tsf_wait_max_global_us=0 launch_phase_samples=0 launch_phase_avg=0.0 launch_phase_min=0 launch_phase_max=0 tsf_errors=0
W (203729) rc_video: [CAM-DIAG-C16O] LIGHT stage=periodic window=17 sensor=real display=camera idle=0ms full_probe=0 cache=c2m_inv frames=30 changes=29 sync_changes=0 sync_calls=30 sync_skips=0 unique=8 overflow=22 pre=c48a61d5 post=c48a61d5 luma_avg=51.8 luma_min=50 luma_max=52 luma_last=52 avg_probe=2.300ms max_probe=2.711ms tsf_waits=0 tsf_wait_us=0 tsf_wait_max_global_us=0 launch_phase_samples=0 launch_phase_avg=0.0 launch_phase_min=0 launch_phase_max=0 tsf_errors=0
I (203760) rc_video: [CAM-DIAG-C16O] HEALTH window=17 display_frame=927 guard_errors=0 quiesce=927 resume_before=926 lifecycle_errors=0 pause_req=927 pause_ack=927 pause_timeout=0 cache_sync_err=0 overlap=0 finish_collision=0 tsf_waits=0 tsf_wait_us=0 tsf_wait_max_global_us=0 target=0 tolerance=0 launch_samples=0 launch_min=0 launch_max=0 rgb_gain=100 tsf_errors=0
W (208519) rc_video: [CAM-DIAG-C16O] LIGHT stage=periodic window=17 sensor=real display=camera idle=0ms full_probe=0 cache=c2m_inv frames=60 changes=59 sync_changes=0 sync_calls=60 sync_skips=0 unique=8 overflow=52 pre=e7bc8fb3 post=e7bc8fb3 luma_avg=51.6 luma_min=50 luma_max=52 luma_last=52 avg_probe=2.309ms max_probe=2.711ms tsf_waits=0 tsf_wait_us=0 tsf_wait_max_global_us=0 launch_phase_samples=0 launch_phase_avg=0.0 launch_phase_min=0 launch_phase_max=0 tsf_errors=0
I (208550) rc_video: [CAM-DIAG-C16O] HEALTH window=17 display_frame=957 guard_errors=0 quiesce=957 resume_before=956 lifecycle_errors=0 pause_req=957 pause_ack=957 pause_timeout=0 cache_sync_err=0 overlap=0 finish_collision=0 tsf_waits=0 tsf_wait_us=0 tsf_wait_max_global_us=0 target=0 tolerance=0 launch_samples=0 launch_min=0 launch_max=0 rgb_gain=100 tsf_errors=0
W (208990) rc_tank: [CAM-DIAG-C16O] PROTOCOL window=18 before=0x07 requested=0x07 after=0x07 name=bgn changed=0
W (208991) rc_tank: [CAM-DIAG-C16O] BEACON window=18 before=200 requested=200 after=200 changed=0
W (208998) rc_tank: [CAM-DIAG-C16O] TSF_GUARD window=18 beacon=200 after=0us budget=0us result=ESP_OK
W (209007) rc_tank: [CAM-DIAG-C16O] TSF_TARGET window=18 phase=0us tolerance=0us result=ESP_OK
W (209015) rc_tank: [CAM-DIAG-C16O] RGB_GAIN window=18 requested=100 result=ESP_OK
W (209022) rc_video: [CAM-DIAG-C16O] PROFILE window=18 sensor=real display=camera idle=0ms full_probe=0 cache=c2m_inv capture=960
W (209034) rc_tank: [CAM-DIAG-C16O] WINDOW_18 start: wifi=on sensor=real display=camera idle=0ms full_probe=off cache=c2m_inv dvp=staged100k protocol=bgn beacon=200 guard_after=0us capture_budget=0us target=0us tolerance=0us rgb_gain=100%
W (209038) rc_video: [CAM-DIAG-C16O] LIGHT stage=complete window=17 sensor=real display=camera idle=0ms full_probe=0 cache=c2m_inv frames=63 changes=62 sync_changes=0 sync_calls=63 sync_skips=0 unique=8 overflow=55 pre=297efbce post=297efbce luma_avg=51.7 luma_min=50 luma_max=52 luma_last=52 avg_probe=2.305ms max_probe=2.711ms tsf_waits=0 tsf_wait_us=0 tsf_wait_max_global_us=0 launch_phase_samples=0 launch_phase_avg=0.0 launch_phase_min=0 launch_phase_max=0 tsf_errors=0
W (209054) rc_tank: [CAM-DIAG-C16O] staged-DVP/lifecycle matrix complete; hold WINDOW_18 wifi=on real cache=c2m_inv staged_dma=102400B protocol=bgn beacon=200 tsf_guard=off rgb_gain=100%
I (209117) rc_tank: Tank running (video + control; audio disabled)
I (209123) rc_tank: app_main done, idle loop
W (213782) rc_video: [CAM-DIAG-C16O] LIGHT stage=periodic window=18 sensor=real display=camera idle=0ms full_probe=0 cache=c2m_inv frames=30 changes=29 sync_changes=0 sync_calls=30 sync_skips=0 unique=8 overflow=22 pre=e102d8d0 post=e102d8d0 luma_avg=51.7 luma_min=51 luma_max=52 luma_last=52 avg_probe=2.302ms max_probe=2.990ms tsf_waits=0 tsf_wait_us=0 tsf_wait_max_global_us=0 launch_phase_samples=0 launch_phase_avg=0.0 launch_phase_min=0 launch_phase_max=0 tsf_errors=0
I (213813) rc_video: [CAM-DIAG-C16O] HEALTH window=18 display_frame=990 guard_errors=0 quiesce=990 resume_before=989 lifecycle_errors=0 pause_req=990 pause_ack=990 pause_timeout=0 cache_sync_err=0 overlap=0 finish_collision=0 tsf_waits=0 tsf_wait_us=0 tsf_wait_max_global_us=0 target=0 tolerance=0 launch_samples=0 launch_min=0 launch_max=0 rgb_gain=100 tsf_errors=0
W (218572) rc_video: [CAM-DIAG-C16O] LIGHT stage=periodic window=18 sensor=real display=camera idle=0ms full_probe=0 cache=c2m_inv frames=60 changes=59 sync_changes=0 sync_calls=60 sync_skips=0 unique=8 overflow=52 pre=26ac7632 post=26ac7632 luma_avg=51.5 luma_min=51 luma_max=52 luma_last=52 avg_probe=2.302ms max_probe=2.990ms tsf_waits=0 tsf_wait_us=0 tsf_wait_max_global_us=0 launch_phase_samples=0 launch_phase_avg=0.0 launch_phase_min=0 launch_phase_max=0 tsf_errors=0
I (218603) rc_video: [CAM-DIAG-C16O] HEALTH window=18 display_frame=1020 guard_errors=0 quiesce=1020 resume_before=1019 lifecycle_errors=0 pause_req=1020 pause_ack=1020 pause_timeout=0 cache_sync_err=0 overlap=0 finish_collision=0 tsf_waits=0 tsf_wait_us=0 tsf_wait_max_global_us=0 target=0 tolerance=0 launch_samples=0 launch_min=0 launch_max=0 rgb_gain=100 tsf_errors=0
W (223361) rc_video: [CAM-DIAG-C16O] LIGHT stage=periodic window=18 sensor=real display=camera idle=0ms full_probe=0 cache=c2m_inv frames=90 changes=89 sync_changes=0 sync_calls=90 sync_skips=0 unique=8 overflow=82 pre=120082b9 post=120082b9 luma_avg=50.7 luma_min=33 luma_max=90 luma_last=41 avg_probe=2.295ms max_probe=2.990ms tsf_waits=0 tsf_wait_us=0 tsf_wait_max_global_us=0 launch_phase_samples=0 launch_phase_avg=0.0 launch_phase_min=0 launch_phase_max=0 tsf_errors=0
I (223392) rc_video: [CAM-DIAG-C16O] HEALTH window=18 display_frame=1050 guard_errors=0 quiesce=1050 resume_before=1049 lifecycle_errors=0 pause_req=1050 pause_ack=1050 pause_timeout=0 cache_sync_err=0 overlap=0 finish_collision=0 tsf_waits=0 tsf_wait_us=0 tsf_wait_max_global_us=0 target=0 tolerance=0 launch_samples=0 launch_min=0 launch_max=0 rgb_gain=100 tsf_errors=0
W (228150) rc_video: [CAM-DIAG-C16O] LIGHT stage=periodic window=18 sensor=real display=camera idle=0ms full_probe=0 cache=c2m_inv frames=120 changes=119 sync_changes=0 sync_calls=120 sync_skips=0 unique=8 overflow=112 pre=91b76eb8 post=91b76eb8 luma_avg=51.4 luma_min=33 luma_max=108 luma_last=52 avg_probe=2.295ms max_probe=2.990ms tsf_waits=0 tsf_wait_us=0 tsf_wait_max_global_us=0 launch_phase_samples=0 launch_phase_avg=0.0 launch_phase_min=0 launch_phase_max=0 tsf_errors=0
I (228181) rc_video: [CAM-DIAG-C16O] HEALTH window=18 display_frame=1080 guard_errors=0 quiesce=1080 resume_before=1079 lifecycle_errors=0 pause_req=1080 pause_ack=1080 pause_timeout=0 cache_sync_err=0 overlap=0 finish_collision=0 tsf_waits=0 tsf_wait_us=0 tsf_wait_max_global_us=0 target=0 tolerance=0 launch_samples=0 launch_min=0 launch_max=0 rgb_gain=100 tsf_errors=0
W (232939) rc_video: [CAM-DIAG-C16O] LIGHT stage=periodic window=18 sensor=real display=camera idle=0ms full_probe=0 cache=c2m_inv frames=150 changes=149 sync_changes=0 sync_calls=150 sync_skips=0 unique=8 overflow=142 pre=6b3eac14 post=6b3eac14 luma_avg=51.3 luma_min=33 luma_max=108 luma_last=51 avg_probe=2.296ms max_probe=2.990ms tsf_waits=0 tsf_wait_us=0 tsf_wait_max_global_us=0 launch_phase_samples=0 launch_phase_avg=0.0 launch_phase_min=0 launch_phase_max=0 tsf_errors=0
I (232970) rc_video: [CAM-DIAG-C16O] HEALTH window=18 display_frame=1110 guard_errors=0 quiesce=1110 resume_before=1109 lifecycle_errors=0 pause_req=1110 pause_ack=1110 pause_timeout=0 cache_sync_err=0 overlap=0 finish_collision=0 tsf_waits=0 tsf_wait_us=0 tsf_wait_max_global_us=0 target=0 tolerance=0 launch_samples=0 launch_min=0 launch_max=0 rgb_gain=100 tsf_errors=0
W (237728) rc_video: [CAM-DIAG-C16O] LIGHT stage=periodic window=18 sensor=real display=camera idle=0ms full_probe=0 cache=c2m_inv frames=180 changes=179 sync_changes=0 sync_calls=180 sync_skips=0 unique=8 overflow=172 pre=78426ccc post=78426ccc luma_avg=51.3 luma_min=33 luma_max=108 luma_last=52 avg_probe=2.295ms max_probe=2.990ms tsf_waits=0 tsf_wait_us=0 tsf_wait_max_global_us=0 launch_phase_samples=0 launch_phase_avg=0.0 launch_phase_min=0 launch_phase_max=0 tsf_errors=0
I (237759) rc_video: [CAM-DIAG-C16O] HEALTH window=18 display_frame=1140 guard_errors=0 quiesce=1140 resume_before=1139 lifecycle_errors=0 pause_req=1140 pause_ack=1140 pause_timeout=0 cache_sync_err=0 overlap=0 finish_collision=0 tsf_waits=0 tsf_wait_us=0 tsf_wait_max_global_us=0 target=0 tolerance=0 launch_samples=0 launch_min=0 launch_max=0 rgb_gain=100 tsf_errors=0
W (242518) rc_video: [CAM-DIAG-C16O] LIGHT stage=periodic window=18 sensor=real display=camera idle=0ms full_probe=0 cache=c2m_inv frames=210 changes=209 sync_changes=0 sync_calls=210 sync_skips=0 unique=8 overflow=202 pre=c948c4c8 post=c948c4c8 luma_avg=51.3 luma_min=33 luma_max=108 luma_last=51 avg_probe=2.296ms max_probe=2.990ms tsf_waits=0 tsf_wait_us=0 tsf_wait_max_global_us=0 launch_phase_samples=0 launch_phase_avg=0.0 launch_phase_min=0 launch_phase_max=0 tsf_errors=0
I (242549) rc_video: [CAM-DIAG-C16O] HEALTH window=18 display_frame=1170 guard_errors=0 quiesce=1170 resume_before=1169 lifecycle_errors=0 pause_req=1170 pause_ack=1170 pause_timeout=0 cache_sync_err=0 overlap=0 finish_collision=0 tsf_waits=0 tsf_wait_us=0 tsf_wait_max_global_us=0 target=0 tolerance=0 launch_samples=0 launch_min=0 launch_max=0 rgb_gain=100 tsf_errors=0
W (247306) rc_video: [CAM-DIAG-C16O] LIGHT stage=periodic window=18 sensor=real display=camera idle=0ms full_probe=0 cache=c2m_inv frames=240 changes=239 sync_changes=0 sync_calls=240 sync_skips=0 unique=8 overflow=232 pre=7b9439a0 post=7b9439a0 luma_avg=51.3 luma_min=33 luma_max=108 luma_last=52 avg_probe=2.294ms max_probe=2.990ms tsf_waits=0 tsf_wait_us=0 tsf_wait_max_global_us=0 launch_phase_samples=0 launch_phase_avg=0.0 launch_phase_min=0 launch_phase_max=0 tsf_errors=0
I (247337) rc_video: [CAM-DIAG-C16O] HEALTH window=18 display_frame=1200 guard_errors=0 quiesce=1200 resume_before=1199 lifecycle_errors=0 pause_req=1200 pause_ack=1200 pause_timeout=0 cache_sync_err=0 overlap=0 finish_collision=0 tsf_waits=0 tsf_wait_us=0 tsf_wait_max_global_us=0 target=0 tolerance=0 launch_samples=0 launch_min=0 launch_max=0 rgb_gain=100 tsf_errors=0
W (252095) rc_video: [CAM-DIAG-C16O] LIGHT stage=periodic window=18 sensor=real display=camera idle=0ms full_probe=0 cache=c2m_inv frames=270 changes=269 sync_changes=0 sync_calls=270 sync_skips=0 unique=8 overflow=262 pre=73b8154a post=73b8154a luma_avg=51.3 luma_min=33 luma_max=108 luma_last=51 avg_probe=2.297ms max_probe=2.990ms tsf_waits=0 tsf_wait_us=0 tsf_wait_max_global_us=0 launch_phase_samples=0 launch_phase_avg=0.0 launch_phase_min=0 launch_phase_max=0 tsf_errors=0
I (252126) rc_video: [CAM-DIAG-C16O] HEALTH window=18 display_frame=1230 guard_errors=0 quiesce=1230 resume_before=1229 lifecycle_errors=0 pause_req=1230 pause_ack=1230 pause_timeout=0 cache_sync_err=0 overlap=0 finish_collision=0 tsf_waits=0 tsf_wait_us=0 tsf_wait_max_global_us=0 target=0 tolerance=0 launch_samples=0 launch_min=0 launch_max=0 rgb_gain=100 tsf_errors=0
W (256885) rc_video: [CAM-DIAG-C16O] LIGHT stage=periodic window=18 sensor=real display=camera idle=0ms full_probe=0 cache=c2m_inv frames=300 changes=299 sync_changes=0 sync_calls=300 sync_skips=0 unique=8 overflow=292 pre=8d248499 post=8d248499 luma_avg=51.3 luma_min=33 luma_max=108 luma_last=51 avg_probe=2.296ms max_probe=2.990ms tsf_waits=0 tsf_wait_us=0 tsf_wait_max_global_us=0 launch_phase_samples=0 launch_phase_avg=0.0 launch_phase_min=0 launch_phase_max=0 tsf_errors=0
I (256916) rc_video: [CAM-DIAG-C16O] HEALTH window=18 display_frame=1260 guard_errors=0 quiesce=1260 resume_before=1259 lifecycle_errors=0 pause_req=1260 pause_ack=1260 pause_timeout=0 cache_sync_err=0 overlap=0 finish_collision=0 tsf_waits=0 tsf_wait_us=0 tsf_wait_max_global_us=0 target=0 tolerance=0 launch_samples=0 launch_min=0 launch_max=0 rgb_gain=100 tsf_errors=0
W (261675) rc_video: [CAM-DIAG-C16O] LIGHT stage=periodic window=18 sensor=real display=camera idle=0ms full_probe=0 cache=c2m_inv frames=330 changes=329 sync_changes=0 sync_calls=330 sync_skips=0 unique=8 overflow=322 pre=19b05067 post=19b05067 luma_avg=51.2 luma_min=33 luma_max=108 luma_last=45 avg_probe=2.297ms max_probe=2.990ms tsf_waits=0 tsf_wait_us=0 tsf_wait_max_global_us=0 launch_phase_samples=0 launch_phase_avg=0.0 launch_phase_min=0 launch_phase_max=0 tsf_errors=0
I (261706) rc_video: [CAM-DIAG-C16O] HEALTH window=18 display_frame=1290 guard_errors=0 quiesce=1290 resume_before=1289 lifecycle_errors=0 pause_req=1290 pause_ack=1290 pause_timeout=0 cache_sync_err=0 overlap=0 finish_collision=0 tsf_waits=0 tsf_wait_us=0 tsf_wait_max_global_us=0 target=0 tolerance=0 launch_samples=0 launch_min=0 launch_max=0 rgb_gain=100 tsf_errors=0
W (266462) rc_video: [CAM-DIAG-C16O] LIGHT stage=periodic window=18 sensor=real display=camera idle=0ms full_probe=0 cache=c2m_inv frames=360 changes=359 sync_changes=0 sync_calls=360 sync_skips=0 unique=8 overflow=352 pre=1cc53445 post=1cc53445 luma_avg=51.2 luma_min=33 luma_max=108 luma_last=51 avg_probe=2.297ms max_probe=2.990ms tsf_waits=0 tsf_wait_us=0 tsf_wait_max_global_us=0 launch_phase_samples=0 launch_phase_avg=0.0 launch_phase_min=0 launch_phase_max=0 tsf_errors=0
I (266494) rc_video: [CAM-DIAG-C16O] HEALTH window=18 display_frame=1320 guard_errors=0 quiesce=1320 resume_before=1319 lifecycle_errors=0 pause_req=1320 pause_ack=1320 pause_timeout=0 cache_sync_err=0 overlap=0 finish_collision=0 tsf_waits=0 tsf_wait_us=0 tsf_wait_max_global_us=0 target=0 tolerance=0 launch_samples=0 launch_min=0 launch_max=0 rgb_gain=100 tsf_errors=0
W (271252) rc_video: [CAM-DIAG-C16O] LIGHT stage=periodic window=18 sensor=real display=camera idle=0ms full_probe=0 cache=c2m_inv frames=390 changes=389 sync_changes=0 sync_calls=390 sync_skips=0 unique=8 overflow=382 pre=5aebadff post=5aebadff luma_avg=51.2 luma_min=33 luma_max=108 luma_last=51 avg_probe=2.298ms max_probe=2.990ms tsf_waits=0 tsf_wait_us=0 tsf_wait_max_global_us=0 launch_phase_samples=0 launch_phase_avg=0.0 launch_phase_min=0 launch_phase_max=0 tsf_errors=0
I (271283) rc_video: [CAM-DIAG-C16O] HEALTH window=18 display_frame=1350 guard_errors=0 quiesce=1350 resume_before=1349 lifecycle_errors=0 pause_req=1350 pause_ack=1350 pause_timeout=0 cache_sync_err=0 overlap=0 finish_collision=0 tsf_waits=0 tsf_wait_us=0 tsf_wait_max_global_us=0 target=0 tolerance=0 launch_samples=0 launch_min=0 launch_max=0 rgb_gain=100 tsf_errors=0
W (276041) rc_video: [CAM-DIAG-C16O] LIGHT stage=periodic window=18 sensor=real display=camera idle=0ms full_probe=0 cache=c2m_inv frames=420 changes=419 sync_changes=0 sync_calls=420 sync_skips=0 unique=8 overflow=412 pre=2f7145a1 post=2f7145a1 luma_avg=51.2 luma_min=33 luma_max=108 luma_last=51 avg_probe=2.296ms max_probe=2.990ms tsf_waits=0 tsf_wait_us=0 tsf_wait_max_global_us=0 launch_phase_samples=0 launch_phase_avg=0.0 launch_phase_min=0 launch_phase_max=0 tsf_errors=0
I (276072) rc_video: [CAM-DIAG-C16O] HEALTH window=18 display_frame=1380 guard_errors=0 quiesce=1380 resume_before=1379 lifecycle_errors=0 pause_req=1380 pause_ack=1380 pause_timeout=0 cache_sync_err=0 overlap=0 finish_collision=0 tsf_waits=0 tsf_wait_us=0 tsf_wait_max_global_us=0 target=0 tolerance=0 launch_samples=0 launch_min=0 launch_max=0 rgb_gain=100 tsf_errors=0
W (280830) rc_video: [CAM-DIAG-C16O] LIGHT stage=periodic window=18 sensor=real display=camera idle=0ms full_probe=0 cache=c2m_inv frames=450 changes=449 sync_changes=0 sync_calls=450 sync_skips=0 unique=8 overflow=442 pre=3a17867d post=3a17867d luma_avg=51.2 luma_min=33 luma_max=108 luma_last=51 avg_probe=2.296ms max_probe=2.990ms tsf_waits=0 tsf_wait_us=0 tsf_wait_max_global_us=0 launch_phase_samples=0 launch_phase_avg=0.0 launch_phase_min=0 launch_phase_max=0 tsf_errors=0
I (280862) rc_video: [CAM-DIAG-C16O] HEALTH window=18 display_frame=1410 guard_errors=0 quiesce=1410 resume_before=1409 lifecycle_errors=0 pause_req=1410 pause_ack=1410 pause_timeout=0 cache_sync_err=0 overlap=0 finish_collision=0 tsf_waits=0 tsf_wait_us=0 tsf_wait_max_global_us=0 target=0 tolerance=0 launch_samples=0 launch_min=0 launch_max=0 rgb_gain=100 tsf_errors=0
W (285619) rc_video: [CAM-DIAG-C16O] LIGHT stage=periodic window=18 sensor=real display=camera idle=0ms full_probe=0 cache=c2m_inv frames=480 changes=479 sync_changes=0 sync_calls=480 sync_skips=0 unique=8 overflow=472 pre=be9b53f2 post=be9b53f2 luma_avg=51.2 luma_min=33 luma_max=108 luma_last=51 avg_probe=2.295ms max_probe=2.990ms tsf_waits=0 tsf_wait_us=0 tsf_wait_max_global_us=0 launch_phase_samples=0 launch_phase_avg=0.0 launch_phase_min=0 launch_phase_max=0 tsf_errors=0
I (285650) rc_video: [CAM-DIAG-C16O] HEALTH window=18 display_frame=1440 guard_errors=0 quiesce=1440 resume_before=1439 lifecycle_errors=0 pause_req=1440 pause_ack=1440 pause_timeout=0 cache_sync_err=0 overlap=0 finish_collision=0 tsf_waits=0 tsf_wait_us=0 tsf_wait_max_global_us=0 target=0 tolerance=0 launch_samples=0 launch_min=0 launch_max=0 rgb_gain=100 tsf_errors=0
W (290408) rc_video: [CAM-DIAG-C16O] LIGHT stage=periodic window=18 sensor=real display=camera idle=0ms full_probe=0 cache=c2m_inv frames=510 changes=509 sync_changes=0 sync_calls=510 sync_skips=0 unique=8 overflow=502 pre=c7ea8737 post=c7ea8737 luma_avg=51.2 luma_min=33 luma_max=108 luma_last=51 avg_probe=2.296ms max_probe=2.990ms tsf_waits=0 tsf_wait_us=0 tsf_wait_max_global_us=0 launch_phase_samples=0 launch_phase_avg=0.0 launch_phase_min=0 launch_phase_max=0 tsf_errors=0
I (290440) rc_video: [CAM-DIAG-C16O] HEALTH window=18 display_frame=1470 guard_errors=0 quiesce=1470 resume_before=1469 lifecycle_errors=0 pause_req=1470 pause_ack=1470 pause_timeout=0 cache_sync_err=0 overlap=0 finish_collision=0 tsf_waits=0 tsf_wait_us=0 tsf_wait_max_global_us=0 target=0 tolerance=0 launch_samples=0 launch_min=0 launch_max=0 rgb_gain=100 tsf_errors=0
W (295197) rc_video: [CAM-DIAG-C16O] LIGHT stage=periodic window=18 sensor=real display=camera idle=0ms full_probe=0 cache=c2m_inv frames=540 changes=539 sync_changes=0 sync_calls=540 sync_skips=0 unique=8 overflow=532 pre=b804848d post=b804848d luma_avg=51.2 luma_min=33 luma_max=108 luma_last=51 avg_probe=2.296ms max_probe=2.990ms tsf_waits=0 tsf_wait_us=0 tsf_wait_max_global_us=0 launch_phase_samples=0 launch_phase_avg=0.0 launch_phase_min=0 launch_phase_max=0 tsf_errors=0
I (295228) rc_video: [CAM-DIAG-C16O] HEALTH window=18 display_frame=1500 guard_errors=0 quiesce=1500 resume_before=1499 lifecycle_errors=0 pause_req=1500 pause_ack=1500 pause_timeout=0 cache_sync_err=0 overlap=0 finish_collision=0 tsf_waits=0 tsf_wait_us=0 tsf_wait_max_global_us=0 target=0 tolerance=0 launch_samples=0 launch_min=0 launch_max=0 rgb_gain=100 tsf_errors=0
W (299987) rc_video: [CAM-DIAG-C16O] LIGHT stage=periodic window=18 sensor=real display=camera idle=0ms full_probe=0 cache=c2m_inv frames=570 changes=569 sync_changes=0 sync_calls=570 sync_skips=0 unique=8 overflow=562 pre=b2e4e044 post=b2e4e044 luma_avg=51.2 luma_min=33 luma_max=108 luma_last=49 avg_probe=2.296ms max_probe=2.990ms tsf_waits=0 tsf_wait_us=0 tsf_wait_max_global_us=0 launch_phase_samples=0 launch_phase_avg=0.0 launch_phase_min=0 launch_phase_max=0 tsf_errors=0
I (300018) rc_video: [CAM-DIAG-C16O] HEALTH window=18 display_frame=1530 guard_errors=0 quiesce=1530 resume_before=1529 lifecycle_errors=0 pause_req=1530 pause_ack=1530 pause_timeout=0 cache_sync_err=0 overlap=0 finish_collision=0 tsf_waits=0 tsf_wait_us=0 tsf_wait_max_global_us=0 target=0 tolerance=0 launch_samples=0 launch_min=0 launch_max=0 rgb_gain=100 tsf_errors=0
W (304776) rc_video: [CAM-DIAG-C16O] LIGHT stage=periodic window=18 sensor=real display=camera idle=0ms full_probe=0 cache=c2m_inv frames=600 changes=599 sync_changes=0 sync_calls=600 sync_skips=0 unique=8 overflow=592 pre=49fdf360 post=49fdf360 luma_avg=51.2 luma_min=33 luma_max=108 luma_last=51 avg_probe=2.297ms max_probe=2.990ms tsf_waits=0 tsf_wait_us=0 tsf_wait_max_global_us=0 launch_phase_samples=0 launch_phase_avg=0.0 launch_phase_min=0 launch_phase_max=0 tsf_errors=0
I (304807) rc_video: [CAM-DIAG-C16O] HEALTH window=18 display_frame=1560 guard_errors=0 quiesce=1560 resume_before=1559 lifecycle_errors=0 pause_req=1560 pause_ack=1560 pause_timeout=0 cache_sync_err=0 overlap=0 finish_collision=0 tsf_waits=0 tsf_wait_us=0 tsf_wait_max_global_us=0 target=0 tolerance=0 launch_samples=0 launch_min=0 launch_max=0 rgb_gain=100 tsf_errors=0
W (309565) rc_video: [CAM-DIAG-C16O] LIGHT stage=periodic window=18 sensor=real display=camera idle=0ms full_probe=0 cache=c2m_inv frames=630 changes=629 sync_changes=0 sync_calls=630 sync_skips=0 unique=8 overflow=622 pre=badd0af5 post=badd0af5 luma_avg=51.2 luma_min=33 luma_max=108 luma_last=49 avg_probe=2.296ms max_probe=2.990ms tsf_waits=0 tsf_wait_us=0 tsf_wait_max_global_us=0 launch_phase_samples=0 launch_phase_avg=0.0 launch_phase_min=0 launch_phase_max=0 tsf_errors=0
I (309596) rc_video: [CAM-DIAG-C16O] HEALTH window=18 display_frame=1590 guard_errors=0 quiesce=1590 resume_before=1589 lifecycle_errors=0 pause_req=1590 pause_ack=1590 pause_timeout=0 cache_sync_err=0 overlap=0 finish_collision=0 tsf_waits=0 tsf_wait_us=0 tsf_wait_max_global_us=0 target=0 tolerance=0 launch_samples=0 launch_min=0 launch_max=0 rgb_gain=100 tsf_errors=0
W (314353) rc_video: [CAM-DIAG-C16O] LIGHT stage=periodic window=18 sensor=real display=camera idle=0ms full_probe=0 cache=c2m_inv frames=660 changes=659 sync_changes=0 sync_calls=660 sync_skips=0 unique=8 overflow=652 pre=e5d2e067 post=e5d2e067 luma_avg=51.2 luma_min=33 luma_max=108 luma_last=51 avg_probe=2.297ms max_probe=2.990ms tsf_waits=0 tsf_wait_us=0 tsf_wait_max_global_us=0 launch_phase_samples=0 launch_phase_avg=0.0 launch_phase_min=0 launch_phase_max=0 tsf_errors=0
I (314384) rc_video: [CAM-DIAG-C16O] HEALTH window=18 display_frame=1620 guard_errors=0 quiesce=1620 resume_before=1619 lifecycle_errors=0 pause_req=1620 pause_ack=1620 pause_timeout=0 cache_sync_err=0 overlap=0 finish_collision=0 tsf_waits=0 tsf_wait_us=0 tsf_wait_max_global_us=0 target=0 tolerance=0 launch_samples=0 launch_min=0 launch_max=0 rgb_gain=100 tsf_errors=0
W (319143) rc_video: [CAM-DIAG-C16O] LIGHT stage=periodic window=18 sensor=real display=camera idle=0ms full_probe=0 cache=c2m_inv frames=690 changes=689 sync_changes=0 sync_calls=690 sync_skips=0 unique=8 overflow=682 pre=87a020f0 post=87a020f0 luma_avg=51.2 luma_min=33 luma_max=108 luma_last=52 avg_probe=2.297ms max_probe=2.990ms tsf_waits=0 tsf_wait_us=0 tsf_wait_max_global_us=0 launch_phase_samples=0 launch_phase_avg=0.0 launch_phase_min=0 launch_phase_max=0 tsf_errors=0
I (319174) rc_video: [CAM-DIAG-C16O] HEALTH window=18 display_frame=1650 guard_errors=0 quiesce=1650 resume_before=1649 lifecycle_errors=0 pause_req=1650 pause_ack=1650 pause_timeout=0 cache_sync_err=0 overlap=0 finish_collision=0 tsf_waits=0 tsf_wait_us=0 tsf_wait_max_global_us=0 target=0 tolerance=0 launch_samples=0 launch_min=0 launch_max=0 rgb_gain=100 tsf_errors=0
W (323932) rc_video: [CAM-DIAG-C16O] LIGHT stage=periodic window=18 sensor=real display=camera idle=0ms full_probe=0 cache=c2m_inv frames=720 changes=719 sync_changes=0 sync_calls=720 sync_skips=0 unique=8 overflow=712 pre=5a06a97f post=5a06a97f luma_avg=51.2 luma_min=33 luma_max=108 luma_last=51 avg_probe=2.297ms max_probe=2.990ms tsf_waits=0 tsf_wait_us=0 tsf_wait_max_global_us=0 launch_phase_samples=0 launch_phase_avg=0.0 launch_phase_min=0 launch_phase_max=0 tsf_errors=0
I (323963) rc_video: [CAM-DIAG-C16O] HEALTH window=18 display_frame=1680 guard_errors=0 quiesce=1680 resume_before=1679 lifecycle_errors=0 pause_req=1680 pause_ack=1680 pause_timeout=0 cache_sync_err=0 overlap=0 finish_collision=0 tsf_waits=0 tsf_wait_us=0 tsf_wait_max_global_us=0 target=0 tolerance=0 launch_samples=0 launch_min=0 launch_max=0 rgb_gain=100 tsf_errors=0
W (328722) rc_video: [CAM-DIAG-C16O] LIGHT stage=periodic window=18 sensor=real display=camera idle=0ms full_probe=0 cache=c2m_inv frames=750 changes=749 sync_changes=0 sync_calls=750 sync_skips=0 unique=8 overflow=742 pre=8d260ed2 post=8d260ed2 luma_avg=51.2 luma_min=33 luma_max=108 luma_last=51 avg_probe=2.296ms max_probe=2.990ms tsf_waits=0 tsf_wait_us=0 tsf_wait_max_global_us=0 launch_phase_samples=0 launch_phase_avg=0.0 launch_phase_min=0 launch_phase_max=0 tsf_errors=0
I (328753) rc_video: [CAM-DIAG-C16O] HEALTH window=18 display_frame=1710 guard_errors=0 quiesce=1710 resume_before=1709 lifecycle_errors=0 pause_req=1710 pause_ack=1710 pause_timeout=0 cache_sync_err=0 overlap=0 finish_collision=0 tsf_waits=0 tsf_wait_us=0 tsf_wait_max_global_us=0 target=0 tolerance=0 launch_samples=0 launch_min=0 launch_max=0 rgb_gain=100 tsf_errors=0
W (333510) rc_video: [CAM-DIAG-C16O] LIGHT stage=periodic window=18 sensor=real display=camera idle=0ms full_probe=0 cache=c2m_inv frames=780 changes=779 sync_changes=0 sync_calls=780 sync_skips=0 unique=8 overflow=772 pre=22aacdde post=22aacdde luma_avg=51.2 luma_min=33 luma_max=108 luma_last=51 avg_probe=2.296ms max_probe=2.990ms tsf_waits=0 tsf_wait_us=0 tsf_wait_max_global_us=0 launch_phase_samples=0 launch_phase_avg=0.0 launch_phase_min=0 launch_phase_max=0 tsf_errors=0
I (333541) rc_video: [CAM-DIAG-C16O] HEALTH window=18 display_frame=1740 guard_errors=0 quiesce=1740 resume_before=1739 lifecycle_errors=0 pause_req=1740 pause_ack=1740 pause_timeout=0 cache_sync_err=0 overlap=0 finish_collision=0 tsf_waits=0 tsf_wait_us=0 tsf_wait_max_global_us=0 target=0 tolerance=0 launch_samples=0 launch_min=0 launch_max=0 rgb_gain=100 tsf_errors=0
W (338299) rc_video: [CAM-DIAG-C16O] LIGHT stage=periodic window=18 sensor=real display=camera idle=0ms full_probe=0 cache=c2m_inv frames=810 changes=809 sync_changes=0 sync_calls=810 sync_skips=0 unique=8 overflow=802 pre=091bbef9 post=091bbef9 luma_avg=51.2 luma_min=33 luma_max=108 luma_last=51 avg_probe=2.296ms max_probe=2.990ms tsf_waits=0 tsf_wait_us=0 tsf_wait_max_global_us=0 launch_phase_samples=0 launch_phase_avg=0.0 launch_phase_min=0 launch_phase_max=0 tsf_errors=0
I (338330) rc_video: [CAM-DIAG-C16O] HEALTH window=18 display_frame=1770 guard_errors=0 quiesce=1770 resume_before=1769 lifecycle_errors=0 pause_req=1770 pause_ack=1770 pause_timeout=0 cache_sync_err=0 overlap=0 finish_collision=0 tsf_waits=0 tsf_wait_us=0 tsf_wait_max_global_us=0 target=0 tolerance=0 launch_samples=0 launch_min=0 launch_max=0 rgb_gain=100 tsf_errors=0
W (343088) rc_video: [CAM-DIAG-C16O] LIGHT stage=periodic window=18 sensor=real display=camera idle=0ms full_probe=0 cache=c2m_inv frames=840 changes=839 sync_changes=0 sync_calls=840 sync_skips=0 unique=8 overflow=832 pre=a44019bc post=a44019bc luma_avg=51.2 luma_min=33 luma_max=108 luma_last=51 avg_probe=2.296ms max_probe=2.990ms tsf_waits=0 tsf_wait_us=0 tsf_wait_max_global_us=0 launch_phase_samples=0 launch_phase_avg=0.0 launch_phase_min=0 launch_phase_max=0 tsf_errors=0
I (343120) rc_video: [CAM-DIAG-C16O] HEALTH window=18 display_frame=1800 guard_errors=0 quiesce=1800 resume_before=1799 lifecycle_errors=0 pause_req=1800 pause_ack=1800 pause_timeout=0 cache_sync_err=0 overlap=0 finish_collision=0 tsf_waits=0 tsf_wait_us=0 tsf_wait_max_global_us=0 target=0 tolerance=0 launch_samples=0 launch_min=0 launch_max=0 rgb_gain=100 tsf_errors=0
W (347877) rc_video: [CAM-DIAG-C16O] LIGHT stage=periodic window=18 sensor=real display=camera idle=0ms full_probe=0 cache=c2m_inv frames=870 changes=869 sync_changes=0 sync_calls=870 sync_skips=0 unique=8 overflow=862 pre=97e11800 post=97e11800 luma_avg=51.2 luma_min=33 luma_max=108 luma_last=51 avg_probe=2.296ms max_probe=2.990ms tsf_waits=0 tsf_wait_us=0 tsf_wait_max_global_us=0 launch_phase_samples=0 launch_phase_avg=0.0 launch_phase_min=0 launch_phase_max=0 tsf_errors=0
I (347908) rc_video: [CAM-DIAG-C16O] HEALTH window=18 display_frame=1830 guard_errors=0 quiesce=1830 resume_before=1829 lifecycle_errors=0 pause_req=1830 pause_ack=1830 pause_timeout=0 cache_sync_err=0 overlap=0 finish_collision=0 tsf_waits=0 tsf_wait_us=0 tsf_wait_max_global_us=0 target=0 tolerance=0 launch_samples=0 launch_min=0 launch_max=0 rgb_gain=100 tsf_errors=0
W (352667) rc_video: [CAM-DIAG-C16O] LIGHT stage=periodic window=18 sensor=real display=camera idle=0ms full_probe=0 cache=c2m_inv frames=900 changes=899 sync_changes=0 sync_calls=900 sync_skips=0 unique=8 overflow=892 pre=3323ab98 post=3323ab98 luma_avg=51.3 luma_min=33 luma_max=108 luma_last=52 avg_probe=2.296ms max_probe=2.990ms tsf_waits=0 tsf_wait_us=0 tsf_wait_max_global_us=0 launch_phase_samples=0 launch_phase_avg=0.0 launch_phase_min=0 launch_phase_max=0 tsf_errors=0
I (352698) rc_video: [CAM-DIAG-C16O] HEALTH window=18 display_frame=1860 guard_errors=0 quiesce=1860 resume_before=1859 lifecycle_errors=0 pause_req=1860 pause_ack=1860 pause_timeout=0 cache_sync_err=0 overlap=0 finish_collision=0 tsf_waits=0 tsf_wait_us=0 tsf_wait_max_global_us=0 target=0 tolerance=0 launch_samples=0 launch_min=0 launch_max=0 rgb_gain=100 tsf_errors=0
W (357455) rc_video: [CAM-DIAG-C16O] LIGHT stage=periodic window=18 sensor=real display=camera idle=0ms full_probe=0 cache=c2m_inv frames=930 changes=929 sync_changes=0 sync_calls=930 sync_skips=0 unique=8 overflow=922 pre=c1a77b76 post=c1a77b76 luma_avg=51.3 luma_min=33 luma_max=108 luma_last=51 avg_probe=2.296ms max_probe=2.990ms tsf_waits=0 tsf_wait_us=0 tsf_wait_max_global_us=0 launch_phase_samples=0 launch_phase_avg=0.0 launch_phase_min=0 launch_phase_max=0 tsf_errors=0
I (357486) rc_video: [CAM-DIAG-C16O] HEALTH window=18 display_frame=1890 guard_errors=0 quiesce=1890 resume_before=1889 lifecycle_errors=0 pause_req=1890 pause_ack=1890 pause_timeout=0 cache_sync_err=0 overlap=0 finish_collision=0 tsf_waits=0 tsf_wait_us=0 tsf_wait_max_global_us=0 target=0 tolerance=0 launch_samples=0 launch_min=0 launch_max=0 rgb_gain=100 tsf_errors=0
W (362244) rc_video: [CAM-DIAG-C16O] LIGHT stage=periodic window=18 sensor=real display=camera idle=0ms full_probe=0 cache=c2m_inv frames=960 changes=959 sync_changes=0 sync_calls=960 sync_skips=0 unique=8 overflow=952 pre=c1d62c8d post=c1d62c8d luma_avg=51.3 luma_min=33 luma_max=108 luma_last=52 avg_probe=2.296ms max_probe=2.990ms tsf_waits=0 tsf_wait_us=0 tsf_wait_max_global_us=0 launch_phase_samples=0 launch_phase_avg=0.0 launch_phase_min=0 launch_phase_max=0 tsf_errors=0
I (362275) rc_video: [CAM-DIAG-C16O] HEALTH window=18 display_frame=1920 guard_errors=0 quiesce=1920 resume_before=1919 lifecycle_errors=0 pause_req=1920 pause_ack=1920 pause_timeout=0 cache_sync_err=0 overlap=0 finish_collision=0 tsf_waits=0 tsf_wait_us=0 tsf_wait_max_global_us=0 target=0 tolerance=0 launch_samples=0 launch_min=0 launch_max=0 rgb_gain=100 tsf_errors=0
W (367034) rc_video: [CAM-DIAG-C16O] LIGHT stage=periodic window=18 sensor=real display=camera idle=0ms full_probe=0 cache=c2m_inv frames=990 changes=989 sync_changes=0 sync_calls=990 sync_skips=0 unique=8 overflow=982 pre=31f127a5 post=31f127a5 luma_avg=51.3 luma_min=33 luma_max=108 luma_last=51 avg_probe=2.296ms max_probe=2.990ms tsf_waits=0 tsf_wait_us=0 tsf_wait_max_global_us=0 launch_phase_samples=0 launch_phase_avg=0.0 launch_phase_min=0 launch_phase_max=0 tsf_errors=0
I (367065) rc_video: [CAM-DIAG-C16O] HEALTH window=18 display_frame=1950 guard_errors=0 quiesce=1950 resume_before=1949 lifecycle_errors=0 pause_req=1950 pause_ack=1950 pause_timeout=0 cache_sync_err=0 overlap=0 finish_collision=0 tsf_waits=0 tsf_wait_us=0 tsf_wait_max_global_us=0 target=0 tolerance=0 launch_samples=0 launch_min=0 launch_max=0 rgb_gain=100 tsf_errors=0
W (371823) rc_video: [CAM-DIAG-C16O] LIGHT stage=periodic window=18 sensor=real display=camera idle=0ms full_probe=0 cache=c2m_inv frames=1020 changes=1019 sync_changes=0 sync_calls=1020 sync_skips=0 unique=8 overflow=1012 pre=ac46faae post=ac46faae luma_avg=51.3 luma_min=33 luma_max=108 luma_last=52 avg_probe=2.296ms max_probe=2.990ms tsf_waits=0 tsf_wait_us=0 tsf_wait_max_global_us=0 launch_phase_samples=0 launch_phase_avg=0.0 launch_phase_min=0 launch_phase_max=0 tsf_errors=0
I (371855) rc_video: [CAM-DIAG-C16O] HEALTH window=18 display_frame=1980 guard_errors=0 quiesce=1980 resume_before=1979 lifecycle_errors=0 pause_req=1980 pause_ack=1980 pause_timeout=0 cache_sync_err=0 overlap=0 finish_collision=0 tsf_waits=0 tsf_wait_us=0 tsf_wait_max_global_us=0 target=0 tolerance=0 launch_samples=0 launch_min=0 launch_max=0 rgb_gain=100 tsf_errors=0
W (376612) rc_video: [CAM-DIAG-C16O] LIGHT stage=periodic window=18 sensor=real display=camera idle=0ms full_probe=0 cache=c2m_inv frames=1050 changes=1049 sync_changes=0 sync_calls=1050 sync_skips=0 unique=8 overflow=1042 pre=13a3e4bf post=13a3e4bf luma_avg=51.3 luma_min=33 luma_max=108 luma_last=52 avg_probe=2.296ms max_probe=2.990ms tsf_waits=0 tsf_wait_us=0 tsf_wait_max_global_us=0 launch_phase_samples=0 launch_phase_avg=0.0 launch_phase_min=0 launch_phase_max=0 tsf_errors=0
I (376643) rc_video: [CAM-DIAG-C16O] HEALTH window=18 display_frame=2010 guard_errors=0 quiesce=2010 resume_before=2009 lifecycle_errors=0 pause_req=2010 pause_ack=2010 pause_timeout=0 cache_sync_err=0 overlap=0 finish_collision=0 tsf_waits=0 tsf_wait_us=0 tsf_wait_max_global_us=0 target=0 tolerance=0 launch_samples=0 launch_min=0 launch_max=0 rgb_gain=100 tsf_errors=0
