W (45343) rc_tank: [CAM-DIAG-C16P] WINDOW_01 repeat: wifi=off camera=off display=black cache=none; camera_init=next
W (45343) rc_video: [CAM-DIAG-C16P] PROFILE window=1 sensor=real display=camera idle=0ms full_probe=0 cache=none capture=0
I (45352) rc_tank: [STEP] Camera init starting...
I (45357) rc_video: Initializing camera (SP0A39 640x480 VYUY)
W (45362) rc_video: [CAM-DIAG-C16P] staged DVP init core=0; Wi-Fi task core=0; configured_internal_dma=102400; free_internal=231083 largest_internal_dma=110592
I (45376) board_camera: initializing SP0A39 camera mode=0 640x480
I (45382) camera_hal: init SP0A39 DVP 640x480 (SCCB manual mode)
I (45388) camera_hal: configuring IOEX pins for camera RESET/PWDN
I (45395) camera_hal: PWDN=HIGH (power down)
I (45408) camera_hal: PWDN=LOW (release sensor)
I (45608) camera_hal: RESET=LOW (assert reset)
I (45628) camera_hal: RESET=HIGH (release reset)
I (46628) camera_hal: full I2C scan after camera power-up (diagnostic only)...
I (46630) camera_hal:   post-powerup ACK at 0x15
I (46630) camera_hal:   post-powerup ACK at 0x18
I (46633) camera_hal:   post-powerup ACK at 0x21
I (46637) camera_hal:   post-powerup ACK at 0x22
I (46645) camera_hal:   post-powerup ACK at 0x40
I (46647) camera_hal:   post-powerup ACK at 0x51
I (46653) camera_hal:   post-powerup ACK at 0x68
I (46656) camera_hal: DVP GPIO diagnostics (checking PCLK/VSYNC/HSYNC activity)...
I (46722) camera_hal: DVP diagnostics: PCLK_changes=0 VSYNC_changes=0 HSYNC_changes=0
W (46722) camera_hal: PCLK has no transitions - MCLK likely not reaching sensor or sensor not active
I (46727) camera_hal: using sensor address 0x21
I (46732) camera_hal: SP0A39 I2C device added at 0x21
I (46738) camera_hal: SP0A39 chip ID: 0x0A39
I (46860) camera_hal: SP0A39 register init done: VYUY 640x480 (359 regs)
I (46861) camera_hal: [CAM-PROBE] SP0A39 p0_31 stage=post_table value=0x00 expected=0x01
E (46863) camera_hal: camera_hal_verify_expected_output_p0_31(92): unexpected p0_31=0x00 at post_table
W (46872) camera_hal: [CAM-PROBE] output state differs after table; continuing: ESP_ERR_INVALID_RESPONSE
I (46902) camera_hal: [CAM-PROBE] SP0A39 p0_31 stage=post_delay value=0x01 expected=0x01
I (46903) camera_hal: camera HAL initialized (sensor ready, DVP capture not yet implemented)
I (46907) board_camera: camera ready
I (46915) camera_hal: SP0A39 output regs: P0:1c=0x00 P0:30=0x01 P0:31=0x01 P1:32=0x15 P1:34=0xeb P1:35=0x00 P1:36=0x10
I (47049) rc_video:   3 DMA-capable PSRAM framebuffers allocated (600 KB each)
W (47092) rc_video: [CAM-DIAG-C16P] capture handoff uses rc_capture_pool + backup
W (47092) rc_video: [DEBUG-C151] buffers fb0=0x3c0f6040 fb1=0x3c18c180 fb2=0x3c2222c0 backup=0x3c2b8400 payload=614400 storage=614400 alloc=614656 terminal_guard=256
W (47103) rc_video: [DEBUG-C151] heap stage=framebuffers_allocated intact=1
I (47111) dvp_ext: DVP Extended camera controller driver is initialized
W (47116) rc_video: [DEBUG-C151] heap stage=dvp_controller_created_before_start intact=1
W (47123) rc_video: [CAM-DIAG-C16P] staged DVP controller created; configured_internal_dma=102400 free_internal=124003 largest_internal_dma=63488
I (47136) rc_video: Camera initialized
I (47139) rc_tank: [STEP] Camera init OK
W (47143) rc_tank: [CAM-DIAG-C16P] TSF_GUARD window=2 beacon=0 after=0us budget=0us result=ESP_OK
W (47152) rc_tank: [CAM-DIAG-C16P] TSF_TARGET window=2 phase=0us tolerance=0us result=ESP_OK
W (47160) rc_tank: [CAM-DIAG-C16P] RGB_GAIN window=2 requested=110 result=ESP_OK
W (47167) rc_tank: [CAM-DIAG-C16P] PRESENT window=2 mode=direct chunk_lines=60 repeats=1 result=ESP_OK
W (47176) rc_video: [CAM-DIAG-C16P] PROFILE window=2 sensor=real display=camera idle=0ms full_probe=0 cache=c2m_inv capture=0
W (47187) rc_tank: [CAM-DIAG-C16P] WINDOW_02 start: wifi=off sensor=real display=camera idle=0ms full_probe=off cache=c2m_inv dvp=staged100k protocol=off beacon=0 guard_after=0us capture_budget=0us target=0us tolerance=0us rgb_gain=110% present=direct chunk_lines=60 repeats=1
W (47187) rc_video: [CAM-DIAG-C16P] LIGHT stage=complete window=1 sensor=real display=camera idle=0ms full_probe=0 cache=none frames=0 changes=0 sync_changes=0 sync_calls=0 sync_skips=0 unique=0 overflow=0 pre=00000000 post=00000000 luma_avg=0.0 luma_min=255 luma_max=0 luma_last=0 avg_probe=0.000ms max_probe=0.000ms tsf_waits=0 tsf_wait_us=0 tsf_wait_max_global_us=0 launch_phase_samples=0 launch_phase_avg=0.0 launch_phase_min=0 launch_phase_max=0 tsf_errors=0
I (47213) camera_hal: [CAM-PROBE] SP0A39 p0_31 stage=dvp_started value=0x01 expected=0x01
W (47295) rc_video: [CAM-DIAG-C16P] scaled camera preview enabled (240x180 at 80,0; DVP started)
W (47296) rc_tank: [CAM-DIAG-C16P] staged-100KiB VYUY camera preview started while Wi-Fi is off
W (51979) rc_video: [CAM-DIAG-C16P] LIGHT stage=periodic window=2 sensor=real display=camera idle=0ms full_probe=0 cache=c2m_inv frames=30 changes=29 sync_changes=0 sync_calls=30 sync_skips=0 unique=8 overflow=22 pre=efdf87c1 post=efdf87c1 luma_avg=107.0 luma_min=106 luma_max=107 luma_last=107 avg_probe=2.193ms max_probe=2.663ms tsf_waits=0 tsf_wait_us=0 tsf_wait_max_global_us=0 launch_phase_samples=0 launch_phase_avg=0.0 launch_phase_min=0 launch_phase_max=0 tsf_errors=0
I (52010) rc_video: [CAM-DIAG-C16P] HEALTH window=2 display_frame=30 guard_errors=0 quiesce=30 resume_before=29 lifecycle_errors=0 pause_req=30 pause_ack=30 pause_timeout=0 cache_sync_err=0 raw_post_err=0 overlap=0 finish_collision=0 tsf_waits=0 tsf_wait_us=0 tsf_wait_max_global_us=0 target=0 tolerance=0 launch_samples=0 launch_min=0 launch_max=0 rgb_gain=110 present=direct chunk_lines=60 repeats=1 tsf_errors=0
W (56808) rc_video: [CAM-DIAG-C16P] LIGHT stage=periodic window=2 sensor=real display=camera idle=0ms full_probe=0 cache=c2m_inv frames=60 changes=59 sync_changes=0 sync_calls=60 sync_skips=0 unique=8 overflow=52 pre=170da933 post=170da933 luma_avg=107.1 luma_min=106 luma_max=108 luma_last=107 avg_probe=2.186ms max_probe=2.663ms tsf_waits=0 tsf_wait_us=0 tsf_wait_max_global_us=0 launch_phase_samples=0 launch_phase_avg=0.0 launch_phase_min=0 launch_phase_max=0 tsf_errors=0
I (56839) rc_video: [CAM-DIAG-C16P] HEALTH window=2 display_frame=60 guard_errors=0 quiesce=60 resume_before=59 lifecycle_errors=0 pause_req=60 pause_ack=60 pause_timeout=0 cache_sync_err=0 raw_post_err=0 overlap=0 finish_collision=0 tsf_waits=0 tsf_wait_us=0 tsf_wait_max_global_us=0 target=0 tolerance=0 launch_samples=0 launch_min=0 launch_max=0 rgb_gain=110 present=direct chunk_lines=60 repeats=1 tsf_errors=0
W (57304) rc_tank: [DEBUG-C151] heap stage=window_2_end intact=1
W (57307) camera_hal: [CAM-DIAG-C16I] SP0A39 test_pattern=on P1:32 before=0x15 write=0x95 read=0x80 expected_bit=0x80
W (57428) rc_tank: [CAM-DIAG-C16P] TSF_GUARD window=3 beacon=0 after=0us budget=0us result=ESP_OK
W (57428) rc_tank: [CAM-DIAG-C16P] TSF_TARGET window=3 phase=0us tolerance=0us result=ESP_OK
W (57434) rc_tank: [CAM-DIAG-C16P] RGB_GAIN window=3 requested=110 result=ESP_OK
W (57441) rc_tank: [CAM-DIAG-C16P] PRESENT window=3 mode=direct chunk_lines=60 repeats=1 result=ESP_OK
W (57450) rc_video: [CAM-DIAG-C16P] PROFILE window=3 sensor=pattern display=camera idle=0ms full_probe=1 cache=c2m_inv capture=64
W (57461) rc_tank: [CAM-DIAG-C16P] WINDOW_03 start: wifi=off sensor=pattern display=camera idle=0ms full_probe=on cache=c2m_inv dvp=staged100k protocol=off beacon=0 guard_after=0us capture_budget=0us target=0us tolerance=0us rgb_gain=110% present=direct chunk_lines=60 repeats=1
W (57528) rc_video: [CAM-DIAG-C16P] LIGHT stage=complete window=2 sensor=real display=camera idle=0ms full_probe=0 cache=c2m_inv frames=64 changes=63 sync_changes=0 sync_calls=64 sync_skips=0 unique=8 overflow=56 pre=a6c9f340 post=a6c9f340 luma_avg=107.4 luma_min=106 luma_max=123 luma_last=123 avg_probe=2.195ms max_probe=2.693ms tsf_waits=0 tsf_wait_us=0 tsf_wait_max_global_us=0 launch_phase_samples=0 launch_phase_avg=0.0 launch_phase_min=0 launch_phase_max=0 tsf_errors=0
W (62268) rc_video: [DEBUG-C151] display frame=90 consumer=0 active=-2/0x0->-2/0x0 select=180->180 became_active=0 overlap=0 overlap_count=0 finish=90 last_finished=0/0x3c0f6040 finish_active=0 finish_collision=0 guard=1 guard_errors=0 quiesce=90 resume_before=89 resume_pending=1 lifecycle_errors=0
I (62284) rc_video: [CAM-DIAG-C16P] frame=90 window=3 sensor=pattern slot=0 addr=0x3c0f6040 gen=90->90 crc_first=5af5f54e/5af5f54e crc_mid=52b8a38d/52b8a38d crc_tail=aed88090/aed88090 stable=1 raw_full=f3ef5fce raw_q=2a3ef631/69353729/3af1a107/8726f89b raw_edge=199ccf33 raw_probe=592.9ms cache_sync=ESP_OK cache_sync_err=0 light_post=a6c9f340 stable=1 raw_post_err=0 chunk_crc=26d237c7/d2e10f04/e81b3aa3 submit=3 complete=3 seq=270/270 stale=0 prepare=53.2ms draw=35.7ms
W (62942) rc_video: [CAM-DIAG-C16P] LIGHT stage=periodic window=3 sensor=pattern display=camera idle=0ms full_probe=1 cache=c2m_inv frames=30 changes=1 sync_changes=0 sync_calls=30 sync_skips=0 unique=2 overflow=0 pre=a6c9f340 post=a6c9f340 luma_avg=122.5 luma_min=107 luma_max=123 luma_last=123 avg_probe=2.181ms max_probe=2.230ms tsf_waits=0 tsf_wait_us=0 tsf_wait_max_global_us=0 launch_phase_samples=0 launch_phase_avg=0.0 launch_phase_min=0 launch_phase_max=0 tsf_errors=0
I (62973) rc_video: [CAM-DIAG-C16P] HEALTH window=3 display_frame=94 guard_errors=0 quiesce=94 resume_before=93 lifecycle_errors=0 pause_req=94 pause_ack=94 pause_timeout=0 cache_sync_err=0 raw_post_err=0 overlap=0 finish_collision=0 tsf_waits=0 tsf_wait_us=0 tsf_wait_max_global_us=0 target=0 tolerance=0 launch_samples=0 launch_min=0 launch_max=0 rgb_gain=110 present=direct chunk_lines=60 repeats=1 tsf_errors=0
W (67486) rc_tank: [DEBUG-C151] heap stage=window_3_end_before_network intact=1
I (67487) rc_tank: [STEP] Network init starting...
I (67488) rc_net: Initializing as SoftAP (Tank)
I (67493) pp: pp rom version: e7ae62f
I (67495) net80211: net80211 rom version: e7ae62f
I (67502) wifi:wifi driver task: 3fce85f0, prio:23, stack:6656, core=0
I (67510) wifi:wifi firmware version: 0947e8b
I (67510) wifi:wifi certification version: v7.0
I (67514) wifi:config NVS flash: enabled
I (67517) wifi:config nano formatting: disabled
I (67522) wifi:Init data frame dynamic rx buffer num: 32
I (67527) wifi:Init static rx mgmt buffer num: 5
I (67531) wifi:Init management short buffer num: 32
I (67536) wifi:Init dynamic tx buffer num: 64
I (67540) wifi:Init static tx FG buffer num: 2
I (67544) wifi:Init static rx buffer size: 1600
I (67548) wifi:Init static rx buffer num: 10
I (67552) wifi:Init dynamic rx buffer num: 32
I (67557) wifi_init: rx ba win: 6
I (67559) wifi_init: accept mbox: 6
I (67562) wifi_init: tcpip mbox: 16
I (67566) wifi_init: udp mbox: 6
I (67569) wifi_init: tcp mbox: 6
I (67572) wifi_init: tcp tx win: 5760
I (67575) wifi_init: tcp rx win: 5760
I (67578) wifi_init: tcp mss: 1440
I (67581) wifi_init: WiFi IRAM OP enabled
I (67585) wifi_init: WiFi RX IRAM OP enabled
I (67590) rc_net: AP set_mode/config, SSID=RC_TANK_F3AE79 ch=1
I (67675) phy_init: phy_version 711,97bcf0a2,Aug 25 2025,19:04:10
W (67676) phy_init: failed to load RF calibration data (0x1102), falling back to full calibration
I (67717) phy_init: Saving new calibration data due to checksum failure or outdated calibration data, mode(2)
I (67727) wifi:mode : softAP (44:1b:f6:f3:ae:79)
I (67732) wifi:Total power save buffer number: 32
I (67732) wifi:Init max length of beacon: 752/752
I (67733) wifi:Init max length of beacon: 752/752
I (67736) rc_net: SoftAP started, SSID: RC_TANK_F3AE79, Password: 12345678
I (67746) rc_tank: [STEP] Network init OK
I (67746) rc_tank: Tank SoftAP ready, waiting for remote...
W (67751) rc_tank: [CAM-DIAG-C16P] PROTOCOL window=4 before=0x07 requested=0x07 after=0x07 name=bgn changed=0
I (67766) wifi:Total power save buffer number: 32
W (67769) rc_tank: [CAM-DIAG-C16P] BEACON window=4 before=100 requested=200 after=200 changed=1
I (67770) esp_netif_lwip: DHCP server started on interface WIFI_AP_DEF with IP: 192.168.4.1
W (67803) rc_tank: [CAM-DIAG-C16P] TSF_GUARD window=4 beacon=200 after=0us budget=0us result=ESP_OK
W (67812) rc_tank: [CAM-DIAG-C16P] TSF_TARGET window=4 phase=0us tolerance=0us result=ESP_OK
W (67820) rc_tank: [CAM-DIAG-C16P] RGB_GAIN window=4 requested=110 result=ESP_OK
W (67827) rc_tank: [CAM-DIAG-C16P] PRESENT window=4 mode=direct chunk_lines=60 repeats=1 result=ESP_OK
W (67836) rc_video: [CAM-DIAG-C16P] PROFILE window=4 sensor=pattern display=camera idle=0ms full_probe=1 cache=c2m_inv capture=120
W (67847) rc_tank: [CAM-DIAG-C16P] WINDOW_04 start: wifi=on sensor=pattern display=camera idle=0ms full_probe=on cache=c2m_inv dvp=staged100k protocol=bgn beacon=200 guard_after=0us capture_budget=0us target=0us tolerance=0us rgb_gain=110% present=direct chunk_lines=60 repeats=1
W (67862) rc_video: [DEBUG-C151] display frame=120 consumer=0 active=-2/0x0->-2/0x0 select=240->240 became_active=0 overlap=0 overlap_count=0 finish=120 last_finished=0/0x3c0f6040 finish_active=0 finish_collision=0 guard=1 guard_errors=0 quiesce=120 resume_before=119 resume_pending=1 lifecycle_errors=0
I (67898) rc_video: [CAM-DIAG-C16P] frame=120 window=3 sensor=pattern slot=0 addr=0x3c0f6040 gen=120->120 crc_first=5af5f54e/5af5f54e crc_mid=52b8a38d/52b8a38d crc_tail=aed88090/aed88090 stable=1 raw_full=f3ef5fce raw_q=2a3ef631/69353729/3af1a107/8726f89b raw_edge=199ccf33 raw_probe=659.8ms cache_sync=ESP_OK cache_sync_err=0 light_post=a6c9f340 stable=1 raw_post_err=0 chunk_crc=26d237c7/d2e10f04/e81b3aa3 submit=3 complete=3 seq=360/360 stale=0 prepare=69.7ms draw=36.1ms
W (67940) rc_video: [CAM-DIAG-C16P] LIGHT stage=complete window=3 sensor=pattern display=camera idle=0ms full_probe=1 cache=c2m_inv frames=56 changes=1 sync_changes=0 sync_calls=56 sync_skips=0 unique=2 overflow=0 pre=a6c9f340 post=a6c9f340 luma_avg=122.7 luma_min=107 luma_max=123 luma_last=123 avg_probe=2.180ms max_probe=2.230ms tsf_waits=0 tsf_wait_us=0 tsf_wait_max_global_us=0 launch_phase_samples=0 launch_phase_avg=0.0 launch_phase_min=0 launch_phase_max=0 tsf_errors=0
W (73313) rc_video: [CAM-DIAG-C16P] LIGHT stage=periodic window=4 sensor=pattern display=camera idle=0ms full_probe=1 cache=c2m_inv frames=30 changes=0 sync_changes=0 sync_calls=30 sync_skips=0 unique=1 overflow=0 pre=a6c9f340 post=a6c9f340 luma_avg=123.0 luma_min=123 luma_max=123 luma_last=123 avg_probe=2.265ms max_probe=2.832ms tsf_waits=0 tsf_wait_us=0 tsf_wait_max_global_us=0 launch_phase_samples=0 launch_phase_avg=0.0 launch_phase_min=0 launch_phase_max=0 tsf_errors=0
I (73344) rc_video: [CAM-DIAG-C16P] HEALTH window=4 display_frame=150 guard_errors=0 quiesce=150 resume_before=149 lifecycle_errors=0 pause_req=150 pause_ack=150 pause_timeout=0 cache_sync_err=0 raw_post_err=0 overlap=0 finish_collision=0 tsf_waits=0 tsf_wait_us=0 tsf_wait_max_global_us=0 target=0 tolerance=0 launch_samples=0 launch_min=0 launch_max=0 rgb_gain=110 present=direct chunk_lines=60 repeats=1 tsf_errors=0
W (73380) rc_video: [DEBUG-C151] display frame=150 consumer=0 active=-2/0x0->-2/0x0 select=300->300 became_active=0 overlap=0 overlap_count=0 finish=150 last_finished=0/0x3c0f6040 finish_active=0 finish_collision=0 guard=1 guard_errors=0 quiesce=150 resume_before=149 resume_pending=1 lifecycle_errors=0
I (73407) rc_video: [CAM-DIAG-C16P] frame=150 window=4 sensor=pattern slot=0 addr=0x3c0f6040 gen=150->150 crc_first=5af5f54e/5af5f54e crc_mid=52b8a38d/52b8a38d crc_tail=aed88090/aed88090 stable=1 raw_full=f3ef5fce raw_q=2a3ef631/69353729/3af1a107/8726f89b raw_edge=199ccf33 raw_probe=593.6ms cache_sync=ESP_OK cache_sync_err=0 light_post=a6c9f340 stable=1 raw_post_err=0 chunk_crc=26d237c7/d2e10f04/e81b3aa3 submit=3 complete=3 seq=450/450 stale=0 prepare=53.3ms draw=35.8ms
W (77872) rc_tank: [CAM-DIAG-C16P] PROTOCOL window=5 before=0x07 requested=0x07 after=0x07 name=bgn changed=0
W (77873) rc_tank: [CAM-DIAG-C16P] BEACON window=5 before=200 requested=200 after=200 changed=0
W (77880) rc_tank: [CAM-DIAG-C16P] TSF_GUARD window=5 beacon=200 after=0us budget=0us result=ESP_OK
W (77890) rc_tank: [CAM-DIAG-C16P] TSF_TARGET window=5 phase=0us tolerance=0us result=ESP_OK
W (77930) rc_tank: [CAM-DIAG-C16P] RGB_GAIN window=5 requested=110 result=ESP_OK
W (77932) rc_tank: [CAM-DIAG-C16P] PRESENT window=5 mode=canvas chunk_lines=60 repeats=1 result=ESP_OK
W (77941) rc_video: [CAM-DIAG-C16P] PROFILE window=5 sensor=pattern display=camera idle=0ms full_probe=1 cache=c2m_inv capture=179
W (77952) rc_tank: [CAM-DIAG-C16P] WINDOW_05 start: wifi=on sensor=pattern display=camera idle=0ms full_probe=on cache=c2m_inv dvp=staged100k protocol=bgn beacon=200 guard_after=0us capture_budget=0us target=0us tolerance=0us rgb_gain=110% present=canvas chunk_lines=60 repeats=1
W (78029) rc_video: [CAM-DIAG-C16P] LIGHT stage=complete window=4 sensor=pattern display=camera idle=0ms full_probe=1 cache=c2m_inv frames=59 changes=4 sync_changes=0 sync_calls=59 sync_skips=0 unique=3 overflow=0 pre=a6c9f340 post=a6c9f340 luma_avg=122.4 luma_min=105 luma_max=123 luma_last=123 avg_probe=2.274ms max_probe=2.832ms tsf_waits=0 tsf_wait_us=0 tsf_wait_max_global_us=0 launch_phase_samples=0 launch_phase_avg=0.0 launch_phase_min=0 launch_phase_max=0 tsf_errors=0
W (78826) rc_video: [DEBUG-C151] display frame=180 consumer=0 active=-2/0x0->-2/0x0 select=360->360 became_active=0 overlap=0 overlap_count=0 finish=180 last_finished=0/0x3c0f6040 finish_active=0 finish_collision=0 guard=1 guard_errors=0 quiesce=180 resume_before=179 resume_pending=1 lifecycle_errors=0
I (78843) rc_video: [CAM-DIAG-C16P] frame=180 window=5 sensor=pattern slot=0 addr=0x3c0f6040 gen=180->180 crc_first=5af5f54e/5af5f54e crc_mid=52b8a38d/52b8a38d crc_tail=aed88090/aed88090 stable=1 raw_full=b668abbf raw_q=2a3ef631/69353729/2a76ea61/8726f89b raw_edge=669abd54 raw_probe=593.5ms cache_sync=ESP_OK cache_sync_err=0 light_post=79a4b98e stable=1 raw_post_err=0 chunk_crc=26d237c7/41748227/837185a0 submit=3 complete=3 seq=540/540 stale=0 prepare=64.2ms draw=36.3ms
W (83494) rc_video: [CAM-DIAG-C16P] LIGHT stage=periodic window=5 sensor=pattern display=camera idle=0ms full_probe=1 cache=c2m_inv frames=30 changes=1 sync_changes=0 sync_calls=30 sync_skips=0 unique=2 overflow=0 pre=a6c9f340 post=a6c9f340 luma_avg=122.5 luma_min=107 luma_max=123 luma_last=123 avg_probe=2.257ms max_probe=2.536ms tsf_waits=0 tsf_wait_us=0 tsf_wait_max_global_us=0 launch_phase_samples=0 launch_phase_avg=0.0 launch_phase_min=0 launch_phase_max=0 tsf_errors=0
I (83525) rc_video: [CAM-DIAG-C16P] HEALTH window=5 display_frame=209 guard_errors=0 quiesce=209 resume_before=208 lifecycle_errors=0 pause_req=209 pause_ack=209 pause_timeout=0 cache_sync_err=0 raw_post_err=0 overlap=0 finish_collision=0 tsf_waits=0 tsf_wait_us=0 tsf_wait_max_global_us=0 target=0 tolerance=0 launch_samples=0 launch_min=0 launch_max=0 rgb_gain=110 present=canvas chunk_lines=60 repeats=1 tsf_errors=0
W (84366) rc_video: [DEBUG-C151] display frame=210 consumer=0 active=-2/0x0->-2/0x0 select=420->420 became_active=0 overlap=0 overlap_count=0 finish=210 last_finished=0/0x3c0f6040 finish_active=0 finish_collision=0 guard=1 guard_errors=0 quiesce=210 resume_before=209 resume_pending=1 lifecycle_errors=0
I (84382) rc_video: [CAM-DIAG-C16P] frame=210 window=5 sensor=pattern slot=0 addr=0x3c0f6040 gen=210->210 crc_first=5af5f54e/5af5f54e crc_mid=52b8a38d/52b8a38d crc_tail=aed88090/aed88090 stable=1 raw_full=f3ef5fce raw_q=2a3ef631/69353729/3af1a107/8726f89b raw_edge=199ccf33 raw_probe=593.5ms cache_sync=ESP_OK cache_sync_err=0 light_post=a6c9f340 stable=1 raw_post_err=0 chunk_crc=26d237c7/d2e10f04/e81b3aa3 submit=3 complete=3 seq=630/630 stale=0 prepare=64.0ms draw=36.2ms
W (87983) rc_tank: [CAM-DIAG-C16P] PROTOCOL window=6 before=0x07 requested=0x07 after=0x07 name=bgn changed=0
W (87985) rc_tank: [CAM-DIAG-C16P] BEACON window=6 before=200 requested=200 after=200 changed=0
W (87991) rc_tank: [CAM-DIAG-C16P] TSF_GUARD window=6 beacon=200 after=0us budget=0us result=ESP_OK
W (88000) rc_tank: [CAM-DIAG-C16P] TSF_TARGET window=6 phase=0us tolerance=0us result=ESP_OK
W (88008) rc_tank: [CAM-DIAG-C16P] RGB_GAIN window=6 requested=110 result=ESP_OK
W (88015) rc_tank: [CAM-DIAG-C16P] PRESENT window=6 mode=direct chunk_lines=30 repeats=1 result=ESP_OK
W (88024) rc_video: [CAM-DIAG-C16P] PROFILE window=6 sensor=pattern display=camera idle=0ms full_probe=1 cache=c2m_inv capture=233
W (88036) rc_tank: [CAM-DIAG-C16P] WINDOW_06 start: wifi=on sensor=pattern display=camera idle=0ms full_probe=on cache=c2m_inv dvp=staged100k protocol=bgn beacon=200 guard_after=0us capture_budget=0us target=0us tolerance=0us rgb_gain=110% present=direct chunk_lines=30 repeats=1
W (88098) rc_video: [CAM-DIAG-C16P] LIGHT stage=complete window=5 sensor=pattern display=camera idle=0ms full_probe=1 cache=c2m_inv frames=54 changes=1 sync_changes=0 sync_calls=54 sync_skips=0 unique=2 overflow=0 pre=a6c9f340 post=a6c9f340 luma_avg=122.7 luma_min=107 luma_max=123 luma_last=123 avg_probe=2.281ms max_probe=3.318ms tsf_waits=0 tsf_wait_us=0 tsf_wait_max_global_us=0 launch_phase_samples=0 launch_phase_avg=0.0 launch_phase_min=0 launch_phase_max=0 tsf_errors=0
W (89858) rc_video: [DEBUG-C151] display frame=240 consumer=0 active=-2/0x0->-2/0x0 select=480->480 became_active=0 overlap=0 overlap_count=0 finish=240 last_finished=0/0x3c0f6040 finish_active=0 finish_collision=0 guard=1 guard_errors=0 quiesce=240 resume_before=239 resume_pending=1 lifecycle_errors=0
I (89874) rc_video: [CAM-DIAG-C16P] frame=240 window=6 sensor=pattern slot=0 addr=0x3c0f6040 gen=240->240 crc_first=5af5f54e/5af5f54e crc_mid=52b8a38d/52b8a38d crc_tail=aed88090/aed88090 stable=1 raw_full=f3ef5fce raw_q=2a3ef631/69353729/3af1a107/8726f89b raw_edge=199ccf33 raw_probe=594.1ms cache_sync=ESP_OK cache_sync_err=0 light_post=a6c9f340 stable=1 raw_post_err=0 chunk_crc=5977fc25/8edd5572/1b0ac44b submit=6 complete=6 seq=741/741 stale=0 prepare=53.3ms draw=36.8ms
W (93578) rc_video: [CAM-DIAG-C16P] LIGHT stage=periodic window=6 sensor=pattern display=camera idle=0ms full_probe=1 cache=c2m_inv frames=30 changes=2 sync_changes=0 sync_calls=30 sync_skips=0 unique=2 overflow=0 pre=a6c9f340 post=a6c9f340 luma_avg=121.9 luma_min=91 luma_max=123 luma_last=123 avg_probe=2.269ms max_probe=2.631ms tsf_waits=0 tsf_wait_us=0 tsf_wait_max_global_us=0 launch_phase_samples=0 launch_phase_avg=0.0 launch_phase_min=0 launch_phase_max=0 tsf_errors=0
I (93609) rc_video: [CAM-DIAG-C16P] HEALTH window=6 display_frame=263 guard_errors=0 quiesce=263 resume_before=262 lifecycle_errors=0 pause_req=263 pause_ack=263 pause_timeout=0 cache_sync_err=0 raw_post_err=0 overlap=0 finish_collision=0 tsf_waits=0 tsf_wait_us=0 tsf_wait_max_global_us=0 target=0 tolerance=0 launch_samples=0 launch_min=0 launch_max=0 rgb_gain=110 present=direct chunk_lines=30 repeats=1 tsf_errors=0
W (95399) rc_video: [DEBUG-C151] display frame=270 consumer=0 active=-2/0x0->-2/0x0 select=540->540 became_active=0 overlap=0 overlap_count=0 finish=270 last_finished=0/0x3c0f6040 finish_active=0 finish_collision=0 guard=1 guard_errors=0 quiesce=270 resume_before=269 resume_pending=1 lifecycle_errors=0
I (95415) rc_video: [CAM-DIAG-C16P] frame=270 window=6 sensor=pattern slot=0 addr=0x3c0f6040 gen=270->270 crc_first=5af5f54e/5af5f54e crc_mid=52b8a38d/52b8a38d crc_tail=aed88090/aed88090 stable=1 raw_full=f3ef5fce raw_q=2a3ef631/69353729/3af1a107/8726f89b raw_edge=199ccf33 raw_probe=593.5ms cache_sync=ESP_OK cache_sync_err=0 light_post=a6c9f340 stable=1 raw_post_err=0 chunk_crc=5977fc25/8edd5572/1b0ac44b submit=6 complete=6 seq=921/921 stale=0 prepare=53.6ms draw=36.8ms
W (98076) rc_tank: [CAM-DIAG-C16P] PROTOCOL window=7 before=0x07 requested=0x07 after=0x07 name=bgn changed=0
W (98077) rc_tank: [CAM-DIAG-C16P] BEACON window=7 before=200 requested=200 after=200 changed=0
W (98084) rc_tank: [CAM-DIAG-C16P] TSF_GUARD window=7 beacon=200 after=0us budget=0us result=ESP_OK
W (98093) rc_tank: [CAM-DIAG-C16P] TSF_TARGET window=7 phase=0us tolerance=0us result=ESP_OK
W (98101) rc_tank: [CAM-DIAG-C16P] RGB_GAIN window=7 requested=110 result=ESP_OK
W (98108) rc_tank: [CAM-DIAG-C16P] PRESENT window=7 mode=canvas chunk_lines=30 repeats=1 result=ESP_OK
W (98117) rc_video: [CAM-DIAG-C16P] PROFILE window=7 sensor=pattern display=camera idle=0ms full_probe=1 cache=c2m_inv capture=287
W (98128) rc_tank: [CAM-DIAG-C16P] WINDOW_07 start: wifi=on sensor=pattern display=camera idle=0ms full_probe=on cache=c2m_inv dvp=staged100k protocol=bgn beacon=200 guard_after=0us capture_budget=0us target=0us tolerance=0us rgb_gain=110% present=canvas chunk_lines=30 repeats=1
W (98178) rc_video: [CAM-DIAG-C16P] LIGHT stage=complete window=6 sensor=pattern display=camera idle=0ms full_probe=1 cache=c2m_inv frames=54 changes=2 sync_changes=0 sync_calls=54 sync_skips=0 unique=2 overflow=0 pre=a6c9f340 post=a6c9f340 luma_avg=122.4 luma_min=91 luma_max=123 luma_last=123 avg_probe=2.298ms max_probe=3.860ms tsf_waits=0 tsf_wait_us=0 tsf_wait_max_global_us=0 launch_phase_samples=0 launch_phase_avg=0.0 launch_phase_min=0 launch_phase_max=0 tsf_errors=0
W (100875) rc_video: [DEBUG-C151] display frame=300 consumer=0 active=-2/0x0->-2/0x0 select=600->600 became_active=0 overlap=0 overlap_count=0 finish=300 last_finished=0/0x3c0f6040 finish_active=0 finish_collision=0 guard=1 guard_errors=0 quiesce=300 resume_before=299 resume_pending=1 lifecycle_errors=0
I (100891) rc_video: [CAM-DIAG-C16P] frame=300 window=7 sensor=pattern slot=0 addr=0x3c0f6040 gen=300->300 crc_first=5af5f54e/5af5f54e crc_mid=52b8a38d/52b8a38d crc_tail=aed88090/aed88090 stable=1 raw_full=f3ef5fce raw_q=2a3ef631/69353729/3af1a107/8726f89b raw_edge=199ccf33 raw_probe=593.6ms cache_sync=ESP_OK cache_sync_err=0 light_post=a6c9f340 stable=1 raw_post_err=0 chunk_crc=5977fc25/8edd5572/1b0ac44b submit=6 complete=6 seq=1101/1101 stale=0 prepare=64.2ms draw=38.0ms
W (103641) rc_video: [CAM-DIAG-C16P] LIGHT stage=periodic window=7 sensor=pattern display=camera idle=0ms full_probe=1 cache=c2m_inv frames=30 changes=1 sync_changes=0 sync_calls=30 sync_skips=0 unique=2 overflow=0 pre=a6c9f340 post=a6c9f340 luma_avg=122.5 luma_min=107 luma_max=123 luma_last=123 avg_probe=2.273ms max_probe=2.619ms tsf_waits=0 tsf_wait_us=0 tsf_wait_max_global_us=0 launch_phase_samples=0 launch_phase_avg=0.0 launch_phase_min=0 launch_phase_max=0 tsf_errors=0
I (103673) rc_video: [CAM-DIAG-C16P] HEALTH window=7 display_frame=317 guard_errors=0 quiesce=317 resume_before=316 lifecycle_errors=0 pause_req=317 pause_ack=317 pause_timeout=0 cache_sync_err=0 raw_post_err=0 overlap=0 finish_collision=0 tsf_waits=0 tsf_wait_us=0 tsf_wait_max_global_us=0 target=0 tolerance=0 launch_samples=0 launch_min=0 launch_max=0 rgb_gain=110 present=canvas chunk_lines=30 repeats=1 tsf_errors=0
W (106414) rc_video: [DEBUG-C151] display frame=330 consumer=0 active=-2/0x0->-2/0x0 select=660->660 became_active=0 overlap=0 overlap_count=0 finish=330 last_finished=0/0x3c0f6040 finish_active=0 finish_collision=0 guard=1 guard_errors=0 quiesce=330 resume_before=329 resume_pending=1 lifecycle_errors=0
I (106430) rc_video: [CAM-DIAG-C16P] frame=330 window=7 sensor=pattern slot=0 addr=0x3c0f6040 gen=330->330 crc_first=5af5f54e/5af5f54e crc_mid=52b8a38d/52b8a38d crc_tail=aed88090/aed88090 stable=1 raw_full=66270c8e raw_q=2a3ef631/69353729/05cb5a5a/8726f89b raw_edge=84fa0680 raw_probe=593.2ms cache_sync=ESP_OK cache_sync_err=0 light_post=a6c9f340 stable=1 raw_post_err=0 chunk_crc=5977fc25/8edd5572/1b0ac44b submit=6 complete=6 seq=1281/1281 stale=0 prepare=64.0ms draw=38.0ms
W (108153) rc_tank: [CAM-DIAG-C16P] PROTOCOL window=8 before=0x07 requested=0x07 after=0x07 name=bgn changed=0
W (108154) rc_tank: [CAM-DIAG-C16P] BEACON window=8 before=200 requested=200 after=200 changed=0
W (108161) rc_tank: [CAM-DIAG-C16P] TSF_GUARD window=8 beacon=200 after=0us budget=0us result=ESP_OK
W (108170) rc_tank: [CAM-DIAG-C16P] TSF_TARGET window=8 phase=0us tolerance=0us result=ESP_OK
W (108178) rc_tank: [CAM-DIAG-C16P] RGB_GAIN window=8 requested=110 result=ESP_OK
W (108185) rc_tank: [CAM-DIAG-C16P] PRESENT window=8 mode=direct chunk_lines=80 repeats=1 result=ESP_OK
W (108194) rc_video: [CAM-DIAG-C16P] PROFILE window=8 sensor=pattern display=camera idle=0ms full_probe=1 cache=c2m_inv capture=341
W (108206) rc_tank: [CAM-DIAG-C16P] WINDOW_08 start: wifi=on sensor=pattern display=camera idle=0ms full_probe=on cache=c2m_inv dvp=staged100k protocol=bgn beacon=200 guard_after=0us capture_budget=0us target=0us tolerance=0us rgb_gain=110% present=direct chunk_lines=80 repeats=1
W (108240) rc_video: [CAM-DIAG-C16P] LIGHT stage=complete window=7 sensor=pattern display=camera idle=0ms full_probe=1 cache=c2m_inv frames=54 changes=1 sync_changes=0 sync_calls=54 sync_skips=0 unique=2 overflow=0 pre=a6c9f340 post=a6c9f340 luma_avg=122.7 luma_min=107 luma_max=123 luma_last=123 avg_probe=2.277ms max_probe=2.620ms tsf_waits=0 tsf_wait_us=0 tsf_wait_max_global_us=0 launch_phase_samples=0 launch_phase_avg=0.0 launch_phase_min=0 launch_phase_max=0 tsf_errors=0
W (111863) rc_video: [DEBUG-C151] display frame=360 consumer=0 active=-2/0x0->-2/0x0 select=720->720 became_active=0 overlap=0 overlap_count=0 finish=360 last_finished=0/0x3c0f6040 finish_active=0 finish_collision=0 guard=1 guard_errors=0 quiesce=360 resume_before=359 resume_pending=1 lifecycle_errors=0
I (111879) rc_video: [CAM-DIAG-C16P] frame=360 window=8 sensor=pattern slot=0 addr=0x3c0f6040 gen=360->360 crc_first=5af5f54e/5af5f54e crc_mid=52b8a38d/52b8a38d crc_tail=aed88090/aed88090 stable=1 raw_full=f3ef5fce raw_q=2a3ef631/69353729/3af1a107/8726f89b raw_edge=199ccf33 raw_probe=593.5ms cache_sync=ESP_OK cache_sync_err=0 light_post=a6c9f340 stable=1 raw_post_err=0 chunk_crc=462c1f6a/806b4d12/519a8031 submit=3 complete=3 seq=1404/1404 stale=0 prepare=53.5ms draw=35.6ms
W (113643) rc_video: [CAM-DIAG-C16P] LIGHT stage=periodic window=8 sensor=pattern display=camera idle=0ms full_probe=1 cache=c2m_inv frames=30 changes=1 sync_changes=0 sync_calls=30 sync_skips=0 unique=2 overflow=0 pre=a6c9f340 post=a6c9f340 luma_avg=122.5 luma_min=107 luma_max=123 luma_last=123 avg_probe=2.283ms max_probe=2.673ms tsf_waits=0 tsf_wait_us=0 tsf_wait_max_global_us=0 launch_phase_samples=0 launch_phase_avg=0.0 launch_phase_min=0 launch_phase_max=0 tsf_errors=0
I (113675) rc_video: [CAM-DIAG-C16P] HEALTH window=8 display_frame=371 guard_errors=0 quiesce=371 resume_before=370 lifecycle_errors=0 pause_req=371 pause_ack=371 pause_timeout=0 cache_sync_err=0 raw_post_err=0 overlap=0 finish_collision=0 tsf_waits=0 tsf_wait_us=0 tsf_wait_max_global_us=0 target=0 tolerance=0 launch_samples=0 launch_min=0 launch_max=0 rgb_gain=110 present=direct chunk_lines=80 repeats=1 tsf_errors=0
W (117365) rc_video: [DEBUG-C151] display frame=390 consumer=0 active=-2/0x0->-2/0x0 select=780->780 became_active=0 overlap=0 overlap_count=0 finish=390 last_finished=0/0x3c0f6040 finish_active=0 finish_collision=0 guard=1 guard_errors=0 quiesce=390 resume_before=389 resume_pending=1 lifecycle_errors=0
I (117381) rc_video: [CAM-DIAG-C16P] frame=390 window=8 sensor=pattern slot=0 addr=0x3c0f6040 gen=390->390 crc_first=5af5f54e/5af5f54e crc_mid=52b8a38d/52b8a38d crc_tail=aed88090/aed88090 stable=1 raw_full=f3ef5fce raw_q=2a3ef631/69353729/3af1a107/8726f89b raw_edge=199ccf33 raw_probe=593.6ms cache_sync=ESP_OK cache_sync_err=0 light_post=a6c9f340 stable=1 raw_post_err=0 chunk_crc=462c1f6a/806b4d12/519a8031 submit=3 complete=3 seq=1494/1494 stale=0 prepare=53.3ms draw=36.0ms
W (118230) rc_tank: [CAM-DIAG-C16P] PROTOCOL window=9 before=0x07 requested=0x07 after=0x07 name=bgn changed=0
W (118231) rc_tank: [CAM-DIAG-C16P] BEACON window=9 before=200 requested=200 after=200 changed=0
W (118238) rc_tank: [CAM-DIAG-C16P] TSF_GUARD window=9 beacon=200 after=0us budget=0us result=ESP_OK
W (118247) rc_tank: [CAM-DIAG-C16P] TSF_TARGET window=9 phase=0us tolerance=0us result=ESP_OK
W (118255) rc_tank: [CAM-DIAG-C16P] RGB_GAIN window=9 requested=110 result=ESP_OK
W (118301) rc_tank: [CAM-DIAG-C16P] PRESENT window=9 mode=canvas chunk_lines=80 repeats=1 result=ESP_OK
W (118301) rc_video: [CAM-DIAG-C16P] PROFILE window=9 sensor=pattern display=camera idle=0ms full_probe=1 cache=c2m_inv capture=396
W (118311) rc_tank: [CAM-DIAG-C16P] WINDOW_09 start: wifi=on sensor=pattern display=camera idle=0ms full_probe=on cache=c2m_inv dvp=staged100k protocol=bgn beacon=200 guard_after=0us capture_budget=0us target=0us tolerance=0us rgb_gain=110% present=canvas chunk_lines=80 repeats=1
W (118399) rc_video: [CAM-DIAG-C16P] LIGHT stage=complete window=8 sensor=pattern display=camera idle=0ms full_probe=1 cache=c2m_inv frames=55 changes=1 sync_changes=0 sync_calls=55 sync_skips=0 unique=2 overflow=0 pre=a6c9f340 post=a6c9f340 luma_avg=122.7 luma_min=107 luma_max=123 luma_last=123 avg_probe=2.274ms max_probe=2.673ms tsf_waits=0 tsf_wait_us=0 tsf_wait_max_global_us=0 launch_phase_samples=0 launch_phase_avg=0.0 launch_phase_min=0 launch_phase_max=0 tsf_errors=0
W (122838) rc_video: [DEBUG-C151] display frame=420 consumer=0 active=-2/0x0->-2/0x0 select=840->840 became_active=0 overlap=0 overlap_count=0 finish=420 last_finished=0/0x3c0f6040 finish_active=0 finish_collision=0 guard=1 guard_errors=0 quiesce=420 resume_before=419 resume_pending=1 lifecycle_errors=0
I (122854) rc_video: [CAM-DIAG-C16P] frame=420 window=9 sensor=pattern slot=0 addr=0x3c0f6040 gen=420->420 crc_first=5af5f54e/5af5f54e crc_mid=52b8a38d/52b8a38d crc_tail=aed88090/aed88090 stable=1 raw_full=f3ef5fce raw_q=2a3ef631/69353729/3af1a107/8726f89b raw_edge=199ccf33 raw_probe=593.4ms cache_sync=ESP_OK cache_sync_err=0 light_post=a6c9f340 stable=1 raw_post_err=0 chunk_crc=462c1f6a/806b4d12/519a8031 submit=3 complete=3 seq=1584/1584 stale=0 prepare=64.1ms draw=36.6ms
W (123866) rc_video: [CAM-DIAG-C16P] LIGHT stage=periodic window=9 sensor=pattern display=camera idle=0ms full_probe=1 cache=c2m_inv frames=30 changes=1 sync_changes=0 sync_calls=30 sync_skips=0 unique=2 overflow=0 pre=a6c9f340 post=a6c9f340 luma_avg=122.5 luma_min=107 luma_max=123 luma_last=123 avg_probe=2.271ms max_probe=2.612ms tsf_waits=0 tsf_wait_us=0 tsf_wait_max_global_us=0 launch_phase_samples=0 launch_phase_avg=0.0 launch_phase_min=0 launch_phase_max=0 tsf_errors=0
I (123897) rc_video: [CAM-DIAG-C16P] HEALTH window=9 display_frame=426 guard_errors=0 quiesce=426 resume_before=425 lifecycle_errors=0 pause_req=426 pause_ack=426 pause_timeout=0 cache_sync_err=0 raw_post_err=0 overlap=0 finish_collision=0 tsf_waits=0 tsf_wait_us=0 tsf_wait_max_global_us=0 target=0 tolerance=0 launch_samples=0 launch_min=0 launch_max=0 rgb_gain=110 present=canvas chunk_lines=80 repeats=1 tsf_errors=0
W (128337) camera_hal: [CAM-DIAG-C16I] SP0A39 test_pattern=off P1:32 before=0x80 write=0x00 read=0x15 expected_bit=0x00
W (128380) rc_video: [DEBUG-C151] display frame=450 consumer=0 active=-2/0x0->-2/0x0 select=900->900 became_active=0 overlap=0 overlap_count=0 finish=450 last_finished=0/0x3c0f6040 finish_active=0 finish_collision=0 guard=1 guard_errors=0 quiesce=450 resume_before=449 resume_pending=1 lifecycle_errors=0
I (128395) rc_video: [CAM-DIAG-C16P] frame=450 window=9 sensor=pattern slot=0 addr=0x3c0f6040 gen=450->450 crc_first=5af5f54e/5af5f54e crc_mid=52b8a38d/52b8a38d crc_tail=aed88090/aed88090 stable=1 raw_full=f3ef5fce raw_q=2a3ef631/69353729/3af1a107/8726f89b raw_edge=199ccf33 raw_probe=593.4ms cache_sync=ESP_OK cache_sync_err=0 light_post=a6c9f340 stable=1 raw_post_err=0 chunk_crc=462c1f6a/806b4d12/519a8031 submit=3 complete=3 seq=1674/1674 stale=0 prepare=64.6ms draw=36.6ms
W (128438) rc_tank: [CAM-DIAG-C16P] PROTOCOL window=10 before=0x07 requested=0x07 after=0x07 name=bgn changed=0
W (128447) rc_tank: [CAM-DIAG-C16P] BEACON window=10 before=200 requested=200 after=200 changed=0
W (128455) rc_tank: [CAM-DIAG-C16P] TSF_GUARD window=10 beacon=200 after=0us budget=0us result=ESP_OK
W (128464) rc_tank: [CAM-DIAG-C16P] TSF_TARGET window=10 phase=0us tolerance=0us result=ESP_OK
W (128472) rc_tank: [CAM-DIAG-C16P] RGB_GAIN window=10 requested=110 result=ESP_OK
W (128513) rc_tank: [CAM-DIAG-C16P] PRESENT window=10 mode=direct chunk_lines=60 repeats=1 result=ESP_OK
W (128517) rc_video: [CAM-DIAG-C16P] PROFILE window=10 sensor=real display=camera idle=0ms full_probe=0 cache=c2m_inv capture=451
W (128529) rc_tank: [CAM-DIAG-C16P] WINDOW_10 start: wifi=on sensor=real display=camera idle=0ms full_probe=off cache=c2m_inv dvp=staged100k protocol=bgn beacon=200 guard_after=0us capture_budget=0us target=0us tolerance=0us rgb_gain=110% present=direct chunk_lines=60 repeats=1
W (128623) rc_video: [CAM-DIAG-C16P] LIGHT stage=complete window=9 sensor=pattern display=camera idle=0ms full_probe=1 cache=c2m_inv frames=55 changes=4 sync_changes=0 sync_calls=55 sync_skips=0 unique=4 overflow=0 pre=d582ce71 post=d582ce71 luma_avg=121.1 luma_min=53 luma_max=123 luma_last=53 avg_probe=2.276ms max_probe=2.697ms tsf_waits=0 tsf_wait_us=0 tsf_wait_max_global_us=0 launch_phase_samples=0 launch_phase_avg=0.0 launch_phase_min=0 launch_phase_max=0 tsf_errors=0
W (133355) rc_video: [CAM-DIAG-C16P] LIGHT stage=periodic window=10 sensor=real display=camera idle=0ms full_probe=0 cache=c2m_inv frames=30 changes=29 sync_changes=0 sync_calls=30 sync_skips=0 unique=8 overflow=22 pre=8d93f73e post=8d93f73e luma_avg=53.9 luma_min=50 luma_max=55 luma_last=55 avg_probe=2.274ms max_probe=2.645ms tsf_waits=0 tsf_wait_us=0 tsf_wait_max_global_us=0 launch_phase_samples=0 launch_phase_avg=0.0 launch_phase_min=0 launch_phase_max=0 tsf_errors=0
I (133386) rc_video: [CAM-DIAG-C16P] HEALTH window=10 display_frame=481 guard_errors=0 quiesce=481 resume_before=480 lifecycle_errors=0 pause_req=481 pause_ack=481 pause_timeout=0 cache_sync_err=0 raw_post_err=0 overlap=0 finish_collision=0 tsf_waits=0 tsf_wait_us=0 tsf_wait_max_global_us=0 target=0 tolerance=0 launch_samples=0 launch_min=0 launch_max=0 rgb_gain=110 present=direct chunk_lines=60 repeats=1 tsf_errors=0
W (138183) rc_video: [CAM-DIAG-C16P] LIGHT stage=periodic window=10 sensor=real display=camera idle=0ms full_probe=0 cache=c2m_inv frames=60 changes=59 sync_changes=0 sync_calls=60 sync_skips=0 unique=8 overflow=52 pre=8658569e post=8658569e luma_avg=54.0 luma_min=50 luma_max=55 luma_last=54 avg_probe=2.273ms max_probe=2.645ms tsf_waits=0 tsf_wait_us=0 tsf_wait_max_global_us=0 launch_phase_samples=0 launch_phase_avg=0.0 launch_phase_min=0 launch_phase_max=0 tsf_errors=0
I (138214) rc_video: [CAM-DIAG-C16P] HEALTH window=10 display_frame=511 guard_errors=0 quiesce=511 resume_before=510 lifecycle_errors=0 pause_req=511 pause_ack=511 pause_timeout=0 cache_sync_err=0 raw_post_err=0 overlap=0 finish_collision=0 tsf_waits=0 tsf_wait_us=0 tsf_wait_max_global_us=0 target=0 tolerance=0 launch_samples=0 launch_min=0 launch_max=0 rgb_gain=110 present=direct chunk_lines=60 repeats=1 tsf_errors=0
W (138553) rc_tank: [CAM-DIAG-C16P] PROTOCOL window=11 before=0x07 requested=0x07 after=0x07 name=bgn changed=0
W (138554) rc_tank: [CAM-DIAG-C16P] BEACON window=11 before=200 requested=200 after=200 changed=0
W (138561) rc_tank: [CAM-DIAG-C16P] TSF_GUARD window=11 beacon=200 after=0us budget=0us result=ESP_OK
W (138570) rc_tank: [CAM-DIAG-C16P] TSF_TARGET window=11 phase=0us tolerance=0us result=ESP_OK
W (138578) rc_tank: [CAM-DIAG-C16P] RGB_GAIN window=11 requested=110 result=ESP_OK
W (138586) rc_tank: [CAM-DIAG-C16P] PRESENT window=11 mode=canvas chunk_lines=60 repeats=1 result=ESP_OK
W (138595) rc_video: [CAM-DIAG-C16P] PROFILE window=11 sensor=real display=camera idle=0ms full_probe=0 cache=c2m_inv capture=513
W (138645) rc_tank: [CAM-DIAG-C16P] WINDOW_11 start: wifi=on sensor=real display=camera idle=0ms full_probe=off cache=c2m_inv dvp=staged100k protocol=bgn beacon=200 guard_after=0us capture_budget=0us target=0us tolerance=0us rgb_gain=110% present=canvas chunk_lines=60 repeats=1
W (138741) rc_video: [CAM-DIAG-C16P] LIGHT stage=complete window=10 sensor=real display=camera idle=0ms full_probe=0 cache=c2m_inv frames=63 changes=62 sync_changes=0 sync_calls=63 sync_skips=0 unique=8 overflow=55 pre=4cfac1e5 post=4cfac1e5 luma_avg=54.0 luma_min=50 luma_max=55 luma_last=54 avg_probe=2.289ms max_probe=3.086ms tsf_waits=0 tsf_wait_us=0 tsf_wait_max_global_us=0 launch_phase_samples=0 launch_phase_avg=0.0 launch_phase_min=0 launch_phase_max=0 tsf_errors=0
W (143497) rc_video: [CAM-DIAG-C16P] LIGHT stage=periodic window=11 sensor=real display=camera idle=0ms full_probe=0 cache=c2m_inv frames=30 changes=29 sync_changes=0 sync_calls=30 sync_skips=0 unique=8 overflow=22 pre=e1176125 post=e1176125 luma_avg=54.0 luma_min=49 luma_max=55 luma_last=53 avg_probe=2.277ms max_probe=2.616ms tsf_waits=0 tsf_wait_us=0 tsf_wait_max_global_us=0 launch_phase_samples=0 launch_phase_avg=0.0 launch_phase_min=0 launch_phase_max=0 tsf_errors=0
I (143528) rc_video: [CAM-DIAG-C16P] HEALTH window=11 display_frame=544 guard_errors=0 quiesce=544 resume_before=543 lifecycle_errors=0 pause_req=544 pause_ack=544 pause_timeout=0 cache_sync_err=0 raw_post_err=0 overlap=0 finish_collision=0 tsf_waits=0 tsf_wait_us=0 tsf_wait_max_global_us=0 target=0 tolerance=0 launch_samples=0 launch_min=0 launch_max=0 rgb_gain=110 present=canvas chunk_lines=60 repeats=1 tsf_errors=0
W (148326) rc_video: [CAM-DIAG-C16P] LIGHT stage=periodic window=11 sensor=real display=camera idle=0ms full_probe=0 cache=c2m_inv frames=60 changes=59 sync_changes=0 sync_calls=60 sync_skips=0 unique=8 overflow=52 pre=82cc58ba post=82cc58ba luma_avg=54.0 luma_min=49 luma_max=55 luma_last=55 avg_probe=2.276ms max_probe=2.624ms tsf_waits=0 tsf_wait_us=0 tsf_wait_max_global_us=0 launch_phase_samples=0 launch_phase_avg=0.0 launch_phase_min=0 launch_phase_max=0 tsf_errors=0
I (148357) rc_video: [CAM-DIAG-C16P] HEALTH window=11 display_frame=574 guard_errors=0 quiesce=574 resume_before=573 lifecycle_errors=0 pause_req=574 pause_ack=574 pause_timeout=0 cache_sync_err=0 raw_post_err=0 overlap=0 finish_collision=0 tsf_waits=0 tsf_wait_us=0 tsf_wait_max_global_us=0 target=0 tolerance=0 launch_samples=0 launch_min=0 launch_max=0 rgb_gain=110 present=canvas chunk_lines=60 repeats=1 tsf_errors=0
W (148659) rc_tank: [CAM-DIAG-C16P] PROTOCOL window=12 before=0x07 requested=0x07 after=0x07 name=bgn changed=0
W (148660) rc_tank: [CAM-DIAG-C16P] BEACON window=12 before=200 requested=200 after=200 changed=0
W (148667) rc_tank: [CAM-DIAG-C16P] TSF_GUARD window=12 beacon=200 after=0us budget=0us result=ESP_OK
W (148676) rc_tank: [CAM-DIAG-C16P] TSF_TARGET window=12 phase=0us tolerance=0us result=ESP_OK
W (148685) rc_tank: [CAM-DIAG-C16P] RGB_GAIN window=12 requested=110 result=ESP_OK
W (148692) rc_tank: [CAM-DIAG-C16P] PRESENT window=12 mode=direct chunk_lines=30 repeats=1 result=ESP_OK
W (148701) rc_video: [CAM-DIAG-C16P] PROFILE window=12 sensor=real display=camera idle=0ms full_probe=0 cache=c2m_inv capture=576
W (148712) rc_tank: [CAM-DIAG-C16P] WINDOW_12 start: wifi=on sensor=real display=camera idle=0ms full_probe=off cache=c2m_inv dvp=staged100k protocol=bgn beacon=200 guard_after=0us capture_budget=0us target=0us tolerance=0us rgb_gain=110% present=direct chunk_lines=30 repeats=1
W (148727) rc_video: [CAM-DIAG-C16P] LIGHT stage=complete window=11 sensor=real display=camera idle=0ms full_probe=0 cache=c2m_inv frames=62 changes=61 sync_changes=0 sync_calls=62 sync_skips=0 unique=8 overflow=54 pre=9e1cd87c post=9e1cd87c luma_avg=54.0 luma_min=49 luma_max=55 luma_last=54 avg_probe=2.281ms max_probe=2.645ms tsf_waits=0 tsf_wait_us=0 tsf_wait_max_global_us=0 launch_phase_samples=0 launch_phase_avg=0.0 launch_phase_min=0 launch_phase_max=0 tsf_errors=0
W (153461) rc_video: [CAM-DIAG-C16P] LIGHT stage=periodic window=12 sensor=real display=camera idle=0ms full_probe=0 cache=c2m_inv frames=30 changes=29 sync_changes=0 sync_calls=30 sync_skips=0 unique=8 overflow=22 pre=9991faaa post=9991faaa luma_avg=53.5 luma_min=49 luma_max=55 luma_last=54 avg_probe=2.268ms max_probe=2.559ms tsf_waits=0 tsf_wait_us=0 tsf_wait_max_global_us=0 launch_phase_samples=0 launch_phase_avg=0.0 launch_phase_min=0 launch_phase_max=0 tsf_errors=0
I (153492) rc_video: [CAM-DIAG-C16P] HEALTH window=12 display_frame=606 guard_errors=0 quiesce=606 resume_before=605 lifecycle_errors=0 pause_req=606 pause_ack=606 pause_timeout=0 cache_sync_err=0 raw_post_err=0 overlap=0 finish_collision=0 tsf_waits=0 tsf_wait_us=0 tsf_wait_max_global_us=0 target=0 tolerance=0 launch_samples=0 launch_min=0 launch_max=0 rgb_gain=110 present=direct chunk_lines=30 repeats=1 tsf_errors=0
W (158290) rc_video: [CAM-DIAG-C16P] LIGHT stage=periodic window=12 sensor=real display=camera idle=0ms full_probe=0 cache=c2m_inv frames=60 changes=59 sync_changes=0 sync_calls=60 sync_skips=0 unique=8 overflow=52 pre=5198216d post=5198216d luma_avg=53.8 luma_min=49 luma_max=55 luma_last=54 avg_probe=2.274ms max_probe=2.608ms tsf_waits=0 tsf_wait_us=0 tsf_wait_max_global_us=0 launch_phase_samples=0 launch_phase_avg=0.0 launch_phase_min=0 launch_phase_max=0 tsf_errors=0
I (158321) rc_video: [CAM-DIAG-C16P] HEALTH window=12 display_frame=636 guard_errors=0 quiesce=636 resume_before=635 lifecycle_errors=0 pause_req=636 pause_ack=636 pause_timeout=0 cache_sync_err=0 raw_post_err=0 overlap=0 finish_collision=0 tsf_waits=0 tsf_wait_us=0 tsf_wait_max_global_us=0 target=0 tolerance=0 launch_samples=0 launch_min=0 launch_max=0 rgb_gain=110 present=direct chunk_lines=30 repeats=1 tsf_errors=0
W (158751) rc_tank: [CAM-DIAG-C16P] PROTOCOL window=13 before=0x07 requested=0x07 after=0x07 name=bgn changed=0
W (158753) rc_tank: [CAM-DIAG-C16P] BEACON window=13 before=200 requested=200 after=200 changed=0
W (158760) rc_tank: [CAM-DIAG-C16P] TSF_GUARD window=13 beacon=200 after=0us budget=0us result=ESP_OK
W (158769) rc_tank: [CAM-DIAG-C16P] TSF_TARGET window=13 phase=0us tolerance=0us result=ESP_OK
W (158777) rc_tank: [CAM-DIAG-C16P] RGB_GAIN window=13 requested=110 result=ESP_OK
W (158784) rc_tank: [CAM-DIAG-C16P] PRESENT window=13 mode=canvas chunk_lines=30 repeats=1 result=ESP_OK
W (158793) rc_video: [CAM-DIAG-C16P] PROFILE window=13 sensor=real display=camera idle=0ms full_probe=0 cache=c2m_inv capture=639
W (158805) rc_tank: [CAM-DIAG-C16P] WINDOW_13 start: wifi=on sensor=real display=camera idle=0ms full_probe=off cache=c2m_inv dvp=staged100k protocol=bgn beacon=200 guard_after=0us capture_budget=0us target=0us tolerance=0us rgb_gain=110% present=canvas chunk_lines=30 repeats=1
W (158854) rc_video: [CAM-DIAG-C16P] LIGHT stage=complete window=12 sensor=real display=camera idle=0ms full_probe=0 cache=c2m_inv frames=63 changes=62 sync_changes=0 sync_calls=63 sync_skips=0 unique=8 overflow=55 pre=52fd3195 post=52fd3195 luma_avg=53.8 luma_min=49 luma_max=55 luma_last=54 avg_probe=2.293ms max_probe=3.580ms tsf_waits=0 tsf_wait_us=0 tsf_wait_max_global_us=0 launch_phase_samples=0 launch_phase_avg=0.0 launch_phase_min=0 launch_phase_max=0 tsf_errors=0
W (163607) rc_video: [CAM-DIAG-C16P] LIGHT stage=periodic window=13 sensor=real display=camera idle=0ms full_probe=0 cache=c2m_inv frames=30 changes=29 sync_changes=0 sync_calls=30 sync_skips=0 unique=8 overflow=22 pre=edddc407 post=edddc407 luma_avg=53.7 luma_min=50 luma_max=54 luma_last=50 avg_probe=2.273ms max_probe=2.616ms tsf_waits=0 tsf_wait_us=0 tsf_wait_max_global_us=0 launch_phase_samples=0 launch_phase_avg=0.0 launch_phase_min=0 launch_phase_max=0 tsf_errors=0
I (163638) rc_video: [CAM-DIAG-C16P] HEALTH window=13 display_frame=669 guard_errors=0 quiesce=669 resume_before=668 lifecycle_errors=0 pause_req=669 pause_ack=669 pause_timeout=0 cache_sync_err=0 raw_post_err=0 overlap=0 finish_collision=0 tsf_waits=0 tsf_wait_us=0 tsf_wait_max_global_us=0 target=0 tolerance=0 launch_samples=0 launch_min=0 launch_max=0 rgb_gain=110 present=canvas chunk_lines=30 repeats=1 tsf_errors=0
W (168434) rc_video: [CAM-DIAG-C16P] LIGHT stage=periodic window=13 sensor=real display=camera idle=0ms full_probe=0 cache=c2m_inv frames=60 changes=59 sync_changes=0 sync_calls=60 sync_skips=0 unique=8 overflow=52 pre=0c52b207 post=0c52b207 luma_avg=53.8 luma_min=50 luma_max=55 luma_last=54 avg_probe=2.272ms max_probe=2.616ms tsf_waits=0 tsf_wait_us=0 tsf_wait_max_global_us=0 launch_phase_samples=0 launch_phase_avg=0.0 launch_phase_min=0 launch_phase_max=0 tsf_errors=0
I (168465) rc_video: [CAM-DIAG-C16P] HEALTH window=13 display_frame=699 guard_errors=0 quiesce=699 resume_before=698 lifecycle_errors=0 pause_req=699 pause_ack=699 pause_timeout=0 cache_sync_err=0 raw_post_err=0 overlap=0 finish_collision=0 tsf_waits=0 tsf_wait_us=0 tsf_wait_max_global_us=0 target=0 tolerance=0 launch_samples=0 launch_min=0 launch_max=0 rgb_gain=110 present=canvas chunk_lines=30 repeats=1 tsf_errors=0
W (168829) rc_tank: [CAM-DIAG-C16P] PROTOCOL window=14 before=0x07 requested=0x07 after=0x07 name=bgn changed=0
W (168830) rc_tank: [CAM-DIAG-C16P] BEACON window=14 before=200 requested=200 after=200 changed=0
W (168837) rc_tank: [CAM-DIAG-C16P] TSF_GUARD window=14 beacon=200 after=0us budget=0us result=ESP_OK
W (168883) rc_tank: [CAM-DIAG-C16P] TSF_TARGET window=14 phase=0us tolerance=0us result=ESP_OK
W (168883) rc_tank: [CAM-DIAG-C16P] RGB_GAIN window=14 requested=110 result=ESP_OK
W (168890) rc_tank: [CAM-DIAG-C16P] PRESENT window=14 mode=direct chunk_lines=80 repeats=1 result=ESP_OK
W (168899) rc_video: [CAM-DIAG-C16P] PROFILE window=14 sensor=real display=camera idle=0ms full_probe=0 cache=c2m_inv capture=702
W (168910) rc_tank: [CAM-DIAG-C16P] WINDOW_14 start: wifi=on sensor=real display=camera idle=0ms full_probe=off cache=c2m_inv dvp=staged100k protocol=bgn beacon=200 guard_after=0us capture_budget=0us target=0us tolerance=0us rgb_gain=110% present=direct chunk_lines=80 repeats=1
W (168997) rc_video: [CAM-DIAG-C16P] LIGHT stage=complete window=13 sensor=real display=camera idle=0ms full_probe=0 cache=c2m_inv frames=63 changes=62 sync_changes=0 sync_calls=63 sync_skips=0 unique=8 overflow=55 pre=04c59d80 post=04c59d80 luma_avg=53.8 luma_min=50 luma_max=55 luma_last=54 avg_probe=2.281ms max_probe=2.616ms tsf_waits=0 tsf_wait_us=0 tsf_wait_max_global_us=0 launch_phase_samples=0 launch_phase_avg=0.0 launch_phase_min=0 launch_phase_max=0 tsf_errors=0
W (173766) rc_video: [CAM-DIAG-C16P] LIGHT stage=periodic window=14 sensor=real display=camera idle=0ms full_probe=0 cache=c2m_inv frames=30 changes=29 sync_changes=0 sync_calls=30 sync_skips=0 unique=8 overflow=22 pre=05b99ef9 post=05b99ef9 luma_avg=53.8 luma_min=53 luma_max=55 luma_last=53 avg_probe=2.276ms max_probe=2.602ms tsf_waits=0 tsf_wait_us=0 tsf_wait_max_global_us=0 launch_phase_samples=0 launch_phase_avg=0.0 launch_phase_min=0 launch_phase_max=0 tsf_errors=0
I (173797) rc_video: [CAM-DIAG-C16P] HEALTH window=14 display_frame=732 guard_errors=0 quiesce=732 resume_before=731 lifecycle_errors=0 pause_req=732 pause_ack=732 pause_timeout=0 cache_sync_err=0 raw_post_err=0 overlap=0 finish_collision=0 tsf_waits=0 tsf_wait_us=0 tsf_wait_max_global_us=0 target=0 tolerance=0 launch_samples=0 launch_min=0 launch_max=0 rgb_gain=110 present=direct chunk_lines=80 repeats=1 tsf_errors=0
W (178594) rc_video: [CAM-DIAG-C16P] LIGHT stage=periodic window=14 sensor=real display=camera idle=0ms full_probe=0 cache=c2m_inv frames=60 changes=59 sync_changes=0 sync_calls=60 sync_skips=0 unique=8 overflow=52 pre=0284806b post=0284806b luma_avg=53.9 luma_min=53 luma_max=55 luma_last=53 avg_probe=2.282ms max_probe=2.604ms tsf_waits=0 tsf_wait_us=0 tsf_wait_max_global_us=0 launch_phase_samples=0 launch_phase_avg=0.0 launch_phase_min=0 launch_phase_max=0 tsf_errors=0
I (178625) rc_video: [CAM-DIAG-C16P] HEALTH window=14 display_frame=762 guard_errors=0 quiesce=762 resume_before=761 lifecycle_errors=0 pause_req=762 pause_ack=762 pause_timeout=0 cache_sync_err=0 raw_post_err=0 overlap=0 finish_collision=0 tsf_waits=0 tsf_wait_us=0 tsf_wait_max_global_us=0 target=0 tolerance=0 launch_samples=0 launch_min=0 launch_max=0 rgb_gain=110 present=direct chunk_lines=80 repeats=1 tsf_errors=0
W (178934) rc_tank: [CAM-DIAG-C16P] PROTOCOL window=15 before=0x07 requested=0x07 after=0x07 name=bgn changed=0
W (178935) rc_tank: [CAM-DIAG-C16P] BEACON window=15 before=200 requested=200 after=200 changed=0
W (178942) rc_tank: [CAM-DIAG-C16P] TSF_GUARD window=15 beacon=200 after=0us budget=0us result=ESP_OK
W (178951) rc_tank: [CAM-DIAG-C16P] TSF_TARGET window=15 phase=0us tolerance=0us result=ESP_OK
W (178959) rc_tank: [CAM-DIAG-C16P] RGB_GAIN window=15 requested=110 result=ESP_OK
W (178967) rc_tank: [CAM-DIAG-C16P] PRESENT window=15 mode=canvas chunk_lines=80 repeats=1 result=ESP_OK
W (178976) rc_video: [CAM-DIAG-C16P] PROFILE window=15 sensor=real display=camera idle=0ms full_probe=0 cache=c2m_inv capture=764
W (178987) rc_tank: [CAM-DIAG-C16P] WINDOW_15 start: wifi=on sensor=real display=camera idle=0ms full_probe=off cache=c2m_inv dvp=staged100k protocol=bgn beacon=200 guard_after=0us capture_budget=0us target=0us tolerance=0us rgb_gain=110% present=canvas chunk_lines=80 repeats=1
W (178997) rc_video: [CAM-DIAG-C16P] LIGHT stage=complete window=14 sensor=real display=camera idle=0ms full_probe=0 cache=c2m_inv frames=62 changes=61 sync_changes=0 sync_calls=62 sync_skips=0 unique=8 overflow=54 pre=1181008f post=1181008f luma_avg=53.9 luma_min=53 luma_max=55 luma_last=54 avg_probe=2.282ms max_probe=2.604ms tsf_waits=0 tsf_wait_us=0 tsf_wait_max_global_us=0 launch_phase_samples=0 launch_phase_avg=0.0 launch_phase_min=0 launch_phase_max=0 tsf_errors=0
W (183750) rc_video: [CAM-DIAG-C16P] LIGHT stage=periodic window=15 sensor=real display=camera idle=0ms full_probe=0 cache=c2m_inv frames=30 changes=29 sync_changes=0 sync_calls=30 sync_skips=0 unique=8 overflow=22 pre=8e6ee81d post=8e6ee81d luma_avg=53.9 luma_min=48 luma_max=55 luma_last=55 avg_probe=2.265ms max_probe=2.590ms tsf_waits=0 tsf_wait_us=0 tsf_wait_max_global_us=0 launch_phase_samples=0 launch_phase_avg=0.0 launch_phase_min=0 launch_phase_max=0 tsf_errors=0
I (183781) rc_video: [CAM-DIAG-C16P] HEALTH window=15 display_frame=794 guard_errors=0 quiesce=794 resume_before=793 lifecycle_errors=0 pause_req=794 pause_ack=794 pause_timeout=0 cache_sync_err=0 raw_post_err=0 overlap=0 finish_collision=0 tsf_waits=0 tsf_wait_us=0 tsf_wait_max_global_us=0 target=0 tolerance=0 launch_samples=0 launch_min=0 launch_max=0 rgb_gain=110 present=canvas chunk_lines=80 repeats=1 tsf_errors=0
W (188578) rc_video: [CAM-DIAG-C16P] LIGHT stage=periodic window=15 sensor=real display=camera idle=0ms full_probe=0 cache=c2m_inv frames=60 changes=59 sync_changes=0 sync_calls=60 sync_skips=0 unique=8 overflow=52 pre=384263ef post=384263ef luma_avg=54.5 luma_min=48 luma_max=71 luma_last=55 avg_probe=2.265ms max_probe=2.597ms tsf_waits=0 tsf_wait_us=0 tsf_wait_max_global_us=0 launch_phase_samples=0 launch_phase_avg=0.0 launch_phase_min=0 launch_phase_max=0 tsf_errors=0
I (188609) rc_video: [CAM-DIAG-C16P] HEALTH window=15 display_frame=824 guard_errors=0 quiesce=824 resume_before=823 lifecycle_errors=0 pause_req=824 pause_ack=824 pause_timeout=0 cache_sync_err=0 raw_post_err=0 overlap=0 finish_collision=0 tsf_waits=0 tsf_wait_us=0 tsf_wait_max_global_us=0 target=0 tolerance=0 launch_samples=0 launch_min=0 launch_max=0 rgb_gain=110 present=canvas chunk_lines=80 repeats=1 tsf_errors=0
W (189030) rc_tank: [CAM-DIAG-C16P] PROTOCOL window=16 before=0x07 requested=0x07 after=0x07 name=bgn changed=0
W (189031) rc_tank: [CAM-DIAG-C16P] BEACON window=16 before=200 requested=200 after=200 changed=0
W (189038) rc_tank: [CAM-DIAG-C16P] TSF_GUARD window=16 beacon=200 after=0us budget=0us result=ESP_OK
W (189047) rc_tank: [CAM-DIAG-C16P] TSF_TARGET window=16 phase=0us tolerance=0us result=ESP_OK
W (189055) rc_tank: [CAM-DIAG-C16P] RGB_GAIN window=16 requested=110 result=ESP_OK
W (189063) rc_tank: [CAM-DIAG-C16P] PRESENT window=16 mode=direct chunk_lines=60 repeats=2 result=ESP_OK
W (189072) rc_video: [CAM-DIAG-C16P] PROFILE window=16 sensor=real display=camera idle=0ms full_probe=0 cache=c2m_inv capture=827
W (189083) rc_tank: [CAM-DIAG-C16P] WINDOW_16 start: wifi=on sensor=real display=camera idle=0ms full_probe=off cache=c2m_inv dvp=staged100k protocol=bgn beacon=200 guard_after=0us capture_budget=0us target=0us tolerance=0us rgb_gain=110% present=direct chunk_lines=60 repeats=2
W (189146) rc_video: [CAM-DIAG-C16P] LIGHT stage=complete window=15 sensor=real display=camera idle=0ms full_probe=0 cache=c2m_inv frames=63 changes=62 sync_changes=0 sync_calls=63 sync_skips=0 unique=8 overflow=55 pre=35ab59b6 post=35ab59b6 luma_avg=54.5 luma_min=48 luma_max=71 luma_last=55 avg_probe=2.292ms max_probe=4.015ms tsf_waits=0 tsf_wait_us=0 tsf_wait_max_global_us=0 launch_phase_samples=0 launch_phase_avg=0.0 launch_phase_min=0 launch_phase_max=0 tsf_errors=0
W (196297) rc_video: [CAM-DIAG-C16P] LIGHT stage=periodic window=16 sensor=real display=camera idle=0ms full_probe=0 cache=c2m_inv frames=30 changes=29 sync_changes=0 sync_calls=30 sync_skips=0 unique=8 overflow=22 pre=631f2b4d post=631f2b4d luma_avg=54.2 luma_min=50 luma_max=59 luma_last=55 avg_probe=2.265ms max_probe=2.618ms tsf_waits=0 tsf_wait_us=0 tsf_wait_max_global_us=0 launch_phase_samples=0 launch_phase_avg=0.0 launch_phase_min=0 launch_phase_max=0 tsf_errors=0
I (196328) rc_video: [CAM-DIAG-C16P] HEALTH window=16 display_frame=857 guard_errors=0 quiesce=857 resume_before=856 lifecycle_errors=0 pause_req=857 pause_ack=857 pause_timeout=0 cache_sync_err=0 raw_post_err=0 overlap=0 finish_collision=0 tsf_waits=0 tsf_wait_us=0 tsf_wait_max_global_us=0 target=0 tolerance=0 launch_samples=0 launch_min=0 launch_max=0 rgb_gain=110 present=direct chunk_lines=60 repeats=2 tsf_errors=0
W (199109) rc_tank: [CAM-DIAG-C16P] PROTOCOL window=17 before=0x07 requested=0x07 after=0x07 name=bgn changed=0
W (199110) rc_tank: [CAM-DIAG-C16P] BEACON window=17 before=200 requested=200 after=200 changed=0
W (199117) rc_tank: [CAM-DIAG-C16P] TSF_GUARD window=17 beacon=200 after=0us budget=0us result=ESP_OK
W (199126) rc_tank: [CAM-DIAG-C16P] TSF_TARGET window=17 phase=0us tolerance=0us result=ESP_OK
W (199134) rc_tank: [CAM-DIAG-C16P] RGB_GAIN window=17 requested=110 result=ESP_OK
W (199141) rc_tank: [CAM-DIAG-C16P] PRESENT window=17 mode=canvas chunk_lines=60 repeats=2 result=ESP_OK
W (199150) rc_video: [CAM-DIAG-C16P] PROFILE window=17 sensor=real display=camera idle=0ms full_probe=0 cache=c2m_inv capture=869
W (199162) rc_tank: [CAM-DIAG-C16P] WINDOW_17 start: wifi=on sensor=real display=camera idle=0ms full_probe=off cache=c2m_inv dvp=staged100k protocol=bgn beacon=200 guard_after=0us capture_budget=0us target=0us tolerance=0us rgb_gain=110% present=canvas chunk_lines=60 repeats=2
W (199236) rc_video: [CAM-DIAG-C16P] LIGHT stage=complete window=16 sensor=real display=camera idle=0ms full_probe=0 cache=c2m_inv frames=42 changes=41 sync_changes=0 sync_calls=42 sync_skips=0 unique=8 overflow=34 pre=f920c11f post=f920c11f luma_avg=54.9 luma_min=47 luma_max=75 luma_last=55 avg_probe=2.263ms max_probe=2.618ms tsf_waits=0 tsf_wait_us=0 tsf_wait_max_global_us=0 launch_phase_samples=0 launch_phase_avg=0.0 launch_phase_min=0 launch_phase_max=0 tsf_errors=0
W (205202) rc_video: [CAM-DIAG-C16P] LIGHT stage=periodic window=17 sensor=real display=camera idle=0ms full_probe=0 cache=c2m_inv frames=30 changes=29 sync_changes=0 sync_calls=30 sync_skips=0 unique=8 overflow=22 pre=5e5479fb post=5e5479fb luma_avg=60.3 luma_min=50 luma_max=89 luma_last=52 avg_probe=2.277ms max_probe=2.599ms tsf_waits=0 tsf_wait_us=0 tsf_wait_max_global_us=0 launch_phase_samples=0 launch_phase_avg=0.0 launch_phase_min=0 launch_phase_max=0 tsf_errors=0
I (205233) rc_video: [CAM-DIAG-C16P] HEALTH window=17 display_frame=899 guard_errors=0 quiesce=899 resume_before=898 lifecycle_errors=0 pause_req=899 pause_ack=899 pause_timeout=0 cache_sync_err=0 raw_post_err=0 overlap=0 finish_collision=0 tsf_waits=0 tsf_wait_us=0 tsf_wait_max_global_us=0 target=0 tolerance=0 launch_samples=0 launch_min=0 launch_max=0 rgb_gain=110 present=canvas chunk_lines=60 repeats=2 tsf_errors=0
W (209186) rc_tank: [CAM-DIAG-C16P] PROTOCOL window=18 before=0x07 requested=0x07 after=0x07 name=bgn changed=0
W (209187) rc_tank: [CAM-DIAG-C16P] BEACON window=18 before=200 requested=200 after=200 changed=0
W (209194) rc_tank: [CAM-DIAG-C16P] TSF_GUARD window=18 beacon=200 after=0us budget=0us result=ESP_OK
W (209203) rc_tank: [CAM-DIAG-C16P] TSF_TARGET window=18 phase=0us tolerance=0us result=ESP_OK
W (209211) rc_tank: [CAM-DIAG-C16P] RGB_GAIN window=18 requested=110 result=ESP_OK
W (209219) rc_tank: [CAM-DIAG-C16P] PRESENT window=18 mode=direct chunk_lines=80 repeats=2 result=ESP_OK
W (209228) rc_video: [CAM-DIAG-C16P] PROFILE window=18 sensor=real display=camera idle=0ms full_probe=0 cache=c2m_inv capture=919
W (209239) rc_video: [CAM-DIAG-C16P] LIGHT stage=complete window=17 sensor=real display=camera idle=0ms full_probe=0 cache=c2m_inv frames=50 changes=49 sync_changes=0 sync_calls=50 sync_skips=0 unique=8 overflow=42 pre=739fc838 post=739fc838 luma_avg=61.5 luma_min=50 luma_max=89 luma_last=67 avg_probe=2.279ms max_probe=2.599ms tsf_waits=0 tsf_wait_us=0 tsf_wait_max_global_us=0 launch_phase_samples=0 launch_phase_avg=0.0 launch_phase_min=0 launch_phase_max=0 tsf_errors=0
W (209239) rc_tank: [CAM-DIAG-C16P] WINDOW_18 start: wifi=on sensor=real display=camera idle=0ms full_probe=off cache=c2m_inv dvp=staged100k protocol=bgn beacon=200 guard_after=0us capture_budget=0us target=0us tolerance=0us rgb_gain=110% present=direct chunk_lines=80 repeats=2
W (216363) rc_video: [CAM-DIAG-C16P] LIGHT stage=periodic window=18 sensor=real display=camera idle=0ms full_probe=0 cache=c2m_inv frames=30 changes=29 sync_changes=0 sync_calls=30 sync_skips=0 unique=8 overflow=22 pre=4f7aa4ee post=4f7aa4ee luma_avg=62.2 luma_min=52 luma_max=78 luma_last=53 avg_probe=2.302ms max_probe=3.055ms tsf_waits=0 tsf_wait_us=0 tsf_wait_max_global_us=0 launch_phase_samples=0 launch_phase_avg=0.0 launch_phase_min=0 launch_phase_max=0 tsf_errors=0
I (216394) rc_video: [CAM-DIAG-C16P] HEALTH window=18 display_frame=949 guard_errors=0 quiesce=949 resume_before=948 lifecycle_errors=0 pause_req=949 pause_ack=949 pause_timeout=0 cache_sync_err=0 raw_post_err=0 overlap=0 finish_collision=0 tsf_waits=0 tsf_wait_us=0 tsf_wait_max_global_us=0 target=0 tolerance=0 launch_samples=0 launch_min=0 launch_max=0 rgb_gain=110 present=direct chunk_lines=80 repeats=2 tsf_errors=0
W (219348) rc_tank: [CAM-DIAG-C16P] PROTOCOL window=19 before=0x07 requested=0x07 after=0x07 name=bgn changed=0
W (219349) rc_tank: [CAM-DIAG-C16P] BEACON window=19 before=200 requested=200 after=200 changed=0
W (219356) rc_tank: [CAM-DIAG-C16P] TSF_GUARD window=19 beacon=200 after=0us budget=0us result=ESP_OK
W (219365) rc_tank: [CAM-DIAG-C16P] TSF_TARGET window=19 phase=0us tolerance=0us result=ESP_OK
W (219373) rc_tank: [CAM-DIAG-C16P] RGB_GAIN window=19 requested=110 result=ESP_OK
W (219380) rc_tank: [CAM-DIAG-C16P] PRESENT window=19 mode=canvas chunk_lines=80 repeats=1 result=ESP_OK
W (219390) rc_video: [CAM-DIAG-C16P] PROFILE window=19 sensor=real display=camera idle=0ms full_probe=0 cache=c2m_inv capture=962
W (219401) rc_tank: [CAM-DIAG-C16P] WINDOW_19 start: wifi=on sensor=real display=camera idle=0ms full_probe=off cache=c2m_inv dvp=staged100k protocol=bgn beacon=200 guard_after=0us capture_budget=0us target=0us tolerance=0us rgb_gain=110% present=canvas chunk_lines=80 repeats=1
W (219425) rc_tank: [CAM-DIAG-C16P] display-boundary matrix complete; hold WINDOW_19 wifi=on real cache=c2m_inv staged_dma=102400B protocol=bgn beacon=200 tsf_guard=off rgb_gain=110% present=canvas chunk_lines=80 repeats=1
I (219445) rc_tank: Tank running (video + control; audio disabled)
I (219451) rc_tank: app_main done, idle loop
W (219543) rc_video: [CAM-DIAG-C16P] LIGHT stage=complete window=18 sensor=real display=camera idle=0ms full_probe=0 cache=c2m_inv frames=43 changes=42 sync_changes=0 sync_calls=43 sync_skips=0 unique=8 overflow=35 pre=3abf913d post=3abf913d luma_avg=59.5 luma_min=52 luma_max=78 luma_last=53 avg_probe=2.351ms max_probe=3.777ms tsf_waits=0 tsf_wait_us=0 tsf_wait_max_global_us=0 launch_phase_samples=0 launch_phase_avg=0.0 launch_phase_min=0 launch_phase_max=0 tsf_errors=0
W (224319) rc_video: [CAM-DIAG-C16P] LIGHT stage=periodic window=19 sensor=real display=camera idle=0ms full_probe=0 cache=c2m_inv frames=30 changes=29 sync_changes=0 sync_calls=30 sync_skips=0 unique=8 overflow=22 pre=eb635e8d post=eb635e8d luma_avg=53.3 luma_min=53 luma_max=54 luma_last=53 avg_probe=2.277ms max_probe=2.606ms tsf_waits=0 tsf_wait_us=0 tsf_wait_max_global_us=0 launch_phase_samples=0 launch_phase_avg=0.0 launch_phase_min=0 launch_phase_max=0 tsf_errors=0
I (224350) rc_video: [CAM-DIAG-C16P] HEALTH window=19 display_frame=992 guard_errors=0 quiesce=992 resume_before=991 lifecycle_errors=0 pause_req=992 pause_ack=992 pause_timeout=0 cache_sync_err=0 raw_post_err=0 overlap=0 finish_collision=0 tsf_waits=0 tsf_wait_us=0 tsf_wait_max_global_us=0 target=0 tolerance=0 launch_samples=0 launch_min=0 launch_max=0 rgb_gain=110 present=canvas chunk_lines=80 repeats=1 tsf_errors=0
W (229147) rc_video: [CAM-DIAG-C16P] LIGHT stage=periodic window=19 sensor=real display=camera idle=0ms full_probe=0 cache=c2m_inv frames=60 changes=59 sync_changes=0 sync_calls=60 sync_skips=0 unique=8 overflow=52 pre=fe2d8de4 post=fe2d8de4 luma_avg=53.3 luma_min=53 luma_max=54 luma_last=53 avg_probe=2.275ms max_probe=2.620ms tsf_waits=0 tsf_wait_us=0 tsf_wait_max_global_us=0 launch_phase_samples=0 launch_phase_avg=0.0 launch_phase_min=0 launch_phase_max=0 tsf_errors=0
I (229178) rc_video: [CAM-DIAG-C16P] HEALTH window=19 display_frame=1022 guard_errors=0 quiesce=1022 resume_before=1021 lifecycle_errors=0 pause_req=1022 pause_ack=1022 pause_timeout=0 cache_sync_err=0 raw_post_err=0 overlap=0 finish_collision=0 tsf_waits=0 tsf_wait_us=0 tsf_wait_max_global_us=0 target=0 tolerance=0 launch_samples=0 launch_min=0 launch_max=0 rgb_gain=110 present=canvas chunk_lines=80 repeats=1 tsf_errors=0
W (233976) rc_video: [CAM-DIAG-C16P] LIGHT stage=periodic window=19 sensor=real display=camera idle=0ms full_probe=0 cache=c2m_inv frames=90 changes=89 sync_changes=0 sync_calls=90 sync_skips=0 unique=8 overflow=82 pre=960021db post=960021db luma_avg=53.3 luma_min=53 luma_max=54 luma_last=53 avg_probe=2.273ms max_probe=2.620ms tsf_waits=0 tsf_wait_us=0 tsf_wait_max_global_us=0 launch_phase_samples=0 launch_phase_avg=0.0 launch_phase_min=0 launch_phase_max=0 tsf_errors=0
I (234007) rc_video: [CAM-DIAG-C16P] HEALTH window=19 display_frame=1052 guard_errors=0 quiesce=1052 resume_before=1051 lifecycle_errors=0 pause_req=1052 pause_ack=1052 pause_timeout=0 cache_sync_err=0 raw_post_err=0 overlap=0 finish_collision=0 tsf_waits=0 tsf_wait_us=0 tsf_wait_max_global_us=0 target=0 tolerance=0 launch_samples=0 launch_min=0 launch_max=0 rgb_gain=110 present=canvas chunk_lines=80 repeats=1 tsf_errors=0
W (238805) rc_video: [CAM-DIAG-C16P] LIGHT stage=periodic window=19 sensor=real display=camera idle=0ms full_probe=0 cache=c2m_inv frames=120 changes=119 sync_changes=0 sync_calls=120 sync_skips=0 unique=8 overflow=112 pre=394342bc post=394342bc luma_avg=53.3 luma_min=53 luma_max=54 luma_last=54 avg_probe=2.276ms max_probe=2.620ms tsf_waits=0 tsf_wait_us=0 tsf_wait_max_global_us=0 launch_phase_samples=0 launch_phase_avg=0.0 launch_phase_min=0 launch_phase_max=0 tsf_errors=0
I (238836) rc_video: [CAM-DIAG-C16P] HEALTH window=19 display_frame=1082 guard_errors=0 quiesce=1082 resume_before=1081 lifecycle_errors=0 pause_req=1082 pause_ack=1082 pause_timeout=0 cache_sync_err=0 raw_post_err=0 overlap=0 finish_collision=0 tsf_waits=0 tsf_wait_us=0 tsf_wait_max_global_us=0 target=0 tolerance=0 launch_samples=0 launch_min=0 launch_max=0 rgb_gain=110 present=canvas chunk_lines=80 repeats=1 tsf_errors=0
W (243633) rc_video: [CAM-DIAG-C16P] LIGHT stage=periodic window=19 sensor=real display=camera idle=0ms full_probe=0 cache=c2m_inv frames=150 changes=149 sync_changes=0 sync_calls=150 sync_skips=0 unique=8 overflow=142 pre=fea3f330 post=fea3f330 luma_avg=53.2 luma_min=50 luma_max=54 luma_last=53 avg_probe=2.273ms max_probe=2.620ms tsf_waits=0 tsf_wait_us=0 tsf_wait_max_global_us=0 launch_phase_samples=0 launch_phase_avg=0.0 launch_phase_min=0 launch_phase_max=0 tsf_errors=0
I (243664) rc_video: [CAM-DIAG-C16P] HEALTH window=19 display_frame=1112 guard_errors=0 quiesce=1112 resume_before=1111 lifecycle_errors=0 pause_req=1112 pause_ack=1112 pause_timeout=0 cache_sync_err=0 raw_post_err=0 overlap=0 finish_collision=0 tsf_waits=0 tsf_wait_us=0 tsf_wait_max_global_us=0 target=0 tolerance=0 launch_samples=0 launch_min=0 launch_max=0 rgb_gain=110 present=canvas chunk_lines=80 repeats=1 tsf_errors=0
W (248462) rc_video: [CAM-DIAG-C16P] LIGHT stage=periodic window=19 sensor=real display=camera idle=0ms full_probe=0 cache=c2m_inv frames=180 changes=179 sync_changes=0 sync_calls=180 sync_skips=0 unique=8 overflow=172 pre=2da1fecd post=2da1fecd luma_avg=53.2 luma_min=50 luma_max=54 luma_last=53 avg_probe=2.275ms max_probe=2.628ms tsf_waits=0 tsf_wait_us=0 tsf_wait_max_global_us=0 launch_phase_samples=0 launch_phase_avg=0.0 launch_phase_min=0 launch_phase_max=0 tsf_errors=0
I (248493) rc_video: [CAM-DIAG-C16P] HEALTH window=19 display_frame=1142 guard_errors=0 quiesce=1142 resume_before=1141 lifecycle_errors=0 pause_req=1142 pause_ack=1142 pause_timeout=0 cache_sync_err=0 raw_post_err=0 overlap=0 finish_collision=0 tsf_waits=0 tsf_wait_us=0 tsf_wait_max_global_us=0 target=0 tolerance=0 launch_samples=0 launch_min=0 launch_max=0 rgb_gain=110 present=canvas chunk_lines=80 repeats=1 tsf_errors=0
W (253290) rc_video: [CAM-DIAG-C16P] LIGHT stage=periodic window=19 sensor=real display=camera idle=0ms full_probe=0 cache=c2m_inv frames=210 changes=209 sync_changes=0 sync_calls=210 sync_skips=0 unique=8 overflow=202 pre=49868f82 post=49868f82 luma_avg=53.2 luma_min=50 luma_max=54 luma_last=53 avg_probe=2.273ms max_probe=2.628ms tsf_waits=0 tsf_wait_us=0 tsf_wait_max_global_us=0 launch_phase_samples=0 launch_phase_avg=0.0 launch_phase_min=0 launch_phase_max=0 tsf_errors=0
I (253321) rc_video: [CAM-DIAG-C16P] HEALTH window=19 display_frame=1172 guard_errors=0 quiesce=1172 resume_before=1171 lifecycle_errors=0 pause_req=1172 pause_ack=1172 pause_timeout=0 cache_sync_err=0 raw_post_err=0 overlap=0 finish_collision=0 tsf_waits=0 tsf_wait_us=0 tsf_wait_max_global_us=0 target=0 tolerance=0 launch_samples=0 launch_min=0 launch_max=0 rgb_gain=110 present=canvas chunk_lines=80 repeats=1 tsf_errors=0
W (258120) rc_video: [CAM-DIAG-C16P] LIGHT stage=periodic window=19 sensor=real display=camera idle=0ms full_probe=0 cache=c2m_inv frames=240 changes=239 sync_changes=0 sync_calls=240 sync_skips=0 unique=8 overflow=232 pre=48a737a7 post=48a737a7 luma_avg=53.2 luma_min=50 luma_max=54 luma_last=53 avg_probe=2.274ms max_probe=2.628ms tsf_waits=0 tsf_wait_us=0 tsf_wait_max_global_us=0 launch_phase_samples=0 launch_phase_avg=0.0 launch_phase_min=0 launch_phase_max=0 tsf_errors=0
I (258151) rc_video: [CAM-DIAG-C16P] HEALTH window=19 display_frame=1202 guard_errors=0 quiesce=1202 resume_before=1201 lifecycle_errors=0 pause_req=1202 pause_ack=1202 pause_timeout=0 cache_sync_err=0 raw_post_err=0 overlap=0 finish_collision=0 tsf_waits=0 tsf_wait_us=0 tsf_wait_max_global_us=0 target=0 tolerance=0 launch_samples=0 launch_min=0 launch_max=0 rgb_gain=110 present=canvas chunk_lines=80 repeats=1 tsf_errors=0
W (262948) rc_video: [CAM-DIAG-C16P] LIGHT stage=periodic window=19 sensor=real display=camera idle=0ms full_probe=0 cache=c2m_inv frames=270 changes=269 sync_changes=0 sync_calls=270 sync_skips=0 unique=8 overflow=262 pre=0c525ff2 post=0c525ff2 luma_avg=53.2 luma_min=50 luma_max=54 luma_last=53 avg_probe=2.273ms max_probe=2.759ms tsf_waits=0 tsf_wait_us=0 tsf_wait_max_global_us=0 launch_phase_samples=0 launch_phase_avg=0.0 launch_phase_min=0 launch_phase_max=0 tsf_errors=0
I (262979) rc_video: [CAM-DIAG-C16P] HEALTH window=19 display_frame=1232 guard_errors=0 quiesce=1232 resume_before=1231 lifecycle_errors=0 pause_req=1232 pause_ack=1232 pause_timeout=0 cache_sync_err=0 raw_post_err=0 overlap=0 finish_collision=0 tsf_waits=0 tsf_wait_us=0 tsf_wait_max_global_us=0 target=0 tolerance=0 launch_samples=0 launch_min=0 launch_max=0 rgb_gain=110 present=canvas chunk_lines=80 repeats=1 tsf_errors=0
W (267777) rc_video: [CAM-DIAG-C16P] LIGHT stage=periodic window=19 sensor=real display=camera idle=0ms full_probe=0 cache=c2m_inv frames=300 changes=299 sync_changes=0 sync_calls=300 sync_skips=0 unique=8 overflow=292 pre=1562ce95 post=1562ce95 luma_avg=53.2 luma_min=50 luma_max=54 luma_last=54 avg_probe=2.275ms max_probe=2.759ms tsf_waits=0 tsf_wait_us=0 tsf_wait_max_global_us=0 launch_phase_samples=0 launch_phase_avg=0.0 launch_phase_min=0 launch_phase_max=0 tsf_errors=0
I (267808) rc_video: [CAM-DIAG-C16P] HEALTH window=19 display_frame=1262 guard_errors=0 quiesce=1262 resume_before=1261 lifecycle_errors=0 pause_req=1262 pause_ack=1262 pause_timeout=0 cache_sync_err=0 raw_post_err=0 overlap=0 finish_collision=0 tsf_waits=0 tsf_wait_us=0 tsf_wait_max_global_us=0 target=0 tolerance=0 launch_samples=0 launch_min=0 launch_max=0 rgb_gain=110 present=canvas chunk_lines=80 repeats=1 tsf_errors=0
W (272606) rc_video: [CAM-DIAG-C16P] LIGHT stage=periodic window=19 sensor=real display=camera idle=0ms full_probe=0 cache=c2m_inv frames=330 changes=329 sync_changes=0 sync_calls=330 sync_skips=0 unique=8 overflow=322 pre=d642e78f post=d642e78f luma_avg=53.3 luma_min=50 luma_max=54 luma_last=53 avg_probe=2.276ms max_probe=2.759ms tsf_waits=0 tsf_wait_us=0 tsf_wait_max_global_us=0 launch_phase_samples=0 launch_phase_avg=0.0 launch_phase_min=0 launch_phase_max=0 tsf_errors=0
I (272637) rc_video: [CAM-DIAG-C16P] HEALTH window=19 display_frame=1292 guard_errors=0 quiesce=1292 resume_before=1291 lifecycle_errors=0 pause_req=1292 pause_ack=1292 pause_timeout=0 cache_sync_err=0 raw_post_err=0 overlap=0 finish_collision=0 tsf_waits=0 tsf_wait_us=0 tsf_wait_max_global_us=0 target=0 tolerance=0 launch_samples=0 launch_min=0 launch_max=0 rgb_gain=110 present=canvas chunk_lines=80 repeats=1 tsf_errors=0
W (277434) rc_video: [CAM-DIAG-C16P] LIGHT stage=periodic window=19 sensor=real display=camera idle=0ms full_probe=0 cache=c2m_inv frames=360 changes=359 sync_changes=0 sync_calls=360 sync_skips=0 unique=8 overflow=352 pre=8b9ee961 post=8b9ee961 luma_avg=53.3 luma_min=50 luma_max=54 luma_last=54 avg_probe=2.276ms max_probe=2.759ms tsf_waits=0 tsf_wait_us=0 tsf_wait_max_global_us=0 launch_phase_samples=0 launch_phase_avg=0.0 launch_phase_min=0 launch_phase_max=0 tsf_errors=0
I (277465) rc_video: [CAM-DIAG-C16P] HEALTH window=19 display_frame=1322 guard_errors=0 quiesce=1322 resume_before=1321 lifecycle_errors=0 pause_req=1322 pause_ack=1322 pause_timeout=0 cache_sync_err=0 raw_post_err=0 overlap=0 finish_collision=0 tsf_waits=0 tsf_wait_us=0 tsf_wait_max_global_us=0 target=0 tolerance=0 launch_samples=0 launch_min=0 launch_max=0 rgb_gain=110 present=canvas chunk_lines=80 repeats=1 tsf_errors=0
W (282263) rc_video: [CAM-DIAG-C16P] LIGHT stage=periodic window=19 sensor=real display=camera idle=0ms full_probe=0 cache=c2m_inv frames=390 changes=389 sync_changes=0 sync_calls=390 sync_skips=0 unique=8 overflow=382 pre=7d5d777c post=7d5d777c luma_avg=53.3 luma_min=50 luma_max=54 luma_last=53 avg_probe=2.276ms max_probe=2.759ms tsf_waits=0 tsf_wait_us=0 tsf_wait_max_global_us=0 launch_phase_samples=0 launch_phase_avg=0.0 launch_phase_min=0 launch_phase_max=0 tsf_errors=0
I (282294) rc_video: [CAM-DIAG-C16P] HEALTH window=19 display_frame=1352 guard_errors=0 quiesce=1352 resume_before=1351 lifecycle_errors=0 pause_req=1352 pause_ack=1352 pause_timeout=0 cache_sync_err=0 raw_post_err=0 overlap=0 finish_collision=0 tsf_waits=0 tsf_wait_us=0 tsf_wait_max_global_us=0 target=0 tolerance=0 launch_samples=0 launch_min=0 launch_max=0 rgb_gain=110 present=canvas chunk_lines=80 repeats=1 tsf_errors=0
W (287091) rc_video: [CAM-DIAG-C16P] LIGHT stage=periodic window=19 sensor=real display=camera idle=0ms full_probe=0 cache=c2m_inv frames=420 changes=419 sync_changes=0 sync_calls=420 sync_skips=0 unique=8 overflow=412 pre=d439ff08 post=d439ff08 luma_avg=53.2 luma_min=49 luma_max=54 luma_last=53 avg_probe=2.276ms max_probe=2.817ms tsf_waits=0 tsf_wait_us=0 tsf_wait_max_global_us=0 launch_phase_samples=0 launch_phase_avg=0.0 launch_phase_min=0 launch_phase_max=0 tsf_errors=0
I (287122) rc_video: [CAM-DIAG-C16P] HEALTH window=19 display_frame=1382 guard_errors=0 quiesce=1382 resume_before=1381 lifecycle_errors=0 pause_req=1382 pause_ack=1382 pause_timeout=0 cache_sync_err=0 raw_post_err=0 overlap=0 finish_collision=0 tsf_waits=0 tsf_wait_us=0 tsf_wait_max_global_us=0 target=0 tolerance=0 launch_samples=0 launch_min=0 launch_max=0 rgb_gain=110 present=canvas chunk_lines=80 repeats=1 tsf_errors=0
W (291921) rc_video: [CAM-DIAG-C16P] LIGHT stage=periodic window=19 sensor=real display=camera idle=0ms full_probe=0 cache=c2m_inv frames=450 changes=449 sync_changes=0 sync_calls=450 sync_skips=0 unique=8 overflow=442 pre=08d5efef post=08d5efef luma_avg=53.2 luma_min=49 luma_max=54 luma_last=53 avg_probe=2.275ms max_probe=2.817ms tsf_waits=0 tsf_wait_us=0 tsf_wait_max_global_us=0 launch_phase_samples=0 launch_phase_avg=0.0 launch_phase_min=0 launch_phase_max=0 tsf_errors=0
I (291952) rc_video: [CAM-DIAG-C16P] HEALTH window=19 display_frame=1412 guard_errors=0 quiesce=1412 resume_before=1411 lifecycle_errors=0 pause_req=1412 pause_ack=1412 pause_timeout=0 cache_sync_err=0 raw_post_err=0 overlap=0 finish_collision=0 tsf_waits=0 tsf_wait_us=0 tsf_wait_max_global_us=0 target=0 tolerance=0 launch_samples=0 launch_min=0 launch_max=0 rgb_gain=110 present=canvas chunk_lines=80 repeats=1 tsf_errors=0
W (296749) rc_video: [CAM-DIAG-C16P] LIGHT stage=periodic window=19 sensor=real display=camera idle=0ms full_probe=0 cache=c2m_inv frames=480 changes=479 sync_changes=0 sync_calls=480 sync_skips=0 unique=8 overflow=472 pre=fd1a8ecd post=fd1a8ecd luma_avg=53.2 luma_min=49 luma_max=54 luma_last=53 avg_probe=2.276ms max_probe=2.817ms tsf_waits=0 tsf_wait_us=0 tsf_wait_max_global_us=0 launch_phase_samples=0 launch_phase_avg=0.0 launch_phase_min=0 launch_phase_max=0 tsf_errors=0
I (296780) rc_video: [CAM-DIAG-C16P] HEALTH window=19 display_frame=1442 guard_errors=0 quiesce=1442 resume_before=1441 lifecycle_errors=0 pause_req=1442 pause_ack=1442 pause_timeout=0 cache_sync_err=0 raw_post_err=0 overlap=0 finish_collision=0 tsf_waits=0 tsf_wait_us=0 tsf_wait_max_global_us=0 target=0 tolerance=0 launch_samples=0 launch_min=0 launch_max=0 rgb_gain=110 present=canvas chunk_lines=80 repeats=1 tsf_errors=0
W (301580) rc_video: [CAM-DIAG-C16P] LIGHT stage=periodic window=19 sensor=real display=camera idle=0ms full_probe=0 cache=c2m_inv frames=510 changes=509 sync_changes=0 sync_calls=510 sync_skips=0 unique=8 overflow=502 pre=a35efa37 post=a35efa37 luma_avg=53.2 luma_min=49 luma_max=54 luma_last=53 avg_probe=2.276ms max_probe=2.817ms tsf_waits=0 tsf_wait_us=0 tsf_wait_max_global_us=0 launch_phase_samples=0 launch_phase_avg=0.0 launch_phase_min=0 launch_phase_max=0 tsf_errors=0
I (301612) rc_video: [CAM-DIAG-C16P] HEALTH window=19 display_frame=1472 guard_errors=0 quiesce=1472 resume_before=1471 lifecycle_errors=0 pause_req=1472 pause_ack=1472 pause_timeout=0 cache_sync_err=0 raw_post_err=0 overlap=0 finish_collision=0 tsf_waits=0 tsf_wait_us=0 tsf_wait_max_global_us=0 target=0 tolerance=0 launch_samples=0 launch_min=0 launch_max=0 rgb_gain=110 present=canvas chunk_lines=80 repeats=1 tsf_errors=0
W (306407) rc_video: [CAM-DIAG-C16P] LIGHT stage=periodic window=19 sensor=real display=camera idle=0ms full_probe=0 cache=c2m_inv frames=540 changes=539 sync_changes=0 sync_calls=540 sync_skips=0 unique=8 overflow=532 pre=0ad7ba03 post=0ad7ba03 luma_avg=53.2 luma_min=49 luma_max=54 luma_last=53 avg_probe=2.276ms max_probe=2.817ms tsf_waits=0 tsf_wait_us=0 tsf_wait_max_global_us=0 launch_phase_samples=0 launch_phase_avg=0.0 launch_phase_min=0 launch_phase_max=0 tsf_errors=0
I (306438) rc_video: [CAM-DIAG-C16P] HEALTH window=19 display_frame=1502 guard_errors=0 quiesce=1502 resume_before=1501 lifecycle_errors=0 pause_req=1502 pause_ack=1502 pause_timeout=0 cache_sync_err=0 raw_post_err=0 overlap=0 finish_collision=0 tsf_waits=0 tsf_wait_us=0 tsf_wait_max_global_us=0 target=0 tolerance=0 launch_samples=0 launch_min=0 launch_max=0 rgb_gain=110 present=canvas chunk_lines=80 repeats=1 tsf_errors=0
W (311235) rc_video: [CAM-DIAG-C16P] LIGHT stage=periodic window=19 sensor=real display=camera idle=0ms full_probe=0 cache=c2m_inv frames=570 changes=569 sync_changes=0 sync_calls=570 sync_skips=0 unique=8 overflow=562 pre=66a14043 post=66a14043 luma_avg=53.2 luma_min=49 luma_max=54 luma_last=54 avg_probe=2.275ms max_probe=2.817ms tsf_waits=0 tsf_wait_us=0 tsf_wait_max_global_us=0 launch_phase_samples=0 launch_phase_avg=0.0 launch_phase_min=0 launch_phase_max=0 tsf_errors=0
I (311266) rc_video: [CAM-DIAG-C16P] HEALTH window=19 display_frame=1532 guard_errors=0 quiesce=1532 resume_before=1531 lifecycle_errors=0 pause_req=1532 pause_ack=1532 pause_timeout=0 cache_sync_err=0 raw_post_err=0 overlap=0 finish_collision=0 tsf_waits=0 tsf_wait_us=0 tsf_wait_max_global_us=0 target=0 tolerance=0 launch_samples=0 launch_min=0 launch_max=0 rgb_gain=110 present=canvas chunk_lines=80 repeats=1 tsf_errors=0
W (316064) rc_video: [CAM-DIAG-C16P] LIGHT stage=periodic window=19 sensor=real display=camera idle=0ms full_probe=0 cache=c2m_inv frames=600 changes=599 sync_changes=0 sync_calls=600 sync_skips=0 unique=8 overflow=592 pre=6532feb5 post=6532feb5 luma_avg=53.2 luma_min=49 luma_max=54 luma_last=51 avg_probe=2.274ms max_probe=2.817ms tsf_waits=0 tsf_wait_us=0 tsf_wait_max_global_us=0 launch_phase_samples=0 launch_phase_avg=0.0 launch_phase_min=0 launch_phase_max=0 tsf_errors=0
I (316095) rc_video: [CAM-DIAG-C16P] HEALTH window=19 display_frame=1562 guard_errors=0 quiesce=1562 resume_before=1561 lifecycle_errors=0 pause_req=1562 pause_ack=1562 pause_timeout=0 cache_sync_err=0 raw_post_err=0 overlap=0 finish_collision=0 tsf_waits=0 tsf_wait_us=0 tsf_wait_max_global_us=0 target=0 tolerance=0 launch_samples=0 launch_min=0 launch_max=0 rgb_gain=110 present=canvas chunk_lines=80 repeats=1 tsf_errors=0
W (320892) rc_video: [CAM-DIAG-C16P] LIGHT stage=periodic window=19 sensor=real display=camera idle=0ms full_probe=0 cache=c2m_inv frames=630 changes=629 sync_changes=0 sync_calls=630 sync_skips=0 unique=8 overflow=622 pre=a09af69c post=a09af69c luma_avg=52.7 luma_min=15 luma_max=63 luma_last=52 avg_probe=2.276ms max_probe=2.817ms tsf_waits=0 tsf_wait_us=0 tsf_wait_max_global_us=0 launch_phase_samples=0 launch_phase_avg=0.0 launch_phase_min=0 launch_phase_max=0 tsf_errors=0
I (320923) rc_video: [CAM-DIAG-C16P] HEALTH window=19 display_frame=1592 guard_errors=0 quiesce=1592 resume_before=1591 lifecycle_errors=0 pause_req=1592 pause_ack=1592 pause_timeout=0 cache_sync_err=0 raw_post_err=0 overlap=0 finish_collision=0 tsf_waits=0 tsf_wait_us=0 tsf_wait_max_global_us=0 target=0 tolerance=0 launch_samples=0 launch_min=0 launch_max=0 rgb_gain=110 present=canvas chunk_lines=80 repeats=1 tsf_errors=0
W (325721) rc_video: [CAM-DIAG-C16P] LIGHT stage=periodic window=19 sensor=real display=camera idle=0ms full_probe=0 cache=c2m_inv frames=660 changes=659 sync_changes=0 sync_calls=660 sync_skips=0 unique=8 overflow=652 pre=53a0b527 post=53a0b527 luma_avg=52.6 luma_min=15 luma_max=63 luma_last=53 avg_probe=2.276ms max_probe=2.817ms tsf_waits=0 tsf_wait_us=0 tsf_wait_max_global_us=0 launch_phase_samples=0 launch_phase_avg=0.0 launch_phase_min=0 launch_phase_max=0 tsf_errors=0
I (325752) rc_video: [CAM-DIAG-C16P] HEALTH window=19 display_frame=1622 guard_errors=0 quiesce=1622 resume_before=1621 lifecycle_errors=0 pause_req=1622 pause_ack=1622 pause_timeout=0 cache_sync_err=0 raw_post_err=0 overlap=0 finish_collision=0 tsf_waits=0 tsf_wait_us=0 tsf_wait_max_global_us=0 target=0 tolerance=0 launch_samples=0 launch_min=0 launch_max=0 rgb_gain=110 present=canvas chunk_lines=80 repeats=1 tsf_errors=0
W (330550) rc_video: [CAM-DIAG-C16P] LIGHT stage=periodic window=19 sensor=real display=camera idle=0ms full_probe=0 cache=c2m_inv frames=690 changes=689 sync_changes=0 sync_calls=690 sync_skips=0 unique=8 overflow=682 pre=d4a27bad post=d4a27bad luma_avg=52.6 luma_min=15 luma_max=63 luma_last=53 avg_probe=2.275ms max_probe=2.817ms tsf_waits=0 tsf_wait_us=0 tsf_wait_max_global_us=0 launch_phase_samples=0 launch_phase_avg=0.0 launch_phase_min=0 launch_phase_max=0 tsf_errors=0
I (330581) rc_video: [CAM-DIAG-C16P] HEALTH window=19 display_frame=1652 guard_errors=0 quiesce=1652 resume_before=1651 lifecycle_errors=0 pause_req=1652 pause_ack=1652 pause_timeout=0 cache_sync_err=0 raw_post_err=0 overlap=0 finish_collision=0 tsf_waits=0 tsf_wait_us=0 tsf_wait_max_global_us=0 target=0 tolerance=0 launch_samples=0 launch_min=0 launch_max=0 rgb_gain=110 present=canvas chunk_lines=80 repeats=1 tsf_errors=0
W (335378) rc_video: [CAM-DIAG-C16P] LIGHT stage=periodic window=19 sensor=real display=camera idle=0ms full_probe=0 cache=c2m_inv frames=720 changes=719 sync_changes=0 sync_calls=720 sync_skips=0 unique=8 overflow=712 pre=e0b158fa post=e0b158fa luma_avg=52.6 luma_min=15 luma_max=63 luma_last=53 avg_probe=2.275ms max_probe=2.817ms tsf_waits=0 tsf_wait_us=0 tsf_wait_max_global_us=0 launch_phase_samples=0 launch_phase_avg=0.0 launch_phase_min=0 launch_phase_max=0 tsf_errors=0
I (335409) rc_video: [CAM-DIAG-C16P] HEALTH window=19 display_frame=1682 guard_errors=0 quiesce=1682 resume_before=1681 lifecycle_errors=0 pause_req=1682 pause_ack=1682 pause_timeout=0 cache_sync_err=0 raw_post_err=0 overlap=0 finish_collision=0 tsf_waits=0 tsf_wait_us=0 tsf_wait_max_global_us=0 target=0 tolerance=0 launch_samples=0 launch_min=0 launch_max=0 rgb_gain=110 present=canvas chunk_lines=80 repeats=1 tsf_errors=0
W (340207) rc_video: [CAM-DIAG-C16P] LIGHT stage=periodic window=19 sensor=real display=camera idle=0ms full_probe=0 cache=c2m_inv frames=750 changes=749 sync_changes=0 sync_calls=750 sync_skips=0 unique=8 overflow=742 pre=591b2d0e post=591b2d0e luma_avg=52.6 luma_min=15 luma_max=63 luma_last=53 avg_probe=2.276ms max_probe=2.817ms tsf_waits=0 tsf_wait_us=0 tsf_wait_max_global_us=0 launch_phase_samples=0 launch_phase_avg=0.0 launch_phase_min=0 launch_phase_max=0 tsf_errors=0
I (340238) rc_video: [CAM-DIAG-C16P] HEALTH window=19 display_frame=1712 guard_errors=0 quiesce=1712 resume_before=1711 lifecycle_errors=0 pause_req=1712 pause_ack=1712 pause_timeout=0 cache_sync_err=0 raw_post_err=0 overlap=0 finish_collision=0 tsf_waits=0 tsf_wait_us=0 tsf_wait_max_global_us=0 target=0 tolerance=0 launch_samples=0 launch_min=0 launch_max=0 rgb_gain=110 present=canvas chunk_lines=80 repeats=1 tsf_errors=0
W (345035) rc_video: [CAM-DIAG-C16P] LIGHT stage=periodic window=19 sensor=real display=camera idle=0ms full_probe=0 cache=c2m_inv frames=780 changes=779 sync_changes=0 sync_calls=780 sync_skips=0 unique=8 overflow=772 pre=2012256b post=2012256b luma_avg=52.6 luma_min=15 luma_max=63 luma_last=53 avg_probe=2.275ms max_probe=2.817ms tsf_waits=0 tsf_wait_us=0 tsf_wait_max_global_us=0 launch_phase_samples=0 launch_phase_avg=0.0 launch_phase_min=0 launch_phase_max=0 tsf_errors=0
I (345066) rc_video: [CAM-DIAG-C16P] HEALTH window=19 display_frame=1742 guard_errors=0 quiesce=1742 resume_before=1741 lifecycle_errors=0 pause_req=1742 pause_ack=1742 pause_timeout=0 cache_sync_err=0 raw_post_err=0 overlap=0 finish_collision=0 tsf_waits=0 tsf_wait_us=0 tsf_wait_max_global_us=0 target=0 tolerance=0 launch_samples=0 launch_min=0 launch_max=0 rgb_gain=110 present=canvas chunk_lines=80 repeats=1 tsf_errors=0
W (349865) rc_video: [CAM-DIAG-C16P] LIGHT stage=periodic window=19 sensor=real display=camera idle=0ms full_probe=0 cache=c2m_inv frames=810 changes=809 sync_changes=0 sync_calls=810 sync_skips=0 unique=8 overflow=802 pre=31f702f2 post=31f702f2 luma_avg=52.6 luma_min=15 luma_max=63 luma_last=53 avg_probe=2.275ms max_probe=2.817ms tsf_waits=0 tsf_wait_us=0 tsf_wait_max_global_us=0 launch_phase_samples=0 launch_phase_avg=0.0 launch_phase_min=0 launch_phase_max=0 tsf_errors=0
I (349896) rc_video: [CAM-DIAG-C16P] HEALTH window=19 display_frame=1772 guard_errors=0 quiesce=1772 resume_before=1771 lifecycle_errors=0 pause_req=1772 pause_ack=1772 pause_timeout=0 cache_sync_err=0 raw_post_err=0 overlap=0 finish_collision=0 tsf_waits=0 tsf_wait_us=0 tsf_wait_max_global_us=0 target=0 tolerance=0 launch_samples=0 launch_min=0 launch_max=0 rgb_gain=110 present=canvas chunk_lines=80 repeats=1 tsf_errors=0
W (354693) rc_video: [CAM-DIAG-C16P] LIGHT stage=periodic window=19 sensor=real display=camera idle=0ms full_probe=0 cache=c2m_inv frames=840 changes=839 sync_changes=0 sync_calls=840 sync_skips=0 unique=8 overflow=832 pre=40f603c0 post=40f603c0 luma_avg=52.6 luma_min=15 luma_max=63 luma_last=53 avg_probe=2.276ms max_probe=2.817ms tsf_waits=0 tsf_wait_us=0 tsf_wait_max_global_us=0 launch_phase_samples=0 launch_phase_avg=0.0 launch_phase_min=0 launch_phase_max=0 tsf_errors=0
I (354724) rc_video: [CAM-DIAG-C16P] HEALTH window=19 display_frame=1802 guard_errors=0 quiesce=1802 resume_before=1801 lifecycle_errors=0 pause_req=1802 pause_ack=1802 pause_timeout=0 cache_sync_err=0 raw_post_err=0 overlap=0 finish_collision=0 tsf_waits=0 tsf_wait_us=0 tsf_wait_max_global_us=0 target=0 tolerance=0 launch_samples=0 launch_min=0 launch_max=0 rgb_gain=110 present=canvas chunk_lines=80 repeats=1 tsf_errors=0
W (359522) rc_video: [CAM-DIAG-C16P] LIGHT stage=periodic window=19 sensor=real display=camera idle=0ms full_probe=0 cache=c2m_inv frames=870 changes=869 sync_changes=0 sync_calls=870 sync_skips=0 unique=8 overflow=862 pre=2b330c2c post=2b330c2c luma_avg=52.6 luma_min=15 luma_max=63 luma_last=53 avg_probe=2.276ms max_probe=2.817ms tsf_waits=0 tsf_wait_us=0 tsf_wait_max_global_us=0 launch_phase_samples=0 launch_phase_avg=0.0 launch_phase_min=0 launch_phase_max=0 tsf_errors=0
I (359553) rc_video: [CAM-DIAG-C16P] HEALTH window=19 display_frame=1832 guard_errors=0 quiesce=1832 resume_before=1831 lifecycle_errors=0 pause_req=1832 pause_ack=1832 pause_timeout=0 cache_sync_err=0 raw_post_err=0 overlap=0 finish_collision=0 tsf_waits=0 tsf_wait_us=0 tsf_wait_max_global_us=0 target=0 tolerance=0 launch_samples=0 launch_min=0 launch_max=0 rgb_gain=110 present=canvas chunk_lines=80 repeats=1 tsf_errors=0
