W (45342) rc_tank: [CAM-DIAG-C16Q] WINDOW_01 repeat: wifi=off camera=off display=black cache=none; camera_init=next
W (45342) rc_video: [CAM-DIAG-C16Q] PROFILE window=1 sensor=real display=camera idle=0ms full_probe=0 cache=none capture=0
I (45351) rc_tank: [STEP] Camera init starting...
I (45356) rc_video: Initializing camera (SP0A39 640x480 VYUY)
W (45361) rc_video: [CAM-DIAG-C16Q] staged DVP init core=0; Wi-Fi task core=0; configured_internal_dma=102400; free_internal=230795 largest_internal_dma=110592
I (45375) board_camera: initializing SP0A39 camera mode=0 640x480
I (45381) camera_hal: init SP0A39 DVP 640x480 (SCCB manual mode)
I (45387) camera_hal: configuring IOEX pins for camera RESET/PWDN
I (45394) camera_hal: PWDN=HIGH (power down)
I (45407) camera_hal: PWDN=LOW (release sensor)
I (45607) camera_hal: RESET=LOW (assert reset)
I (45627) camera_hal: RESET=HIGH (release reset)
I (46627) camera_hal: full I2C scan after camera power-up (diagnostic only)...
I (46629) camera_hal:   post-powerup ACK at 0x15
I (46629) camera_hal:   post-powerup ACK at 0x18
I (46632) camera_hal:   post-powerup ACK at 0x21
I (46636) camera_hal:   post-powerup ACK at 0x22
I (46644) camera_hal:   post-powerup ACK at 0x40
I (46646) camera_hal:   post-powerup ACK at 0x51
I (46652) camera_hal:   post-powerup ACK at 0x68
I (46655) camera_hal: DVP GPIO diagnostics (checking PCLK/VSYNC/HSYNC activity)...
I (46721) camera_hal: DVP diagnostics: PCLK_changes=0 VSYNC_changes=0 HSYNC_changes=0
W (46721) camera_hal: PCLK has no transitions - MCLK likely not reaching sensor or sensor not active
I (46726) camera_hal: using sensor address 0x21
I (46731) camera_hal: SP0A39 I2C device added at 0x21
I (46737) camera_hal: SP0A39 chip ID: 0x0A39
I (46859) camera_hal: SP0A39 register init done: VYUY 640x480 (359 regs)
I (46860) camera_hal: [CAM-PROBE] SP0A39 p0_31 stage=post_table value=0x00 expected=0x01
E (46862) camera_hal: camera_hal_verify_expected_output_p0_31(92): unexpected p0_31=0x00 at post_table
W (46871) camera_hal: [CAM-PROBE] output state differs after table; continuing: ESP_ERR_INVALID_RESPONSE
I (46901) camera_hal: [CAM-PROBE] SP0A39 p0_31 stage=post_delay value=0x01 expected=0x01
I (46902) camera_hal: camera HAL initialized (sensor ready, DVP capture not yet implemented)
I (46906) board_camera: camera ready
I (46914) camera_hal: SP0A39 output regs: P0:1c=0x00 P0:30=0x01 P0:31=0x01 P1:32=0x15 P1:34=0xeb P1:35=0x00 P1:36=0x10
I (47048) rc_video:   3 DMA-capable PSRAM framebuffers allocated (600 KB each)
W (47091) rc_video: [CAM-DIAG-C16Q] capture handoff uses rc_capture_pool + backup
W (47091) rc_video: [DEBUG-C151] buffers fb0=0x3c0f6040 fb1=0x3c18c180 fb2=0x3c2222c0 backup=0x3c2b8400 payload=614400 storage=614400 alloc=614656 terminal_guard=256
W (47102) rc_video: [DEBUG-C151] heap stage=framebuffers_allocated intact=1
I (47110) dvp_ext: DVP Extended camera controller driver is initialized
W (47114) dvp_ext: [CAM-DIAG-C16Q] staged assembly uses GDMA-EOF direct copy; dma=102400 half=51200 queue_data_events=suppressed
W (47126) rc_video: [DEBUG-C151] heap stage=dvp_controller_created_before_start intact=1
W (47133) rc_video: [CAM-DIAG-C16Q] staged DVP controller created; configured_internal_dma=102400 free_internal=123715 largest_internal_dma=63488
I (47146) rc_video: Camera initialized
I (47150) rc_tank: [STEP] Camera init OK
W (47153) rc_tank: [CAM-DIAG-C16Q] TSF_GUARD window=2 beacon=0 after=0us budget=0us result=ESP_OK
W (47162) rc_tank: [CAM-DIAG-C16Q] TSF_TARGET window=2 phase=0us tolerance=0us result=ESP_OK
W (47170) rc_tank: [CAM-DIAG-C16Q] RGB_GAIN window=2 requested=110 result=ESP_OK
W (47177) rc_tank: [CAM-DIAG-C16Q] PRESENT window=2 mode=direct chunk_lines=60 repeats=1 result=ESP_OK
W (47186) rc_video: [CAM-DIAG-C16Q] PROFILE window=2 sensor=real display=camera idle=0ms full_probe=0 cache=c2m_inv capture=0
W (47197) rc_tank: [CAM-DIAG-C16Q] WINDOW_02 start: wifi=off sensor=real display=camera idle=0ms full_probe=off cache=c2m_inv dvp=staged100k protocol=off beacon=0 guard_after=0us capture_budget=0us target=0us tolerance=0us rgb_gain=110% present=direct chunk_lines=60 repeats=1
W (47197) rc_video: [CAM-DIAG-C16Q] LIGHT stage=complete window=1 sensor=real display=camera idle=0ms full_probe=0 cache=none frames=0 changes=0 sync_changes=0 sync_calls=0 sync_skips=0 unique=0 overflow=0 pre=00000000 post=00000000 luma_avg=0.0 luma_min=255 luma_max=0 luma_last=0 avg_probe=0.000ms max_probe=0.000ms tsf_waits=0 tsf_wait_us=0 tsf_wait_max_global_us=0 launch_phase_samples=0 launch_phase_avg=0.0 launch_phase_min=0 launch_phase_max=0 tsf_errors=0
I (47223) camera_hal: [CAM-PROBE] SP0A39 p0_31 stage=dvp_started value=0x01 expected=0x01
W (47295) rc_video: [CAM-DIAG-C16Q] scaled camera preview enabled (240x180 at 80,0; DVP started)
W (47300) rc_tank: [CAM-DIAG-C16Q] staged-100KiB VYUY camera preview started while Wi-Fi is off
W (51978) rc_video: [CAM-DIAG-C16Q] LIGHT stage=periodic window=2 sensor=real display=camera idle=0ms full_probe=0 cache=c2m_inv frames=30 changes=29 sync_changes=0 sync_calls=30 sync_skips=0 unique=8 overflow=22 pre=31d8dba1 post=31d8dba1 luma_avg=76.1 luma_min=76 luma_max=78 luma_last=76 avg_probe=2.199ms max_probe=2.604ms tsf_waits=0 tsf_wait_us=0 tsf_wait_max_global_us=0 launch_phase_samples=0 launch_phase_avg=0.0 launch_phase_min=0 launch_phase_max=0 tsf_errors=0
I (52008) rc_video: [CAM-DIAG-C16Q] HEALTH window=2 display_frame=30 guard_errors=0 quiesce=30 resume_before=29 lifecycle_errors=0 pause_req=30 pause_ack=30 pause_timeout=0 cache_sync_err=0 raw_post_err=0 overlap=0 finish_collision=0 tsf_waits=0 tsf_wait_us=0 tsf_wait_max_global_us=0 target=0 tolerance=0 launch_samples=0 launch_min=0 launch_max=0 rgb_gain=110 present=direct chunk_lines=60 repeats=1 tsf_errors=0 staged_events=330 staged_copies=330 staged_bytes=16896000 staged_tail=0 staged_forward=60 staged_fallback=0 staged_errors=0
W (56807) rc_video: [CAM-DIAG-C16Q] LIGHT stage=periodic window=2 sensor=real display=camera idle=0ms full_probe=0 cache=c2m_inv frames=60 changes=59 sync_changes=0 sync_calls=60 sync_skips=0 unique=8 overflow=52 pre=e982c857 post=e982c857 luma_avg=76.0 luma_min=76 luma_max=78 luma_last=76 avg_probe=2.193ms max_probe=2.604ms tsf_waits=0 tsf_wait_us=0 tsf_wait_max_global_us=0 launch_phase_samples=0 launch_phase_avg=0.0 launch_phase_min=0 launch_phase_max=0 tsf_errors=0
I (56837) rc_video: [CAM-DIAG-C16Q] HEALTH window=2 display_frame=60 guard_errors=0 quiesce=60 resume_before=59 lifecycle_errors=0 pause_req=60 pause_ack=60 pause_timeout=0 cache_sync_err=0 raw_post_err=0 overlap=0 finish_collision=0 tsf_waits=0 tsf_wait_us=0 tsf_wait_max_global_us=0 target=0 tolerance=0 launch_samples=0 launch_min=0 launch_max=0 rgb_gain=110 present=direct chunk_lines=60 repeats=1 tsf_errors=0 staged_events=660 staged_copies=660 staged_bytes=33792000 staged_tail=0 staged_forward=120 staged_fallback=0 staged_errors=0
W (57309) rc_tank: [DEBUG-C151] heap stage=window_2_end intact=1
W (57312) camera_hal: [CAM-DIAG-C16I] SP0A39 test_pattern=on P1:32 before=0x15 write=0x95 read=0x80 expected_bit=0x80
W (57426) rc_tank: [CAM-DIAG-C16Q] TSF_GUARD window=3 beacon=0 after=0us budget=0us result=ESP_OK
W (57427) rc_tank: [CAM-DIAG-C16Q] TSF_TARGET window=3 phase=0us tolerance=0us result=ESP_OK
W (57433) rc_tank: [CAM-DIAG-C16Q] RGB_GAIN window=3 requested=110 result=ESP_OK
W (57440) rc_tank: [CAM-DIAG-C16Q] PRESENT window=3 mode=direct chunk_lines=60 repeats=1 result=ESP_OK
W (57449) rc_video: [CAM-DIAG-C16Q] PROFILE window=3 sensor=pattern display=camera idle=0ms full_probe=1 cache=c2m_inv capture=64
W (57460) rc_tank: [CAM-DIAG-C16Q] WINDOW_03 start: wifi=off sensor=pattern display=camera idle=0ms full_probe=on cache=c2m_inv dvp=staged100k protocol=off beacon=0 guard_after=0us capture_budget=0us target=0us tolerance=0us rgb_gain=110% present=direct chunk_lines=60 repeats=1
W (57527) rc_video: [CAM-DIAG-C16Q] LIGHT stage=complete window=2 sensor=real display=camera idle=0ms full_probe=0 cache=c2m_inv frames=64 changes=63 sync_changes=0 sync_calls=64 sync_skips=0 unique=8 overflow=56 pre=082003aa post=082003aa luma_avg=76.8 luma_min=76 luma_max=123 luma_last=123 avg_probe=2.201ms max_probe=2.712ms tsf_waits=0 tsf_wait_us=0 tsf_wait_max_global_us=0 launch_phase_samples=0 launch_phase_avg=0.0 launch_phase_min=0 launch_phase_max=0 tsf_errors=0
W (62267) rc_video: [DEBUG-C151] display frame=90 consumer=0 active=-2/0x0->-2/0x0 select=180->180 became_active=0 overlap=0 overlap_count=0 finish=90 last_finished=0/0x3c0f6040 finish_active=0 finish_collision=0 guard=1 guard_errors=0 quiesce=90 resume_before=89 resume_pending=1 lifecycle_errors=0
I (62283) rc_video: [CAM-DIAG-C16Q] frame=90 window=3 sensor=pattern slot=0 addr=0x3c0f6040 gen=90->90 crc_first=b6b5b28a/b6b5b28a crc_mid=52b8a38d/52b8a38d crc_tail=aed88090/aed88090 stable=1 raw_full=5bf1a6cc raw_q=9170d752/bd9f3f6d/fc4794e7/8726f89b raw_edge=036bcf71 raw_probe=592.9ms cache_sync=ESP_OK cache_sync_err=0 light_post=082003aa stable=1 raw_post_err=0 chunk_crc=b98821bd/c16c2029/e81b3aa3 submit=3 complete=3 seq=270/270 stale=0 prepare=53.2ms draw=35.8ms
W (62941) rc_video: [CAM-DIAG-C16Q] LIGHT stage=periodic window=3 sensor=pattern display=camera idle=0ms full_probe=1 cache=c2m_inv frames=30 changes=0 sync_changes=0 sync_calls=30 sync_skips=0 unique=1 overflow=0 pre=082003aa post=082003aa luma_avg=123.0 luma_min=123 luma_max=123 luma_last=123 avg_probe=2.187ms max_probe=2.231ms tsf_waits=0 tsf_wait_us=0 tsf_wait_max_global_us=0 launch_phase_samples=0 launch_phase_avg=0.0 launch_phase_min=0 launch_phase_max=0 tsf_errors=0
I (62972) rc_video: [CAM-DIAG-C16Q] HEALTH window=3 display_frame=94 guard_errors=0 quiesce=94 resume_before=93 lifecycle_errors=0 pause_req=94 pause_ack=94 pause_timeout=0 cache_sync_err=0 raw_post_err=0 overlap=0 finish_collision=0 tsf_waits=0 tsf_wait_us=0 tsf_wait_max_global_us=0 target=0 tolerance=0 launch_samples=0 launch_min=0 launch_max=0 rgb_gain=110 present=direct chunk_lines=60 repeats=1 tsf_errors=0 staged_events=1034 staged_copies=1034 staged_bytes=52940800 staged_tail=0 staged_forward=188 staged_fallback=0 staged_errors=0
W (67485) rc_tank: [DEBUG-C151] heap stage=window_3_end_before_network intact=1
I (67486) rc_tank: [STEP] Network init starting...
I (67487) rc_net: Initializing as SoftAP (Tank)
I (67492) pp: pp rom version: e7ae62f
I (67494) net80211: net80211 rom version: e7ae62f
I (67501) wifi:wifi driver task: 3fce8710, prio:23, stack:6656, core=0
I (67509) wifi:wifi firmware version: 0947e8b
I (67509) wifi:wifi certification version: v7.0
I (67513) wifi:config NVS flash: enabled
I (67516) wifi:config nano formatting: disabled
I (67521) wifi:Init data frame dynamic rx buffer num: 32
I (67526) wifi:Init static rx mgmt buffer num: 5
I (67530) wifi:Init management short buffer num: 32
I (67535) wifi:Init dynamic tx buffer num: 64
I (67539) wifi:Init static tx FG buffer num: 2
I (67543) wifi:Init static rx buffer size: 1600
I (67547) wifi:Init static rx buffer num: 10
I (67551) wifi:Init dynamic rx buffer num: 32
I (67556) wifi_init: rx ba win: 6
I (67558) wifi_init: accept mbox: 6
I (67561) wifi_init: tcpip mbox: 16
I (67565) wifi_init: udp mbox: 6
I (67568) wifi_init: tcp mbox: 6
I (67571) wifi_init: tcp tx win: 5760
I (67574) wifi_init: tcp rx win: 5760
I (67577) wifi_init: tcp mss: 1440
I (67580) wifi_init: WiFi IRAM OP enabled
I (67584) wifi_init: WiFi RX IRAM OP enabled
I (67589) rc_net: AP set_mode/config, SSID=RC_TANK_F3AE79 ch=1
I (67674) phy_init: phy_version 711,97bcf0a2,Aug 25 2025,19:04:10
W (67675) phy_init: failed to load RF calibration data (0x1102), falling back to full calibration
I (67726) phy_init: Saving new calibration data due to checksum failure or outdated calibration data, mode(2)
I (67735) wifi:mode : softAP (44:1b:f6:f3:ae:79)
I (67740) wifi:Total power save buffer number: 32
I (67741) wifi:Init max length of beacon: 752/752
I (67741) wifi:Init max length of beacon: 752/752
I (67744) rc_net: SoftAP started, SSID: RC_TANK_F3AE79, Password: 12345678
I (67745) esp_netif_lwip: DHCP server started on interface WIFI_AP_DEF with IP: 192.168.4.1
I (67758) rc_tank: [STEP] Network init OK
I (67761) rc_tank: Tank SoftAP ready, waiting for remote...
W (67767) rc_tank: [CAM-DIAG-C16Q] PROTOCOL window=4 before=0x07 requested=0x07 after=0x07 name=bgn changed=0
I (67782) wifi:Total power save buffer number: 32
W (67783) rc_tank: [CAM-DIAG-C16Q] BEACON window=4 before=100 requested=200 after=200 changed=1
I (67785) esp_netif_lwip: DHCP server started on interface WIFI_AP_DEF with IP: 192.168.4.1
W (67805) rc_tank: [CAM-DIAG-C16Q] TSF_GUARD window=4 beacon=200 after=0us budget=0us result=ESP_OK
W (67813) rc_tank: [CAM-DIAG-C16Q] TSF_TARGET window=4 phase=0us tolerance=0us result=ESP_OK
W (67822) rc_tank: [CAM-DIAG-C16Q] RGB_GAIN window=4 requested=110 result=ESP_OK
W (67829) rc_tank: [CAM-DIAG-C16Q] PRESENT window=4 mode=direct chunk_lines=60 repeats=1 result=ESP_OK
W (67838) rc_video: [CAM-DIAG-C16Q] PROFILE window=4 sensor=pattern display=camera idle=0ms full_probe=1 cache=c2m_inv capture=120
W (67849) rc_tank: [CAM-DIAG-C16Q] WINDOW_04 start: wifi=on sensor=pattern display=camera idle=0ms full_probe=on cache=c2m_inv dvp=staged100k protocol=bgn beacon=200 guard_after=0us capture_budget=0us target=0us tolerance=0us rgb_gain=110% present=direct chunk_lines=60 repeats=1
W (67864) rc_video: [DEBUG-C151] display frame=120 consumer=0 active=-2/0x0->-2/0x0 select=240->240 became_active=0 overlap=0 overlap_count=0 finish=120 last_finished=0/0x3c0f6040 finish_active=0 finish_collision=0 guard=1 guard_errors=0 quiesce=120 resume_before=119 resume_pending=1 lifecycle_errors=0
I (67900) rc_video: [CAM-DIAG-C16Q] frame=120 window=3 sensor=pattern slot=0 addr=0x3c0f6040 gen=120->120 crc_first=b6b5b28a/b6b5b28a crc_mid=52b8a38d/52b8a38d crc_tail=aed88090/aed88090 stable=1 raw_full=5bf1a6cc raw_q=9170d752/bd9f3f6d/fc4794e7/8726f89b raw_edge=036bcf71 raw_probe=659.9ms cache_sync=ESP_OK cache_sync_err=0 light_post=082003aa stable=1 raw_post_err=0 chunk_crc=b98821bd/c16c2029/e81b3aa3 submit=3 complete=3 seq=360/360 stale=0 prepare=65.7ms draw=35.9ms
W (67942) rc_video: [CAM-DIAG-C16Q] LIGHT stage=complete window=3 sensor=pattern display=camera idle=0ms full_probe=1 cache=c2m_inv frames=56 changes=0 sync_changes=0 sync_calls=56 sync_skips=0 unique=1 overflow=0 pre=082003aa post=082003aa luma_avg=123.0 luma_min=123 luma_max=123 luma_last=123 avg_probe=2.187ms max_probe=2.235ms tsf_waits=0 tsf_wait_us=0 tsf_wait_max_global_us=0 launch_phase_samples=0 launch_phase_avg=0.0 launch_phase_min=0 launch_phase_max=0 tsf_errors=0
W (73312) rc_video: [CAM-DIAG-C16Q] LIGHT stage=periodic window=4 sensor=pattern display=camera idle=0ms full_probe=1 cache=c2m_inv frames=30 changes=0 sync_changes=0 sync_calls=30 sync_skips=0 unique=1 overflow=0 pre=082003aa post=082003aa luma_avg=123.0 luma_min=123 luma_max=123 luma_last=123 avg_probe=2.244ms max_probe=2.445ms tsf_waits=0 tsf_wait_us=0 tsf_wait_max_global_us=0 launch_phase_samples=0 launch_phase_avg=0.0 launch_phase_min=0 launch_phase_max=0 tsf_errors=0
I (73343) rc_video: [CAM-DIAG-C16Q] HEALTH window=4 display_frame=150 guard_errors=0 quiesce=150 resume_before=149 lifecycle_errors=0 pause_req=150 pause_ack=150 pause_timeout=0 cache_sync_err=0 raw_post_err=0 overlap=0 finish_collision=0 tsf_waits=0 tsf_wait_us=0 tsf_wait_max_global_us=0 target=0 tolerance=0 launch_samples=0 launch_min=0 launch_max=0 rgb_gain=110 present=direct chunk_lines=60 repeats=1 tsf_errors=0 staged_events=1650 staged_copies=1650 staged_bytes=84480000 staged_tail=0 staged_forward=300 staged_fallback=0 staged_errors=0
W (73390) rc_video: [DEBUG-C151] display frame=150 consumer=0 active=-2/0x0->-2/0x0 select=300->300 became_active=0 overlap=0 overlap_count=0 finish=150 last_finished=0/0x3c0f6040 finish_active=0 finish_collision=0 guard=1 guard_errors=0 quiesce=150 resume_before=149 resume_pending=1 lifecycle_errors=0
I (73417) rc_video: [CAM-DIAG-C16Q] frame=150 window=4 sensor=pattern slot=0 addr=0x3c0f6040 gen=150->150 crc_first=b6b5b28a/b6b5b28a crc_mid=52b8a38d/52b8a38d crc_tail=aed88090/aed88090 stable=1 raw_full=5bf1a6cc raw_q=9170d752/bd9f3f6d/fc4794e7/8726f89b raw_edge=036bcf71 raw_probe=593.5ms cache_sync=ESP_OK cache_sync_err=0 light_post=082003aa stable=1 raw_post_err=0 chunk_crc=b98821bd/c16c2029/e81b3aa3 submit=3 complete=3 seq=450/450 stale=0 prepare=53.3ms draw=36.2ms
W (77876) camera_hal: [CAM-DIAG-C16I] SP0A39 test_pattern=off P1:32 before=0x80 write=0x00 read=0x15 expected_bit=0x00
W (77977) rc_tank: [CAM-DIAG-C16Q] PROTOCOL window=5 before=0x07 requested=0x07 after=0x07 name=bgn changed=0
W (77978) rc_tank: [CAM-DIAG-C16Q] BEACON window=5 before=200 requested=200 after=200 changed=0
W (77985) rc_tank: [CAM-DIAG-C16Q] TSF_GUARD window=5 beacon=200 after=0us budget=0us result=ESP_OK
W (77994) rc_tank: [CAM-DIAG-C16Q] TSF_TARGET window=5 phase=0us tolerance=0us result=ESP_OK
W (78002) rc_tank: [CAM-DIAG-C16Q] RGB_GAIN window=5 requested=110 result=ESP_OK
W (78009) rc_tank: [CAM-DIAG-C16Q] PRESENT window=5 mode=direct chunk_lines=60 repeats=1 result=ESP_OK
W (78018) rc_video: [CAM-DIAG-C16Q] PROFILE window=5 sensor=real display=camera idle=0ms full_probe=0 cache=c2m_inv capture=179
W (78029) rc_tank: [CAM-DIAG-C16Q] WINDOW_05 start: wifi=on sensor=real display=camera idle=0ms full_probe=off cache=c2m_inv dvp=staged100k protocol=bgn beacon=200 guard_after=0us capture_budget=0us target=0us tolerance=0us rgb_gain=110% present=direct chunk_lines=60 repeats=1
W (78071) rc_video: [CAM-DIAG-C16Q] LIGHT stage=complete window=4 sensor=pattern display=camera idle=0ms full_probe=1 cache=c2m_inv frames=59 changes=1 sync_changes=0 sync_calls=59 sync_skips=0 unique=2 overflow=0 pre=fab6abf0 post=fab6abf0 luma_avg=121.8 luma_min=51 luma_max=123 luma_last=51 avg_probe=2.263ms max_probe=2.564ms tsf_waits=0 tsf_wait_us=0 tsf_wait_max_global_us=0 launch_phase_samples=0 launch_phase_avg=0.0 launch_phase_min=0 launch_phase_max=0 tsf_errors=0
W (82811) rc_video: [CAM-DIAG-C16Q] LIGHT stage=periodic window=5 sensor=real display=camera idle=0ms full_probe=0 cache=c2m_inv frames=30 changes=29 sync_changes=0 sync_calls=30 sync_skips=0 unique=8 overflow=22 pre=40a31d3c post=40a31d3c luma_avg=51.0 luma_min=51 luma_max=52 luma_last=51 avg_probe=2.265ms max_probe=2.600ms tsf_waits=0 tsf_wait_us=0 tsf_wait_max_global_us=0 launch_phase_samples=0 launch_phase_avg=0.0 launch_phase_min=0 launch_phase_max=0 tsf_errors=0
I (82841) rc_video: [CAM-DIAG-C16Q] HEALTH window=5 display_frame=209 guard_errors=0 quiesce=209 resume_before=208 lifecycle_errors=0 pause_req=209 pause_ack=209 pause_timeout=0 cache_sync_err=0 raw_post_err=0 overlap=0 finish_collision=0 tsf_waits=0 tsf_wait_us=0 tsf_wait_max_global_us=0 target=0 tolerance=0 launch_samples=0 launch_min=0 launch_max=0 rgb_gain=110 present=direct chunk_lines=60 repeats=1 tsf_errors=0 staged_events=2299 staged_copies=2299 staged_bytes=117708800 staged_tail=0 staged_forward=418 staged_fallback=0 staged_errors=0
W (87640) rc_video: [CAM-DIAG-C16Q] LIGHT stage=periodic window=5 sensor=real display=camera idle=0ms full_probe=0 cache=c2m_inv frames=60 changes=59 sync_changes=0 sync_calls=60 sync_skips=0 unique=8 overflow=52 pre=8ca685f2 post=8ca685f2 luma_avg=51.0 luma_min=51 luma_max=52 luma_last=51 avg_probe=2.278ms max_probe=2.702ms tsf_waits=0 tsf_wait_us=0 tsf_wait_max_global_us=0 launch_phase_samples=0 launch_phase_avg=0.0 launch_phase_min=0 launch_phase_max=0 tsf_errors=0
I (87671) rc_video: [CAM-DIAG-C16Q] HEALTH window=5 display_frame=239 guard_errors=0 quiesce=239 resume_before=238 lifecycle_errors=0 pause_req=239 pause_ack=239 pause_timeout=0 cache_sync_err=0 raw_post_err=0 overlap=0 finish_collision=0 tsf_waits=0 tsf_wait_us=0 tsf_wait_max_global_us=0 target=0 tolerance=0 launch_samples=0 launch_min=0 launch_max=0 rgb_gain=110 present=direct chunk_lines=60 repeats=1 tsf_errors=0 staged_events=2629 staged_copies=2629 staged_bytes=134604800 staged_tail=0 staged_forward=478 staged_fallback=0 staged_errors=0
W (88055) camera_hal: [CAM-DIAG-C16I] SP0A39 test_pattern=on P1:32 before=0x00 write=0x80 read=0x80 expected_bit=0x80
W (88156) rc_tank: [CAM-DIAG-C16Q] PROTOCOL window=6 before=0x07 requested=0x07 after=0x07 name=bgn changed=0
W (88157) rc_tank: [CAM-DIAG-C16Q] BEACON window=6 before=200 requested=200 after=200 changed=0
W (88164) rc_tank: [CAM-DIAG-C16Q] TSF_GUARD window=6 beacon=200 after=0us budget=0us result=ESP_OK
W (88172) rc_tank: [CAM-DIAG-C16Q] TSF_TARGET window=6 phase=0us tolerance=0us result=ESP_OK
W (88181) rc_tank: [CAM-DIAG-C16Q] RGB_GAIN window=6 requested=110 result=ESP_OK
W (88188) rc_tank: [CAM-DIAG-C16Q] PRESENT window=6 mode=direct chunk_lines=60 repeats=1 result=ESP_OK
W (88197) rc_video: [CAM-DIAG-C16Q] PROFILE window=6 sensor=pattern display=camera idle=0ms full_probe=1 cache=c2m_inv capture=242
W (88198) rc_video: [CAM-DIAG-C16Q] LIGHT stage=complete window=5 sensor=real display=camera idle=0ms full_probe=0 cache=c2m_inv frames=63 changes=62 sync_changes=0 sync_calls=63 sync_skips=0 unique=8 overflow=55 pre=74cfb7da post=74cfb7da luma_avg=52.2 luma_min=51 luma_max=123 luma_last=123 avg_probe=2.276ms max_probe=2.702ms tsf_waits=0 tsf_wait_us=0 tsf_wait_max_global_us=0 launch_phase_samples=0 launch_phase_avg=0.0 launch_phase_min=0 launch_phase_max=0 tsf_errors=0
W (88208) rc_tank: [CAM-DIAG-C16Q] WINDOW_06 start: wifi=on sensor=pattern display=camera idle=0ms full_probe=on cache=c2m_inv dvp=staged100k protocol=bgn beacon=200 guard_after=0us capture_budget=0us target=0us tolerance=0us rgb_gain=110% present=direct chunk_lines=60 repeats=1
W (93260) rc_video: [DEBUG-C151] display frame=270 consumer=0 active=-2/0x0->-2/0x0 select=540->540 became_active=0 overlap=0 overlap_count=0 finish=270 last_finished=0/0x3c0f6040 finish_active=0 finish_collision=0 guard=1 guard_errors=0 quiesce=270 resume_before=269 resume_pending=1 lifecycle_errors=0
I (93276) rc_video: [CAM-DIAG-C16Q] frame=270 window=6 sensor=pattern slot=0 addr=0x3c0f6040 gen=270->270 crc_first=5f96bfc5/5f96bfc5 crc_mid=52b8a38d/52b8a38d crc_tail=c2d3e555/c2d3e555 stable=1 raw_full=0e365c2f raw_q=e50a993e/b69a4a49/e79fc5d1/a3354e62 raw_edge=876720b3 raw_probe=593.5ms cache_sync=ESP_OK cache_sync_err=0 light_post=74cfb7da stable=1 raw_post_err=0 chunk_crc=50ef1413/1a39f45a/e81b3aa3 submit=3 complete=3 seq=810/810 stale=0 prepare=53.5ms draw=36.1ms
W (93616) rc_video: [CAM-DIAG-C16Q] LIGHT stage=periodic window=6 sensor=pattern display=camera idle=0ms full_probe=1 cache=c2m_inv frames=30 changes=0 sync_changes=0 sync_calls=30 sync_skips=0 unique=1 overflow=0 pre=74cfb7da post=74cfb7da luma_avg=123.0 luma_min=123 luma_max=123 luma_last=123 avg_probe=2.270ms max_probe=2.663ms tsf_waits=0 tsf_wait_us=0 tsf_wait_max_global_us=0 launch_phase_samples=0 launch_phase_avg=0.0 launch_phase_min=0 launch_phase_max=0 tsf_errors=0
I (93647) rc_video: [CAM-DIAG-C16Q] HEALTH window=6 display_frame=272 guard_errors=0 quiesce=272 resume_before=271 lifecycle_errors=0 pause_req=272 pause_ack=272 pause_timeout=0 cache_sync_err=0 raw_post_err=0 overlap=0 finish_collision=0 tsf_waits=0 tsf_wait_us=0 tsf_wait_max_global_us=0 target=0 tolerance=0 launch_samples=0 launch_min=0 launch_max=0 rgb_gain=110 present=direct chunk_lines=60 repeats=1 tsf_errors=0 staged_events=2992 staged_copies=2992 staged_bytes=153190400 staged_tail=0 staged_forward=544 staged_fallback=0 staged_errors=0
W (98276) camera_hal: [CAM-DIAG-C16I] SP0A39 test_pattern=off P1:32 before=0x80 write=0x00 read=0x00 expected_bit=0x00
W (98377) rc_tank: [CAM-DIAG-C16Q] PROTOCOL window=7 before=0x07 requested=0x07 after=0x07 name=bgn changed=0
W (98378) rc_tank: [CAM-DIAG-C16Q] BEACON window=7 before=200 requested=200 after=200 changed=0
W (98384) rc_tank: [CAM-DIAG-C16Q] TSF_GUARD window=7 beacon=200 after=0us budget=0us result=ESP_OK
W (98393) rc_tank: [CAM-DIAG-C16Q] TSF_TARGET window=7 phase=0us tolerance=0us result=ESP_OK
W (98401) rc_tank: [CAM-DIAG-C16Q] RGB_GAIN window=7 requested=110 result=ESP_OK
W (98408) rc_tank: [CAM-DIAG-C16Q] PRESENT window=7 mode=direct chunk_lines=60 repeats=1 result=ESP_OK
W (98417) rc_video: [CAM-DIAG-C16Q] PROFILE window=7 sensor=real display=camera idle=0ms full_probe=0 cache=c2m_inv capture=300
W (98429) rc_tank: [CAM-DIAG-C16Q] WINDOW_07 start: wifi=on sensor=real display=camera idle=0ms full_probe=off cache=c2m_inv dvp=staged100k protocol=bgn beacon=200 guard_after=0us capture_budget=0us target=0us tolerance=0us rgb_gain=110% present=direct chunk_lines=60 repeats=1
W (98453) rc_tank: [CAM-DIAG-C16Q] staged-assembly sequence complete; hold WINDOW_07 wifi=on real cache=c2m_inv staged_dma=102400B protocol=bgn beacon=200 tsf_guard=off rgb_gain=110% present=direct chunk_lines=60 repeats=1
I (98472) rc_tank: Tank running (video + control; audio disabled)
I (98478) rc_tank: app_main done, idle loop
W (98793) rc_video: [DEBUG-C151] display frame=300 consumer=0 active=-2/0x0->-2/0x0 select=600->600 became_active=0 overlap=0 overlap_count=0 finish=300 last_finished=0/0x3c0f6040 finish_active=0 finish_collision=0 guard=1 guard_errors=0 quiesce=300 resume_before=299 resume_pending=1 lifecycle_errors=0
I (98809) rc_video: [CAM-DIAG-C16Q] frame=300 window=6 sensor=pattern slot=0 addr=0x3c0f6040 gen=300->300 crc_first=5f96bfc5/5f96bfc5 crc_mid=52b8a38d/52b8a38d crc_tail=c2d3e555/c2d3e555 stable=1 raw_full=0e365c2f raw_q=e50a993e/b69a4a49/e79fc5d1/a3354e62 raw_edge=876720b3 raw_probe=625.2ms cache_sync=ESP_OK cache_sync_err=0 light_post=74cfb7da stable=1 raw_post_err=0 chunk_crc=50ef1413/1a39f45a/e81b3aa3 submit=3 complete=3 seq=900/900 stale=0 prepare=53.4ms draw=36.4ms
W (98851) rc_video: [CAM-DIAG-C16Q] LIGHT stage=complete window=6 sensor=pattern display=camera idle=0ms full_probe=1 cache=c2m_inv frames=58 changes=0 sync_changes=0 sync_calls=58 sync_skips=0 unique=1 overflow=0 pre=74cfb7da post=74cfb7da luma_avg=123.0 luma_min=123 luma_max=123 luma_last=123 avg_probe=2.262ms max_probe=2.663ms tsf_waits=0 tsf_wait_us=0 tsf_wait_max_global_us=0 launch_phase_samples=0 launch_phase_avg=0.0 launch_phase_min=0 launch_phase_max=0 tsf_errors=0
W (103590) rc_video: [CAM-DIAG-C16Q] LIGHT stage=periodic window=7 sensor=real display=camera idle=0ms full_probe=0 cache=c2m_inv frames=30 changes=29 sync_changes=0 sync_calls=30 sync_skips=0 unique=8 overflow=22 pre=b96cbea9 post=b96cbea9 luma_avg=51.1 luma_min=51 luma_max=52 luma_last=51 avg_probe=2.239ms max_probe=2.450ms tsf_waits=0 tsf_wait_us=0 tsf_wait_max_global_us=0 launch_phase_samples=0 launch_phase_avg=0.0 launch_phase_min=0 launch_phase_max=0 tsf_errors=0
I (103621) rc_video: [CAM-DIAG-C16Q] HEALTH window=7 display_frame=330 guard_errors=0 quiesce=330 resume_before=329 lifecycle_errors=0 pause_req=330 pause_ack=330 pause_timeout=0 cache_sync_err=0 raw_post_err=0 overlap=0 finish_collision=0 tsf_waits=0 tsf_wait_us=0 tsf_wait_max_global_us=0 target=0 tolerance=0 launch_samples=0 launch_min=0 launch_max=0 rgb_gain=110 present=direct chunk_lines=60 repeats=1 tsf_errors=0 staged_events=3630 staged_copies=3630 staged_bytes=185856000 staged_tail=0 staged_forward=660 staged_fallback=0 staged_errors=0
W (108419) rc_video: [CAM-DIAG-C16Q] LIGHT stage=periodic window=7 sensor=real display=camera idle=0ms full_probe=0 cache=c2m_inv frames=60 changes=59 sync_changes=0 sync_calls=60 sync_skips=0 unique=8 overflow=52 pre=f34ea658 post=f34ea658 luma_avg=51.1 luma_min=51 luma_max=52 luma_last=51 avg_probe=2.256ms max_probe=2.582ms tsf_waits=0 tsf_wait_us=0 tsf_wait_max_global_us=0 launch_phase_samples=0 launch_phase_avg=0.0 launch_phase_min=0 launch_phase_max=0 tsf_errors=0
I (108450) rc_video: [CAM-DIAG-C16Q] HEALTH window=7 display_frame=360 guard_errors=0 quiesce=360 resume_before=359 lifecycle_errors=0 pause_req=360 pause_ack=360 pause_timeout=0 cache_sync_err=0 raw_post_err=0 overlap=0 finish_collision=0 tsf_waits=0 tsf_wait_us=0 tsf_wait_max_global_us=0 target=0 tolerance=0 launch_samples=0 launch_min=0 launch_max=0 rgb_gain=110 present=direct chunk_lines=60 repeats=1 tsf_errors=0 staged_events=3960 staged_copies=3960 staged_bytes=202752000 staged_tail=0 staged_forward=720 staged_fallback=0 staged_errors=0
W (113247) rc_video: [CAM-DIAG-C16Q] LIGHT stage=periodic window=7 sensor=real display=camera idle=0ms full_probe=0 cache=c2m_inv frames=90 changes=89 sync_changes=0 sync_calls=90 sync_skips=0 unique=8 overflow=82 pre=758790fe post=758790fe luma_avg=51.1 luma_min=51 luma_max=52 luma_last=52 avg_probe=2.254ms max_probe=2.661ms tsf_waits=0 tsf_wait_us=0 tsf_wait_max_global_us=0 launch_phase_samples=0 launch_phase_avg=0.0 launch_phase_min=0 launch_phase_max=0 tsf_errors=0
I (113278) rc_video: [CAM-DIAG-C16Q] HEALTH window=7 display_frame=390 guard_errors=0 quiesce=390 resume_before=389 lifecycle_errors=0 pause_req=390 pause_ack=390 pause_timeout=0 cache_sync_err=0 raw_post_err=0 overlap=0 finish_collision=0 tsf_waits=0 tsf_wait_us=0 tsf_wait_max_global_us=0 target=0 tolerance=0 launch_samples=0 launch_min=0 launch_max=0 rgb_gain=110 present=direct chunk_lines=60 repeats=1 tsf_errors=0 staged_events=4290 staged_copies=4290 staged_bytes=219648000 staged_tail=0 staged_forward=780 staged_fallback=0 staged_errors=0
W (118077) rc_video: [CAM-DIAG-C16Q] LIGHT stage=periodic window=7 sensor=real display=camera idle=0ms full_probe=0 cache=c2m_inv frames=120 changes=119 sync_changes=0 sync_calls=120 sync_skips=0 unique=8 overflow=112 pre=9c3e8bd9 post=9c3e8bd9 luma_avg=51.1 luma_min=51 luma_max=52 luma_last=51 avg_probe=2.253ms max_probe=2.661ms tsf_waits=0 tsf_wait_us=0 tsf_wait_max_global_us=0 launch_phase_samples=0 launch_phase_avg=0.0 launch_phase_min=0 launch_phase_max=0 tsf_errors=0
I (118108) rc_video: [CAM-DIAG-C16Q] HEALTH window=7 display_frame=420 guard_errors=0 quiesce=420 resume_before=419 lifecycle_errors=0 pause_req=420 pause_ack=420 pause_timeout=0 cache_sync_err=0 raw_post_err=0 overlap=0 finish_collision=0 tsf_waits=0 tsf_wait_us=0 tsf_wait_max_global_us=0 target=0 tolerance=0 launch_samples=0 launch_min=0 launch_max=0 rgb_gain=110 present=direct chunk_lines=60 repeats=1 tsf_errors=0 staged_events=4620 staged_copies=4620 staged_bytes=236544000 staged_tail=0 staged_forward=840 staged_fallback=0 staged_errors=0
W (122905) rc_video: [CAM-DIAG-C16Q] LIGHT stage=periodic window=7 sensor=real display=camera idle=0ms full_probe=0 cache=c2m_inv frames=150 changes=149 sync_changes=0 sync_calls=150 sync_skips=0 unique=8 overflow=142 pre=62590cfd post=62590cfd luma_avg=51.1 luma_min=51 luma_max=52 luma_last=52 avg_probe=2.257ms max_probe=2.661ms tsf_waits=0 tsf_wait_us=0 tsf_wait_max_global_us=0 launch_phase_samples=0 launch_phase_avg=0.0 launch_phase_min=0 launch_phase_max=0 tsf_errors=0
I (122936) rc_video: [CAM-DIAG-C16Q] HEALTH window=7 display_frame=450 guard_errors=0 quiesce=450 resume_before=449 lifecycle_errors=0 pause_req=450 pause_ack=450 pause_timeout=0 cache_sync_err=0 raw_post_err=0 overlap=0 finish_collision=0 tsf_waits=0 tsf_wait_us=0 tsf_wait_max_global_us=0 target=0 tolerance=0 launch_samples=0 launch_min=0 launch_max=0 rgb_gain=110 present=direct chunk_lines=60 repeats=1 tsf_errors=0 staged_events=4950 staged_copies=4950 staged_bytes=253440000 staged_tail=0 staged_forward=900 staged_fallback=0 staged_errors=0
W (127734) rc_video: [CAM-DIAG-C16Q] LIGHT stage=periodic window=7 sensor=real display=camera idle=0ms full_probe=0 cache=c2m_inv frames=180 changes=179 sync_changes=0 sync_calls=180 sync_skips=0 unique=8 overflow=172 pre=ca45cb51 post=ca45cb51 luma_avg=51.1 luma_min=51 luma_max=52 luma_last=51 avg_probe=2.258ms max_probe=2.691ms tsf_waits=0 tsf_wait_us=0 tsf_wait_max_global_us=0 launch_phase_samples=0 launch_phase_avg=0.0 launch_phase_min=0 launch_phase_max=0 tsf_errors=0
I (127765) rc_video: [CAM-DIAG-C16Q] HEALTH window=7 display_frame=480 guard_errors=0 quiesce=480 resume_before=479 lifecycle_errors=0 pause_req=480 pause_ack=480 pause_timeout=0 cache_sync_err=0 raw_post_err=0 overlap=0 finish_collision=0 tsf_waits=0 tsf_wait_us=0 tsf_wait_max_global_us=0 target=0 tolerance=0 launch_samples=0 launch_min=0 launch_max=0 rgb_gain=110 present=direct chunk_lines=60 repeats=1 tsf_errors=0 staged_events=5280 staged_copies=5280 staged_bytes=270336000 staged_tail=0 staged_forward=960 staged_fallback=0 staged_errors=0
W (132562) rc_video: [CAM-DIAG-C16Q] LIGHT stage=periodic window=7 sensor=real display=camera idle=0ms full_probe=0 cache=c2m_inv frames=210 changes=209 sync_changes=0 sync_calls=210 sync_skips=0 unique=8 overflow=202 pre=1d5090fb post=1d5090fb luma_avg=51.1 luma_min=51 luma_max=52 luma_last=51 avg_probe=2.255ms max_probe=2.691ms tsf_waits=0 tsf_wait_us=0 tsf_wait_max_global_us=0 launch_phase_samples=0 launch_phase_avg=0.0 launch_phase_min=0 launch_phase_max=0 tsf_errors=0
I (132593) rc_video: [CAM-DIAG-C16Q] HEALTH window=7 display_frame=510 guard_errors=0 quiesce=510 resume_before=509 lifecycle_errors=0 pause_req=510 pause_ack=510 pause_timeout=0 cache_sync_err=0 raw_post_err=0 overlap=0 finish_collision=0 tsf_waits=0 tsf_wait_us=0 tsf_wait_max_global_us=0 target=0 tolerance=0 launch_samples=0 launch_min=0 launch_max=0 rgb_gain=110 present=direct chunk_lines=60 repeats=1 tsf_errors=0 staged_events=5610 staged_copies=5610 staged_bytes=287232000 staged_tail=0 staged_forward=1020 staged_fallback=0 staged_errors=0
W (137391) rc_video: [CAM-DIAG-C16Q] LIGHT stage=periodic window=7 sensor=real display=camera idle=0ms full_probe=0 cache=c2m_inv frames=240 changes=239 sync_changes=0 sync_calls=240 sync_skips=0 unique=8 overflow=232 pre=5cf206cb post=5cf206cb luma_avg=51.1 luma_min=51 luma_max=52 luma_last=51 avg_probe=2.256ms max_probe=2.691ms tsf_waits=0 tsf_wait_us=0 tsf_wait_max_global_us=0 launch_phase_samples=0 launch_phase_avg=0.0 launch_phase_min=0 launch_phase_max=0 tsf_errors=0
I (137422) rc_video: [CAM-DIAG-C16Q] HEALTH window=7 display_frame=540 guard_errors=0 quiesce=540 resume_before=539 lifecycle_errors=0 pause_req=540 pause_ack=540 pause_timeout=0 cache_sync_err=0 raw_post_err=0 overlap=0 finish_collision=0 tsf_waits=0 tsf_wait_us=0 tsf_wait_max_global_us=0 target=0 tolerance=0 launch_samples=0 launch_min=0 launch_max=0 rgb_gain=110 present=direct chunk_lines=60 repeats=1 tsf_errors=0 staged_events=5940 staged_copies=5940 staged_bytes=304128000 staged_tail=0 staged_forward=1080 staged_fallback=0 staged_errors=0
W (142220) rc_video: [CAM-DIAG-C16Q] LIGHT stage=periodic window=7 sensor=real display=camera idle=0ms full_probe=0 cache=c2m_inv frames=270 changes=269 sync_changes=0 sync_calls=270 sync_skips=0 unique=8 overflow=262 pre=d086dcec post=d086dcec luma_avg=51.1 luma_min=51 luma_max=52 luma_last=51 avg_probe=2.259ms max_probe=2.691ms tsf_waits=0 tsf_wait_us=0 tsf_wait_max_global_us=0 launch_phase_samples=0 launch_phase_avg=0.0 launch_phase_min=0 launch_phase_max=0 tsf_errors=0
I (142251) rc_video: [CAM-DIAG-C16Q] HEALTH window=7 display_frame=570 guard_errors=0 quiesce=570 resume_before=569 lifecycle_errors=0 pause_req=570 pause_ack=570 pause_timeout=0 cache_sync_err=0 raw_post_err=0 overlap=0 finish_collision=0 tsf_waits=0 tsf_wait_us=0 tsf_wait_max_global_us=0 target=0 tolerance=0 launch_samples=0 launch_min=0 launch_max=0 rgb_gain=110 present=direct chunk_lines=60 repeats=1 tsf_errors=0 staged_events=6270 staged_copies=6270 staged_bytes=321024000 staged_tail=0 staged_forward=1140 staged_fallback=0 staged_errors=0
W (147048) rc_video: [CAM-DIAG-C16Q] LIGHT stage=periodic window=7 sensor=real display=camera idle=0ms full_probe=0 cache=c2m_inv frames=300 changes=299 sync_changes=0 sync_calls=300 sync_skips=0 unique=8 overflow=292 pre=b95f5412 post=b95f5412 luma_avg=51.1 luma_min=51 luma_max=52 luma_last=51 avg_probe=2.260ms max_probe=2.691ms tsf_waits=0 tsf_wait_us=0 tsf_wait_max_global_us=0 launch_phase_samples=0 launch_phase_avg=0.0 launch_phase_min=0 launch_phase_max=0 tsf_errors=0
I (147079) rc_video: [CAM-DIAG-C16Q] HEALTH window=7 display_frame=600 guard_errors=0 quiesce=600 resume_before=599 lifecycle_errors=0 pause_req=600 pause_ack=600 pause_timeout=0 cache_sync_err=0 raw_post_err=0 overlap=0 finish_collision=0 tsf_waits=0 tsf_wait_us=0 tsf_wait_max_global_us=0 target=0 tolerance=0 launch_samples=0 launch_min=0 launch_max=0 rgb_gain=110 present=direct chunk_lines=60 repeats=1 tsf_errors=0 staged_events=6600 staged_copies=6600 staged_bytes=337920000 staged_tail=0 staged_forward=1200 staged_fallback=0 staged_errors=0
W (151877) rc_video: [CAM-DIAG-C16Q] LIGHT stage=periodic window=7 sensor=real display=camera idle=0ms full_probe=0 cache=c2m_inv frames=330 changes=329 sync_changes=0 sync_calls=330 sync_skips=0 unique=8 overflow=322 pre=ca62f31c post=ca62f31c luma_avg=51.1 luma_min=51 luma_max=52 luma_last=51 avg_probe=2.259ms max_probe=2.691ms tsf_waits=0 tsf_wait_us=0 tsf_wait_max_global_us=0 launch_phase_samples=0 launch_phase_avg=0.0 launch_phase_min=0 launch_phase_max=0 tsf_errors=0
I (151908) rc_video: [CAM-DIAG-C16Q] HEALTH window=7 display_frame=630 guard_errors=0 quiesce=630 resume_before=629 lifecycle_errors=0 pause_req=630 pause_ack=630 pause_timeout=0 cache_sync_err=0 raw_post_err=0 overlap=0 finish_collision=0 tsf_waits=0 tsf_wait_us=0 tsf_wait_max_global_us=0 target=0 tolerance=0 launch_samples=0 launch_min=0 launch_max=0 rgb_gain=110 present=direct chunk_lines=60 repeats=1 tsf_errors=0 staged_events=6930 staged_copies=6930 staged_bytes=354816000 staged_tail=0 staged_forward=1260 staged_fallback=0 staged_errors=0
W (156705) rc_video: [CAM-DIAG-C16Q] LIGHT stage=periodic window=7 sensor=real display=camera idle=0ms full_probe=0 cache=c2m_inv frames=360 changes=359 sync_changes=0 sync_calls=360 sync_skips=0 unique=8 overflow=352 pre=7810851c post=7810851c luma_avg=51.1 luma_min=51 luma_max=52 luma_last=51 avg_probe=2.261ms max_probe=2.691ms tsf_waits=0 tsf_wait_us=0 tsf_wait_max_global_us=0 launch_phase_samples=0 launch_phase_avg=0.0 launch_phase_min=0 launch_phase_max=0 tsf_errors=0
I (156736) rc_video: [CAM-DIAG-C16Q] HEALTH window=7 display_frame=660 guard_errors=0 quiesce=660 resume_before=659 lifecycle_errors=0 pause_req=660 pause_ack=660 pause_timeout=0 cache_sync_err=0 raw_post_err=0 overlap=0 finish_collision=0 tsf_waits=0 tsf_wait_us=0 tsf_wait_max_global_us=0 target=0 tolerance=0 launch_samples=0 launch_min=0 launch_max=0 rgb_gain=110 present=direct chunk_lines=60 repeats=1 tsf_errors=0 staged_events=7260 staged_copies=7260 staged_bytes=371712000 staged_tail=0 staged_forward=1320 staged_fallback=0 staged_errors=0
W (161534) rc_video: [CAM-DIAG-C16Q] LIGHT stage=periodic window=7 sensor=real display=camera idle=0ms full_probe=0 cache=c2m_inv frames=390 changes=389 sync_changes=0 sync_calls=390 sync_skips=0 unique=8 overflow=382 pre=5fadf491 post=5fadf491 luma_avg=51.1 luma_min=51 luma_max=52 luma_last=51 avg_probe=2.261ms max_probe=2.691ms tsf_waits=0 tsf_wait_us=0 tsf_wait_max_global_us=0 launch_phase_samples=0 launch_phase_avg=0.0 launch_phase_min=0 launch_phase_max=0 tsf_errors=0
I (161565) rc_video: [CAM-DIAG-C16Q] HEALTH window=7 display_frame=690 guard_errors=0 quiesce=690 resume_before=689 lifecycle_errors=0 pause_req=690 pause_ack=690 pause_timeout=0 cache_sync_err=0 raw_post_err=0 overlap=0 finish_collision=0 tsf_waits=0 tsf_wait_us=0 tsf_wait_max_global_us=0 target=0 tolerance=0 launch_samples=0 launch_min=0 launch_max=0 rgb_gain=110 present=direct chunk_lines=60 repeats=1 tsf_errors=0 staged_events=7590 staged_copies=7590 staged_bytes=388608000 staged_tail=0 staged_forward=1380 staged_fallback=0 staged_errors=0
W (166363) rc_video: [CAM-DIAG-C16Q] LIGHT stage=periodic window=7 sensor=real display=camera idle=0ms full_probe=0 cache=c2m_inv frames=420 changes=419 sync_changes=0 sync_calls=420 sync_skips=0 unique=8 overflow=412 pre=8e9c7022 post=8e9c7022 luma_avg=51.1 luma_min=51 luma_max=52 luma_last=51 avg_probe=2.261ms max_probe=2.691ms tsf_waits=0 tsf_wait_us=0 tsf_wait_max_global_us=0 launch_phase_samples=0 launch_phase_avg=0.0 launch_phase_min=0 launch_phase_max=0 tsf_errors=0
I (166394) rc_video: [CAM-DIAG-C16Q] HEALTH window=7 display_frame=720 guard_errors=0 quiesce=720 resume_before=719 lifecycle_errors=0 pause_req=720 pause_ack=720 pause_timeout=0 cache_sync_err=0 raw_post_err=0 overlap=0 finish_collision=0 tsf_waits=0 tsf_wait_us=0 tsf_wait_max_global_us=0 target=0 tolerance=0 launch_samples=0 launch_min=0 launch_max=0 rgb_gain=110 present=direct chunk_lines=60 repeats=1 tsf_errors=0 staged_events=7920 staged_copies=7920 staged_bytes=405504000 staged_tail=0 staged_forward=1440 staged_fallback=0 staged_errors=0
W (171191) rc_video: [CAM-DIAG-C16Q] LIGHT stage=periodic window=7 sensor=real display=camera idle=0ms full_probe=0 cache=c2m_inv frames=450 changes=449 sync_changes=0 sync_calls=450 sync_skips=0 unique=8 overflow=442 pre=d7a3763e post=d7a3763e luma_avg=51.1 luma_min=51 luma_max=52 luma_last=51 avg_probe=2.262ms max_probe=2.691ms tsf_waits=0 tsf_wait_us=0 tsf_wait_max_global_us=0 launch_phase_samples=0 launch_phase_avg=0.0 launch_phase_min=0 launch_phase_max=0 tsf_errors=0
I (171222) rc_video: [CAM-DIAG-C16Q] HEALTH window=7 display_frame=750 guard_errors=0 quiesce=750 resume_before=749 lifecycle_errors=0 pause_req=750 pause_ack=750 pause_timeout=0 cache_sync_err=0 raw_post_err=0 overlap=0 finish_collision=0 tsf_waits=0 tsf_wait_us=0 tsf_wait_max_global_us=0 target=0 tolerance=0 launch_samples=0 launch_min=0 launch_max=0 rgb_gain=110 present=direct chunk_lines=60 repeats=1 tsf_errors=0 staged_events=8250 staged_copies=8250 staged_bytes=422400000 staged_tail=0 staged_forward=1500 staged_fallback=0 staged_errors=0
W (176020) rc_video: [CAM-DIAG-C16Q] LIGHT stage=periodic window=7 sensor=real display=camera idle=0ms full_probe=0 cache=c2m_inv frames=480 changes=479 sync_changes=0 sync_calls=480 sync_skips=0 unique=8 overflow=472 pre=83988037 post=83988037 luma_avg=51.1 luma_min=51 luma_max=52 luma_last=51 avg_probe=2.264ms max_probe=2.691ms tsf_waits=0 tsf_wait_us=0 tsf_wait_max_global_us=0 launch_phase_samples=0 launch_phase_avg=0.0 launch_phase_min=0 launch_phase_max=0 tsf_errors=0
I (176051) rc_video: [CAM-DIAG-C16Q] HEALTH window=7 display_frame=780 guard_errors=0 quiesce=780 resume_before=779 lifecycle_errors=0 pause_req=780 pause_ack=780 pause_timeout=0 cache_sync_err=0 raw_post_err=0 overlap=0 finish_collision=0 tsf_waits=0 tsf_wait_us=0 tsf_wait_max_global_us=0 target=0 tolerance=0 launch_samples=0 launch_min=0 launch_max=0 rgb_gain=110 present=direct chunk_lines=60 repeats=1 tsf_errors=0 staged_events=8580 staged_copies=8580 staged_bytes=439296000 staged_tail=0 staged_forward=1560 staged_fallback=0 staged_errors=0
W (180849) rc_video: [CAM-DIAG-C16Q] LIGHT stage=periodic window=7 sensor=real display=camera idle=0ms full_probe=0 cache=c2m_inv frames=510 changes=509 sync_changes=0 sync_calls=510 sync_skips=0 unique=8 overflow=502 pre=adae8987 post=adae8987 luma_avg=51.1 luma_min=51 luma_max=52 luma_last=51 avg_probe=2.263ms max_probe=2.691ms tsf_waits=0 tsf_wait_us=0 tsf_wait_max_global_us=0 launch_phase_samples=0 launch_phase_avg=0.0 launch_phase_min=0 launch_phase_max=0 tsf_errors=0
I (180880) rc_video: [CAM-DIAG-C16Q] HEALTH window=7 display_frame=810 guard_errors=0 quiesce=810 resume_before=809 lifecycle_errors=0 pause_req=810 pause_ack=810 pause_timeout=0 cache_sync_err=0 raw_post_err=0 overlap=0 finish_collision=0 tsf_waits=0 tsf_wait_us=0 tsf_wait_max_global_us=0 target=0 tolerance=0 launch_samples=0 launch_min=0 launch_max=0 rgb_gain=110 present=direct chunk_lines=60 repeats=1 tsf_errors=0 staged_events=8910 staged_copies=8910 staged_bytes=456192000 staged_tail=0 staged_forward=1620 staged_fallback=0 staged_errors=0
W (185678) rc_video: [CAM-DIAG-C16Q] LIGHT stage=periodic window=7 sensor=real display=camera idle=0ms full_probe=0 cache=c2m_inv frames=540 changes=539 sync_changes=0 sync_calls=540 sync_skips=0 unique=8 overflow=532 pre=7af815ef post=7af815ef luma_avg=51.1 luma_min=51 luma_max=52 luma_last=51 avg_probe=2.264ms max_probe=2.691ms tsf_waits=0 tsf_wait_us=0 tsf_wait_max_global_us=0 launch_phase_samples=0 launch_phase_avg=0.0 launch_phase_min=0 launch_phase_max=0 tsf_errors=0
I (185709) rc_video: [CAM-DIAG-C16Q] HEALTH window=7 display_frame=840 guard_errors=0 quiesce=840 resume_before=839 lifecycle_errors=0 pause_req=840 pause_ack=840 pause_timeout=0 cache_sync_err=0 raw_post_err=0 overlap=0 finish_collision=0 tsf_waits=0 tsf_wait_us=0 tsf_wait_max_global_us=0 target=0 tolerance=0 launch_samples=0 launch_min=0 launch_max=0 rgb_gain=110 present=direct chunk_lines=60 repeats=1 tsf_errors=0 staged_events=9240 staged_copies=9240 staged_bytes=473088000 staged_tail=0 staged_forward=1680 staged_fallback=0 staged_errors=0
W (190506) rc_video: [CAM-DIAG-C16Q] LIGHT stage=periodic window=7 sensor=real display=camera idle=0ms full_probe=0 cache=c2m_inv frames=570 changes=569 sync_changes=0 sync_calls=570 sync_skips=0 unique=8 overflow=562 pre=c2fddf3e post=c2fddf3e luma_avg=51.1 luma_min=51 luma_max=52 luma_last=51 avg_probe=2.265ms max_probe=2.933ms tsf_waits=0 tsf_wait_us=0 tsf_wait_max_global_us=0 launch_phase_samples=0 launch_phase_avg=0.0 launch_phase_min=0 launch_phase_max=0 tsf_errors=0
I (190537) rc_video: [CAM-DIAG-C16Q] HEALTH window=7 display_frame=870 guard_errors=0 quiesce=870 resume_before=869 lifecycle_errors=0 pause_req=870 pause_ack=870 pause_timeout=0 cache_sync_err=0 raw_post_err=0 overlap=0 finish_collision=0 tsf_waits=0 tsf_wait_us=0 tsf_wait_max_global_us=0 target=0 tolerance=0 launch_samples=0 launch_min=0 launch_max=0 rgb_gain=110 present=direct chunk_lines=60 repeats=1 tsf_errors=0 staged_events=9570 staged_copies=9570 staged_bytes=489984000 staged_tail=0 staged_forward=1740 staged_fallback=0 staged_errors=0
W (195335) rc_video: [CAM-DIAG-C16Q] LIGHT stage=periodic window=7 sensor=real display=camera idle=0ms full_probe=0 cache=c2m_inv frames=600 changes=599 sync_changes=0 sync_calls=600 sync_skips=0 unique=8 overflow=592 pre=e316e184 post=e316e184 luma_avg=51.1 luma_min=51 luma_max=52 luma_last=51 avg_probe=2.263ms max_probe=2.933ms tsf_waits=0 tsf_wait_us=0 tsf_wait_max_global_us=0 launch_phase_samples=0 launch_phase_avg=0.0 launch_phase_min=0 launch_phase_max=0 tsf_errors=0
I (195366) rc_video: [CAM-DIAG-C16Q] HEALTH window=7 display_frame=900 guard_errors=0 quiesce=900 resume_before=899 lifecycle_errors=0 pause_req=900 pause_ack=900 pause_timeout=0 cache_sync_err=0 raw_post_err=0 overlap=0 finish_collision=0 tsf_waits=0 tsf_wait_us=0 tsf_wait_max_global_us=0 target=0 tolerance=0 launch_samples=0 launch_min=0 launch_max=0 rgb_gain=110 present=direct chunk_lines=60 repeats=1 tsf_errors=0 staged_events=9900 staged_copies=9900 staged_bytes=506880000 staged_tail=0 staged_forward=1800 staged_fallback=0 staged_errors=0
W (200164) rc_video: [CAM-DIAG-C16Q] LIGHT stage=periodic window=7 sensor=real display=camera idle=0ms full_probe=0 cache=c2m_inv frames=630 changes=629 sync_changes=0 sync_calls=630 sync_skips=0 unique=8 overflow=622 pre=cdfe922c post=cdfe922c luma_avg=51.0 luma_min=51 luma_max=52 luma_last=51 avg_probe=2.264ms max_probe=2.933ms tsf_waits=0 tsf_wait_us=0 tsf_wait_max_global_us=0 launch_phase_samples=0 launch_phase_avg=0.0 launch_phase_min=0 launch_phase_max=0 tsf_errors=0
I (200195) rc_video: [CAM-DIAG-C16Q] HEALTH window=7 display_frame=930 guard_errors=0 quiesce=930 resume_before=929 lifecycle_errors=0 pause_req=930 pause_ack=930 pause_timeout=0 cache_sync_err=0 raw_post_err=0 overlap=0 finish_collision=0 tsf_waits=0 tsf_wait_us=0 tsf_wait_max_global_us=0 target=0 tolerance=0 launch_samples=0 launch_min=0 launch_max=0 rgb_gain=110 present=direct chunk_lines=60 repeats=1 tsf_errors=0 staged_events=10230 staged_copies=10230 staged_bytes=523776000 staged_tail=0 staged_forward=1860 staged_fallback=0 staged_errors=0
W (204992) rc_video: [CAM-DIAG-C16Q] LIGHT stage=periodic window=7 sensor=real display=camera idle=0ms full_probe=0 cache=c2m_inv frames=660 changes=659 sync_changes=0 sync_calls=660 sync_skips=0 unique=8 overflow=652 pre=8802b8f2 post=8802b8f2 luma_avg=51.0 luma_min=51 luma_max=52 luma_last=51 avg_probe=2.263ms max_probe=2.933ms tsf_waits=0 tsf_wait_us=0 tsf_wait_max_global_us=0 launch_phase_samples=0 launch_phase_avg=0.0 launch_phase_min=0 launch_phase_max=0 tsf_errors=0
I (205023) rc_video: [CAM-DIAG-C16Q] HEALTH window=7 display_frame=960 guard_errors=0 quiesce=960 resume_before=959 lifecycle_errors=0 pause_req=960 pause_ack=960 pause_timeout=0 cache_sync_err=0 raw_post_err=0 overlap=0 finish_collision=0 tsf_waits=0 tsf_wait_us=0 tsf_wait_max_global_us=0 target=0 tolerance=0 launch_samples=0 launch_min=0 launch_max=0 rgb_gain=110 present=direct chunk_lines=60 repeats=1 tsf_errors=0 staged_events=10560 staged_copies=10560 staged_bytes=540672000 staged_tail=0 staged_forward=1920 staged_fallback=0 staged_errors=0
W (209822) rc_video: [CAM-DIAG-C16Q] LIGHT stage=periodic window=7 sensor=real display=camera idle=0ms full_probe=0 cache=c2m_inv frames=690 changes=689 sync_changes=0 sync_calls=690 sync_skips=0 unique=8 overflow=682 pre=611f141e post=611f141e luma_avg=51.0 luma_min=51 luma_max=52 luma_last=51 avg_probe=2.263ms max_probe=2.933ms tsf_waits=0 tsf_wait_us=0 tsf_wait_max_global_us=0 launch_phase_samples=0 launch_phase_avg=0.0 launch_phase_min=0 launch_phase_max=0 tsf_errors=0
I (209853) rc_video: [CAM-DIAG-C16Q] HEALTH window=7 display_frame=990 guard_errors=0 quiesce=990 resume_before=989 lifecycle_errors=0 pause_req=990 pause_ack=990 pause_timeout=0 cache_sync_err=0 raw_post_err=0 overlap=0 finish_collision=0 tsf_waits=0 tsf_wait_us=0 tsf_wait_max_global_us=0 target=0 tolerance=0 launch_samples=0 launch_min=0 launch_max=0 rgb_gain=110 present=direct chunk_lines=60 repeats=1 tsf_errors=0 staged_events=10890 staged_copies=10890 staged_bytes=557568000 staged_tail=0 staged_forward=1980 staged_fallback=0 staged_errors=0
W (214650) rc_video: [CAM-DIAG-C16Q] LIGHT stage=periodic window=7 sensor=real display=camera idle=0ms full_probe=0 cache=c2m_inv frames=720 changes=719 sync_changes=0 sync_calls=720 sync_skips=0 unique=8 overflow=712 pre=9e8914bc post=9e8914bc luma_avg=51.0 luma_min=51 luma_max=52 luma_last=51 avg_probe=2.263ms max_probe=2.933ms tsf_waits=0 tsf_wait_us=0 tsf_wait_max_global_us=0 launch_phase_samples=0 launch_phase_avg=0.0 launch_phase_min=0 launch_phase_max=0 tsf_errors=0
I (214681) rc_video: [CAM-DIAG-C16Q] HEALTH window=7 display_frame=1020 guard_errors=0 quiesce=1020 resume_before=1019 lifecycle_errors=0 pause_req=1020 pause_ack=1020 pause_timeout=0 cache_sync_err=0 raw_post_err=0 overlap=0 finish_collision=0 tsf_waits=0 tsf_wait_us=0 tsf_wait_max_global_us=0 target=0 tolerance=0 launch_samples=0 launch_min=0 launch_max=0 rgb_gain=110 present=direct chunk_lines=60 repeats=1 tsf_errors=0 staged_events=11220 staged_copies=11220 staged_bytes=574464000 staged_tail=0 staged_forward=2040 staged_fallback=0 staged_errors=0
W (219478) rc_video: [CAM-DIAG-C16Q] LIGHT stage=periodic window=7 sensor=real display=camera idle=0ms full_probe=0 cache=c2m_inv frames=750 changes=749 sync_changes=0 sync_calls=750 sync_skips=0 unique=8 overflow=742 pre=f1c25371 post=f1c25371 luma_avg=51.0 luma_min=51 luma_max=52 luma_last=51 avg_probe=2.263ms max_probe=2.933ms tsf_waits=0 tsf_wait_us=0 tsf_wait_max_global_us=0 launch_phase_samples=0 launch_phase_avg=0.0 launch_phase_min=0 launch_phase_max=0 tsf_errors=0
I (219509) rc_video: [CAM-DIAG-C16Q] HEALTH window=7 display_frame=1050 guard_errors=0 quiesce=1050 resume_before=1049 lifecycle_errors=0 pause_req=1050 pause_ack=1050 pause_timeout=0 cache_sync_err=0 raw_post_err=0 overlap=0 finish_collision=0 tsf_waits=0 tsf_wait_us=0 tsf_wait_max_global_us=0 target=0 tolerance=0 launch_samples=0 launch_min=0 launch_max=0 rgb_gain=110 present=direct chunk_lines=60 repeats=1 tsf_errors=0 staged_events=11550 staged_copies=11550 staged_bytes=591360000 staged_tail=0 staged_forward=2100 staged_fallback=0 staged_errors=0
W (224307) rc_video: [CAM-DIAG-C16Q] LIGHT stage=periodic window=7 sensor=real display=camera idle=0ms full_probe=0 cache=c2m_inv frames=780 changes=779 sync_changes=0 sync_calls=780 sync_skips=0 unique=8 overflow=772 pre=d9230657 post=d9230657 luma_avg=51.0 luma_min=51 luma_max=52 luma_last=51 avg_probe=2.263ms max_probe=2.933ms tsf_waits=0 tsf_wait_us=0 tsf_wait_max_global_us=0 launch_phase_samples=0 launch_phase_avg=0.0 launch_phase_min=0 launch_phase_max=0 tsf_errors=0
I (224338) rc_video: [CAM-DIAG-C16Q] HEALTH window=7 display_frame=1080 guard_errors=0 quiesce=1080 resume_before=1079 lifecycle_errors=0 pause_req=1080 pause_ack=1080 pause_timeout=0 cache_sync_err=0 raw_post_err=0 overlap=0 finish_collision=0 tsf_waits=0 tsf_wait_us=0 tsf_wait_max_global_us=0 target=0 tolerance=0 launch_samples=0 launch_min=0 launch_max=0 rgb_gain=110 present=direct chunk_lines=60 repeats=1 tsf_errors=0 staged_events=11880 staged_copies=11880 staged_bytes=608256000 staged_tail=0 staged_forward=2160 staged_fallback=0 staged_errors=0
W (229135) rc_video: [CAM-DIAG-C16Q] LIGHT stage=periodic window=7 sensor=real display=camera idle=0ms full_probe=0 cache=c2m_inv frames=810 changes=809 sync_changes=0 sync_calls=810 sync_skips=0 unique=8 overflow=802 pre=3a2e2cf6 post=3a2e2cf6 luma_avg=51.0 luma_min=51 luma_max=52 luma_last=51 avg_probe=2.263ms max_probe=2.933ms tsf_waits=0 tsf_wait_us=0 tsf_wait_max_global_us=0 launch_phase_samples=0 launch_phase_avg=0.0 launch_phase_min=0 launch_phase_max=0 tsf_errors=0
I (229166) rc_video: [CAM-DIAG-C16Q] HEALTH window=7 display_frame=1110 guard_errors=0 quiesce=1110 resume_before=1109 lifecycle_errors=0 pause_req=1110 pause_ack=1110 pause_timeout=0 cache_sync_err=0 raw_post_err=0 overlap=0 finish_collision=0 tsf_waits=0 tsf_wait_us=0 tsf_wait_max_global_us=0 target=0 tolerance=0 launch_samples=0 launch_min=0 launch_max=0 rgb_gain=110 present=direct chunk_lines=60 repeats=1 tsf_errors=0 staged_events=12210 staged_copies=12210 staged_bytes=625152000 staged_tail=0 staged_forward=2220 staged_fallback=0 staged_errors=0
W (233965) rc_video: [CAM-DIAG-C16Q] LIGHT stage=periodic window=7 sensor=real display=camera idle=0ms full_probe=0 cache=c2m_inv frames=840 changes=839 sync_changes=0 sync_calls=840 sync_skips=0 unique=8 overflow=832 pre=af75787b post=af75787b luma_avg=51.0 luma_min=51 luma_max=52 luma_last=51 avg_probe=2.264ms max_probe=2.933ms tsf_waits=0 tsf_wait_us=0 tsf_wait_max_global_us=0 launch_phase_samples=0 launch_phase_avg=0.0 launch_phase_min=0 launch_phase_max=0 tsf_errors=0
I (233996) rc_video: [CAM-DIAG-C16Q] HEALTH window=7 display_frame=1140 guard_errors=0 quiesce=1140 resume_before=1139 lifecycle_errors=0 pause_req=1140 pause_ack=1140 pause_timeout=0 cache_sync_err=0 raw_post_err=0 overlap=0 finish_collision=0 tsf_waits=0 tsf_wait_us=0 tsf_wait_max_global_us=0 target=0 tolerance=0 launch_samples=0 launch_min=0 launch_max=0 rgb_gain=110 present=direct chunk_lines=60 repeats=1 tsf_errors=0 staged_events=12540 staged_copies=12540 staged_bytes=642048000 staged_tail=0 staged_forward=2280 staged_fallback=0 staged_errors=0
W (238793) rc_video: [CAM-DIAG-C16Q] LIGHT stage=periodic window=7 sensor=real display=camera idle=0ms full_probe=0 cache=c2m_inv frames=870 changes=869 sync_changes=0 sync_calls=870 sync_skips=0 unique=8 overflow=862 pre=605ed4c7 post=605ed4c7 luma_avg=51.1 luma_min=51 luma_max=52 luma_last=51 avg_probe=2.264ms max_probe=2.933ms tsf_waits=0 tsf_wait_us=0 tsf_wait_max_global_us=0 launch_phase_samples=0 launch_phase_avg=0.0 launch_phase_min=0 launch_phase_max=0 tsf_errors=0
I (238824) rc_video: [CAM-DIAG-C16Q] HEALTH window=7 display_frame=1170 guard_errors=0 quiesce=1170 resume_before=1169 lifecycle_errors=0 pause_req=1170 pause_ack=1170 pause_timeout=0 cache_sync_err=0 raw_post_err=0 overlap=0 finish_collision=0 tsf_waits=0 tsf_wait_us=0 tsf_wait_max_global_us=0 target=0 tolerance=0 launch_samples=0 launch_min=0 launch_max=0 rgb_gain=110 present=direct chunk_lines=60 repeats=1 tsf_errors=0 staged_events=12870 staged_copies=12870 staged_bytes=658944000 staged_tail=0 staged_forward=2340 staged_fallback=0 staged_errors=0
W (243622) rc_video: [CAM-DIAG-C16Q] LIGHT stage=periodic window=7 sensor=real display=camera idle=0ms full_probe=0 cache=c2m_inv frames=900 changes=899 sync_changes=0 sync_calls=900 sync_skips=0 unique=8 overflow=892 pre=1c000874 post=1c000874 luma_avg=51.1 luma_min=51 luma_max=52 luma_last=51 avg_probe=2.264ms max_probe=2.933ms tsf_waits=0 tsf_wait_us=0 tsf_wait_max_global_us=0 launch_phase_samples=0 launch_phase_avg=0.0 launch_phase_min=0 launch_phase_max=0 tsf_errors=0
I (243653) rc_video: [CAM-DIAG-C16Q] HEALTH window=7 display_frame=1200 guard_errors=0 quiesce=1200 resume_before=1199 lifecycle_errors=0 pause_req=1200 pause_ack=1200 pause_timeout=0 cache_sync_err=0 raw_post_err=0 overlap=0 finish_collision=0 tsf_waits=0 tsf_wait_us=0 tsf_wait_max_global_us=0 target=0 tolerance=0 launch_samples=0 launch_min=0 launch_max=0 rgb_gain=110 present=direct chunk_lines=60 repeats=1 tsf_errors=0 staged_events=13200 staged_copies=13200 staged_bytes=675840000 staged_tail=0 staged_forward=2400 staged_fallback=0 staged_errors=0
W (248450) rc_video: [CAM-DIAG-C16Q] LIGHT stage=periodic window=7 sensor=real display=camera idle=0ms full_probe=0 cache=c2m_inv frames=930 changes=929 sync_changes=0 sync_calls=930 sync_skips=0 unique=8 overflow=922 pre=25892c52 post=25892c52 luma_avg=51.1 luma_min=51 luma_max=52 luma_last=51 avg_probe=2.264ms max_probe=2.933ms tsf_waits=0 tsf_wait_us=0 tsf_wait_max_global_us=0 launch_phase_samples=0 launch_phase_avg=0.0 launch_phase_min=0 launch_phase_max=0 tsf_errors=0
I (248481) rc_video: [CAM-DIAG-C16Q] HEALTH window=7 display_frame=1230 guard_errors=0 quiesce=1230 resume_before=1229 lifecycle_errors=0 pause_req=1230 pause_ack=1230 pause_timeout=0 cache_sync_err=0 raw_post_err=0 overlap=0 finish_collision=0 tsf_waits=0 tsf_wait_us=0 tsf_wait_max_global_us=0 target=0 tolerance=0 launch_samples=0 launch_min=0 launch_max=0 rgb_gain=110 present=direct chunk_lines=60 repeats=1 tsf_errors=0 staged_events=13530 staged_copies=13530 staged_bytes=692736000 staged_tail=0 staged_forward=2460 staged_fallback=0 staged_errors=0
W (253279) rc_video: [CAM-DIAG-C16Q] LIGHT stage=periodic window=7 sensor=real display=camera idle=0ms full_probe=0 cache=c2m_inv frames=960 changes=959 sync_changes=0 sync_calls=960 sync_skips=0 unique=8 overflow=952 pre=4bfb1dda post=4bfb1dda luma_avg=51.1 luma_min=51 luma_max=52 luma_last=51 avg_probe=2.264ms max_probe=2.933ms tsf_waits=0 tsf_wait_us=0 tsf_wait_max_global_us=0 launch_phase_samples=0 launch_phase_avg=0.0 launch_phase_min=0 launch_phase_max=0 tsf_errors=0
I (253310) rc_video: [CAM-DIAG-C16Q] HEALTH window=7 display_frame=1260 guard_errors=0 quiesce=1260 resume_before=1259 lifecycle_errors=0 pause_req=1260 pause_ack=1260 pause_timeout=0 cache_sync_err=0 raw_post_err=0 overlap=0 finish_collision=0 tsf_waits=0 tsf_wait_us=0 tsf_wait_max_global_us=0 target=0 tolerance=0 launch_samples=0 launch_min=0 launch_max=0 rgb_gain=110 present=direct chunk_lines=60 repeats=1 tsf_errors=0 staged_events=13860 staged_copies=13860 staged_bytes=709632000 staged_tail=0 staged_forward=2520 staged_fallback=0 staged_errors=0
W (258107) rc_video: [CAM-DIAG-C16Q] LIGHT stage=periodic window=7 sensor=real display=camera idle=0ms full_probe=0 cache=c2m_inv frames=990 changes=989 sync_changes=0 sync_calls=990 sync_skips=0 unique=8 overflow=982 pre=519e43d1 post=519e43d1 luma_avg=51.1 luma_min=51 luma_max=52 luma_last=52 avg_probe=2.265ms max_probe=2.933ms tsf_waits=0 tsf_wait_us=0 tsf_wait_max_global_us=0 launch_phase_samples=0 launch_phase_avg=0.0 launch_phase_min=0 launch_phase_max=0 tsf_errors=0
I (258138) rc_video: [CAM-DIAG-C16Q] HEALTH window=7 display_frame=1290 guard_errors=0 quiesce=1290 resume_before=1289 lifecycle_errors=0 pause_req=1290 pause_ack=1290 pause_timeout=0 cache_sync_err=0 raw_post_err=0 overlap=0 finish_collision=0 tsf_waits=0 tsf_wait_us=0 tsf_wait_max_global_us=0 target=0 tolerance=0 launch_samples=0 launch_min=0 launch_max=0 rgb_gain=110 present=direct chunk_lines=60 repeats=1 tsf_errors=0 staged_events=14190 staged_copies=14190 staged_bytes=726528000 staged_tail=0 staged_forward=2580 staged_fallback=0 staged_errors=0
W (262936) rc_video: [CAM-DIAG-C16Q] LIGHT stage=periodic window=7 sensor=real display=camera idle=0ms full_probe=0 cache=c2m_inv frames=1020 changes=1019 sync_changes=0 sync_calls=1020 sync_skips=0 unique=8 overflow=1012 pre=bf35a024 post=bf35a024 luma_avg=51.1 luma_min=51 luma_max=52 luma_last=52 avg_probe=2.265ms max_probe=2.933ms tsf_waits=0 tsf_wait_us=0 tsf_wait_max_global_us=0 launch_phase_samples=0 launch_phase_avg=0.0 launch_phase_min=0 launch_phase_max=0 tsf_errors=0
I (262968) rc_video: [CAM-DIAG-C16Q] HEALTH window=7 display_frame=1320 guard_errors=0 quiesce=1320 resume_before=1319 lifecycle_errors=0 pause_req=1320 pause_ack=1320 pause_timeout=0 cache_sync_err=0 raw_post_err=0 overlap=0 finish_collision=0 tsf_waits=0 tsf_wait_us=0 tsf_wait_max_global_us=0 target=0 tolerance=0 launch_samples=0 launch_min=0 launch_max=0 rgb_gain=110 present=direct chunk_lines=60 repeats=1 tsf_errors=0 staged_events=14520 staged_copies=14520 staged_bytes=743424000 staged_tail=0 staged_forward=2640 staged_fallback=0 staged_errors=0
W (267766) rc_video: [CAM-DIAG-C16Q] LIGHT stage=periodic window=7 sensor=real display=camera idle=0ms full_probe=0 cache=c2m_inv frames=1050 changes=1049 sync_changes=0 sync_calls=1050 sync_skips=0 unique=8 overflow=1042 pre=06f7ed72 post=06f7ed72 luma_avg=51.1 luma_min=51 luma_max=52 luma_last=51 avg_probe=2.265ms max_probe=2.933ms tsf_waits=0 tsf_wait_us=0 tsf_wait_max_global_us=0 launch_phase_samples=0 launch_phase_avg=0.0 launch_phase_min=0 launch_phase_max=0 tsf_errors=0
I (267797) rc_video: [CAM-DIAG-C16Q] HEALTH window=7 display_frame=1350 guard_errors=0 quiesce=1350 resume_before=1349 lifecycle_errors=0 pause_req=1350 pause_ack=1350 pause_timeout=0 cache_sync_err=0 raw_post_err=0 overlap=0 finish_collision=0 tsf_waits=0 tsf_wait_us=0 tsf_wait_max_global_us=0 target=0 tolerance=0 launch_samples=0 launch_min=0 launch_max=0 rgb_gain=110 present=direct chunk_lines=60 repeats=1 tsf_errors=0 staged_events=14850 staged_copies=14850 staged_bytes=760320000 staged_tail=0 staged_forward=2700 staged_fallback=0 staged_errors=0
W (272594) rc_video: [CAM-DIAG-C16Q] LIGHT stage=periodic window=7 sensor=real display=camera idle=0ms full_probe=0 cache=c2m_inv frames=1080 changes=1079 sync_changes=0 sync_calls=1080 sync_skips=0 unique=8 overflow=1072 pre=cfb745ce post=cfb745ce luma_avg=51.1 luma_min=51 luma_max=52 luma_last=51 avg_probe=2.265ms max_probe=2.933ms tsf_waits=0 tsf_wait_us=0 tsf_wait_max_global_us=0 launch_phase_samples=0 launch_phase_avg=0.0 launch_phase_min=0 launch_phase_max=0 tsf_errors=0
I (272625) rc_video: [CAM-DIAG-C16Q] HEALTH window=7 display_frame=1380 guard_errors=0 quiesce=1380 resume_before=1379 lifecycle_errors=0 pause_req=1380 pause_ack=1380 pause_timeout=0 cache_sync_err=0 raw_post_err=0 overlap=0 finish_collision=0 tsf_waits=0 tsf_wait_us=0 tsf_wait_max_global_us=0 target=0 tolerance=0 launch_samples=0 launch_min=0 launch_max=0 rgb_gain=110 present=direct chunk_lines=60 repeats=1 tsf_errors=0 staged_events=15180 staged_copies=15180 staged_bytes=777216000 staged_tail=0 staged_forward=2760 staged_fallback=0 staged_errors=0
W (277423) rc_video: [CAM-DIAG-C16Q] LIGHT stage=periodic window=7 sensor=real display=camera idle=0ms full_probe=0 cache=c2m_inv frames=1110 changes=1109 sync_changes=0 sync_calls=1110 sync_skips=0 unique=8 overflow=1102 pre=c5e093d2 post=c5e093d2 luma_avg=51.1 luma_min=51 luma_max=52 luma_last=51 avg_probe=2.266ms max_probe=2.933ms tsf_waits=0 tsf_wait_us=0 tsf_wait_max_global_us=0 launch_phase_samples=0 launch_phase_avg=0.0 launch_phase_min=0 launch_phase_max=0 tsf_errors=0
I (277454) rc_video: [CAM-DIAG-C16Q] HEALTH window=7 display_frame=1410 guard_errors=0 quiesce=1410 resume_before=1409 lifecycle_errors=0 pause_req=1410 pause_ack=1410 pause_timeout=0 cache_sync_err=0 raw_post_err=0 overlap=0 finish_collision=0 tsf_waits=0 tsf_wait_us=0 tsf_wait_max_global_us=0 target=0 tolerance=0 launch_samples=0 launch_min=0 launch_max=0 rgb_gain=110 present=direct chunk_lines=60 repeats=1 tsf_errors=0 staged_events=15510 staged_copies=15510 staged_bytes=794112000 staged_tail=0 staged_forward=2820 staged_fallback=0 staged_errors=0
