W (45193) rc_tank: [CAM-DIAG-C16R] WINDOW_01 repeat: wifi=off camera=off display=black cache=none; camera_init=next
W (45193) rc_video: [CAM-DIAG-C16R] PROFILE window=1 sensor=real display=camera idle=0ms full_probe=0 cache=none capture=0
I (45202) rc_tank: [STEP] Camera init starting...
I (45207) rc_video: Initializing camera (SP0A39 640x480 VYUY)
W (45212) rc_video: [CAM-DIAG-C16R] staged DVP init core=0; Wi-Fi task core=0; configured_internal_dma=102400; free_internal=230787 largest_internal_dma=110592
I (45226) board_camera: initializing SP0A39 camera mode=0 640x480
I (45232) camera_hal: init SP0A39 DVP 640x480 (SCCB manual mode)
I (45238) camera_hal: configuring IOEX pins for camera RESET/PWDN
I (45245) camera_hal: PWDN=HIGH (power down)
I (45258) camera_hal: PWDN=LOW (release sensor)
I (45458) camera_hal: RESET=LOW (assert reset)
I (45478) camera_hal: RESET=HIGH (release reset)
I (46478) camera_hal: full I2C scan after camera power-up (diagnostic only)...
I (46480) camera_hal:   post-powerup ACK at 0x15
I (46480) camera_hal:   post-powerup ACK at 0x18
I (46483) camera_hal:   post-powerup ACK at 0x21
I (46487) camera_hal:   post-powerup ACK at 0x22
I (46495) camera_hal:   post-powerup ACK at 0x40
I (46497) camera_hal:   post-powerup ACK at 0x51
I (46503) camera_hal:   post-powerup ACK at 0x68
I (46506) camera_hal: DVP GPIO diagnostics (checking PCLK/VSYNC/HSYNC activity)...
I (46572) camera_hal: DVP diagnostics: PCLK_changes=0 VSYNC_changes=0 HSYNC_changes=0
W (46572) camera_hal: PCLK has no transitions - MCLK likely not reaching sensor or sensor not active
I (46577) camera_hal: using sensor address 0x21
I (46582) camera_hal: SP0A39 I2C device added at 0x21
I (46588) camera_hal: SP0A39 chip ID: 0x0A39
I (46710) camera_hal: SP0A39 register init done: VYUY 640x480 (359 regs)
I (46711) camera_hal: [CAM-PROBE] SP0A39 p0_31 stage=post_table value=0x00 expected=0x01
E (46713) camera_hal: camera_hal_verify_expected_output_p0_31(92): unexpected p0_31=0x00 at post_table
W (46722) camera_hal: [CAM-PROBE] output state differs after table; continuing: ESP_ERR_INVALID_RESPONSE
I (46752) camera_hal: [CAM-PROBE] SP0A39 p0_31 stage=post_delay value=0x01 expected=0x01
I (46753) camera_hal: camera HAL initialized (sensor ready, DVP capture not yet implemented)
I (46757) board_camera: camera ready
I (46765) camera_hal: SP0A39 output regs: P0:1c=0x00 P0:30=0x01 P0:31=0x01 P1:32=0x15 P1:34=0xeb P1:35=0x00 P1:36=0x10
I (46899) rc_video:   3 DMA-capable PSRAM framebuffers allocated (600 KB each)
W (46942) rc_video: [CAM-DIAG-C16R] capture handoff uses rc_capture_pool + backup
W (46942) rc_video: [DEBUG-C151] buffers fb0=0x3c0f6040 fb1=0x3c18c180 fb2=0x3c2222c0 backup=0x3c2b8400 payload=614400 storage=614400 alloc=614656 terminal_guard=256
W (46953) rc_video: [DEBUG-C151] heap stage=framebuffers_allocated intact=1
I (46961) dvp_ext: DVP Extended camera controller driver is initialized
W (46965) dvp_ext: [CAM-DIAG-C16R] staged assembly uses GDMA-EOF direct copy; dma=102400 half=51200 queue_data_events=suppressed tail_drain=task
W (46978) rc_video: [DEBUG-C151] heap stage=dvp_controller_created_before_start intact=1
W (46986) rc_video: [CAM-DIAG-C16R] staged DVP controller created; configured_internal_dma=102400 free_internal=123707 largest_internal_dma=63488
I (46999) rc_video: Camera initialized
I (47002) rc_tank: [STEP] Camera init OK
W (47006) rc_tank: [CAM-DIAG-C16R] TSF_GUARD window=2 beacon=0 after=0us budget=0us result=ESP_OK
W (47014) rc_tank: [CAM-DIAG-C16R] TSF_TARGET window=2 phase=0us tolerance=0us result=ESP_OK
W (47022) rc_tank: [CAM-DIAG-C16R] RGB_GAIN window=2 requested=110 result=ESP_OK
W (47030) rc_tank: [CAM-DIAG-C16R] PRESENT window=2 mode=direct chunk_lines=60 repeats=1 result=ESP_OK
W (47039) rc_tank: [CAM-DIAG-C16R] TAIL_DRAIN window=2 requested=0us result=ESP_OK
W (47046) rc_video: [CAM-DIAG-C16R] PROFILE window=2 sensor=real display=camera idle=0ms full_probe=0 cache=c2m_inv capture=0
W (47057) rc_tank: [CAM-DIAG-C16R] WINDOW_02 start: wifi=off sensor=real display=camera idle=0ms full_probe=off cache=c2m_inv dvp=staged100k protocol=off beacon=0 guard_after=0us capture_budget=0us target=0us tolerance=0us rgb_gain=110% present=direct chunk_lines=60 repeats=1 tail_drain=0us
W (47057) rc_video: [CAM-DIAG-C16R] LIGHT stage=complete window=1 sensor=real display=camera idle=0ms full_probe=0 cache=none frames=0 changes=0 sync_changes=0 sync_calls=0 sync_skips=0 unique=0 overflow=0 pre=00000000 post=00000000 luma_avg=0.0 luma_min=255 luma_max=0 luma_last=0 avg_probe=0.000ms max_probe=0.000ms tsf_waits=0 tsf_wait_us=0 tsf_wait_max_global_us=0 launch_phase_samples=0 launch_phase_avg=0.0 launch_phase_min=0 launch_phase_max=0 tsf_errors=0
I (47084) camera_hal: [CAM-PROBE] SP0A39 p0_31 stage=dvp_started value=0x01 expected=0x01
W (47146) rc_video: [CAM-DIAG-C16R] scaled camera preview enabled (240x180 at 80,0; DVP started)
W (47151) rc_tank: [CAM-DIAG-C16R] staged-100KiB VYUY camera preview started while Wi-Fi is off
W (51829) rc_video: [CAM-DIAG-C16R] LIGHT stage=periodic window=2 sensor=real display=camera idle=0ms full_probe=0 cache=c2m_inv frames=30 changes=29 sync_changes=0 sync_calls=30 sync_skips=0 unique=8 overflow=22 pre=43d46ac1 post=43d46ac1 luma_avg=83.3 luma_min=83 luma_max=85 luma_last=83 avg_probe=2.200ms max_probe=2.597ms tsf_waits=0 tsf_wait_us=0 tsf_wait_max_global_us=0 launch_phase_samples=0 launch_phase_avg=0.0 launch_phase_min=0 launch_phase_max=0 tsf_errors=0
I (51860) rc_video: [CAM-DIAG-C16R] HEALTH window=2 display_frame=30 guard_errors=0 quiesce=30 resume_before=29 lifecycle_errors=0 pause_req=30 pause_ack=30 pause_timeout=0 cache_sync_err=0 raw_post_err=0 overlap=0 finish_collision=0 tsf_waits=0 tsf_wait_us=0 tsf_wait_max_global_us=0 target=0 tolerance=0 launch_samples=0 launch_min=0 launch_max=0 rgb_gain=110 present=direct chunk_lines=60 repeats=1 tsf_errors=0 staged_events=330 staged_copies=330 staged_bytes=16896000 staged_tail=0 staged_forward=60 staged_fallback=0 staged_errors=0 tail_drain=0 tail_waits=0 tail_wait_us=0
W (56658) rc_video: [CAM-DIAG-C16R] LIGHT stage=periodic window=2 sensor=real display=camera idle=0ms full_probe=0 cache=c2m_inv frames=60 changes=59 sync_changes=0 sync_calls=60 sync_skips=0 unique=8 overflow=52 pre=51384e0e post=51384e0e luma_avg=83.3 luma_min=83 luma_max=85 luma_last=83 avg_probe=2.193ms max_probe=2.597ms tsf_waits=0 tsf_wait_us=0 tsf_wait_max_global_us=0 launch_phase_samples=0 launch_phase_avg=0.0 launch_phase_min=0 launch_phase_max=0 tsf_errors=0
I (56688) rc_video: [CAM-DIAG-C16R] HEALTH window=2 display_frame=60 guard_errors=0 quiesce=60 resume_before=59 lifecycle_errors=0 pause_req=60 pause_ack=60 pause_timeout=0 cache_sync_err=0 raw_post_err=0 overlap=0 finish_collision=0 tsf_waits=0 tsf_wait_us=0 tsf_wait_max_global_us=0 target=0 tolerance=0 launch_samples=0 launch_min=0 launch_max=0 rgb_gain=110 present=direct chunk_lines=60 repeats=1 tsf_errors=0 staged_events=660 staged_copies=660 staged_bytes=33792000 staged_tail=0 staged_forward=120 staged_fallback=0 staged_errors=0 tail_drain=0 tail_waits=0 tail_wait_us=0
W (57160) rc_tank: [DEBUG-C151] heap stage=window_2_end intact=1
W (57163) camera_hal: [CAM-DIAG-C16I] SP0A39 test_pattern=on P1:32 before=0x15 write=0x95 read=0x80 expected_bit=0x80
W (57277) rc_tank: [CAM-DIAG-C16R] TSF_GUARD window=3 beacon=0 after=0us budget=0us result=ESP_OK
W (57278) rc_tank: [CAM-DIAG-C16R] TSF_TARGET window=3 phase=0us tolerance=0us result=ESP_OK
W (57284) rc_tank: [CAM-DIAG-C16R] RGB_GAIN window=3 requested=110 result=ESP_OK
W (57291) rc_tank: [CAM-DIAG-C16R] PRESENT window=3 mode=direct chunk_lines=60 repeats=1 result=ESP_OK
W (57300) rc_tank: [CAM-DIAG-C16R] TAIL_DRAIN window=3 requested=0us result=ESP_OK
W (57307) rc_video: [CAM-DIAG-C16R] PROFILE window=3 sensor=pattern display=camera idle=0ms full_probe=1 cache=c2m_inv capture=64
W (57319) rc_tank: [CAM-DIAG-C16R] WINDOW_03 start: wifi=off sensor=pattern display=camera idle=0ms full_probe=on cache=c2m_inv dvp=staged100k protocol=off beacon=0 guard_after=0us capture_budget=0us target=0us tolerance=0us rgb_gain=110% present=direct chunk_lines=60 repeats=1 tail_drain=0us
W (57378) rc_video: [CAM-DIAG-C16R] LIGHT stage=complete window=2 sensor=real display=camera idle=0ms full_probe=0 cache=c2m_inv frames=64 changes=63 sync_changes=0 sync_calls=64 sync_skips=0 unique=8 overflow=56 pre=a4a371d1 post=a4a371d1 luma_avg=83.9 luma_min=83 luma_max=123 luma_last=123 avg_probe=2.202ms max_probe=2.746ms tsf_waits=0 tsf_wait_us=0 tsf_wait_max_global_us=0 launch_phase_samples=0 launch_phase_avg=0.0 launch_phase_min=0 launch_phase_max=0 tsf_errors=0
W (62118) rc_video: [DEBUG-C151] display frame=90 consumer=0 active=-2/0x0->-2/0x0 select=180->180 became_active=0 overlap=0 overlap_count=0 finish=90 last_finished=0/0x3c0f6040 finish_active=0 finish_collision=0 guard=1 guard_errors=0 quiesce=90 resume_before=89 resume_pending=1 lifecycle_errors=0
I (62134) rc_video: [CAM-DIAG-C16R] frame=90 window=3 sensor=pattern slot=0 addr=0x3c0f6040 gen=90->90 crc_first=6897397a/6897397a crc_mid=52b8a38d/52b8a38d crc_tail=aed88090/aed88090 stable=1 raw_full=f6e9c7c4 raw_q=47f102f5/6a93559e/fc4794e7/8726f89b raw_edge=ca991cd0 raw_probe=592.9ms cache_sync=ESP_OK cache_sync_err=0 light_post=a4a371d1 stable=1 raw_post_err=0 chunk_crc=0353f689/197b40d6/e81b3aa3 submit=3 complete=3 seq=270/270 stale=0 prepare=53.2ms draw=35.9ms
W (62792) rc_video: [CAM-DIAG-C16R] LIGHT stage=periodic window=3 sensor=pattern display=camera idle=0ms full_probe=1 cache=c2m_inv frames=30 changes=0 sync_changes=0 sync_calls=30 sync_skips=0 unique=1 overflow=0 pre=a4a371d1 post=a4a371d1 luma_avg=123.0 luma_min=123 luma_max=123 luma_last=123 avg_probe=2.186ms max_probe=2.253ms tsf_waits=0 tsf_wait_us=0 tsf_wait_max_global_us=0 launch_phase_samples=0 launch_phase_avg=0.0 launch_phase_min=0 launch_phase_max=0 tsf_errors=0
I (62823) rc_video: [CAM-DIAG-C16R] HEALTH window=3 display_frame=94 guard_errors=0 quiesce=94 resume_before=93 lifecycle_errors=0 pause_req=94 pause_ack=94 pause_timeout=0 cache_sync_err=0 raw_post_err=0 overlap=0 finish_collision=0 tsf_waits=0 tsf_wait_us=0 tsf_wait_max_global_us=0 target=0 tolerance=0 launch_samples=0 launch_min=0 launch_max=0 rgb_gain=110 present=direct chunk_lines=60 repeats=1 tsf_errors=0 staged_events=1034 staged_copies=1034 staged_bytes=52940800 staged_tail=0 staged_forward=188 staged_fallback=0 staged_errors=0 tail_drain=0 tail_waits=0 tail_wait_us=0
W (65186) dvp_ext: invalid state 1

W (65226) dvp_ext: invalid state 1

W (67344) rc_tank: [DEBUG-C151] heap stage=window_3_end_before_network intact=1
I (67345) rc_tank: [STEP] Network init starting...
I (67346) rc_net: Initializing as SoftAP (Tank)
I (67351) pp: pp rom version: e7ae62f
I (67353) net80211: net80211 rom version: e7ae62f
I (67360) wifi:wifi driver task: 3fce8710, prio:23, stack:6656, core=0
I (67367) wifi:wifi firmware version: 0947e8b
I (67368) wifi:wifi certification version: v7.0
I (67372) wifi:config NVS flash: enabled
I (67375) wifi:config nano formatting: disabled
I (67380) wifi:Init data frame dynamic rx buffer num: 32
I (67385) wifi:Init static rx mgmt buffer num: 5
I (67389) wifi:Init management short buffer num: 32
I (67394) wifi:Init dynamic tx buffer num: 64
I (67398) wifi:Init static tx FG buffer num: 2
I (67402) wifi:Init static rx buffer size: 1600
I (67406) wifi:Init static rx buffer num: 10
I (67410) wifi:Init dynamic rx buffer num: 32
I (67415) wifi_init: rx ba win: 6
I (67417) wifi_init: accept mbox: 6
I (67420) wifi_init: tcpip mbox: 16
I (67424) wifi_init: udp mbox: 6
I (67426) wifi_init: tcp mbox: 6
I (67429) wifi_init: tcp tx win: 5760
I (67433) wifi_init: tcp rx win: 5760
I (67436) wifi_init: tcp mss: 1440
I (67439) wifi_init: WiFi IRAM OP enabled
I (67443) wifi_init: WiFi RX IRAM OP enabled
I (67448) rc_net: AP set_mode/config, SSID=RC_TANK_F3AE79 ch=1
I (67533) phy_init: phy_version 711,97bcf0a2,Aug 25 2025,19:04:10
W (67534) phy_init: failed to load RF calibration data (0x1102), falling back to full calibration
I (67570) phy_init: Saving new calibration data due to checksum failure or outdated calibration data, mode(2)
I (67580) wifi:mode : softAP (44:1b:f6:f3:ae:79)
I (67584) wifi:Total power save buffer number: 32
I (67585) wifi:Init max length of beacon: 752/752
I (67586) wifi:Init max length of beacon: 752/752
I (67588) rc_net: SoftAP started, SSID: RC_TANK_F3AE79, Password: 12345678
I (67590) esp_netif_lwip: DHCP server started on interface WIFI_AP_DEF with IP: 192.168.4.1
I (67602) rc_tank: [STEP] Network init OK
I (67606) rc_tank: Tank SoftAP ready, waiting for remote...
W (67611) rc_tank: [CAM-DIAG-C16R] PROTOCOL window=4 before=0x07 requested=0x07 after=0x07 name=bgn changed=0
I (67626) wifi:Total power save buffer number: 32
W (67628) rc_tank: [CAM-DIAG-C16R] BEACON window=4 before=100 requested=200 after=200 changed=1
I (67630) esp_netif_lwip: DHCP server started on interface WIFI_AP_DEF with IP: 192.168.4.1
W (67642) rc_tank: [CAM-DIAG-C16R] TSF_GUARD window=4 beacon=200 after=0us budget=0us result=ESP_OK
W (67650) rc_tank: [CAM-DIAG-C16R] TSF_TARGET window=4 phase=0us tolerance=0us result=ESP_OK
W (67658) rc_tank: [CAM-DIAG-C16R] RGB_GAIN window=4 requested=110 result=ESP_OK
W (67666) rc_tank: [CAM-DIAG-C16R] PRESENT window=4 mode=direct chunk_lines=60 repeats=1 result=ESP_OK
W (67675) rc_tank: [CAM-DIAG-C16R] TAIL_DRAIN window=4 requested=0us result=ESP_OK
W (67682) rc_video: [CAM-DIAG-C16R] PROFILE window=4 sensor=pattern display=camera idle=0ms full_probe=1 cache=c2m_inv capture=120
W (67693) rc_tank: [CAM-DIAG-C16R] WINDOW_04 start: wifi=on sensor=pattern display=camera idle=0ms full_probe=on cache=c2m_inv dvp=staged100k protocol=bgn beacon=200 guard_after=0us capture_budget=0us target=0us tolerance=0us rgb_gain=110% present=direct chunk_lines=60 repeats=1 tail_drain=0us
W (67719) rc_video: [DEBUG-C151] display frame=120 consumer=0 active=-2/0x0->-2/0x0 select=240->240 became_active=0 overlap=0 overlap_count=0 finish=120 last_finished=0/0x3c0f6040 finish_active=0 finish_collision=0 guard=1 guard_errors=0 quiesce=120 resume_before=119 resume_pending=1 lifecycle_errors=0
I (67745) rc_video: [CAM-DIAG-C16R] frame=120 window=3 sensor=pattern slot=0 addr=0x3c0f6040 gen=120->120 crc_first=6897397a/6897397a crc_mid=52b8a38d/52b8a38d crc_tail=aed88090/aed88090 stable=1 raw_full=f6e9c7c4 raw_q=47f102f5/6a93559e/fc4794e7/8726f89b raw_edge=ca991cd0 raw_probe=658.1ms cache_sync=ESP_OK cache_sync_err=0 light_post=a4a371d1 stable=1 raw_post_err=0 chunk_crc=0353f689/197b40d6/e81b3aa3 submit=3 complete=3 seq=360/360 stale=0 prepare=72.2ms draw=35.9ms
W (67787) rc_video: [CAM-DIAG-C16R] LIGHT stage=complete window=3 sensor=pattern display=camera idle=0ms full_probe=1 cache=c2m_inv frames=56 changes=0 sync_changes=0 sync_calls=56 sync_skips=0 unique=1 overflow=0 pre=a4a371d1 post=a4a371d1 luma_avg=123.0 luma_min=123 luma_max=123 luma_last=123 avg_probe=2.187ms max_probe=2.253ms tsf_waits=0 tsf_wait_us=0 tsf_wait_max_global_us=0 launch_phase_samples=0 launch_phase_avg=0.0 launch_phase_min=0 launch_phase_max=0 tsf_errors=0
W (73163) rc_video: [CAM-DIAG-C16R] LIGHT stage=periodic window=4 sensor=pattern display=camera idle=0ms full_probe=1 cache=c2m_inv frames=30 changes=1 sync_changes=0 sync_calls=30 sync_skips=0 unique=2 overflow=0 pre=a4a371d1 post=a4a371d1 luma_avg=122.5 luma_min=107 luma_max=123 luma_last=123 avg_probe=2.275ms max_probe=2.659ms tsf_waits=0 tsf_wait_us=0 tsf_wait_max_global_us=0 launch_phase_samples=0 launch_phase_avg=0.0 launch_phase_min=0 launch_phase_max=0 tsf_errors=0
I (73194) rc_video: [CAM-DIAG-C16R] HEALTH window=4 display_frame=150 guard_errors=0 quiesce=150 resume_before=149 lifecycle_errors=0 pause_req=150 pause_ack=150 pause_timeout=0 cache_sync_err=0 raw_post_err=0 overlap=0 finish_collision=0 tsf_waits=0 tsf_wait_us=0 tsf_wait_max_global_us=0 target=0 tolerance=0 launch_samples=0 launch_min=0 launch_max=0 rgb_gain=110 present=direct chunk_lines=60 repeats=1 tsf_errors=0 staged_events=1650 staged_copies=1650 staged_bytes=84480000 staged_tail=0 staged_forward=302 staged_fallback=0 staged_errors=0 tail_drain=0 tail_waits=0 tail_wait_us=0
W (73245) rc_video: [DEBUG-C151] display frame=150 consumer=0 active=-2/0x0->-2/0x0 select=300->300 became_active=0 overlap=0 overlap_count=0 finish=150 last_finished=0/0x3c0f6040 finish_active=0 finish_collision=0 guard=1 guard_errors=0 quiesce=150 resume_before=149 resume_pending=1 lifecycle_errors=0
I (73271) rc_video: [CAM-DIAG-C16R] frame=150 window=4 sensor=pattern slot=0 addr=0x3c0f6040 gen=150->150 crc_first=6897397a/6897397a crc_mid=52b8a38d/52b8a38d crc_tail=aed88090/aed88090 stable=1 raw_full=f6e9c7c4 raw_q=47f102f5/6a93559e/fc4794e7/8726f89b raw_edge=ca991cd0 raw_probe=593.7ms cache_sync=ESP_OK cache_sync_err=0 light_post=a4a371d1 stable=1 raw_post_err=0 chunk_crc=0353f689/197b40d6/e81b3aa3 submit=3 complete=3 seq=450/450 stale=0 prepare=53.3ms draw=36.0ms
W (77721) camera_hal: [CAM-DIAG-C16I] SP0A39 test_pattern=off P1:32 before=0x80 write=0x00 read=0x15 expected_bit=0x00
W (77822) rc_tank: [CAM-DIAG-C16R] PROTOCOL window=5 before=0x07 requested=0x07 after=0x07 name=bgn changed=0
W (77823) rc_tank: [CAM-DIAG-C16R] BEACON window=5 before=200 requested=200 after=200 changed=0
W (77830) rc_tank: [CAM-DIAG-C16R] TSF_GUARD window=5 beacon=200 after=0us budget=0us result=ESP_OK
W (77839) rc_tank: [CAM-DIAG-C16R] TSF_TARGET window=5 phase=0us tolerance=0us result=ESP_OK
W (77847) rc_tank: [CAM-DIAG-C16R] RGB_GAIN window=5 requested=110 result=ESP_OK
W (77854) rc_tank: [CAM-DIAG-C16R] PRESENT window=5 mode=direct chunk_lines=60 repeats=1 result=ESP_OK
W (77863) rc_tank: [CAM-DIAG-C16R] TAIL_DRAIN window=5 requested=0us result=ESP_OK
W (77870) rc_video: [CAM-DIAG-C16R] PROFILE window=5 sensor=real display=camera idle=0ms full_probe=0 cache=c2m_inv capture=179
W (77882) rc_tank: [CAM-DIAG-C16R] WINDOW_05 start: wifi=on sensor=real display=camera idle=0ms full_probe=off cache=c2m_inv dvp=staged100k protocol=bgn beacon=200 guard_after=0us capture_budget=0us target=0us tolerance=0us rgb_gain=110% present=direct chunk_lines=60 repeats=1 tail_drain=0us
W (77925) rc_video: [CAM-DIAG-C16R] LIGHT stage=complete window=4 sensor=pattern display=camera idle=0ms full_probe=1 cache=c2m_inv frames=59 changes=2 sync_changes=0 sync_calls=59 sync_skips=0 unique=3 overflow=0 pre=123457fc post=123457fc luma_avg=121.5 luma_min=52 luma_max=123 luma_last=52 avg_probe=2.300ms max_probe=2.659ms tsf_waits=0 tsf_wait_us=0 tsf_wait_max_global_us=0 launch_phase_samples=0 launch_phase_avg=0.0 launch_phase_min=0 launch_phase_max=0 tsf_errors=0
W (82663) rc_video: [CAM-DIAG-C16R] LIGHT stage=periodic window=5 sensor=real display=camera idle=0ms full_probe=0 cache=c2m_inv frames=30 changes=29 sync_changes=0 sync_calls=30 sync_skips=0 unique=8 overflow=22 pre=fa8b7d85 post=fa8b7d85 luma_avg=51.8 luma_min=51 luma_max=53 luma_last=52 avg_probe=2.294ms max_probe=2.635ms tsf_waits=0 tsf_wait_us=0 tsf_wait_max_global_us=0 launch_phase_samples=0 launch_phase_avg=0.0 launch_phase_min=0 launch_phase_max=0 tsf_errors=0
I (82694) rc_video: [CAM-DIAG-C16R] HEALTH window=5 display_frame=209 guard_errors=0 quiesce=209 resume_before=208 lifecycle_errors=0 pause_req=209 pause_ack=209 pause_timeout=0 cache_sync_err=0 raw_post_err=0 overlap=0 finish_collision=0 tsf_waits=0 tsf_wait_us=0 tsf_wait_max_global_us=0 target=0 tolerance=0 launch_samples=0 launch_min=0 launch_max=0 rgb_gain=110 present=direct chunk_lines=60 repeats=1 tsf_errors=0 staged_events=2299 staged_copies=2299 staged_bytes=117708800 staged_tail=0 staged_forward=420 staged_fallback=0 staged_errors=0 tail_drain=0 tail_waits=0 tail_wait_us=0
W (87491) rc_video: [CAM-DIAG-C16R] LIGHT stage=periodic window=5 sensor=real display=camera idle=0ms full_probe=0 cache=c2m_inv frames=60 changes=59 sync_changes=0 sync_calls=60 sync_skips=0 unique=8 overflow=52 pre=3929e18e post=3929e18e luma_avg=51.9 luma_min=51 luma_max=53 luma_last=52 avg_probe=2.275ms max_probe=2.635ms tsf_waits=0 tsf_wait_us=0 tsf_wait_max_global_us=0 launch_phase_samples=0 launch_phase_avg=0.0 launch_phase_min=0 launch_phase_max=0 tsf_errors=0
I (87521) rc_video: [CAM-DIAG-C16R] HEALTH window=5 display_frame=239 guard_errors=0 quiesce=239 resume_before=238 lifecycle_errors=0 pause_req=239 pause_ack=239 pause_timeout=0 cache_sync_err=0 raw_post_err=0 overlap=0 finish_collision=0 tsf_waits=0 tsf_wait_us=0 tsf_wait_max_global_us=0 target=0 tolerance=0 launch_samples=0 launch_min=0 launch_max=0 rgb_gain=110 present=direct chunk_lines=60 repeats=1 tsf_errors=0 staged_events=2629 staged_copies=2629 staged_bytes=134604800 staged_tail=0 staged_forward=480 staged_fallback=0 staged_errors=0 tail_drain=0 tail_waits=0 tail_wait_us=0
W (87909) camera_hal: [CAM-DIAG-C16I] SP0A39 test_pattern=on P1:32 before=0x00 write=0x80 read=0x80 expected_bit=0x80
W (88052) rc_tank: [CAM-DIAG-C16R] PROTOCOL window=6 before=0x07 requested=0x07 after=0x07 name=bgn changed=0
W (88053) rc_tank: [CAM-DIAG-C16R] BEACON window=6 before=200 requested=200 after=200 changed=0
W (88060) rc_tank: [CAM-DIAG-C16R] TSF_GUARD window=6 beacon=200 after=0us budget=0us result=ESP_OK
W (88070) rc_tank: [CAM-DIAG-C16R] TSF_TARGET window=6 phase=0us tolerance=0us result=ESP_OK
W (88111) rc_tank: [CAM-DIAG-C16R] RGB_GAIN window=6 requested=110 result=ESP_OK
W (88112) rc_tank: [CAM-DIAG-C16R] PRESENT window=6 mode=direct chunk_lines=60 repeats=1 result=ESP_OK
W (88121) rc_tank: [CAM-DIAG-C16R] TAIL_DRAIN window=6 requested=50us result=ESP_OK
W (88129) rc_video: [CAM-DIAG-C16R] PROFILE window=6 sensor=pattern display=camera idle=0ms full_probe=1 cache=c2m_inv capture=243
W (88140) rc_tank: [CAM-DIAG-C16R] WINDOW_06 start: wifi=on sensor=pattern display=camera idle=0ms full_probe=on cache=c2m_inv dvp=staged100k protocol=bgn beacon=200 guard_after=0us capture_budget=0us target=0us tolerance=0us rgb_gain=110% present=direct chunk_lines=60 repeats=1 tail_drain=50us
W (88210) rc_video: [CAM-DIAG-C16R] LIGHT stage=complete window=5 sensor=real display=camera idle=0ms full_probe=0 cache=c2m_inv frames=64 changes=63 sync_changes=0 sync_calls=64 sync_skips=0 unique=8 overflow=56 pre=65fecc02 post=65fecc02 luma_avg=54.0 luma_min=51 luma_max=123 luma_last=123 avg_probe=2.283ms max_probe=2.873ms tsf_waits=0 tsf_wait_us=0 tsf_wait_max_global_us=0 launch_phase_samples=0 launch_phase_avg=0.0 launch_phase_min=0 launch_phase_max=0 tsf_errors=0
W (93111) rc_video: [DEBUG-C151] display frame=270 consumer=0 active=-2/0x0->-2/0x0 select=540->540 became_active=0 overlap=0 overlap_count=0 finish=270 last_finished=0/0x3c0f6040 finish_active=0 finish_collision=0 guard=1 guard_errors=0 quiesce=270 resume_before=269 resume_pending=1 lifecycle_errors=0
I (93127) rc_video: [CAM-DIAG-C16R] frame=270 window=6 sensor=pattern slot=0 addr=0x3c0f6040 gen=270->270 crc_first=1fd3a516/1fd3a516 crc_mid=52b8a38d/52b8a38d crc_tail=339aea1a/339aea1a stable=1 raw_full=273a5e2d raw_q=ced0f88f/03838ff9/ccc508a4/f55f6a7f raw_edge=4ced7e94 raw_probe=593.5ms cache_sync=ESP_OK cache_sync_err=0 light_post=65fecc02 stable=1 raw_post_err=0 chunk_crc=cfab95e5/96d3501a/e81b3aa3 submit=3 complete=3 seq=810/810 stale=0 prepare=53.4ms draw=36.3ms
W (93664) rc_video: [CAM-DIAG-C16R] LIGHT stage=periodic window=6 sensor=pattern display=camera idle=0ms full_probe=1 cache=c2m_inv frames=30 changes=0 sync_changes=0 sync_calls=30 sync_skips=0 unique=1 overflow=0 pre=65fecc02 post=65fecc02 luma_avg=123.0 luma_min=123 luma_max=123 luma_last=123 avg_probe=2.271ms max_probe=2.573ms tsf_waits=0 tsf_wait_us=0 tsf_wait_max_global_us=0 launch_phase_samples=0 launch_phase_avg=0.0 launch_phase_min=0 launch_phase_max=0 tsf_errors=0
I (93695) rc_video: [CAM-DIAG-C16R] HEALTH window=6 display_frame=273 guard_errors=0 quiesce=273 resume_before=272 lifecycle_errors=0 pause_req=273 pause_ack=273 pause_timeout=0 cache_sync_err=0 raw_post_err=0 overlap=0 finish_collision=0 tsf_waits=0 tsf_wait_us=0 tsf_wait_max_global_us=0 target=0 tolerance=0 launch_samples=0 launch_min=0 launch_max=0 rgb_gain=110 present=direct chunk_lines=60 repeats=1 tsf_errors=0 staged_events=3003 staged_copies=3003 staged_bytes=153753600 staged_tail=0 staged_forward=548 staged_fallback=0 staged_errors=0 tail_drain=50 tail_waits=30 tail_wait_us=1500
W (98168) camera_hal: [CAM-DIAG-C16I] SP0A39 test_pattern=off P1:32 before=0x80 write=0x00 read=0x00 expected_bit=0x00
W (98269) rc_tank: [CAM-DIAG-C16R] PROTOCOL window=7 before=0x07 requested=0x07 after=0x07 name=bgn changed=0
W (98269) rc_tank: [CAM-DIAG-C16R] BEACON window=7 before=200 requested=200 after=200 changed=0
W (98276) rc_tank: [CAM-DIAG-C16R] TSF_GUARD window=7 beacon=200 after=0us budget=0us result=ESP_OK
W (98285) rc_tank: [CAM-DIAG-C16R] TSF_TARGET window=7 phase=0us tolerance=0us result=ESP_OK
W (98293) rc_tank: [CAM-DIAG-C16R] RGB_GAIN window=7 requested=110 result=ESP_OK
W (98300) rc_tank: [CAM-DIAG-C16R] PRESENT window=7 mode=direct chunk_lines=60 repeats=1 result=ESP_OK
W (98309) rc_tank: [CAM-DIAG-C16R] TAIL_DRAIN window=7 requested=50us result=ESP_OK
W (98317) rc_video: [CAM-DIAG-C16R] PROFILE window=7 sensor=real display=camera idle=0ms full_probe=0 cache=c2m_inv capture=300
W (98328) rc_tank: [CAM-DIAG-C16R] WINDOW_07 start: wifi=on sensor=real display=camera idle=0ms full_probe=off cache=c2m_inv dvp=staged100k protocol=bgn beacon=200 guard_after=0us capture_budget=0us target=0us tolerance=0us rgb_gain=110% present=direct chunk_lines=60 repeats=1 tail_drain=50us
W (98677) rc_video: [DEBUG-C151] display frame=300 consumer=0 active=-2/0x0->-2/0x0 select=600->600 became_active=0 overlap=0 overlap_count=0 finish=300 last_finished=0/0x3c0f6040 finish_active=0 finish_collision=0 guard=1 guard_errors=0 quiesce=300 resume_before=299 resume_pending=1 lifecycle_errors=0
I (98693) rc_video: [CAM-DIAG-C16R] frame=300 window=6 sensor=pattern slot=0 addr=0x3c0f6040 gen=300->300 crc_first=1fd3a516/1fd3a516 crc_mid=52b8a38d/52b8a38d crc_tail=339aea1a/339aea1a stable=1 raw_full=273a5e2d raw_q=ced0f88f/03838ff9/ccc508a4/f55f6a7f raw_edge=4ced7e94 raw_probe=618.1ms cache_sync=ESP_OK cache_sync_err=0 light_post=65fecc02 stable=1 raw_post_err=0 chunk_crc=cfab95e5/96d3501a/e81b3aa3 submit=3 complete=3 seq=900/900 stale=0 prepare=53.4ms draw=36.3ms
W (98734) rc_video: [CAM-DIAG-C16R] LIGHT stage=complete window=6 sensor=pattern display=camera idle=0ms full_probe=1 cache=c2m_inv frames=57 changes=0 sync_changes=0 sync_calls=57 sync_skips=0 unique=1 overflow=0 pre=65fecc02 post=65fecc02 luma_avg=123.0 luma_min=123 luma_max=123 luma_last=123 avg_probe=2.277ms max_probe=3.068ms tsf_waits=0 tsf_wait_us=0 tsf_wait_max_global_us=0 launch_phase_samples=0 launch_phase_avg=0.0 launch_phase_min=0 launch_phase_max=0 tsf_errors=0
W (103481) rc_video: [CAM-DIAG-C16R] LIGHT stage=periodic window=7 sensor=real display=camera idle=0ms full_probe=0 cache=c2m_inv frames=30 changes=29 sync_changes=0 sync_calls=30 sync_skips=0 unique=8 overflow=22 pre=af481f32 post=af481f32 luma_avg=50.6 luma_min=50 luma_max=51 luma_last=51 avg_probe=2.282ms max_probe=2.652ms tsf_waits=0 tsf_wait_us=0 tsf_wait_max_global_us=0 launch_phase_samples=0 launch_phase_avg=0.0 launch_phase_min=0 launch_phase_max=0 tsf_errors=0
I (103512) rc_video: [CAM-DIAG-C16R] HEALTH window=7 display_frame=330 guard_errors=0 quiesce=330 resume_before=329 lifecycle_errors=0 pause_req=330 pause_ack=330 pause_timeout=0 cache_sync_err=0 raw_post_err=0 overlap=0 finish_collision=0 tsf_waits=0 tsf_wait_us=0 tsf_wait_max_global_us=0 target=0 tolerance=0 launch_samples=0 launch_min=0 launch_max=0 rgb_gain=110 present=direct chunk_lines=60 repeats=1 tsf_errors=0 staged_events=3630 staged_copies=3630 staged_bytes=185856000 staged_tail=0 staged_forward=662 staged_fallback=0 staged_errors=0 tail_drain=50 tail_waits=87 tail_wait_us=4350
W (108310) rc_video: [CAM-DIAG-C16R] LIGHT stage=periodic window=7 sensor=real display=camera idle=0ms full_probe=0 cache=c2m_inv frames=60 changes=59 sync_changes=0 sync_calls=60 sync_skips=0 unique=8 overflow=52 pre=a1632a55 post=a1632a55 luma_avg=50.9 luma_min=50 luma_max=52 luma_last=52 avg_probe=2.274ms max_probe=2.652ms tsf_waits=0 tsf_wait_us=0 tsf_wait_max_global_us=0 launch_phase_samples=0 launch_phase_avg=0.0 launch_phase_min=0 launch_phase_max=0 tsf_errors=0
I (108341) rc_video: [CAM-DIAG-C16R] HEALTH window=7 display_frame=360 guard_errors=0 quiesce=360 resume_before=359 lifecycle_errors=0 pause_req=360 pause_ack=360 pause_timeout=0 cache_sync_err=0 raw_post_err=0 overlap=0 finish_collision=0 tsf_waits=0 tsf_wait_us=0 tsf_wait_max_global_us=0 target=0 tolerance=0 launch_samples=0 launch_min=0 launch_max=0 rgb_gain=110 present=direct chunk_lines=60 repeats=1 tsf_errors=0 staged_events=3960 staged_copies=3960 staged_bytes=202752000 staged_tail=0 staged_forward=722 staged_fallback=0 staged_errors=0 tail_drain=50 tail_waits=117 tail_wait_us=5850
W (108355) camera_hal: [CAM-DIAG-C16I] SP0A39 test_pattern=on P1:32 before=0x00 write=0x80 read=0x80 expected_bit=0x80
W (108503) rc_tank: [CAM-DIAG-C16R] PROTOCOL window=8 before=0x07 requested=0x07 after=0x07 name=bgn changed=0
W (108504) rc_tank: [CAM-DIAG-C16R] BEACON window=8 before=200 requested=200 after=200 changed=0
W (108511) rc_tank: [CAM-DIAG-C16R] TSF_GUARD window=8 beacon=200 after=0us budget=0us result=ESP_OK
W (108520) rc_tank: [CAM-DIAG-C16R] TSF_TARGET window=8 phase=0us tolerance=0us result=ESP_OK
W (108528) rc_tank: [CAM-DIAG-C16R] RGB_GAIN window=8 requested=110 result=ESP_OK
W (108535) rc_tank: [CAM-DIAG-C16R] PRESENT window=8 mode=direct chunk_lines=60 repeats=1 result=ESP_OK
W (108544) rc_tank: [CAM-DIAG-C16R] TAIL_DRAIN window=8 requested=100us result=ESP_OK
W (108552) rc_video: [CAM-DIAG-C16R] PROFILE window=8 sensor=pattern display=camera idle=0ms full_probe=1 cache=c2m_inv capture=361
W (108563) rc_tank: [CAM-DIAG-C16R] WINDOW_08 start: wifi=on sensor=pattern display=camera idle=0ms full_probe=on cache=c2m_inv dvp=staged100k protocol=bgn beacon=200 guard_after=0us capture_budget=0us target=0us tolerance=0us rgb_gain=110% present=direct chunk_lines=60 repeats=1 tail_drain=100us
W (108706) rc_video: [CAM-DIAG-C16R] LIGHT stage=complete window=7 sensor=real display=camera idle=0ms full_probe=0 cache=c2m_inv frames=62 changes=60 sync_changes=0 sync_calls=62 sync_skips=0 unique=8 overflow=54 pre=65fecc02 post=65fecc02 luma_avg=53.2 luma_min=50 luma_max=123 luma_last=123 avg_probe=2.279ms max_probe=2.652ms tsf_waits=0 tsf_wait_us=0 tsf_wait_max_global_us=0 launch_phase_samples=0 launch_phase_avg=0.0 launch_phase_min=0 launch_phase_max=0 tsf_errors=0
W (113772) rc_video: [DEBUG-C151] display frame=390 consumer=0 active=-2/0x0->-2/0x0 select=780->780 became_active=0 overlap=0 overlap_count=0 finish=390 last_finished=0/0x3c0f6040 finish_active=0 finish_collision=0 guard=1 guard_errors=0 quiesce=390 resume_before=389 resume_pending=1 lifecycle_errors=0
I (113788) rc_video: [CAM-DIAG-C16R] frame=390 window=8 sensor=pattern slot=0 addr=0x3c0f6040 gen=390->390 crc_first=1fd3a516/1fd3a516 crc_mid=52b8a38d/52b8a38d crc_tail=339aea1a/339aea1a stable=1 raw_full=273a5e2d raw_q=ced0f88f/03838ff9/ccc508a4/f55f6a7f raw_edge=4ced7e94 raw_probe=593.6ms cache_sync=ESP_OK cache_sync_err=0 light_post=65fecc02 stable=1 raw_post_err=0 chunk_crc=cfab95e5/96d3501a/e81b3aa3 submit=3 complete=3 seq=1170/1170 stale=0 prepare=53.3ms draw=36.4ms
W (114167) rc_video: [CAM-DIAG-C16R] LIGHT stage=periodic window=8 sensor=pattern display=camera idle=0ms full_probe=1 cache=c2m_inv frames=30 changes=0 sync_changes=0 sync_calls=30 sync_skips=0 unique=1 overflow=0 pre=65fecc02 post=65fecc02 luma_avg=123.0 luma_min=123 luma_max=123 luma_last=123 avg_probe=2.259ms max_probe=2.583ms tsf_waits=0 tsf_wait_us=0 tsf_wait_max_global_us=0 launch_phase_samples=0 launch_phase_avg=0.0 launch_phase_min=0 launch_phase_max=0 tsf_errors=0
I (114198) rc_video: [CAM-DIAG-C16R] HEALTH window=8 display_frame=392 guard_errors=0 quiesce=392 resume_before=391 lifecycle_errors=0 pause_req=392 pause_ack=392 pause_timeout=0 cache_sync_err=0 raw_post_err=0 overlap=0 finish_collision=0 tsf_waits=0 tsf_wait_us=0 tsf_wait_max_global_us=0 target=0 tolerance=0 launch_samples=0 launch_min=0 launch_max=0 rgb_gain=110 present=direct chunk_lines=60 repeats=1 tsf_errors=0 staged_events=4312 staged_copies=4312 staged_bytes=220774400 staged_tail=0 staged_forward=786 staged_fallback=0 staged_errors=0 tail_drain=100 tail_waits=149 tail_wait_us=9000
W (118617) camera_hal: [CAM-DIAG-C16I] SP0A39 test_pattern=off P1:32 before=0x80 write=0x00 read=0x00 expected_bit=0x00
W (118718) rc_tank: [CAM-DIAG-C16R] PROTOCOL window=9 before=0x07 requested=0x07 after=0x07 name=bgn changed=0
W (118719) rc_tank: [CAM-DIAG-C16R] BEACON window=9 before=200 requested=200 after=200 changed=0
W (118726) rc_tank: [CAM-DIAG-C16R] TSF_GUARD window=9 beacon=200 after=0us budget=0us result=ESP_OK
W (118734) rc_tank: [CAM-DIAG-C16R] TSF_TARGET window=9 phase=0us tolerance=0us result=ESP_OK
W (118743) rc_tank: [CAM-DIAG-C16R] RGB_GAIN window=9 requested=110 result=ESP_OK
W (118750) rc_tank: [CAM-DIAG-C16R] PRESENT window=9 mode=direct chunk_lines=60 repeats=1 result=ESP_OK
W (118759) rc_tank: [CAM-DIAG-C16R] TAIL_DRAIN window=9 requested=100us result=ESP_OK
W (118767) rc_video: [CAM-DIAG-C16R] PROFILE window=9 sensor=real display=camera idle=0ms full_probe=0 cache=c2m_inv capture=420
W (118778) rc_tank: [CAM-DIAG-C16R] WINDOW_09 start: wifi=on sensor=real display=camera idle=0ms full_probe=off cache=c2m_inv dvp=staged100k protocol=bgn beacon=200 guard_after=0us capture_budget=0us target=0us tolerance=0us rgb_gain=110% present=direct chunk_lines=60 repeats=1 tail_drain=100us
W (119339) rc_video: [DEBUG-C151] display frame=420 consumer=0 active=-2/0x0->-2/0x0 select=840->840 became_active=0 overlap=0 overlap_count=0 finish=420 last_finished=0/0x3c0f6040 finish_active=0 finish_collision=0 guard=1 guard_errors=0 quiesce=420 resume_before=419 resume_pending=1 lifecycle_errors=0
I (119355) rc_video: [CAM-DIAG-C16R] frame=420 window=8 sensor=pattern slot=0 addr=0x3c0f6040 gen=420->420 crc_first=1fd3a516/1fd3a516 crc_mid=52b8a38d/52b8a38d crc_tail=339aea1a/339aea1a stable=1 raw_full=273a5e2d raw_q=ced0f88f/03838ff9/ccc508a4/f55f6a7f raw_edge=4ced7e94 raw_probe=619.3ms cache_sync=ESP_OK cache_sync_err=0 light_post=65fecc02 stable=1 raw_post_err=0 chunk_crc=cfab95e5/96d3501a/e81b3aa3 submit=3 complete=3 seq=1260/1260 stale=0 prepare=53.3ms draw=36.2ms
W (119396) rc_video: [CAM-DIAG-C16R] LIGHT stage=complete window=8 sensor=pattern display=camera idle=0ms full_probe=1 cache=c2m_inv frames=58 changes=0 sync_changes=0 sync_calls=58 sync_skips=0 unique=1 overflow=0 pre=65fecc02 post=65fecc02 luma_avg=123.0 luma_min=123 luma_max=123 luma_last=123 avg_probe=2.265ms max_probe=2.583ms tsf_waits=0 tsf_wait_us=0 tsf_wait_max_global_us=0 launch_phase_samples=0 launch_phase_avg=0.0 launch_phase_min=0 launch_phase_max=0 tsf_errors=0
W (124141) rc_video: [CAM-DIAG-C16R] LIGHT stage=periodic window=9 sensor=real display=camera idle=0ms full_probe=0 cache=c2m_inv frames=30 changes=29 sync_changes=0 sync_calls=30 sync_skips=0 unique=8 overflow=22 pre=ca97d4a6 post=ca97d4a6 luma_avg=52.7 luma_min=50 luma_max=59 luma_last=52 avg_probe=2.278ms max_probe=2.707ms tsf_waits=0 tsf_wait_us=0 tsf_wait_max_global_us=0 launch_phase_samples=0 launch_phase_avg=0.0 launch_phase_min=0 launch_phase_max=0 tsf_errors=0
I (124172) rc_video: [CAM-DIAG-C16R] HEALTH window=9 display_frame=450 guard_errors=0 quiesce=450 resume_before=449 lifecycle_errors=0 pause_req=450 pause_ack=450 pause_timeout=0 cache_sync_err=0 raw_post_err=0 overlap=0 finish_collision=0 tsf_waits=0 tsf_wait_us=0 tsf_wait_max_global_us=0 target=0 tolerance=0 launch_samples=0 launch_min=0 launch_max=0 rgb_gain=110 present=direct chunk_lines=60 repeats=1 tsf_errors=0 staged_events=4950 staged_copies=4950 staged_bytes=253440000 staged_tail=0 staged_forward=902 staged_fallback=0 staged_errors=0 tail_drain=100 tail_waits=207 tail_wait_us=14800
W (128806) camera_hal: [CAM-DIAG-C16I] SP0A39 test_pattern=on P1:32 before=0x00 write=0x80 read=0x80 expected_bit=0x80
W (128907) rc_tank: [CAM-DIAG-C16R] PROTOCOL window=10 before=0x07 requested=0x07 after=0x07 name=bgn changed=0
W (128908) rc_tank: [CAM-DIAG-C16R] BEACON window=10 before=200 requested=200 after=200 changed=0
W (128915) rc_tank: [CAM-DIAG-C16R] TSF_GUARD window=10 beacon=200 after=0us budget=0us result=ESP_OK
W (128924) rc_tank: [CAM-DIAG-C16R] TSF_TARGET window=10 phase=0us tolerance=0us result=ESP_OK
W (128932) rc_tank: [CAM-DIAG-C16R] RGB_GAIN window=10 requested=110 result=ESP_OK
W (128940) rc_tank: [CAM-DIAG-C16R] PRESENT window=10 mode=direct chunk_lines=60 repeats=1 result=ESP_OK
W (128949) rc_tank: [CAM-DIAG-C16R] TAIL_DRAIN window=10 requested=200us result=ESP_OK
W (128956) rc_video: [CAM-DIAG-C16R] PROFILE window=10 sensor=pattern display=camera idle=0ms full_probe=1 cache=c2m_inv capture=480
W (128968) rc_tank: [CAM-DIAG-C16R] WINDOW_10 start: wifi=on sensor=pattern display=camera idle=0ms full_probe=on cache=c2m_inv dvp=staged100k protocol=bgn beacon=200 guard_after=0us capture_budget=0us target=0us tolerance=0us rgb_gain=110% present=direct chunk_lines=60 repeats=1 tail_drain=200us
W (128977) rc_video: [CAM-DIAG-C16R] LIGHT stage=periodic window=9 sensor=real display=camera idle=0ms full_probe=0 cache=c2m_inv frames=60 changes=59 sync_changes=0 sync_calls=60 sync_skips=0 unique=8 overflow=52 pre=65fecc02 post=65fecc02 luma_avg=53.5 luma_min=50 luma_max=123 luma_last=123 avg_probe=2.289ms max_probe=2.707ms tsf_waits=0 tsf_wait_us=0 tsf_wait_max_global_us=0 launch_phase_samples=0 launch_phase_avg=0.0 launch_phase_min=0 launch_phase_max=0 tsf_errors=0
I (129035) rc_video: [CAM-DIAG-C16R] HEALTH window=9 display_frame=480 guard_errors=0 quiesce=480 resume_before=479 lifecycle_errors=0 pause_req=480 pause_ack=480 pause_timeout=0 cache_sync_err=0 raw_post_err=0 overlap=0 finish_collision=0 tsf_waits=0 tsf_wait_us=0 tsf_wait_max_global_us=0 target=0 tolerance=0 launch_samples=0 launch_min=0 launch_max=0 rgb_gain=110 present=direct chunk_lines=60 repeats=1 tsf_errors=0 staged_events=5280 staged_copies=5280 staged_bytes=270336000 staged_tail=0 staged_forward=962 staged_fallback=0 staged_errors=0 tail_drain=200 tail_waits=237 tail_wait_us=17800
W (129088) rc_video: [CAM-DIAG-C16R] LIGHT stage=complete window=9 sensor=real display=camera idle=0ms full_probe=0 cache=c2m_inv frames=60 changes=59 sync_changes=0 sync_calls=60 sync_skips=0 unique=8 overflow=52 pre=65fecc02 post=65fecc02 luma_avg=53.5 luma_min=50 luma_max=123 luma_last=123 avg_probe=2.289ms max_probe=2.707ms tsf_waits=0 tsf_wait_us=0 tsf_wait_max_global_us=0 launch_phase_samples=0 launch_phase_avg=0.0 launch_phase_min=0 launch_phase_max=0 tsf_errors=0
W (134472) rc_video: [CAM-DIAG-C16R] LIGHT stage=periodic window=10 sensor=pattern display=camera idle=0ms full_probe=1 cache=c2m_inv frames=30 changes=0 sync_changes=0 sync_calls=30 sync_skips=0 unique=1 overflow=0 pre=65fecc02 post=65fecc02 luma_avg=123.0 luma_min=123 luma_max=123 luma_last=123 avg_probe=2.277ms max_probe=2.568ms tsf_waits=0 tsf_wait_us=0 tsf_wait_max_global_us=0 launch_phase_samples=0 launch_phase_avg=0.0 launch_phase_min=0 launch_phase_max=0 tsf_errors=0
I (134503) rc_video: [CAM-DIAG-C16R] HEALTH window=10 display_frame=510 guard_errors=0 quiesce=510 resume_before=509 lifecycle_errors=0 pause_req=510 pause_ack=510 pause_timeout=0 cache_sync_err=0 raw_post_err=0 overlap=0 finish_collision=0 tsf_waits=0 tsf_wait_us=0 tsf_wait_max_global_us=0 target=0 tolerance=0 launch_samples=0 launch_min=0 launch_max=0 rgb_gain=110 present=direct chunk_lines=60 repeats=1 tsf_errors=0 staged_events=5610 staged_copies=5610 staged_bytes=287232000 staged_tail=0 staged_forward=1022 staged_fallback=0 staged_errors=0 tail_drain=200 tail_waits=267 tail_wait_us=23800
W (134555) rc_video: [DEBUG-C151] display frame=510 consumer=0 active=-2/0x0->-2/0x0 select=1020->1020 became_active=0 overlap=0 overlap_count=0 finish=510 last_finished=0/0x3c0f6040 finish_active=0 finish_collision=0 guard=1 guard_errors=0 quiesce=510 resume_before=509 resume_pending=1 lifecycle_errors=0
I (134582) rc_video: [CAM-DIAG-C16R] frame=510 window=10 sensor=pattern slot=0 addr=0x3c0f6040 gen=510->510 crc_first=1fd3a516/1fd3a516 crc_mid=52b8a38d/52b8a38d crc_tail=339aea1a/339aea1a stable=1 raw_full=273a5e2d raw_q=ced0f88f/03838ff9/ccc508a4/f55f6a7f raw_edge=4ced7e94 raw_probe=593.4ms cache_sync=ESP_OK cache_sync_err=0 light_post=65fecc02 stable=1 raw_post_err=0 chunk_crc=cfab95e5/96d3501a/e81b3aa3 submit=3 complete=3 seq=1530/1530 stale=0 prepare=53.9ms draw=36.1ms
W (138996) camera_hal: [CAM-DIAG-C16I] SP0A39 test_pattern=off P1:32 before=0x80 write=0x00 read=0x00 expected_bit=0x00
W (139129) rc_tank: [CAM-DIAG-C16R] PROTOCOL window=11 before=0x07 requested=0x07 after=0x07 name=bgn changed=0
W (139130) rc_tank: [CAM-DIAG-C16R] BEACON window=11 before=200 requested=200 after=200 changed=0
W (139137) rc_tank: [CAM-DIAG-C16R] TSF_GUARD window=11 beacon=200 after=0us budget=0us result=ESP_OK
W (139146) rc_tank: [CAM-DIAG-C16R] TSF_TARGET window=11 phase=0us tolerance=0us result=ESP_OK
W (139154) rc_tank: [CAM-DIAG-C16R] RGB_GAIN window=11 requested=110 result=ESP_OK
W (139162) rc_tank: [CAM-DIAG-C16R] PRESENT window=11 mode=direct chunk_lines=60 repeats=1 result=ESP_OK
W (139171) rc_tank: [CAM-DIAG-C16R] TAIL_DRAIN window=11 requested=200us result=ESP_OK
W (139178) rc_video: [CAM-DIAG-C16R] PROFILE window=11 sensor=real display=camera idle=0ms full_probe=0 cache=c2m_inv capture=539
W (139190) rc_tank: [CAM-DIAG-C16R] WINDOW_11 start: wifi=on sensor=real display=camera idle=0ms full_probe=off cache=c2m_inv dvp=staged100k protocol=bgn beacon=200 guard_after=0us capture_budget=0us target=0us tolerance=0us rgb_gain=110% present=direct chunk_lines=60 repeats=1 tail_drain=200us
W (139233) rc_video: [CAM-DIAG-C16R] LIGHT stage=complete window=10 sensor=pattern display=camera idle=0ms full_probe=1 cache=c2m_inv frames=59 changes=1 sync_changes=0 sync_calls=59 sync_skips=0 unique=2 overflow=0 pre=0f63ac96 post=0f63ac96 luma_avg=121.8 luma_min=55 luma_max=123 luma_last=55 avg_probe=2.309ms max_probe=3.996ms tsf_waits=0 tsf_wait_us=0 tsf_wait_max_global_us=0 launch_phase_samples=0 launch_phase_avg=0.0 launch_phase_min=0 launch_phase_max=0 tsf_errors=0
W (143971) rc_video: [CAM-DIAG-C16R] LIGHT stage=periodic window=11 sensor=real display=camera idle=0ms full_probe=0 cache=c2m_inv frames=30 changes=29 sync_changes=0 sync_calls=30 sync_skips=0 unique=8 overflow=22 pre=55da31bc post=55da31bc luma_avg=50.6 luma_min=50 luma_max=56 luma_last=50 avg_probe=2.292ms max_probe=2.606ms tsf_waits=0 tsf_wait_us=0 tsf_wait_max_global_us=0 launch_phase_samples=0 launch_phase_avg=0.0 launch_phase_min=0 launch_phase_max=0 tsf_errors=0
I (144002) rc_video: [CAM-DIAG-C16R] HEALTH window=11 display_frame=569 guard_errors=0 quiesce=569 resume_before=568 lifecycle_errors=0 pause_req=569 pause_ack=569 pause_timeout=0 cache_sync_err=0 raw_post_err=0 overlap=0 finish_collision=0 tsf_waits=0 tsf_wait_us=0 tsf_wait_max_global_us=0 target=0 tolerance=0 launch_samples=0 launch_min=0 launch_max=0 rgb_gain=110 present=direct chunk_lines=60 repeats=1 tsf_errors=0 staged_events=6259 staged_copies=6259 staged_bytes=320460800 staged_tail=0 staged_forward=1140 staged_fallback=0 staged_errors=0 tail_drain=200 tail_waits=326 tail_wait_us=35600
W (148799) rc_video: [CAM-DIAG-C16R] LIGHT stage=periodic window=11 sensor=real display=camera idle=0ms full_probe=0 cache=c2m_inv frames=60 changes=59 sync_changes=0 sync_calls=60 sync_skips=0 unique=8 overflow=52 pre=a612b2be post=a612b2be luma_avg=50.4 luma_min=48 luma_max=56 luma_last=50 avg_probe=2.294ms max_probe=2.624ms tsf_waits=0 tsf_wait_us=0 tsf_wait_max_global_us=0 launch_phase_samples=0 launch_phase_avg=0.0 launch_phase_min=0 launch_phase_max=0 tsf_errors=0
I (148830) rc_video: [CAM-DIAG-C16R] HEALTH window=11 display_frame=599 guard_errors=0 quiesce=599 resume_before=598 lifecycle_errors=0 pause_req=599 pause_ack=599 pause_timeout=0 cache_sync_err=0 raw_post_err=0 overlap=0 finish_collision=0 tsf_waits=0 tsf_wait_us=0 tsf_wait_max_global_us=0 target=0 tolerance=0 launch_samples=0 launch_min=0 launch_max=0 rgb_gain=110 present=direct chunk_lines=60 repeats=1 tsf_errors=0 staged_events=6589 staged_copies=6589 staged_bytes=337356800 staged_tail=0 staged_forward=1200 staged_fallback=0 staged_errors=0 tail_drain=200 tail_waits=356 tail_wait_us=41600
W (149220) camera_hal: [CAM-DIAG-C16I] SP0A39 test_pattern=on P1:32 before=0x00 write=0x80 read=0x80 expected_bit=0x80
W (149357) rc_tank: [CAM-DIAG-C16R] PROTOCOL window=12 before=0x07 requested=0x07 after=0x07 name=bgn changed=0
W (149358) rc_tank: [CAM-DIAG-C16R] BEACON window=12 before=200 requested=200 after=200 changed=0
W (149365) rc_tank: [CAM-DIAG-C16R] TSF_GUARD window=12 beacon=200 after=0us budget=0us result=ESP_OK
W (149374) rc_tank: [CAM-DIAG-C16R] TSF_TARGET window=12 phase=0us tolerance=0us result=ESP_OK
W (149418) rc_tank: [CAM-DIAG-C16R] RGB_GAIN window=12 requested=110 result=ESP_OK
W (149419) rc_tank: [CAM-DIAG-C16R] PRESENT window=12 mode=direct chunk_lines=60 repeats=1 result=ESP_OK
W (149427) rc_tank: [CAM-DIAG-C16R] TAIL_DRAIN window=12 requested=400us result=ESP_OK
W (149435) rc_video: [CAM-DIAG-C16R] PROFILE window=12 sensor=pattern display=camera idle=0ms full_probe=1 cache=c2m_inv capture=603
W (149446) rc_tank: [CAM-DIAG-C16R] WINDOW_12 start: wifi=on sensor=pattern display=camera idle=0ms full_probe=on cache=c2m_inv dvp=staged100k protocol=bgn beacon=200 guard_after=0us capture_budget=0us target=0us tolerance=0us rgb_gain=110% present=direct chunk_lines=60 repeats=1 tail_drain=400us
W (149518) rc_video: [CAM-DIAG-C16R] LIGHT stage=complete window=11 sensor=real display=camera idle=0ms full_probe=0 cache=c2m_inv frames=64 changes=63 sync_changes=0 sync_calls=64 sync_skips=0 unique=8 overflow=56 pre=65fecc02 post=65fecc02 luma_avg=52.5 luma_min=48 luma_max=123 luma_last=123 avg_probe=2.301ms max_probe=2.673ms tsf_waits=0 tsf_wait_us=0 tsf_wait_max_global_us=0 launch_phase_samples=0 launch_phase_avg=0.0 launch_phase_min=0 launch_phase_max=0 tsf_errors=0
W (154419) rc_video: [DEBUG-C151] display frame=630 consumer=0 active=-2/0x0->-2/0x0 select=1260->1260 became_active=0 overlap=0 overlap_count=0 finish=630 last_finished=0/0x3c0f6040 finish_active=0 finish_collision=0 guard=1 guard_errors=0 quiesce=630 resume_before=629 resume_pending=1 lifecycle_errors=0
I (154436) rc_video: [CAM-DIAG-C16R] frame=630 window=12 sensor=pattern slot=0 addr=0x3c0f6040 gen=630->630 crc_first=1fd3a516/1fd3a516 crc_mid=52b8a38d/52b8a38d crc_tail=339aea1a/339aea1a stable=1 raw_full=273a5e2d raw_q=ced0f88f/03838ff9/ccc508a4/f55f6a7f raw_edge=4ced7e94 raw_probe=593.2ms cache_sync=ESP_OK cache_sync_err=0 light_post=65fecc02 stable=1 raw_post_err=0 chunk_crc=cfab95e5/96d3501a/e81b3aa3 submit=3 complete=3 seq=1890/1890 stale=0 prepare=53.5ms draw=36.4ms
W (154974) rc_video: [CAM-DIAG-C16R] LIGHT stage=periodic window=12 sensor=pattern display=camera idle=0ms full_probe=1 cache=c2m_inv frames=30 changes=0 sync_changes=0 sync_calls=30 sync_skips=0 unique=1 overflow=0 pre=65fecc02 post=65fecc02 luma_avg=123.0 luma_min=123 luma_max=123 luma_last=123 avg_probe=2.278ms max_probe=2.598ms tsf_waits=0 tsf_wait_us=0 tsf_wait_max_global_us=0 launch_phase_samples=0 launch_phase_avg=0.0 launch_phase_min=0 launch_phase_max=0 tsf_errors=0
I (155005) rc_video: [CAM-DIAG-C16R] HEALTH window=12 display_frame=633 guard_errors=0 quiesce=633 resume_before=632 lifecycle_errors=0 pause_req=633 pause_ack=633 pause_timeout=0 cache_sync_err=0 raw_post_err=0 overlap=0 finish_collision=0 tsf_waits=0 tsf_wait_us=0 tsf_wait_max_global_us=0 target=0 tolerance=0 launch_samples=0 launch_min=0 launch_max=0 rgb_gain=110 present=direct chunk_lines=60 repeats=1 tsf_errors=0 staged_events=6963 staged_copies=6963 staged_bytes=356505600 staged_tail=0 staged_forward=1268 staged_fallback=0 staged_errors=0 tail_drain=400 tail_waits=390 tail_wait_us=54400
W (159474) camera_hal: [CAM-DIAG-C16I] SP0A39 test_pattern=off P1:32 before=0x80 write=0x00 read=0x00 expected_bit=0x00
W (159575) rc_tank: [CAM-DIAG-C16R] PROTOCOL window=13 before=0x07 requested=0x07 after=0x07 name=bgn changed=0
W (159575) rc_tank: [CAM-DIAG-C16R] BEACON window=13 before=200 requested=200 after=200 changed=0
W (159582) rc_tank: [CAM-DIAG-C16R] TSF_GUARD window=13 beacon=200 after=0us budget=0us result=ESP_OK
W (159591) rc_tank: [CAM-DIAG-C16R] TSF_TARGET window=13 phase=0us tolerance=0us result=ESP_OK
W (159600) rc_tank: [CAM-DIAG-C16R] RGB_GAIN window=13 requested=110 result=ESP_OK
W (159607) rc_tank: [CAM-DIAG-C16R] PRESENT window=13 mode=direct chunk_lines=60 repeats=1 result=ESP_OK
W (159616) rc_tank: [CAM-DIAG-C16R] TAIL_DRAIN window=13 requested=400us result=ESP_OK
W (159624) rc_video: [CAM-DIAG-C16R] PROFILE window=13 sensor=real display=camera idle=0ms full_probe=0 cache=c2m_inv capture=660
W (159635) rc_tank: [CAM-DIAG-C16R] WINDOW_13 start: wifi=on sensor=real display=camera idle=0ms full_probe=off cache=c2m_inv dvp=staged100k protocol=bgn beacon=200 guard_after=0us capture_budget=0us target=0us tolerance=0us rgb_gain=110% present=direct chunk_lines=60 repeats=1 tail_drain=400us
W (159987) rc_video: [DEBUG-C151] display frame=660 consumer=0 active=-2/0x0->-2/0x0 select=1320->1320 became_active=0 overlap=0 overlap_count=0 finish=660 last_finished=0/0x3c0f6040 finish_active=0 finish_collision=0 guard=1 guard_errors=0 quiesce=660 resume_before=659 resume_pending=1 lifecycle_errors=0
I (160003) rc_video: [CAM-DIAG-C16R] frame=660 window=12 sensor=pattern slot=0 addr=0x3c0f6040 gen=660->660 crc_first=1fd3a516/1fd3a516 crc_mid=52b8a38d/52b8a38d crc_tail=339aea1a/339aea1a stable=1 raw_full=273a5e2d raw_q=ced0f88f/03838ff9/ccc508a4/f55f6a7f raw_edge=4ced7e94 raw_probe=620.0ms cache_sync=ESP_OK cache_sync_err=0 light_post=65fecc02 stable=1 raw_post_err=0 chunk_crc=cfab95e5/96d3501a/e81b3aa3 submit=3 complete=3 seq=1980/1980 stale=0 prepare=53.3ms draw=35.6ms
W (160045) rc_video: [CAM-DIAG-C16R] LIGHT stage=complete window=12 sensor=pattern display=camera idle=0ms full_probe=1 cache=c2m_inv frames=57 changes=0 sync_changes=0 sync_calls=57 sync_skips=0 unique=1 overflow=0 pre=65fecc02 post=65fecc02 luma_avg=123.0 luma_min=123 luma_max=123 luma_last=123 avg_probe=2.280ms max_probe=2.598ms tsf_waits=0 tsf_wait_us=0 tsf_wait_max_global_us=0 launch_phase_samples=0 launch_phase_avg=0.0 launch_phase_min=0 launch_phase_max=0 tsf_errors=0
W (164790) rc_video: [CAM-DIAG-C16R] LIGHT stage=periodic window=13 sensor=real display=camera idle=0ms full_probe=0 cache=c2m_inv frames=30 changes=29 sync_changes=0 sync_calls=30 sync_skips=0 unique=8 overflow=22 pre=c9368283 post=c9368283 luma_avg=53.0 luma_min=52 luma_max=53 luma_last=53 avg_probe=2.324ms max_probe=3.465ms tsf_waits=0 tsf_wait_us=0 tsf_wait_max_global_us=0 launch_phase_samples=0 launch_phase_avg=0.0 launch_phase_min=0 launch_phase_max=0 tsf_errors=0
I (164821) rc_video: [CAM-DIAG-C16R] HEALTH window=13 display_frame=690 guard_errors=0 quiesce=690 resume_before=689 lifecycle_errors=0 pause_req=690 pause_ack=690 pause_timeout=0 cache_sync_err=0 raw_post_err=0 overlap=0 finish_collision=0 tsf_waits=0 tsf_wait_us=0 tsf_wait_max_global_us=0 target=0 tolerance=0 launch_samples=0 launch_min=0 launch_max=0 rgb_gain=110 present=direct chunk_lines=60 repeats=1 tsf_errors=0 staged_events=7590 staged_copies=7590 staged_bytes=388608000 staged_tail=0 staged_forward=1382 staged_fallback=0 staged_errors=0 tail_drain=400 tail_waits=447 tail_wait_us=77200
W (165757) dvp_ext: invalid state 1

W (165797) dvp_ext: invalid state 1

W (169618) rc_video: [CAM-DIAG-C16R] LIGHT stage=periodic window=13 sensor=real display=camera idle=0ms full_probe=0 cache=c2m_inv frames=60 changes=59 sync_changes=0 sync_calls=60 sync_skips=0 unique=8 overflow=52 pre=e6c6e6ad post=e6c6e6ad luma_avg=53.0 luma_min=52 luma_max=54 luma_last=53 avg_probe=2.325ms max_probe=3.465ms tsf_waits=0 tsf_wait_us=0 tsf_wait_max_global_us=0 launch_phase_samples=0 launch_phase_avg=0.0 launch_phase_min=0 launch_phase_max=0 tsf_errors=0
I (169650) rc_video: [CAM-DIAG-C16R] HEALTH window=13 display_frame=720 guard_errors=0 quiesce=720 resume_before=719 lifecycle_errors=0 pause_req=720 pause_ack=720 pause_timeout=0 cache_sync_err=0 raw_post_err=0 overlap=0 finish_collision=0 tsf_waits=0 tsf_wait_us=0 tsf_wait_max_global_us=0 target=0 tolerance=0 launch_samples=0 launch_min=0 launch_max=0 rgb_gain=110 present=direct chunk_lines=60 repeats=1 tsf_errors=0 staged_events=7920 staged_copies=7920 staged_bytes=405504000 staged_tail=0 staged_forward=1444 staged_fallback=0 staged_errors=0 tail_drain=400 tail_waits=477 tail_wait_us=89200
W (169663) camera_hal: [CAM-DIAG-C16I] SP0A39 test_pattern=on P1:32 before=0x00 write=0x80 read=0x80 expected_bit=0x80
W (169812) rc_tank: [CAM-DIAG-C16R] PROTOCOL window=14 before=0x07 requested=0x07 after=0x07 name=bgn changed=0
W (169813) rc_tank: [CAM-DIAG-C16R] BEACON window=14 before=200 requested=200 after=200 changed=0
W (169820) rc_tank: [CAM-DIAG-C16R] TSF_GUARD window=14 beacon=200 after=0us budget=0us result=ESP_OK
W (169829) rc_tank: [CAM-DIAG-C16R] TSF_TARGET window=14 phase=0us tolerance=0us result=ESP_OK
W (169837) rc_tank: [CAM-DIAG-C16R] RGB_GAIN window=14 requested=110 result=ESP_OK
W (169845) rc_tank: [CAM-DIAG-C16R] PRESENT window=14 mode=direct chunk_lines=60 repeats=1 result=ESP_OK
W (169854) rc_tank: [CAM-DIAG-C16R] TAIL_DRAIN window=14 requested=800us result=ESP_OK
W (169861) rc_video: [CAM-DIAG-C16R] PROFILE window=14 sensor=pattern display=camera idle=0ms full_probe=1 cache=c2m_inv capture=721
W (169873) rc_tank: [CAM-DIAG-C16R] WINDOW_14 start: wifi=on sensor=pattern display=camera idle=0ms full_probe=on cache=c2m_inv dvp=staged100k protocol=bgn beacon=200 guard_after=0us capture_budget=0us target=0us tolerance=0us rgb_gain=110% present=direct chunk_lines=60 repeats=1 tail_drain=800us
W (170015) rc_video: [CAM-DIAG-C16R] LIGHT stage=complete window=13 sensor=real display=camera idle=0ms full_probe=0 cache=c2m_inv frames=62 changes=60 sync_changes=0 sync_calls=62 sync_skips=0 unique=8 overflow=54 pre=65fecc02 post=65fecc02 luma_avg=55.3 luma_min=52 luma_max=123 luma_last=123 avg_probe=2.327ms max_probe=3.465ms tsf_waits=0 tsf_wait_us=0 tsf_wait_max_global_us=0 launch_phase_samples=0 launch_phase_avg=0.0 launch_phase_min=0 launch_phase_max=0 tsf_errors=0
W (175080) rc_video: [DEBUG-C151] display frame=750 consumer=0 active=-2/0x0->-2/0x0 select=1500->1500 became_active=0 overlap=0 overlap_count=0 finish=750 last_finished=0/0x3c0f6040 finish_active=0 finish_collision=0 guard=1 guard_errors=0 quiesce=750 resume_before=749 resume_pending=1 lifecycle_errors=0
I (175096) rc_video: [CAM-DIAG-C16R] frame=750 window=14 sensor=pattern slot=0 addr=0x3c0f6040 gen=750->750 crc_first=1fd3a516/1fd3a516 crc_mid=52b8a38d/52b8a38d crc_tail=339aea1a/339aea1a stable=1 raw_full=273a5e2d raw_q=ced0f88f/03838ff9/ccc508a4/f55f6a7f raw_edge=4ced7e94 raw_probe=593.3ms cache_sync=ESP_OK cache_sync_err=0 light_post=65fecc02 stable=1 raw_post_err=0 chunk_crc=cfab95e5/96d3501a/e81b3aa3 submit=3 complete=3 seq=2250/2250 stale=0 prepare=53.3ms draw=35.9ms
W (175476) rc_video: [CAM-DIAG-C16R] LIGHT stage=periodic window=14 sensor=pattern display=camera idle=0ms full_probe=1 cache=c2m_inv frames=30 changes=0 sync_changes=0 sync_calls=30 sync_skips=0 unique=1 overflow=0 pre=65fecc02 post=65fecc02 luma_avg=123.0 luma_min=123 luma_max=123 luma_last=123 avg_probe=2.310ms max_probe=2.593ms tsf_waits=0 tsf_wait_us=0 tsf_wait_max_global_us=0 launch_phase_samples=0 launch_phase_avg=0.0 launch_phase_min=0 launch_phase_max=0 tsf_errors=0
I (175507) rc_video: [CAM-DIAG-C16R] HEALTH window=14 display_frame=752 guard_errors=0 quiesce=752 resume_before=751 lifecycle_errors=0 pause_req=752 pause_ack=752 pause_timeout=0 cache_sync_err=0 raw_post_err=0 overlap=0 finish_collision=0 tsf_waits=0 tsf_wait_us=0 tsf_wait_max_global_us=0 target=0 tolerance=0 launch_samples=0 launch_min=0 launch_max=0 rgb_gain=110 present=direct chunk_lines=60 repeats=1 tsf_errors=0 staged_events=8273 staged_copies=8272 staged_bytes=423526400 staged_tail=1 staged_forward=1508 staged_fallback=0 staged_errors=0 tail_drain=800 tail_waits=509 tail_wait_us=114400
W (179930) camera_hal: [CAM-DIAG-C16I] SP0A39 test_pattern=off P1:32 before=0x80 write=0x00 read=0x00 expected_bit=0x00
W (180031) rc_tank: [CAM-DIAG-C16R] PROTOCOL window=15 before=0x07 requested=0x07 after=0x07 name=bgn changed=0
W (180031) rc_tank: [CAM-DIAG-C16R] BEACON window=15 before=200 requested=200 after=200 changed=0
W (180039) rc_tank: [CAM-DIAG-C16R] TSF_GUARD window=15 beacon=200 after=0us budget=0us result=ESP_OK
W (180047) rc_tank: [CAM-DIAG-C16R] TSF_TARGET window=15 phase=0us tolerance=0us result=ESP_OK
W (180056) rc_tank: [CAM-DIAG-C16R] RGB_GAIN window=15 requested=110 result=ESP_OK
W (180063) rc_tank: [CAM-DIAG-C16R] PRESENT window=15 mode=direct chunk_lines=60 repeats=1 result=ESP_OK
W (180072) rc_tank: [CAM-DIAG-C16R] TAIL_DRAIN window=15 requested=800us result=ESP_OK
W (180080) rc_video: [CAM-DIAG-C16R] PROFILE window=15 sensor=real display=camera idle=0ms full_probe=0 cache=c2m_inv capture=780
W (180091) rc_tank: [CAM-DIAG-C16R] WINDOW_15 start: wifi=on sensor=real display=camera idle=0ms full_probe=off cache=c2m_inv dvp=staged100k protocol=bgn beacon=200 guard_after=0us capture_budget=0us target=0us tolerance=0us rgb_gain=110% present=direct chunk_lines=60 repeats=1 tail_drain=800us
W (180117) rc_tank: [CAM-DIAG-C16R] tail-drain matrix sequence complete; hold WINDOW_15 wifi=on real cache=c2m_inv staged_dma=102400B protocol=bgn beacon=200 tsf_guard=off rgb_gain=110% present=direct chunk_lines=60 repeats=1 tail_drain=800us
I (180138) rc_tank: Tank running (video + control; audio disabled)
I (180144) rc_tank: app_main done, idle loop
W (180656) rc_video: [DEBUG-C151] display frame=780 consumer=0 active=-2/0x0->-2/0x0 select=1560->1560 became_active=0 overlap=0 overlap_count=0 finish=780 last_finished=0/0x3c0f6040 finish_active=0 finish_collision=0 guard=1 guard_errors=0 quiesce=780 resume_before=779 resume_pending=1 lifecycle_errors=0
I (180672) rc_video: [CAM-DIAG-C16R] frame=780 window=14 sensor=pattern slot=0 addr=0x3c0f6040 gen=780->780 crc_first=1fd3a516/1fd3a516 crc_mid=52b8a38d/52b8a38d crc_tail=339aea1a/339aea1a stable=1 raw_full=273a5e2d raw_q=ced0f88f/03838ff9/ccc508a4/f55f6a7f raw_edge=4ced7e94 raw_probe=627.5ms cache_sync=ESP_OK cache_sync_err=0 light_post=65fecc02 stable=1 raw_post_err=0 chunk_crc=cfab95e5/96d3501a/e81b3aa3 submit=3 complete=3 seq=2340/2340 stale=0 prepare=53.4ms draw=36.0ms
W (180714) rc_video: [CAM-DIAG-C16R] LIGHT stage=complete window=14 sensor=pattern display=camera idle=0ms full_probe=1 cache=c2m_inv frames=58 changes=0 sync_changes=0 sync_calls=58 sync_skips=0 unique=1 overflow=0 pre=65fecc02 post=65fecc02 luma_avg=123.0 luma_min=123 luma_max=123 luma_last=123 avg_probe=2.310ms max_probe=2.596ms tsf_waits=0 tsf_wait_us=0 tsf_wait_max_global_us=0 launch_phase_samples=0 launch_phase_avg=0.0 launch_phase_min=0 launch_phase_max=0 tsf_errors=0
W (185452) rc_video: [CAM-DIAG-C16R] LIGHT stage=periodic window=15 sensor=real display=camera idle=0ms full_probe=0 cache=c2m_inv frames=30 changes=29 sync_changes=0 sync_calls=30 sync_skips=0 unique=8 overflow=22 pre=7b30ff81 post=7b30ff81 luma_avg=52.9 luma_min=52 luma_max=54 luma_last=53 avg_probe=2.280ms max_probe=2.614ms tsf_waits=0 tsf_wait_us=0 tsf_wait_max_global_us=0 launch_phase_samples=0 launch_phase_avg=0.0 launch_phase_min=0 launch_phase_max=0 tsf_errors=0
I (185483) rc_video: [CAM-DIAG-C16R] HEALTH window=15 display_frame=810 guard_errors=0 quiesce=810 resume_before=809 lifecycle_errors=0 pause_req=810 pause_ack=810 pause_timeout=0 cache_sync_err=0 raw_post_err=0 overlap=0 finish_collision=0 tsf_waits=0 tsf_wait_us=0 tsf_wait_max_global_us=0 target=0 tolerance=0 launch_samples=0 launch_min=0 launch_max=0 rgb_gain=110 present=direct chunk_lines=60 repeats=1 tsf_errors=0 staged_events=8912 staged_copies=8910 staged_bytes=456192000 staged_tail=2 staged_forward=1624 staged_fallback=0 staged_errors=0 tail_drain=800 tail_waits=567 tail_wait_us=160800
W (190279) rc_video: [CAM-DIAG-C16R] LIGHT stage=periodic window=15 sensor=real display=camera idle=0ms full_probe=0 cache=c2m_inv frames=60 changes=59 sync_changes=0 sync_calls=60 sync_skips=0 unique=8 overflow=52 pre=129a779a post=129a779a luma_avg=52.9 luma_min=52 luma_max=54 luma_last=53 avg_probe=2.277ms max_probe=2.614ms tsf_waits=0 tsf_wait_us=0 tsf_wait_max_global_us=0 launch_phase_samples=0 launch_phase_avg=0.0 launch_phase_min=0 launch_phase_max=0 tsf_errors=0
I (190310) rc_video: [CAM-DIAG-C16R] HEALTH window=15 display_frame=840 guard_errors=0 quiesce=840 resume_before=839 lifecycle_errors=0 pause_req=840 pause_ack=840 pause_timeout=0 cache_sync_err=0 raw_post_err=0 overlap=0 finish_collision=0 tsf_waits=0 tsf_wait_us=0 tsf_wait_max_global_us=0 target=0 tolerance=0 launch_samples=0 launch_min=0 launch_max=0 rgb_gain=110 present=direct chunk_lines=60 repeats=1 tsf_errors=0 staged_events=9242 staged_copies=9240 staged_bytes=473088000 staged_tail=2 staged_forward=1684 staged_fallback=0 staged_errors=0 tail_drain=800 tail_waits=597 tail_wait_us=184800
W (195108) rc_video: [CAM-DIAG-C16R] LIGHT stage=periodic window=15 sensor=real display=camera idle=0ms full_probe=0 cache=c2m_inv frames=90 changes=89 sync_changes=0 sync_calls=90 sync_skips=0 unique=8 overflow=82 pre=d7ba5c6d post=d7ba5c6d luma_avg=52.9 luma_min=52 luma_max=54 luma_last=53 avg_probe=2.280ms max_probe=2.614ms tsf_waits=0 tsf_wait_us=0 tsf_wait_max_global_us=0 launch_phase_samples=0 launch_phase_avg=0.0 launch_phase_min=0 launch_phase_max=0 tsf_errors=0
I (195139) rc_video: [CAM-DIAG-C16R] HEALTH window=15 display_frame=870 guard_errors=0 quiesce=870 resume_before=869 lifecycle_errors=0 pause_req=870 pause_ack=870 pause_timeout=0 cache_sync_err=0 raw_post_err=0 overlap=0 finish_collision=0 tsf_waits=0 tsf_wait_us=0 tsf_wait_max_global_us=0 target=0 tolerance=0 launch_samples=0 launch_min=0 launch_max=0 rgb_gain=110 present=direct chunk_lines=60 repeats=1 tsf_errors=0 staged_events=9572 staged_copies=9570 staged_bytes=489984000 staged_tail=2 staged_forward=1744 staged_fallback=0 staged_errors=0 tail_drain=800 tail_waits=627 tail_wait_us=208800
W (199936) rc_video: [CAM-DIAG-C16R] LIGHT stage=periodic window=15 sensor=real display=camera idle=0ms full_probe=0 cache=c2m_inv frames=120 changes=119 sync_changes=0 sync_calls=120 sync_skips=0 unique=8 overflow=112 pre=acb35ecd post=acb35ecd luma_avg=53.0 luma_min=52 luma_max=54 luma_last=54 avg_probe=2.286ms max_probe=2.634ms tsf_waits=0 tsf_wait_us=0 tsf_wait_max_global_us=0 launch_phase_samples=0 launch_phase_avg=0.0 launch_phase_min=0 launch_phase_max=0 tsf_errors=0
I (199967) rc_video: [CAM-DIAG-C16R] HEALTH window=15 display_frame=900 guard_errors=0 quiesce=900 resume_before=899 lifecycle_errors=0 pause_req=900 pause_ack=900 pause_timeout=0 cache_sync_err=0 raw_post_err=0 overlap=0 finish_collision=0 tsf_waits=0 tsf_wait_us=0 tsf_wait_max_global_us=0 target=0 tolerance=0 launch_samples=0 launch_min=0 launch_max=0 rgb_gain=110 present=direct chunk_lines=60 repeats=1 tsf_errors=0 staged_events=9902 staged_copies=9900 staged_bytes=506880000 staged_tail=2 staged_forward=1804 staged_fallback=0 staged_errors=0 tail_drain=800 tail_waits=657 tail_wait_us=232800
W (204765) rc_video: [CAM-DIAG-C16R] LIGHT stage=periodic window=15 sensor=real display=camera idle=0ms full_probe=0 cache=c2m_inv frames=150 changes=149 sync_changes=0 sync_calls=150 sync_skips=0 unique=8 overflow=142 pre=853f8d3a post=853f8d3a luma_avg=53.2 luma_min=52 luma_max=55 luma_last=54 avg_probe=2.282ms max_probe=2.634ms tsf_waits=0 tsf_wait_us=0 tsf_wait_max_global_us=0 launch_phase_samples=0 launch_phase_avg=0.0 launch_phase_min=0 launch_phase_max=0 tsf_errors=0
I (204796) rc_video: [CAM-DIAG-C16R] HEALTH window=15 display_frame=930 guard_errors=0 quiesce=930 resume_before=929 lifecycle_errors=0 pause_req=930 pause_ack=930 pause_timeout=0 cache_sync_err=0 raw_post_err=0 overlap=0 finish_collision=0 tsf_waits=0 tsf_wait_us=0 tsf_wait_max_global_us=0 target=0 tolerance=0 launch_samples=0 launch_min=0 launch_max=0 rgb_gain=110 present=direct chunk_lines=60 repeats=1 tsf_errors=0 staged_events=10232 staged_copies=10230 staged_bytes=523776000 staged_tail=2 staged_forward=1864 staged_fallback=0 staged_errors=0 tail_drain=800 tail_waits=687 tail_wait_us=256800
W (209594) rc_video: [CAM-DIAG-C16R] LIGHT stage=periodic window=15 sensor=real display=camera idle=0ms full_probe=0 cache=c2m_inv frames=180 changes=179 sync_changes=0 sync_calls=180 sync_skips=0 unique=8 overflow=172 pre=34323798 post=34323798 luma_avg=53.4 luma_min=52 luma_max=55 luma_last=55 avg_probe=2.280ms max_probe=2.634ms tsf_waits=0 tsf_wait_us=0 tsf_wait_max_global_us=0 launch_phase_samples=0 launch_phase_avg=0.0 launch_phase_min=0 launch_phase_max=0 tsf_errors=0
I (209625) rc_video: [CAM-DIAG-C16R] HEALTH window=15 display_frame=960 guard_errors=0 quiesce=960 resume_before=959 lifecycle_errors=0 pause_req=960 pause_ack=960 pause_timeout=0 cache_sync_err=0 raw_post_err=0 overlap=0 finish_collision=0 tsf_waits=0 tsf_wait_us=0 tsf_wait_max_global_us=0 target=0 tolerance=0 launch_samples=0 launch_min=0 launch_max=0 rgb_gain=110 present=direct chunk_lines=60 repeats=1 tsf_errors=0 staged_events=10562 staged_copies=10560 staged_bytes=540672000 staged_tail=2 staged_forward=1924 staged_fallback=0 staged_errors=0 tail_drain=800 tail_waits=717 tail_wait_us=280800
W (214423) rc_video: [CAM-DIAG-C16R] LIGHT stage=periodic window=15 sensor=real display=camera idle=0ms full_probe=0 cache=c2m_inv frames=210 changes=209 sync_changes=0 sync_calls=210 sync_skips=0 unique=8 overflow=202 pre=c869c2f8 post=c869c2f8 luma_avg=53.6 luma_min=52 luma_max=56 luma_last=55 avg_probe=2.278ms max_probe=2.634ms tsf_waits=0 tsf_wait_us=0 tsf_wait_max_global_us=0 launch_phase_samples=0 launch_phase_avg=0.0 launch_phase_min=0 launch_phase_max=0 tsf_errors=0
I (214454) rc_video: [CAM-DIAG-C16R] HEALTH window=15 display_frame=990 guard_errors=0 quiesce=990 resume_before=989 lifecycle_errors=0 pause_req=990 pause_ack=990 pause_timeout=0 cache_sync_err=0 raw_post_err=0 overlap=0 finish_collision=0 tsf_waits=0 tsf_wait_us=0 tsf_wait_max_global_us=0 target=0 tolerance=0 launch_samples=0 launch_min=0 launch_max=0 rgb_gain=110 present=direct chunk_lines=60 repeats=1 tsf_errors=0 staged_events=10892 staged_copies=10890 staged_bytes=557568000 staged_tail=2 staged_forward=1984 staged_fallback=0 staged_errors=0 tail_drain=800 tail_waits=747 tail_wait_us=304800
W (219251) rc_video: [CAM-DIAG-C16R] LIGHT stage=periodic window=15 sensor=real display=camera idle=0ms full_probe=0 cache=c2m_inv frames=240 changes=239 sync_changes=0 sync_calls=240 sync_skips=0 unique=8 overflow=232 pre=a785bca7 post=a785bca7 luma_avg=53.8 luma_min=52 luma_max=56 luma_last=55 avg_probe=2.278ms max_probe=2.634ms tsf_waits=0 tsf_wait_us=0 tsf_wait_max_global_us=0 launch_phase_samples=0 launch_phase_avg=0.0 launch_phase_min=0 launch_phase_max=0 tsf_errors=0
I (219282) rc_video: [CAM-DIAG-C16R] HEALTH window=15 display_frame=1020 guard_errors=0 quiesce=1020 resume_before=1019 lifecycle_errors=0 pause_req=1020 pause_ack=1020 pause_timeout=0 cache_sync_err=0 raw_post_err=0 overlap=0 finish_collision=0 tsf_waits=0 tsf_wait_us=0 tsf_wait_max_global_us=0 target=0 tolerance=0 launch_samples=0 launch_min=0 launch_max=0 rgb_gain=110 present=direct chunk_lines=60 repeats=1 tsf_errors=0 staged_events=11222 staged_copies=11220 staged_bytes=574464000 staged_tail=2 staged_forward=2044 staged_fallback=0 staged_errors=0 tail_drain=800 tail_waits=777 tail_wait_us=328800
W (224081) rc_video: [CAM-DIAG-C16R] LIGHT stage=periodic window=15 sensor=real display=camera idle=0ms full_probe=0 cache=c2m_inv frames=270 changes=269 sync_changes=0 sync_calls=270 sync_skips=0 unique=8 overflow=262 pre=dfe1c8fd post=dfe1c8fd luma_avg=54.0 luma_min=52 luma_max=56 luma_last=55 avg_probe=2.279ms max_probe=2.634ms tsf_waits=0 tsf_wait_us=0 tsf_wait_max_global_us=0 launch_phase_samples=0 launch_phase_avg=0.0 launch_phase_min=0 launch_phase_max=0 tsf_errors=0
I (224112) rc_video: [CAM-DIAG-C16R] HEALTH window=15 display_frame=1050 guard_errors=0 quiesce=1050 resume_before=1049 lifecycle_errors=0 pause_req=1050 pause_ack=1050 pause_timeout=0 cache_sync_err=0 raw_post_err=0 overlap=0 finish_collision=0 tsf_waits=0 tsf_wait_us=0 tsf_wait_max_global_us=0 target=0 tolerance=0 launch_samples=0 launch_min=0 launch_max=0 rgb_gain=110 present=direct chunk_lines=60 repeats=1 tsf_errors=0 staged_events=11552 staged_copies=11550 staged_bytes=591360000 staged_tail=2 staged_forward=2104 staged_fallback=0 staged_errors=0 tail_drain=800 tail_waits=807 tail_wait_us=352800
W (228911) rc_video: [CAM-DIAG-C16R] LIGHT stage=periodic window=15 sensor=real display=camera idle=0ms full_probe=0 cache=c2m_inv frames=300 changes=299 sync_changes=0 sync_calls=300 sync_skips=0 unique=8 overflow=292 pre=d23655d7 post=d23655d7 luma_avg=54.2 luma_min=52 luma_max=56 luma_last=56 avg_probe=2.279ms max_probe=2.634ms tsf_waits=0 tsf_wait_us=0 tsf_wait_max_global_us=0 launch_phase_samples=0 launch_phase_avg=0.0 launch_phase_min=0 launch_phase_max=0 tsf_errors=0
I (228943) rc_video: [CAM-DIAG-C16R] HEALTH window=15 display_frame=1080 guard_errors=0 quiesce=1080 resume_before=1079 lifecycle_errors=0 pause_req=1080 pause_ack=1080 pause_timeout=0 cache_sync_err=0 raw_post_err=0 overlap=0 finish_collision=0 tsf_waits=0 tsf_wait_us=0 tsf_wait_max_global_us=0 target=0 tolerance=0 launch_samples=0 launch_min=0 launch_max=0 rgb_gain=110 present=direct chunk_lines=60 repeats=1 tsf_errors=0 staged_events=11882 staged_copies=11880 staged_bytes=608256000 staged_tail=2 staged_forward=2164 staged_fallback=0 staged_errors=0 tail_drain=800 tail_waits=837 tail_wait_us=376800
W (233738) rc_video: [CAM-DIAG-C16R] LIGHT stage=periodic window=15 sensor=real display=camera idle=0ms full_probe=0 cache=c2m_inv frames=330 changes=329 sync_changes=0 sync_calls=330 sync_skips=0 unique=8 overflow=322 pre=7f6323f6 post=7f6323f6 luma_avg=54.4 luma_min=52 luma_max=57 luma_last=57 avg_probe=2.277ms max_probe=2.634ms tsf_waits=0 tsf_wait_us=0 tsf_wait_max_global_us=0 launch_phase_samples=0 launch_phase_avg=0.0 launch_phase_min=0 launch_phase_max=0 tsf_errors=0
I (233769) rc_video: [CAM-DIAG-C16R] HEALTH window=15 display_frame=1110 guard_errors=0 quiesce=1110 resume_before=1109 lifecycle_errors=0 pause_req=1110 pause_ack=1110 pause_timeout=0 cache_sync_err=0 raw_post_err=0 overlap=0 finish_collision=0 tsf_waits=0 tsf_wait_us=0 tsf_wait_max_global_us=0 target=0 tolerance=0 launch_samples=0 launch_min=0 launch_max=0 rgb_gain=110 present=direct chunk_lines=60 repeats=1 tsf_errors=0 staged_events=12212 staged_copies=12210 staged_bytes=625152000 staged_tail=2 staged_forward=2224 staged_fallback=0 staged_errors=0 tail_drain=800 tail_waits=867 tail_wait_us=400800
W (238566) rc_video: [CAM-DIAG-C16R] LIGHT stage=periodic window=15 sensor=real display=camera idle=0ms full_probe=0 cache=c2m_inv frames=360 changes=359 sync_changes=0 sync_calls=360 sync_skips=0 unique=8 overflow=352 pre=8ec357cb post=8ec357cb luma_avg=54.5 luma_min=52 luma_max=57 luma_last=56 avg_probe=2.276ms max_probe=2.634ms tsf_waits=0 tsf_wait_us=0 tsf_wait_max_global_us=0 launch_phase_samples=0 launch_phase_avg=0.0 launch_phase_min=0 launch_phase_max=0 tsf_errors=0
I (238597) rc_video: [CAM-DIAG-C16R] HEALTH window=15 display_frame=1140 guard_errors=0 quiesce=1140 resume_before=1139 lifecycle_errors=0 pause_req=1140 pause_ack=1140 pause_timeout=0 cache_sync_err=0 raw_post_err=0 overlap=0 finish_collision=0 tsf_waits=0 tsf_wait_us=0 tsf_wait_max_global_us=0 target=0 tolerance=0 launch_samples=0 launch_min=0 launch_max=0 rgb_gain=110 present=direct chunk_lines=60 repeats=1 tsf_errors=0 staged_events=12542 staged_copies=12540 staged_bytes=642048000 staged_tail=2 staged_forward=2284 staged_fallback=0 staged_errors=0 tail_drain=800 tail_waits=897 tail_wait_us=424800
W (243396) rc_video: [CAM-DIAG-C16R] LIGHT stage=periodic window=15 sensor=real display=camera idle=0ms full_probe=0 cache=c2m_inv frames=390 changes=389 sync_changes=0 sync_calls=390 sync_skips=0 unique=8 overflow=382 pre=f9ac3db2 post=f9ac3db2 luma_avg=54.6 luma_min=52 luma_max=57 luma_last=57 avg_probe=2.278ms max_probe=2.634ms tsf_waits=0 tsf_wait_us=0 tsf_wait_max_global_us=0 launch_phase_samples=0 launch_phase_avg=0.0 launch_phase_min=0 launch_phase_max=0 tsf_errors=0
I (243427) rc_video: [CAM-DIAG-C16R] HEALTH window=15 display_frame=1170 guard_errors=0 quiesce=1170 resume_before=1169 lifecycle_errors=0 pause_req=1170 pause_ack=1170 pause_timeout=0 cache_sync_err=0 raw_post_err=0 overlap=0 finish_collision=0 tsf_waits=0 tsf_wait_us=0 tsf_wait_max_global_us=0 target=0 tolerance=0 launch_samples=0 launch_min=0 launch_max=0 rgb_gain=110 present=direct chunk_lines=60 repeats=1 tsf_errors=0 staged_events=12872 staged_copies=12870 staged_bytes=658944000 staged_tail=2 staged_forward=2344 staged_fallback=0 staged_errors=0 tail_drain=800 tail_waits=927 tail_wait_us=448800
W (248223) rc_video: [CAM-DIAG-C16R] LIGHT stage=periodic window=15 sensor=real display=camera idle=0ms full_probe=0 cache=c2m_inv frames=420 changes=419 sync_changes=0 sync_calls=420 sync_skips=0 unique=8 overflow=412 pre=6bf7b153 post=6bf7b153 luma_avg=54.7 luma_min=52 luma_max=57 luma_last=57 avg_probe=2.277ms max_probe=2.634ms tsf_waits=0 tsf_wait_us=0 tsf_wait_max_global_us=0 launch_phase_samples=0 launch_phase_avg=0.0 launch_phase_min=0 launch_phase_max=0 tsf_errors=0
I (248254) rc_video: [CAM-DIAG-C16R] HEALTH window=15 display_frame=1200 guard_errors=0 quiesce=1200 resume_before=1199 lifecycle_errors=0 pause_req=1200 pause_ack=1200 pause_timeout=0 cache_sync_err=0 raw_post_err=0 overlap=0 finish_collision=0 tsf_waits=0 tsf_wait_us=0 tsf_wait_max_global_us=0 target=0 tolerance=0 launch_samples=0 launch_min=0 launch_max=0 rgb_gain=110 present=direct chunk_lines=60 repeats=1 tsf_errors=0 staged_events=13202 staged_copies=13200 staged_bytes=675840000 staged_tail=2 staged_forward=2404 staged_fallback=0 staged_errors=0 tail_drain=800 tail_waits=957 tail_wait_us=472800
W (253052) rc_video: [CAM-DIAG-C16R] LIGHT stage=periodic window=15 sensor=real display=camera idle=0ms full_probe=0 cache=c2m_inv frames=450 changes=449 sync_changes=0 sync_calls=450 sync_skips=0 unique=8 overflow=442 pre=4331f3be post=4331f3be luma_avg=54.9 luma_min=52 luma_max=57 luma_last=56 avg_probe=2.278ms max_probe=2.634ms tsf_waits=0 tsf_wait_us=0 tsf_wait_max_global_us=0 launch_phase_samples=0 launch_phase_avg=0.0 launch_phase_min=0 launch_phase_max=0 tsf_errors=0
I (253083) rc_video: [CAM-DIAG-C16R] HEALTH window=15 display_frame=1230 guard_errors=0 quiesce=1230 resume_before=1229 lifecycle_errors=0 pause_req=1230 pause_ack=1230 pause_timeout=0 cache_sync_err=0 raw_post_err=0 overlap=0 finish_collision=0 tsf_waits=0 tsf_wait_us=0 tsf_wait_max_global_us=0 target=0 tolerance=0 launch_samples=0 launch_min=0 launch_max=0 rgb_gain=110 present=direct chunk_lines=60 repeats=1 tsf_errors=0 staged_events=13532 staged_copies=13530 staged_bytes=692736000 staged_tail=2 staged_forward=2464 staged_fallback=0 staged_errors=0 tail_drain=800 tail_waits=987 tail_wait_us=496800
W (257880) rc_video: [CAM-DIAG-C16R] LIGHT stage=periodic window=15 sensor=real display=camera idle=0ms full_probe=0 cache=c2m_inv frames=480 changes=479 sync_changes=0 sync_calls=480 sync_skips=0 unique=8 overflow=472 pre=9aeb1f24 post=9aeb1f24 luma_avg=55.0 luma_min=52 luma_max=57 luma_last=57 avg_probe=2.281ms max_probe=3.296ms tsf_waits=0 tsf_wait_us=0 tsf_wait_max_global_us=0 launch_phase_samples=0 launch_phase_avg=0.0 launch_phase_min=0 launch_phase_max=0 tsf_errors=0
I (257911) rc_video: [CAM-DIAG-C16R] HEALTH window=15 display_frame=1260 guard_errors=0 quiesce=1260 resume_before=1259 lifecycle_errors=0 pause_req=1260 pause_ack=1260 pause_timeout=0 cache_sync_err=0 raw_post_err=0 overlap=0 finish_collision=0 tsf_waits=0 tsf_wait_us=0 tsf_wait_max_global_us=0 target=0 tolerance=0 launch_samples=0 launch_min=0 launch_max=0 rgb_gain=110 present=direct chunk_lines=60 repeats=1 tsf_errors=0 staged_events=13863 staged_copies=13860 staged_bytes=709632000 staged_tail=3 staged_forward=2524 staged_fallback=0 staged_errors=0 tail_drain=800 tail_waits=1017 tail_wait_us=520800
W (262710) rc_video: [CAM-DIAG-C16R] LIGHT stage=periodic window=15 sensor=real display=camera idle=0ms full_probe=0 cache=c2m_inv frames=510 changes=509 sync_changes=0 sync_calls=510 sync_skips=0 unique=8 overflow=502 pre=6959342f post=6959342f luma_avg=55.1 luma_min=52 luma_max=57 luma_last=57 avg_probe=2.283ms max_probe=3.296ms tsf_waits=0 tsf_wait_us=0 tsf_wait_max_global_us=0 launch_phase_samples=0 launch_phase_avg=0.0 launch_phase_min=0 launch_phase_max=0 tsf_errors=0
I (262741) rc_video: [CAM-DIAG-C16R] HEALTH window=15 display_frame=1290 guard_errors=0 quiesce=1290 resume_before=1289 lifecycle_errors=0 pause_req=1290 pause_ack=1290 pause_timeout=0 cache_sync_err=0 raw_post_err=0 overlap=0 finish_collision=0 tsf_waits=0 tsf_wait_us=0 tsf_wait_max_global_us=0 target=0 tolerance=0 launch_samples=0 launch_min=0 launch_max=0 rgb_gain=110 present=direct chunk_lines=60 repeats=1 tsf_errors=0 staged_events=14193 staged_copies=14190 staged_bytes=726528000 staged_tail=3 staged_forward=2584 staged_fallback=0 staged_errors=0 tail_drain=800 tail_waits=1047 tail_wait_us=544800
W (267538) rc_video: [CAM-DIAG-C16R] LIGHT stage=periodic window=15 sensor=real display=camera idle=0ms full_probe=0 cache=c2m_inv frames=540 changes=539 sync_changes=0 sync_calls=540 sync_skips=0 unique=8 overflow=532 pre=cdf3fe3f post=cdf3fe3f luma_avg=55.1 luma_min=52 luma_max=57 luma_last=57 avg_probe=2.283ms max_probe=3.296ms tsf_waits=0 tsf_wait_us=0 tsf_wait_max_global_us=0 launch_phase_samples=0 launch_phase_avg=0.0 launch_phase_min=0 launch_phase_max=0 tsf_errors=0
I (267569) rc_video: [CAM-DIAG-C16R] HEALTH window=15 display_frame=1320 guard_errors=0 quiesce=1320 resume_before=1319 lifecycle_errors=0 pause_req=1320 pause_ack=1320 pause_timeout=0 cache_sync_err=0 raw_post_err=0 overlap=0 finish_collision=0 tsf_waits=0 tsf_wait_us=0 tsf_wait_max_global_us=0 target=0 tolerance=0 launch_samples=0 launch_min=0 launch_max=0 rgb_gain=110 present=direct chunk_lines=60 repeats=1 tsf_errors=0 staged_events=14523 staged_copies=14520 staged_bytes=743424000 staged_tail=3 staged_forward=2644 staged_fallback=0 staged_errors=0 tail_drain=800 tail_waits=1077 tail_wait_us=568800
W (272366) rc_video: [CAM-DIAG-C16R] LIGHT stage=periodic window=15 sensor=real display=camera idle=0ms full_probe=0 cache=c2m_inv frames=570 changes=569 sync_changes=0 sync_calls=570 sync_skips=0 unique=8 overflow=562 pre=6272ccb9 post=6272ccb9 luma_avg=55.2 luma_min=52 luma_max=57 luma_last=56 avg_probe=2.282ms max_probe=3.296ms tsf_waits=0 tsf_wait_us=0 tsf_wait_max_global_us=0 launch_phase_samples=0 launch_phase_avg=0.0 launch_phase_min=0 launch_phase_max=0 tsf_errors=0
I (272397) rc_video: [CAM-DIAG-C16R] HEALTH window=15 display_frame=1350 guard_errors=0 quiesce=1350 resume_before=1349 lifecycle_errors=0 pause_req=1350 pause_ack=1350 pause_timeout=0 cache_sync_err=0 raw_post_err=0 overlap=0 finish_collision=0 tsf_waits=0 tsf_wait_us=0 tsf_wait_max_global_us=0 target=0 tolerance=0 launch_samples=0 launch_min=0 launch_max=0 rgb_gain=110 present=direct chunk_lines=60 repeats=1 tsf_errors=0 staged_events=14853 staged_copies=14850 staged_bytes=760320000 staged_tail=3 staged_forward=2704 staged_fallback=0 staged_errors=0 tail_drain=800 tail_waits=1107 tail_wait_us=592800
W (277195) rc_video: [CAM-DIAG-C16R] LIGHT stage=periodic window=15 sensor=real display=camera idle=0ms full_probe=0 cache=c2m_inv frames=600 changes=599 sync_changes=0 sync_calls=600 sync_skips=0 unique=8 overflow=592 pre=521aa9ba post=521aa9ba luma_avg=55.3 luma_min=52 luma_max=60 luma_last=58 avg_probe=2.282ms max_probe=3.296ms tsf_waits=0 tsf_wait_us=0 tsf_wait_max_global_us=0 launch_phase_samples=0 launch_phase_avg=0.0 launch_phase_min=0 launch_phase_max=0 tsf_errors=0
I (277226) rc_video: [CAM-DIAG-C16R] HEALTH window=15 display_frame=1380 guard_errors=0 quiesce=1380 resume_before=1379 lifecycle_errors=0 pause_req=1380 pause_ack=1380 pause_timeout=0 cache_sync_err=0 raw_post_err=0 overlap=0 finish_collision=0 tsf_waits=0 tsf_wait_us=0 tsf_wait_max_global_us=0 target=0 tolerance=0 launch_samples=0 launch_min=0 launch_max=0 rgb_gain=110 present=direct chunk_lines=60 repeats=1 tsf_errors=0 staged_events=15183 staged_copies=15180 staged_bytes=777216000 staged_tail=3 staged_forward=2764 staged_fallback=0 staged_errors=0 tail_drain=800 tail_waits=1137 tail_wait_us=616800
W (282024) rc_video: [CAM-DIAG-C16R] LIGHT stage=periodic window=15 sensor=real display=camera idle=0ms full_probe=0 cache=c2m_inv frames=630 changes=629 sync_changes=0 sync_calls=630 sync_skips=0 unique=8 overflow=622 pre=22122afb post=22122afb luma_avg=55.4 luma_min=52 luma_max=60 luma_last=58 avg_probe=2.281ms max_probe=3.296ms tsf_waits=0 tsf_wait_us=0 tsf_wait_max_global_us=0 launch_phase_samples=0 launch_phase_avg=0.0 launch_phase_min=0 launch_phase_max=0 tsf_errors=0
I (282055) rc_video: [CAM-DIAG-C16R] HEALTH window=15 display_frame=1410 guard_errors=0 quiesce=1410 resume_before=1409 lifecycle_errors=0 pause_req=1410 pause_ack=1410 pause_timeout=0 cache_sync_err=0 raw_post_err=0 overlap=0 finish_collision=0 tsf_waits=0 tsf_wait_us=0 tsf_wait_max_global_us=0 target=0 tolerance=0 launch_samples=0 launch_min=0 launch_max=0 rgb_gain=110 present=direct chunk_lines=60 repeats=1 tsf_errors=0 staged_events=15513 staged_copies=15510 staged_bytes=794112000 staged_tail=3 staged_forward=2824 staged_fallback=0 staged_errors=0 tail_drain=800 tail_waits=1167 tail_wait_us=640800
W (286853) rc_video: [CAM-DIAG-C16R] LIGHT stage=periodic window=15 sensor=real display=camera idle=0ms full_probe=0 cache=c2m_inv frames=660 changes=659 sync_changes=0 sync_calls=660 sync_skips=0 unique=8 overflow=652 pre=f4bd9314 post=f4bd9314 luma_avg=55.5 luma_min=52 luma_max=60 luma_last=59 avg_probe=2.280ms max_probe=3.296ms tsf_waits=0 tsf_wait_us=0 tsf_wait_max_global_us=0 launch_phase_samples=0 launch_phase_avg=0.0 launch_phase_min=0 launch_phase_max=0 tsf_errors=0
I (286884) rc_video: [CAM-DIAG-C16R] HEALTH window=15 display_frame=1440 guard_errors=0 quiesce=1440 resume_before=1439 lifecycle_errors=0 pause_req=1440 pause_ack=1440 pause_timeout=0 cache_sync_err=0 raw_post_err=0 overlap=0 finish_collision=0 tsf_waits=0 tsf_wait_us=0 tsf_wait_max_global_us=0 target=0 tolerance=0 launch_samples=0 launch_min=0 launch_max=0 rgb_gain=110 present=direct chunk_lines=60 repeats=1 tsf_errors=0 staged_events=15843 staged_copies=15840 staged_bytes=811008000 staged_tail=3 staged_forward=2884 staged_fallback=0 staged_errors=0 tail_drain=800 tail_waits=1197 tail_wait_us=664800
W (291682) rc_video: [CAM-DIAG-C16R] LIGHT stage=periodic window=15 sensor=real display=camera idle=0ms full_probe=0 cache=c2m_inv frames=690 changes=689 sync_changes=0 sync_calls=690 sync_skips=0 unique=8 overflow=682 pre=962e4ace post=962e4ace luma_avg=55.6 luma_min=52 luma_max=60 luma_last=59 avg_probe=2.280ms max_probe=3.296ms tsf_waits=0 tsf_wait_us=0 tsf_wait_max_global_us=0 launch_phase_samples=0 launch_phase_avg=0.0 launch_phase_min=0 launch_phase_max=0 tsf_errors=0
I (291714) rc_video: [CAM-DIAG-C16R] HEALTH window=15 display_frame=1470 guard_errors=0 quiesce=1470 resume_before=1469 lifecycle_errors=0 pause_req=1470 pause_ack=1470 pause_timeout=0 cache_sync_err=0 raw_post_err=0 overlap=0 finish_collision=0 tsf_waits=0 tsf_wait_us=0 tsf_wait_max_global_us=0 target=0 tolerance=0 launch_samples=0 launch_min=0 launch_max=0 rgb_gain=110 present=direct chunk_lines=60 repeats=1 tsf_errors=0 staged_events=16173 staged_copies=16170 staged_bytes=827904000 staged_tail=3 staged_forward=2944 staged_fallback=0 staged_errors=0 tail_drain=800 tail_waits=1227 tail_wait_us=688800
W (296510) rc_video: [CAM-DIAG-C16R] LIGHT stage=periodic window=15 sensor=real display=camera idle=0ms full_probe=0 cache=c2m_inv frames=720 changes=719 sync_changes=0 sync_calls=720 sync_skips=0 unique=8 overflow=712 pre=28179fe6 post=28179fe6 luma_avg=55.8 luma_min=52 luma_max=60 luma_last=59 avg_probe=2.281ms max_probe=3.296ms tsf_waits=0 tsf_wait_us=0 tsf_wait_max_global_us=0 launch_phase_samples=0 launch_phase_avg=0.0 launch_phase_min=0 launch_phase_max=0 tsf_errors=0
I (296541) rc_video: [CAM-DIAG-C16R] HEALTH window=15 display_frame=1500 guard_errors=0 quiesce=1500 resume_before=1499 lifecycle_errors=0 pause_req=1500 pause_ack=1500 pause_timeout=0 cache_sync_err=0 raw_post_err=0 overlap=0 finish_collision=0 tsf_waits=0 tsf_wait_us=0 tsf_wait_max_global_us=0 target=0 tolerance=0 launch_samples=0 launch_min=0 launch_max=0 rgb_gain=110 present=direct chunk_lines=60 repeats=1 tsf_errors=0 staged_events=16503 staged_copies=16500 staged_bytes=844800000 staged_tail=3 staged_forward=3004 staged_fallback=0 staged_errors=0 tail_drain=800 tail_waits=1257 tail_wait_us=712800
W (301339) rc_video: [CAM-DIAG-C16R] LIGHT stage=periodic window=15 sensor=real display=camera idle=0ms full_probe=0 cache=c2m_inv frames=750 changes=749 sync_changes=0 sync_calls=750 sync_skips=0 unique=8 overflow=742 pre=e116e6fb post=e116e6fb luma_avg=55.9 luma_min=52 luma_max=60 luma_last=59 avg_probe=2.281ms max_probe=3.296ms tsf_waits=0 tsf_wait_us=0 tsf_wait_max_global_us=0 launch_phase_samples=0 launch_phase_avg=0.0 launch_phase_min=0 launch_phase_max=0 tsf_errors=0
I (301370) rc_video: [CAM-DIAG-C16R] HEALTH window=15 display_frame=1530 guard_errors=0 quiesce=1530 resume_before=1529 lifecycle_errors=0 pause_req=1530 pause_ack=1530 pause_timeout=0 cache_sync_err=0 raw_post_err=0 overlap=0 finish_collision=0 tsf_waits=0 tsf_wait_us=0 tsf_wait_max_global_us=0 target=0 tolerance=0 launch_samples=0 launch_min=0 launch_max=0 rgb_gain=110 present=direct chunk_lines=60 repeats=1 tsf_errors=0 staged_events=16833 staged_copies=16830 staged_bytes=861696000 staged_tail=3 staged_forward=3064 staged_fallback=0 staged_errors=0 tail_drain=800 tail_waits=1287 tail_wait_us=736800
W (306167) rc_video: [CAM-DIAG-C16R] LIGHT stage=periodic window=15 sensor=real display=camera idle=0ms full_probe=0 cache=c2m_inv frames=780 changes=779 sync_changes=0 sync_calls=780 sync_skips=0 unique=8 overflow=772 pre=d61b0036 post=d61b0036 luma_avg=56.0 luma_min=52 luma_max=60 luma_last=59 avg_probe=2.280ms max_probe=3.296ms tsf_waits=0 tsf_wait_us=0 tsf_wait_max_global_us=0 launch_phase_samples=0 launch_phase_avg=0.0 launch_phase_min=0 launch_phase_max=0 tsf_errors=0
I (306198) rc_video: [CAM-DIAG-C16R] HEALTH window=15 display_frame=1560 guard_errors=0 quiesce=1560 resume_before=1559 lifecycle_errors=0 pause_req=1560 pause_ack=1560 pause_timeout=0 cache_sync_err=0 raw_post_err=0 overlap=0 finish_collision=0 tsf_waits=0 tsf_wait_us=0 tsf_wait_max_global_us=0 target=0 tolerance=0 launch_samples=0 launch_min=0 launch_max=0 rgb_gain=110 present=direct chunk_lines=60 repeats=1 tsf_errors=0 staged_events=17164 staged_copies=17160 staged_bytes=878592000 staged_tail=4 staged_forward=3124 staged_fallback=0 staged_errors=0 tail_drain=800 tail_waits=1317 tail_wait_us=760800
W (310996) rc_video: [CAM-DIAG-C16R] LIGHT stage=periodic window=15 sensor=real display=camera idle=0ms full_probe=0 cache=c2m_inv frames=810 changes=809 sync_changes=0 sync_calls=810 sync_skips=0 unique=8 overflow=802 pre=2fbc48c3 post=2fbc48c3 luma_avg=56.1 luma_min=52 luma_max=60 luma_last=59 avg_probe=2.282ms max_probe=3.296ms tsf_waits=0 tsf_wait_us=0 tsf_wait_max_global_us=0 launch_phase_samples=0 launch_phase_avg=0.0 launch_phase_min=0 launch_phase_max=0 tsf_errors=0
I (311027) rc_video: [CAM-DIAG-C16R] HEALTH window=15 display_frame=1590 guard_errors=0 quiesce=1590 resume_before=1589 lifecycle_errors=0 pause_req=1590 pause_ack=1590 pause_timeout=0 cache_sync_err=0 raw_post_err=0 overlap=0 finish_collision=0 tsf_waits=0 tsf_wait_us=0 tsf_wait_max_global_us=0 target=0 tolerance=0 launch_samples=0 launch_min=0 launch_max=0 rgb_gain=110 present=direct chunk_lines=60 repeats=1 tsf_errors=0 staged_events=17494 staged_copies=17490 staged_bytes=895488000 staged_tail=4 staged_forward=3184 staged_fallback=0 staged_errors=0 tail_drain=800 tail_waits=1347 tail_wait_us=784800
W (315825) rc_video: [CAM-DIAG-C16R] LIGHT stage=periodic window=15 sensor=real display=camera idle=0ms full_probe=0 cache=c2m_inv frames=840 changes=839 sync_changes=0 sync_calls=840 sync_skips=0 unique=8 overflow=832 pre=1c04c6de post=1c04c6de luma_avg=56.2 luma_min=52 luma_max=60 luma_last=59 avg_probe=2.282ms max_probe=3.296ms tsf_waits=0 tsf_wait_us=0 tsf_wait_max_global_us=0 launch_phase_samples=0 launch_phase_avg=0.0 launch_phase_min=0 launch_phase_max=0 tsf_errors=0
I (315856) rc_video: [CAM-DIAG-C16R] HEALTH window=15 display_frame=1620 guard_errors=0 quiesce=1620 resume_before=1619 lifecycle_errors=0 pause_req=1620 pause_ack=1620 pause_timeout=0 cache_sync_err=0 raw_post_err=0 overlap=0 finish_collision=0 tsf_waits=0 tsf_wait_us=0 tsf_wait_max_global_us=0 target=0 tolerance=0 launch_samples=0 launch_min=0 launch_max=0 rgb_gain=110 present=direct chunk_lines=60 repeats=1 tsf_errors=0 staged_events=17824 staged_copies=17820 staged_bytes=912384000 staged_tail=4 staged_forward=3244 staged_fallback=0 staged_errors=0 tail_drain=800 tail_waits=1377 tail_wait_us=808800
W (320654) rc_video: [CAM-DIAG-C16R] LIGHT stage=periodic window=15 sensor=real display=camera idle=0ms full_probe=0 cache=c2m_inv frames=870 changes=869 sync_changes=0 sync_calls=870 sync_skips=0 unique=8 overflow=862 pre=5b622d82 post=5b622d82 luma_avg=56.3 luma_min=52 luma_max=60 luma_last=59 avg_probe=2.283ms max_probe=3.296ms tsf_waits=0 tsf_wait_us=0 tsf_wait_max_global_us=0 launch_phase_samples=0 launch_phase_avg=0.0 launch_phase_min=0 launch_phase_max=0 tsf_errors=0
I (320685) rc_video: [CAM-DIAG-C16R] HEALTH window=15 display_frame=1650 guard_errors=0 quiesce=1650 resume_before=1649 lifecycle_errors=0 pause_req=1650 pause_ack=1650 pause_timeout=0 cache_sync_err=0 raw_post_err=0 overlap=0 finish_collision=0 tsf_waits=0 tsf_wait_us=0 tsf_wait_max_global_us=0 target=0 tolerance=0 launch_samples=0 launch_min=0 launch_max=0 rgb_gain=110 present=direct chunk_lines=60 repeats=1 tsf_errors=0 staged_events=18154 staged_copies=18150 staged_bytes=929280000 staged_tail=4 staged_forward=3304 staged_fallback=0 staged_errors=0 tail_drain=800 tail_waits=1407 tail_wait_us=832800
W (325482) rc_video: [CAM-DIAG-C16R] LIGHT stage=periodic window=15 sensor=real display=camera idle=0ms full_probe=0 cache=c2m_inv frames=900 changes=899 sync_changes=0 sync_calls=900 sync_skips=0 unique=8 overflow=892 pre=5a0ea0fa post=5a0ea0fa luma_avg=56.4 luma_min=52 luma_max=60 luma_last=59 avg_probe=2.283ms max_probe=3.296ms tsf_waits=0 tsf_wait_us=0 tsf_wait_max_global_us=0 launch_phase_samples=0 launch_phase_avg=0.0 launch_phase_min=0 launch_phase_max=0 tsf_errors=0
I (325513) rc_video: [CAM-DIAG-C16R] HEALTH window=15 display_frame=1680 guard_errors=0 quiesce=1680 resume_before=1679 lifecycle_errors=0 pause_req=1680 pause_ack=1680 pause_timeout=0 cache_sync_err=0 raw_post_err=0 overlap=0 finish_collision=0 tsf_waits=0 tsf_wait_us=0 tsf_wait_max_global_us=0 target=0 tolerance=0 launch_samples=0 launch_min=0 launch_max=0 rgb_gain=110 present=direct chunk_lines=60 repeats=1 tsf_errors=0 staged_events=18484 staged_copies=18480 staged_bytes=946176000 staged_tail=4 staged_forward=3364 staged_fallback=0 staged_errors=0 tail_drain=800 tail_waits=1437 tail_wait_us=856800
W (330311) rc_video: [CAM-DIAG-C16R] LIGHT stage=periodic window=15 sensor=real display=camera idle=0ms full_probe=0 cache=c2m_inv frames=930 changes=929 sync_changes=0 sync_calls=930 sync_skips=0 unique=8 overflow=922 pre=18e0b618 post=18e0b618 luma_avg=56.5 luma_min=52 luma_max=60 luma_last=58 avg_probe=2.283ms max_probe=3.296ms tsf_waits=0 tsf_wait_us=0 tsf_wait_max_global_us=0 launch_phase_samples=0 launch_phase_avg=0.0 launch_phase_min=0 launch_phase_max=0 tsf_errors=0
I (330342) rc_video: [CAM-DIAG-C16R] HEALTH window=15 display_frame=1710 guard_errors=0 quiesce=1710 resume_before=1709 lifecycle_errors=0 pause_req=1710 pause_ack=1710 pause_timeout=0 cache_sync_err=0 raw_post_err=0 overlap=0 finish_collision=0 tsf_waits=0 tsf_wait_us=0 tsf_wait_max_global_us=0 target=0 tolerance=0 launch_samples=0 launch_min=0 launch_max=0 rgb_gain=110 present=direct chunk_lines=60 repeats=1 tsf_errors=0 staged_events=18814 staged_copies=18810 staged_bytes=963072000 staged_tail=4 staged_forward=3424 staged_fallback=0 staged_errors=0 tail_drain=800 tail_waits=1467 tail_wait_us=880800
