=========================================
Flashing RC Tank Demo - TANK Role to COM7
=========================================
Bootloader:      E:\10__AIProject\7_AI陪伴机器人\CODE\examples\rc_tank_demo\firmware_backup\bootloader_TANK.bin
Partition Table: E:\10__AIProject\7_AI陪伴机器人\CODE\examples\rc_tank_demo\firmware_backup\partition-table_TANK.bin
Application:     E:\10__AIProject\7_AI陪伴机器人\CODE\examples\rc_tank_demo\firmware_backup\rc_tank_demo_TANK.bin

Erasing flash...
esptool.py v4.12.dev2
Serial port COM7
Connecting....
Chip is ESP32-S3 (QFN56) (revision v0.2)
Features: WiFi, BLE
Crystal is 40MHz
MAC: 44:1b:f6:f3:ae:78
Uploading stub...
Running stub...
Stub running...
Erasing flash (this may take a while)...
Chip erase completed successfully in 1.1 seconds.
Hard resetting via RTS pin...

Programming flash...
esptool.py v4.12.dev2
Serial port COM7
Connecting....
Chip is ESP32-S3 (QFN56) (revision v0.2)
Features: WiFi, BLE
Crystal is 40MHz
MAC: 44:1b:f6:f3:ae:78
Uploading stub...
Running stub...
Stub running...
Changing baud rate to 460800
Changed.
Configuring flash size...
Flash will be erased from 0x00000000 to 0x00005fff...
Flash will be erased from 0x00008000 to 0x00008fff...
Flash will be erased from 0x00010000 to 0x00104fff...
SHA digest in image updated
Compressed 20832 bytes to 13347...
Writing at 0x00000000... (100 %)
Wrote 20832 bytes (13347 compressed) at 0x00000000 in 0.4 seconds (effective 431.6 kbit/s)...
Hash of data verified.
Compressed 3072 bytes to 119...
Writing at 0x00008000... (100 %)
Wrote 3072 bytes (119 compressed) at 0x00008000 in 0.0 seconds (effective 1476.5 kbit/s)...
Hash of data verified.
Compressed 1001776 bytes to 590780...
Writing at 0x00010000... (2 %)
Writing at 0x0001d4d2... (5 %)
Writing at 0x00029c19... (8 %)
Writing at 0x00032e63... (10 %)
Writing at 0x0003e1df... (13 %)
Writing at 0x000442f8... (16 %)
Writing at 0x0004a4e3... (18 %)
Writing at 0x00050928... (21 %)
Writing at 0x00056f76... (24 %)
Writing at 0x000606d3... (27 %)
Writing at 0x0006720d... (29 %)
Writing at 0x0006d2bf... (32 %)
Writing at 0x00072ac7... (35 %)
Writing at 0x00078821... (37 %)
Writing at 0x0007e71d... (40 %)
Writing at 0x00084357... (43 %)
Writing at 0x0008a402... (45 %)
Writing at 0x0009004d... (48 %)
Writing at 0x00095b39... (51 %)
Writing at 0x0009ac60... (54 %)
Writing at 0x000a0352... (56 %)
Writing at 0x000a5b54... (59 %)
Writing at 0x000aafd1... (62 %)
Writing at 0x000b038a... (64 %)
Writing at 0x000b590e... (67 %)
Writing at 0x000bbd09... (70 %)
Writing at 0x000c1581... (72 %)
Writing at 0x000c73c4... (75 %)
Writing at 0x000cccd3... (78 %)
Writing at 0x000d239e... (81 %)
Writing at 0x000dadfd... (83 %)
Writing at 0x000e0f2f... (86 %)
Writing at 0x000e796b... (89 %)
Writing at 0x000f22ca... (91 %)
Writing at 0x000f8617... (94 %)
Writing at 0x000fe775... (97 %)
Writing at 0x0010444c... (100 %)
Wrote 1001776 bytes (590780 compressed) at 0x00010000 in 13.6 seconds (effective 588.2 kbit/s)...
Hash of data verified.

Leaving...
Hard resetting via RTS pin...

=========================================
Flash completed successfully!
=========================================
