esptool.py v4.12.dev2
Serial port COM7
Connecting....
Chip is ESP32-S3 (QFN56) (revision v0.2)
Features: WiFi, BLE
Crystal is 40MHz
MAC: 44:1b:f6:f3:ae:78
Uploading stub...
Running stub...
Stub running...
Erasing flash (this may take a while)...
Chip erase completed successfully in 1.1 seconds.
Hard resetting via RTS pin...
esptool.py v4.12.dev2
Serial port COM7
Connecting....
Chip is ESP32-S3 (QFN56) (revision v0.2)
Features: WiFi, BLE
Crystal is 40MHz
MAC: 44:1b:f6:f3:ae:78
Uploading stub...
Running stub...
Stub running...
Changing baud rate to 460800
Changed.
Configuring flash size...
Flash will be erased from 0x00000000 to 0x00005fff...
Flash will be erased from 0x00008000 to 0x00008fff...
Flash will be erased from 0x00010000 to 0x00104fff...
SHA digest in image updated
Compressed 20832 bytes to 13346...
Writing at 0x00000000... (100 %)
Wrote 20832 bytes (13346 compressed) at 0x00000000 in 0.4 seconds (effective 432.2 kbit/s)...
Hash of data verified.
Compressed 3072 bytes to 119...
Writing at 0x00008000... (100 %)
Wrote 3072 bytes (119 compressed) at 0x00008000 in 0.0 seconds (effective 1638.0 kbit/s)...
Hash of data verified.
Compressed 1002912 bytes to 590985...
Writing at 0x00010000... (2 %)
Writing at 0x0001d4f4... (5 %)
Writing at 0x00029cc2... (8 %)
Writing at 0x00032fb6... (10 %)
Writing at 0x0003e330... (13 %)
Writing at 0x00044449... (16 %)
Writing at 0x0004a668... (18 %)
Writing at 0x00050ac4... (21 %)
Writing at 0x000570c6... (24 %)
Writing at 0x0006083e... (27 %)
Writing at 0x0006738e... (29 %)
Writing at 0x0006d449... (32 %)
Writing at 0x00072c56... (35 %)
Writing at 0x000789ac... (37 %)
Writing at 0x0007e8b5... (40 %)
Writing at 0x000844d5... (43 %)
Writing at 0x0008a57e... (45 %)
Writing at 0x000901e5... (48 %)
Writing at 0x00095cc7... (51 %)
Writing at 0x0009adfc... (54 %)
Writing at 0x000a04e2... (56 %)
Writing at 0x000a5cd1... (59 %)
Writing at 0x000ab152... (62 %)
Writing at 0x000b04fd... (64 %)
Writing at 0x000b5a96... (67 %)
Writing at 0x000bbe85... (70 %)
Writing at 0x000c170d... (72 %)
Writing at 0x000c7537... (75 %)
Writing at 0x000cce6c... (78 %)
Writing at 0x000d2540... (81 %)
Writing at 0x000daf9d... (83 %)
Writing at 0x000e10cd... (86 %)
Writing at 0x000e75ff... (89 %)
Writing at 0x000f25b4... (91 %)
Writing at 0x000f8873... (94 %)
Writing at 0x000feaf3... (97 %)
Writing at 0x0010477c... (100 %)
Wrote 1002912 bytes (590985 compressed) at 0x00010000 in 13.7 seconds (effective 587.6 kbit/s)...
Hash of data verified.

Leaving...
Hard resetting via RTS pin...
