=========================================
Flashing RC Tank Demo - TANK Role to COM7
=========================================
Bootloader:      E:\10__AIProject\7_AI陪伴机器人\CODE\examples\rc_tank_demo\firmware_backup\bootloader_TANK.bin
Partition Table: E:\10__AIProject\7_AI陪伴机器人\CODE\examples\rc_tank_demo\firmware_backup\partition-table_TANK.bin
Application:     E:\10__AIProject\7_AI陪伴机器人\CODE\examples\rc_tank_demo\firmware_backup\rc_tank_demo_TANK.bin

Erasing flash...
esptool.py v4.12.dev2
Serial port COM7
Connecting....
Chip is ESP32-S3 (QFN56) (revision v0.2)
Features: WiFi, BLE
Crystal is 40MHz
MAC: 44:1b:f6:f3:ae:78
Uploading stub...
Running stub...
Stub running...
Erasing flash (this may take a while)...
Chip erase completed successfully in 1.1 seconds.
Hard resetting via RTS pin...

Programming flash...
esptool.py v4.12.dev2
Serial port COM7
Connecting.........
Chip is ESP32-S3 (QFN56) (revision v0.2)
Features: WiFi, BLE
Crystal is 40MHz
MAC: 44:1b:f6:f3:ae:78
Uploading stub...
Running stub...
Stub running...
Changing baud rate to 460800
Changed.
Configuring flash size...
Flash will be erased from 0x00000000 to 0x00005fff...
Flash will be erased from 0x00008000 to 0x00008fff...
Flash will be erased from 0x00010000 to 0x00105fff...
SHA digest in image updated
Compressed 20832 bytes to 13347...
Writing at 0x00000000... (100 %)
Wrote 20832 bytes (13347 compressed) at 0x00000000 in 0.4 seconds (effective 431.4 kbit/s)...
Hash of data verified.
Compressed 3072 bytes to 119...
Writing at 0x00008000... (100 %)
Wrote 3072 bytes (119 compressed) at 0x00008000 in 0.0 seconds (effective 1511.7 kbit/s)...
Hash of data verified.
Compressed 1005872 bytes to 592555...
Writing at 0x00010000... (2 %)
Writing at 0x0001d557... (5 %)
Writing at 0x00029f85... (8 %)
Writing at 0x00033054... (10 %)
Writing at 0x0003e69b... (13 %)
Writing at 0x00044759... (16 %)
Writing at 0x0004aa00... (18 %)
Writing at 0x00050d51... (21 %)
Writing at 0x000571b0... (24 %)
Writing at 0x00060b0e... (27 %)
Writing at 0x00067667... (29 %)
Writing at 0x0006d74e... (32 %)
Writing at 0x00072f24... (35 %)
Writing at 0x00078c98... (37 %)
Writing at 0x0007ebc1... (40 %)
Writing at 0x000847b0... (43 %)
Writing at 0x0008a80f... (45 %)
Writing at 0x00090507... (48 %)
Writing at 0x00095ffe... (51 %)
Writing at 0x0009b16a... (54 %)
Writing at 0x000a07ca... (56 %)
Writing at 0x000a6017... (59 %)
Writing at 0x000ab49e... (62 %)
Writing at 0x000b088c... (64 %)
Writing at 0x000b5de5... (67 %)
Writing at 0x000bc176... (70 %)
Writing at 0x000c1987... (72 %)
Writing at 0x000c77af... (75 %)
Writing at 0x000cd16e... (78 %)
Writing at 0x000d2889... (81 %)
Writing at 0x000db2e7... (83 %)
Writing at 0x000e11e6... (86 %)
Writing at 0x000e7921... (89 %)
Writing at 0x000f0e07... (91 %)
Writing at 0x000f8913... (94 %)
Writing at 0x000fedce... (97 %)
Writing at 0x001043bf... (100 %)
Wrote 1005872 bytes (592555 compressed) at 0x00010000 in 13.7 seconds (effective 589.2 kbit/s)...
Hash of data verified.

Leaving...
Hard resetting via RTS pin...

=========================================
Flash completed successfully!
=========================================
