=========================================
Flashing RC Tank Demo - TANK Role to COM7
=========================================
Bootloader:      E:\10__AIProject\7_AI陪伴机器人\CODE\examples\rc_tank_demo\firmware_backup\bootloader_TANK.bin
Partition Table: E:\10__AIProject\7_AI陪伴机器人\CODE\examples\rc_tank_demo\firmware_backup\partition-table_TANK.bin
Application:     E:\10__AIProject\7_AI陪伴机器人\CODE\examples\rc_tank_demo\firmware_backup\rc_tank_demo_TANK.bin

Erasing flash...
esptool.py v4.12.dev2
Serial port COM7
Connecting....
Chip is ESP32-S3 (QFN56) (revision v0.2)
Features: WiFi, BLE
Crystal is 40MHz
MAC: 44:1b:f6:f3:ae:78
Uploading stub...
Running stub...
Stub running...
Erasing flash (this may take a while)...
Chip erase completed successfully in 1.0 seconds.
Hard resetting via RTS pin...

Programming flash...
esptool.py v4.12.dev2
Serial port COM7
Connecting....
Chip is ESP32-S3 (QFN56) (revision v0.2)
Features: WiFi, BLE
Crystal is 40MHz
MAC: 44:1b:f6:f3:ae:78
Uploading stub...
Running stub...
Stub running...
Changing baud rate to 460800
Changed.
Configuring flash size...
Flash will be erased from 0x00000000 to 0x00005fff...
Flash will be erased from 0x00008000 to 0x00008fff...
Flash will be erased from 0x00010000 to 0x000f6fff...
SHA digest in image updated
Compressed 20832 bytes to 13361...
Writing at 0x00000000... (100 %)
Wrote 20832 bytes (13361 compressed) at 0x00000000 in 0.4 seconds (effective 431.1 kbit/s)...
Hash of data verified.
Compressed 3072 bytes to 119...
Writing at 0x00008000... (100 %)
Wrote 3072 bytes (119 compressed) at 0x00008000 in 0.0 seconds (effective 1717.4 kbit/s)...
Hash of data verified.
Compressed 942544 bytes to 572218...
Writing at 0x00010000... (2 %)
Writing at 0x0001d52d... (5 %)
Writing at 0x00029ab1... (8 %)
Writing at 0x00032b6c... (11 %)
Writing at 0x0003db14... (14 %)
Writing at 0x00043c01... (17 %)
Writing at 0x00049ec3... (20 %)
Writing at 0x000502a7... (22 %)
Writing at 0x000561a6... (25 %)
Writing at 0x0005cb75... (28 %)
Writing at 0x00062eed... (31 %)
Writing at 0x0006875b... (34 %)
Writing at 0x0006e3c6... (37 %)
Writing at 0x0007416e... (40 %)
Writing at 0x00079d9b... (42 %)
Writing at 0x0007fe39... (45 %)
Writing at 0x00085b7b... (48 %)
Writing at 0x0008b7eb... (51 %)
Writing at 0x000909cd... (54 %)
Writing at 0x00095d8f... (57 %)
Writing at 0x0009b6c4... (60 %)
Writing at 0x000a0d00... (62 %)
Writing at 0x000a605c... (65 %)
Writing at 0x000ab667... (68 %)
Writing at 0x000b1899... (71 %)
Writing at 0x000b7177... (74 %)
Writing at 0x000bce94... (77 %)
Writing at 0x000c28f3... (80 %)
Writing at 0x000c800f... (82 %)
Writing at 0x000d0acd... (85 %)
Writing at 0x000d6850... (88 %)
Writing at 0x000dce77... (91 %)
Writing at 0x000e4811... (94 %)
Writing at 0x000ead4d... (97 %)
Writing at 0x000f0afe... (100 %)
Wrote 942544 bytes (572218 compressed) at 0x00010000 in 13.2 seconds (effective 573.0 kbit/s)...
Hash of data verified.

Leaving...
Hard resetting via RTS pin...

=========================================
Flash completed successfully!
=========================================
