=========================================
Flashing RC Tank Demo - TANK Role to COM7
=========================================
Bootloader:      E:\10__AIProject\7_AI陪伴机器人\CODE\examples\rc_tank_demo\firmware_backup\bootloader_TANK.bin
Partition Table: E:\10__AIProject\7_AI陪伴机器人\CODE\examples\rc_tank_demo\firmware_backup\partition-table_TANK.bin
Application:     E:\10__AIProject\7_AI陪伴机器人\CODE\examples\rc_tank_demo\firmware_backup\rc_tank_demo_TANK.bin

Erasing flash...
esptool.py v4.12.dev2
Serial port COM7
Connecting....
Chip is ESP32-S3 (QFN56) (revision v0.2)
Features: WiFi, BLE
Crystal is 40MHz
MAC: 44:1b:f6:f3:ae:78
Uploading stub...
Running stub...
Stub running...
Erasing flash (this may take a while)...
Chip erase completed successfully in 1.1 seconds.
Hard resetting via RTS pin...

Programming flash...
esptool.py v4.12.dev2
Serial port COM7
Connecting....
Chip is ESP32-S3 (QFN56) (revision v0.2)
Features: WiFi, BLE
Crystal is 40MHz
MAC: 44:1b:f6:f3:ae:78
Uploading stub...
Running stub...
Stub running...
Changing baud rate to 460800
Changed.
Configuring flash size...
Flash will be erased from 0x00000000 to 0x00005fff...
Flash will be erased from 0x00008000 to 0x00008fff...
Flash will be erased from 0x00010000 to 0x00105fff...
SHA digest in image updated
Compressed 20832 bytes to 13348...
Writing at 0x00000000... (100 %)
Wrote 20832 bytes (13348 compressed) at 0x00000000 in 0.4 seconds (effective 431.9 kbit/s)...
Hash of data verified.
Compressed 3072 bytes to 119...
Writing at 0x00008000... (100 %)
Wrote 3072 bytes (119 compressed) at 0x00008000 in 0.0 seconds (effective 1547.7 kbit/s)...
Hash of data verified.
Compressed 1004464 bytes to 592437...
Writing at 0x00010000... (2 %)
Writing at 0x0001d56e... (5 %)
Writing at 0x00029af5... (8 %)
Writing at 0x00032c54... (10 %)
Writing at 0x0003e163... (13 %)
Writing at 0x00044269... (16 %)
Writing at 0x0004a47c... (18 %)
Writing at 0x000508e9... (21 %)
Writing at 0x000568eb... (24 %)
Writing at 0x00060717... (27 %)
Writing at 0x00067228... (29 %)
Writing at 0x0006d32e... (32 %)
Writing at 0x00072b74... (35 %)
Writing at 0x000788af... (37 %)
Writing at 0x0007e76a... (40 %)
Writing at 0x00084353... (43 %)
Writing at 0x0008a3d8... (45 %)
Writing at 0x000900fa... (48 %)
Writing at 0x00095c54... (51 %)
Writing at 0x0009ae12... (54 %)
Writing at 0x000a0427... (56 %)
Writing at 0x000a5c1d... (59 %)
Writing at 0x000ab114... (62 %)
Writing at 0x000b04a9... (64 %)
Writing at 0x000b5a23... (67 %)
Writing at 0x000bbd3d... (70 %)
Writing at 0x000c156a... (72 %)
Writing at 0x000c7381... (75 %)
Writing at 0x000ccd72... (78 %)
Writing at 0x000d24dc... (81 %)
Writing at 0x000daf13... (83 %)
Writing at 0x000e0d02... (86 %)
Writing at 0x000e7599... (89 %)
Writing at 0x000f09f7... (91 %)
Writing at 0x000f8474... (94 %)
Writing at 0x000fe8e1... (97 %)
Writing at 0x00103ef0... (100 %)
Wrote 1004464 bytes (592437 compressed) at 0x00010000 in 13.7 seconds (effective 588.1 kbit/s)...
Hash of data verified.

Leaving...
Hard resetting via RTS pin...

=========================================
Flash completed successfully!
=========================================
