=========================================
Flashing RC Tank Demo - TANK Role to COM7
=========================================
Bootloader:      E:\10__AIProject\7_AI陪伴机器人\CODE\examples\rc_tank_demo\firmware_backup\bootloader_TANK.bin
Partition Table: E:\10__AIProject\7_AI陪伴机器人\CODE\examples\rc_tank_demo\firmware_backup\partition-table_TANK.bin
Application:     E:\10__AIProject\7_AI陪伴机器人\CODE\examples\rc_tank_demo\firmware_backup\rc_tank_demo_TANK.bin

Erasing flash...
esptool.py v4.12.dev2
Serial port COM7
Connecting....
Chip is ESP32-S3 (QFN56) (revision v0.2)
Features: WiFi, BLE
Crystal is 40MHz
MAC: 44:1b:f6:f3:ae:78
Uploading stub...
Running stub...
Stub running...
Erasing flash (this may take a while)...
Chip erase completed successfully in 1.0 seconds.
Hard resetting via RTS pin...

Programming flash...
esptool.py v4.12.dev2
Serial port COM7
Connecting.........
Chip is ESP32-S3 (QFN56) (revision v0.2)
Features: WiFi, BLE
Crystal is 40MHz
MAC: 44:1b:f6:f3:ae:78
Uploading stub...
Running stub...
Stub running...
Changing baud rate to 460800
Changed.
Configuring flash size...
Flash will be erased from 0x00000000 to 0x00005fff...
Flash will be erased from 0x00008000 to 0x00008fff...
Flash will be erased from 0x00010000 to 0x000f1fff...
SHA digest in image updated
Compressed 20832 bytes to 13346...
Writing at 0x00000000... (100 %)
Wrote 20832 bytes (13346 compressed) at 0x00000000 in 0.4 seconds (effective 431.9 kbit/s)...
Hash of data verified.
Compressed 3072 bytes to 119...
Writing at 0x00008000... (100 %)
Wrote 3072 bytes (119 compressed) at 0x00008000 in 0.0 seconds (effective 1495.7 kbit/s)...
Hash of data verified.
Compressed 924848 bytes to 562350...
Writing at 0x00010000... (2 %)
Writing at 0x0001d305... (5 %)
Writing at 0x00029325... (8 %)
Writing at 0x0003283d... (11 %)
Writing at 0x0003c9c0... (14 %)
Writing at 0x00042869... (17 %)
Writing at 0x00048c6a... (20 %)
Writing at 0x0004f2b0... (22 %)
Writing at 0x00055002... (25 %)
Writing at 0x0005bd7e... (28 %)
Writing at 0x00061e29... (31 %)
Writing at 0x00067613... (34 %)
Writing at 0x0006d372... (37 %)
Writing at 0x0007317e... (40 %)
Writing at 0x00078e42... (42 %)
Writing at 0x0007f01d... (45 %)
Writing at 0x00084b8d... (48 %)
Writing at 0x0008a692... (51 %)
Writing at 0x0008f7f2... (54 %)
Writing at 0x00094e4a... (57 %)
Writing at 0x0009a64a... (60 %)
Writing at 0x0009fb6b... (62 %)
Writing at 0x000a4f7c... (65 %)
Writing at 0x000aa542... (68 %)
Writing at 0x000b08fa... (71 %)
Writing at 0x000b61a3... (74 %)
Writing at 0x000bbf02... (77 %)
Writing at 0x000c18bc... (80 %)
Writing at 0x000c6eea... (82 %)
Writing at 0x000cf9c6... (85 %)
Writing at 0x000d5c26... (88 %)
Writing at 0x000dc136... (91 %)
Writing at 0x000e3be5... (94 %)
Writing at 0x000ea673... (97 %)
Writing at 0x000ef732... (100 %)
Wrote 924848 bytes (562350 compressed) at 0x00010000 in 13.0 seconds (effective 570.4 kbit/s)...
Hash of data verified.

Leaving...
Hard resetting via RTS pin...

=========================================
Flash completed successfully!
=========================================
