esptool.py v4.12.dev2
Serial port COM7
Connecting.........
Chip is ESP32-S3 (QFN56) (revision v0.2)
Features: WiFi, BLE
Crystal is 40MHz
MAC: 44:1b:f6:f3:ae:78
Uploading stub...
Running stub...
Stub running...
Erasing flash (this may take a while)...
Chip erase completed successfully in 1.0 seconds.
Hard resetting via RTS pin...
esptool.py v4.12.dev2
Serial port COM7
Connecting....
Chip is ESP32-S3 (QFN56) (revision v0.2)
Features: WiFi, BLE
Crystal is 40MHz
MAC: 44:1b:f6:f3:ae:78
Uploading stub...
Running stub...
Stub running...
Changing baud rate to 460800
Changed.
Configuring flash size...
Flash will be erased from 0x00000000 to 0x00005fff...
Flash will be erased from 0x00008000 to 0x00008fff...
Flash will be erased from 0x00010000 to 0x000f2fff...
SHA digest in image updated
Compressed 20832 bytes to 13347...
Writing at 0x00000000... (100 %)
Wrote 20832 bytes (13347 compressed) at 0x00000000 in 0.4 seconds (effective 431.5 kbit/s)...
Hash of data verified.
Compressed 3072 bytes to 119...
Writing at 0x00008000... (100 %)
Wrote 3072 bytes (119 compressed) at 0x00008000 in 0.0 seconds (effective 1577.9 kbit/s)...
Hash of data verified.
Compressed 926832 bytes to 563218...
Writing at 0x00010000... (2 %)
Writing at 0x0001d3d2... (5 %)
Writing at 0x0002953e... (8 %)
Writing at 0x000329a3... (11 %)
Writing at 0x0003ccd9... (14 %)
Writing at 0x00042c0d... (17 %)
Writing at 0x00048f95... (20 %)
Writing at 0x0004f508... (22 %)
Writing at 0x000552e3... (25 %)
Writing at 0x0005c05e... (28 %)
Writing at 0x000620fd... (31 %)
Writing at 0x00067912... (34 %)
Writing at 0x0006d65b... (37 %)
Writing at 0x0007342c... (40 %)
Writing at 0x000790d2... (42 %)
Writing at 0x0007f2be... (45 %)
Writing at 0x00084e83... (48 %)
Writing at 0x0008a972... (51 %)
Writing at 0x0008fb11... (54 %)
Writing at 0x000950fd... (57 %)
Writing at 0x0009a952... (60 %)
Writing at 0x0009fe84... (62 %)
Writing at 0x000a5242... (65 %)
Writing at 0x000aa821... (68 %)
Writing at 0x000b0be8... (71 %)
Writing at 0x000b6495... (74 %)
Writing at 0x000bc207... (77 %)
Writing at 0x000c1b45... (80 %)
Writing at 0x000c71be... (82 %)
Writing at 0x000cfbd5... (85 %)
Writing at 0x000d5eec... (88 %)
Writing at 0x000dc397... (91 %)
Writing at 0x000e3e95... (94 %)
Writing at 0x000ea9f8... (97 %)
Writing at 0x000efa21... (100 %)
Wrote 926832 bytes (563218 compressed) at 0x00010000 in 13.0 seconds (effective 570.9 kbit/s)...
Hash of data verified.

Leaving...
Hard resetting via RTS pin...
