esptool.py v4.12.dev2
Serial port COM7
Connecting....
Chip is ESP32-S3 (QFN56) (revision v0.2)
Features: WiFi, BLE
Crystal is 40MHz
MAC: 44:1b:f6:f3:ae:78
Uploading stub...
Running stub...
Stub running...
Erasing flash (this may take a while)...
Chip erase completed successfully in 1.1 seconds.
Hard resetting via RTS pin...
esptool.py v4.12.dev2
Serial port COM7
Connecting....
Chip is ESP32-S3 (QFN56) (revision v0.2)
Features: WiFi, BLE
Crystal is 40MHz
MAC: 44:1b:f6:f3:ae:78
Uploading stub...
Running stub...
Stub running...
Changing baud rate to 460800
Changed.
Configuring flash size...
Flash will be erased from 0x00000000 to 0x00005fff...
Flash will be erased from 0x00008000 to 0x00008fff...
Flash will be erased from 0x00010000 to 0x000f2fff...
SHA digest in image updated
Compressed 20832 bytes to 13346...
Writing at 0x00000000... (100 %)
Wrote 20832 bytes (13346 compressed) at 0x00000000 in 0.4 seconds (effective 432.5 kbit/s)...
Hash of data verified.
Compressed 3072 bytes to 119...
Writing at 0x00008000... (100 %)
Wrote 3072 bytes (119 compressed) at 0x00008000 in 0.0 seconds (effective 1584.7 kbit/s)...
Hash of data verified.
Compressed 927360 bytes to 563557...
Writing at 0x00010000... (2 %)
Writing at 0x0001d39f... (5 %)
Writing at 0x00029543... (8 %)
Writing at 0x00032761... (11 %)
Writing at 0x0003cd04... (14 %)
Writing at 0x00042c53... (17 %)
Writing at 0x00048fd0... (20 %)
Writing at 0x0004f554... (22 %)
Writing at 0x0005535e... (25 %)
Writing at 0x0005c090... (28 %)
Writing at 0x00062137... (31 %)
Writing at 0x0006795f... (34 %)
Writing at 0x0006d696... (37 %)
Writing at 0x00073443... (40 %)
Writing at 0x000790d4... (42 %)
Writing at 0x0007f2f1... (45 %)
Writing at 0x00084ee4... (48 %)
Writing at 0x0008a9c9... (51 %)
Writing at 0x0008fb81... (54 %)
Writing at 0x0009514e... (57 %)
Writing at 0x0009a9a9... (60 %)
Writing at 0x0009fee9... (62 %)
Writing at 0x000a5290... (65 %)
Writing at 0x000aa891... (68 %)
Writing at 0x000b0c3f... (71 %)
Writing at 0x000b64e8... (74 %)
Writing at 0x000bc24e... (77 %)
Writing at 0x000c1b52... (80 %)
Writing at 0x000c7227... (82 %)
Writing at 0x000cfc00... (85 %)
Writing at 0x000d5f33... (88 %)
Writing at 0x000dc3b5... (91 %)
Writing at 0x000e3ef8... (94 %)
Writing at 0x000eaa0b... (97 %)
Writing at 0x000efaa3... (100 %)
Wrote 927360 bytes (563557 compressed) at 0x00010000 in 13.0 seconds (effective 571.1 kbit/s)...
Hash of data verified.

Leaving...
Hard resetting via RTS pin...
