=========================================
Flashing RC Tank Demo - TANK Role to COM7
=========================================
Bootloader:      E:\10__AIProject\7_AI陪伴机器人\CODE\examples\rc_tank_demo\firmware_backup\bootloader_TANK.bin
Partition Table: E:\10__AIProject\7_AI陪伴机器人\CODE\examples\rc_tank_demo\firmware_backup\partition-table_TANK.bin
Application:     E:\10__AIProject\7_AI陪伴机器人\CODE\examples\rc_tank_demo\firmware_backup\rc_tank_demo_TANK.bin

Erasing flash...
esptool.py v4.12.dev2
Serial port COM7
Connecting.........
Chip is ESP32-S3 (QFN56) (revision v0.2)
Features: WiFi, BLE
Crystal is 40MHz
MAC: 44:1b:f6:f3:ae:78
Uploading stub...
Running stub...
Stub running...
Erasing flash (this may take a while)...
Chip erase completed successfully in 1.0 seconds.
Hard resetting via RTS pin...

Programming flash...
esptool.py v4.12.dev2
Serial port COM7
Connecting...................
Chip is ESP32-S3 (QFN56) (revision v0.2)
Features: WiFi, BLE
Crystal is 40MHz
MAC: 44:1b:f6:f3:ae:78
Uploading stub...
Running stub...
Stub running...
Changing baud rate to 460800
Changed.
Configuring flash size...
Flash will be erased from 0x00000000 to 0x00005fff...
Flash will be erased from 0x00008000 to 0x00008fff...
Flash will be erased from 0x00010000 to 0x000f2fff...
SHA digest in image updated
Compressed 20832 bytes to 13346...
Writing at 0x00000000... (100 %)
Wrote 20832 bytes (13346 compressed) at 0x00000000 in 0.4 seconds (effective 431.7 kbit/s)...
Hash of data verified.
Compressed 3072 bytes to 119...
Writing at 0x00008000... (100 %)
Wrote 3072 bytes (119 compressed) at 0x00008000 in 0.0 seconds (effective 1596.8 kbit/s)...
Hash of data verified.
Compressed 928240 bytes to 563827...
Writing at 0x00010000... (2 %)
Writing at 0x0001d424... (5 %)
Writing at 0x000296b5... (8 %)
Writing at 0x000328c6... (11 %)
Writing at 0x0003cea7... (14 %)
Writing at 0x00042e6e... (17 %)
Writing at 0x000491ce... (20 %)
Writing at 0x0004f7b7... (22 %)
Writing at 0x0005559a... (25 %)
Writing at 0x0005c2f3... (28 %)
Writing at 0x00062390... (31 %)
Writing at 0x00067b9c... (34 %)
Writing at 0x0006d8d3... (37 %)
Writing at 0x0007369f... (40 %)
Writing at 0x00079371... (42 %)
Writing at 0x0007f53d... (45 %)
Writing at 0x000850ff... (48 %)
Writing at 0x0008abf1... (51 %)
Writing at 0x0008fd94... (54 %)
Writing at 0x00095378... (57 %)
Writing at 0x0009abc1... (60 %)
Writing at 0x000a00f2... (62 %)
Writing at 0x000a549f... (65 %)
Writing at 0x000aaa8a... (68 %)
Writing at 0x000b0e3a... (71 %)
Writing at 0x000b6703... (74 %)
Writing at 0x000bc46d... (77 %)
Writing at 0x000c1da8... (80 %)
Writing at 0x000c743f... (82 %)
Writing at 0x000cfe44... (85 %)
Writing at 0x000d6145... (88 %)
Writing at 0x000dc54c... (91 %)
Writing at 0x000e40d9... (94 %)
Writing at 0x000eac05... (97 %)
Writing at 0x000efcb2... (100 %)
Wrote 928240 bytes (563827 compressed) at 0x00010000 in 13.0 seconds (effective 570.8 kbit/s)...
Hash of data verified.

Leaving...
Hard resetting via RTS pin...

=========================================
Flash completed successfully!
=========================================
