=========================================
Flashing RC Tank Demo - TANK Role to COM7
=========================================
Bootloader:      E:\10__AIProject\7_AI陪伴机器人\CODE\examples\rc_tank_demo\firmware_backup\bootloader_TANK.bin
Partition Table: E:\10__AIProject\7_AI陪伴机器人\CODE\examples\rc_tank_demo\firmware_backup\partition-table_TANK.bin
Application:     E:\10__AIProject\7_AI陪伴机器人\CODE\examples\rc_tank_demo\firmware_backup\rc_tank_demo_TANK.bin

Erasing flash...
esptool.py v4.12.dev2
Serial port COM7
Connecting..............
Chip is ESP32-S3 (QFN56) (revision v0.2)
Features: WiFi, BLE
Crystal is 40MHz
MAC: 44:1b:f6:f3:ae:78
Uploading stub...
Running stub...
Stub running...
Erasing flash (this may take a while)...
Chip erase completed successfully in 1.0 seconds.
Hard resetting via RTS pin...

Programming flash...
esptool.py v4.12.dev2
Serial port COM7
Connecting....
Chip is ESP32-S3 (QFN56) (revision v0.2)
Features: WiFi, BLE
Crystal is 40MHz
MAC: 44:1b:f6:f3:ae:78
Uploading stub...
Running stub...
Stub running...
Changing baud rate to 460800
Changed.
Configuring flash size...
Flash will be erased from 0x00000000 to 0x00005fff...
Flash will be erased from 0x00008000 to 0x00008fff...
Flash will be erased from 0x00010000 to 0x000f2fff...
SHA digest in image updated
Compressed 20832 bytes to 13345...
Writing at 0x00000000... (100 %)
Wrote 20832 bytes (13345 compressed) at 0x00000000 in 0.4 seconds (effective 430.4 kbit/s)...
Hash of data verified.
Compressed 3072 bytes to 119...
Writing at 0x00008000... (100 %)
Wrote 3072 bytes (119 compressed) at 0x00008000 in 0.0 seconds (effective 1547.2 kbit/s)...
Hash of data verified.
Compressed 926624 bytes to 563113...
Writing at 0x00010000... (2 %)
Writing at 0x0001d3da... (5 %)
Writing at 0x0002951b... (8 %)
Writing at 0x00032962... (11 %)
Writing at 0x0003cc8b... (14 %)
Writing at 0x00042bbd... (17 %)
Writing at 0x00048f4e... (20 %)
Writing at 0x0004f518... (22 %)
Writing at 0x000552be... (25 %)
Writing at 0x0005c074... (28 %)
Writing at 0x000620fd... (31 %)
Writing at 0x000678fe... (34 %)
Writing at 0x0006d64d... (37 %)
Writing at 0x0007342e... (40 %)
Writing at 0x0007919b... (42 %)
Writing at 0x0007f2e3... (45 %)
Writing at 0x00084e68... (48 %)
Writing at 0x0008a980... (51 %)
Writing at 0x0008faf2... (54 %)
Writing at 0x00095113... (57 %)
Writing at 0x0009a941... (60 %)
Writing at 0x0009fe6d... (62 %)
Writing at 0x000a523a... (65 %)
Writing at 0x000aa800... (68 %)
Writing at 0x000b0bd2... (71 %)
Writing at 0x000b6489... (74 %)
Writing at 0x000bc1ca... (77 %)
Writing at 0x000c1b4c... (80 %)
Writing at 0x000c7195... (82 %)
Writing at 0x000cfb99... (85 %)
Writing at 0x000d5eac... (88 %)
Writing at 0x000dc3a7... (91 %)
Writing at 0x000e3e5a... (94 %)
Writing at 0x000ea9d6... (97 %)
Writing at 0x000ef9ca... (100 %)
Wrote 926624 bytes (563113 compressed) at 0x00010000 in 13.0 seconds (effective 570.8 kbit/s)...
Hash of data verified.

Leaving...
Hard resetting via RTS pin...

=========================================
Flash completed successfully!
=========================================
