=========================================
Flashing RC Tank Demo - TANK Role to COM7
=========================================
Bootloader:      E:\10__AIProject\7_AI陪伴机器人\CODE\examples\rc_tank_demo\firmware_backup\bootloader_TANK.bin
Partition Table: E:\10__AIProject\7_AI陪伴机器人\CODE\examples\rc_tank_demo\firmware_backup\partition-table_TANK.bin
Application:     E:\10__AIProject\7_AI陪伴机器人\CODE\examples\rc_tank_demo\firmware_backup\rc_tank_demo_TANK.bin

Erasing flash...
esptool.py v4.12.dev2
Serial port COM7
Connecting....
Chip is ESP32-S3 (QFN56) (revision v0.2)
Features: WiFi, BLE
Crystal is 40MHz
MAC: 44:1b:f6:f3:ae:78
Uploading stub...
Running stub...
Stub running...
Erasing flash (this may take a while)...
Chip erase completed successfully in 1.0 seconds.
Hard resetting via RTS pin...

Programming flash...
esptool.py v4.12.dev2
Serial port COM7
Connecting....
Chip is ESP32-S3 (QFN56) (revision v0.2)
Features: WiFi, BLE
Crystal is 40MHz
MAC: 44:1b:f6:f3:ae:78
Uploading stub...
Running stub...
Stub running...
Changing baud rate to 460800
Changed.
Configuring flash size...
Flash will be erased from 0x00000000 to 0x00005fff...
Flash will be erased from 0x00008000 to 0x00008fff...
Flash will be erased from 0x00010000 to 0x000f2fff...
SHA digest in image updated
Compressed 20832 bytes to 13345...
Writing at 0x00000000... (100 %)
Wrote 20832 bytes (13345 compressed) at 0x00000000 in 0.4 seconds (effective 433.1 kbit/s)...
Hash of data verified.
Compressed 3072 bytes to 119...
Writing at 0x00008000... (100 %)
Wrote 3072 bytes (119 compressed) at 0x00008000 in 0.0 seconds (effective 1524.6 kbit/s)...
Hash of data verified.
Compressed 926000 bytes to 562794...
Writing at 0x00010000... (2 %)
Writing at 0x0001d3a1... (5 %)
Writing at 0x0002947d... (8 %)
Writing at 0x000328e9... (11 %)
Writing at 0x0003cb9c... (14 %)
Writing at 0x00042a84... (17 %)
Writing at 0x00048e32... (20 %)
Writing at 0x0004f492... (22 %)
Writing at 0x000551e5... (25 %)
Writing at 0x0005bf64... (28 %)
Writing at 0x00062016... (31 %)
Writing at 0x000677f7... (34 %)
Writing at 0x0006d55a... (37 %)
Writing at 0x00073365... (40 %)
Writing at 0x0007902c... (42 %)
Writing at 0x0007f203... (45 %)
Writing at 0x00084d6b... (48 %)
Writing at 0x0008a85d... (51 %)
Writing at 0x0008f9be... (54 %)
Writing at 0x0009501c... (57 %)
Writing at 0x0009a818... (60 %)
Writing at 0x0009fd3c... (62 %)
Writing at 0x000a5145... (65 %)
Writing at 0x000aa6fa... (68 %)
Writing at 0x000b0ac1... (71 %)
Writing at 0x000b6383... (74 %)
Writing at 0x000bc0de... (77 %)
Writing at 0x000c1ad2... (80 %)
Writing at 0x000c70e7... (82 %)
Writing at 0x000cfbcd... (85 %)
Writing at 0x000d5e4c... (88 %)
Writing at 0x000dc2f4... (91 %)
Writing at 0x000e3d80... (94 %)
Writing at 0x000ea8f8... (97 %)
Writing at 0x000ef91f... (100 %)
Wrote 926000 bytes (562794 compressed) at 0x00010000 in 13.0 seconds (effective 570.5 kbit/s)...
Hash of data verified.

Leaving...
Hard resetting via RTS pin...

=========================================
Flash completed successfully!
=========================================
