I (1405088) rc_net: Scanning for RC_TANK_* APs...
W (1407589) rc_net: No RC_TANK_* AP found; retry scan in 5000 ms
I (1412690) rc_net: Scanning for RC_TANK_* APs...
I (1415192) rc_net: Found tank AP: RC_TANK_F3AE79, RSSI: -42
I (1415193) rc_net: Connecting to tank AP, attempt 1/3
I (1415200) wifi:new:<1,1>, old:<1,0>, ap:<255,255>, sta:<1,1>, prof:1, snd_ch_cfg:0x0
I (1415201) wifi:state: init -> auth (0xb0)
I (1415205) wifi:state: auth -> assoc (0x0)
I (1415217) wifi:state: assoc -> run (0x10)
I (1415235) wifi:connected with RC_TANK_F3AE79, aid = 1, channel 1, 40U, bssid = 44:1b:f6:f3:ae:79
I (1415236) wifi:security: WPA2-PSK, phy: bgn, rssi: -42, cipher(pairwise:0x3, group:0x3), pmf:1
I (1415242) wifi:pm start, type: 1

I (1415245) wifi:set rx beacon pti, rx_bcn_pti: 0, bcn_timeout: 25000, mt_pti: 0, mt_time: 10000
I (1415254) wifi:AP's beacon interval = 102400 us, DTIM period = 1
I (1416282) esp_netif_handlers: sta ip: 192.168.4.2, mask: 255.255.255.0, gw: 192.168.4.1
I (1416282) rc_net: Got IP: 192.168.4.2
I (1416283) rc_net: Connected to tank AP; waiting for disconnect
I (1416283) rc_control: Network connected: waiting for joystick release
I (1416293) rc_control: Joystick released: motion control re-armed
I (1416295) rc_tank: Network connected, peer: 192.168.4.1
I (1416301) rc_control: [DEBUG-DVP-LIMIT] ctrl_tx ok=38 stop=7 drive=31 fail=0 current=STOP
I (1416306) wifi:<ba-add>idx:0 (ifx:0, 44:1b:f6:f3:ae:79), tid:0, ssn:0, winSize:64
I (1416300) rc_video: Remote WiFi icon: connected=1 epoch=5
I (1424294) rc_control: [DEBUG-DVP-LIMIT] ctrl_tx ok=38 stop=7 drive=31 fail=0 current=STOP
I (1430359) wifi:bcn_timeout,ap_probe_send_start
I (1432294) rc_control: [DEBUG-DVP-LIMIT] ctrl_tx ok=38 stop=7 drive=31 fail=0 current=STOP
I (1432862) wifi:ap_probe_send over, reset wifi status to disassoc
I (1432862) wifi:state: run -> init (0xc800)
I (1432863) wifi:pm stop, total sleep time: 931892 us / 17617997 us

I (1432867) wifi:<ba-del>idx:0, tid:0
I (1432871) wifi:new:<1,0>, old:<1,1>, ap:<255,255>, sta:<1,1>, prof:1, snd_ch_cfg:0x0
W (1432881) rc_net: Tank AP disconnected; retry saved AP first
W (1432881) rc_control: Network disconnected: control TX paused
I (1432884) rc_net: Connecting to tank AP, attempt 1/3
W (1432889) rc_tank: Network disconnected
I (1432899) rc_video: Remote WiFi icon: connected=0 epoch=6
I (1440306) rc_net: Connecting to tank AP, attempt 2/3
I (1447718) rc_net: Connecting to tank AP, attempt 3/3
