I (14651) rc_tank: Starting Tank role
I (14651) board_laiwfs300: init board support package
I (14651) board_laiwfs300: init capability registry
I (14652) board_laiwfs300: init I2C bus: SDA=GPIO48 SCL=GPIO47
I (14659) bus_i2c: I2C0 initialized: SDA=GPIO48 SCL=GPIO47 speed=100000Hz
I (14664) board_laiwfs300: --- I2C bus scan (0x08-0x77) ---
I (14672) board_laiwfs300:   I2C device ACK at 0x15
I (14675) board_laiwfs300:   I2C device ACK at 0x18
I (14680) board_laiwfs300:   I2C device ACK at 0x21
I (14684) board_laiwfs300:   I2C device ACK at 0x22
I (14692) board_laiwfs300:   I2C device ACK at 0x40
I (14695) board_laiwfs300:   I2C device ACK at 0x51
I (14700) board_laiwfs300:   I2C device ACK at 0x68
I (14704) board_laiwfs300: --- I2C scan done: 7 device(s) found ---
W (14708) board_laiwfs300: TPT29555A (IOEX) NOT found at 0x20 (NACK)
I (14714) board_laiwfs300: ES8311 (Codec) found at 0x18
I (14719) board_laiwfs300: ES7210 (ADC) found at 0x40
I (14724) board_laiwfs300: AIP8563 (RTC) found at 0x51
I (14729) board_laiwfs300: BMI260 (IMU @0x68) found at 0x68
W (14734) board_laiwfs300: BMI260 (IMU @0x69) NOT found at 0x69 (NACK)
I (14740) board_laiwfs300: SP0A39 (Camera) found at 0x21
I (14746) board_laiwfs300: ES8311 chip ID: 0x83 0x11
I (14750) board_laiwfs300: ES7210 chip ID: 0x72
I (14755) board_laiwfs300: AIP8563 RTC time: 22:53:02 (BCD raw)
I (14760) board_laiwfs300: BMI260 chip ID: 0x27 (expect 0x27)
I (14765) board_laiwfs300: init SPI bus manager
I (14770) board_laiwfs300: init ADC service
I (14773) board_adc: ADC1 oneshot initialized
I (14777) board_laiwfs300: init board power service
I (14783) board_laiwfs300: ADC D0_DETECT (GPIO1): raw=2031 (~1537 mV)
I (14788) board_laiwfs300: ADC BAT_ADC (GPIO7): raw=1638 (~1240 mV)
I (14794) board_laiwfs300: ADC SW_ADC (GPIO8): raw=4095 (~3100 mV)
I (14800) board_laiwfs300: init IO expander: TPT29555A addr=0x22
I (14808) io_expander: TPT29555A initialized at 0x22
I (14810) board_laiwfs300: IO expander initialized OK
I (14815) board_laiwfs300: init module detect
I (14819) board_laiwfs300: register detection rules
I (14824) board_laiwfs300: register default capabilities
I (14829) board_laiwfs300: board init complete (ioex=OK)
I (14835) board_motor: motor input 1 -> GPIO5 / LEDC channel 0
I (14839) board_motor: motor input 2 -> GPIO4 / LEDC channel 1
I (14845) board_motor: motor input 3 -> GPIO37 / LEDC channel 2
I (14851) board_motor: motor input 4 -> GPIO45 / LEDC channel 3
I (14857) rc_control: Motor initialized for continuous track control
I (14862) rc_video: Initializing Tank display
I (14868) display_hal: init ST7789V3 LCD 240x320 SPI host=1
E (15013) spi: spi_bus_initialize(816): SPI bus already initialized.
I (15134) display_hal: ST7789V3 LCD initialized
I (15134) board_display: display mapped: MOSI=GPIO13 SCK=GPIO12 CS=GPIO10 DC=GPIO16 BL=GPIO17 LCD_RST=IOEX P1_5 pclk=20000000
I (15139) rc_video: Tank display task started
I (15140) rc_video: Tank display initialized (status task owns LCD)
I (15149) rc_video: Initializing camera (SP0A39 640x480 VYUY)
I (15154) board_camera: initializing SP0A39 camera mode=0 640x480
I (15160) camera_hal: init SP0A39 DVP 640x480 (SCCB manual mode)
I (15166) camera_hal: configuring IOEX pins for camera RESET/PWDN
I (15174) camera_hal: PWDN=HIGH (power down)
I (15186) camera_hal: PWDN=LOW (release sensor)
I (15386) camera_hal: RESET=LOW (assert reset)
I (15406) camera_hal: RESET=HIGH (release reset)
I (16406) camera_hal: full I2C scan after camera power-up (diagnostic only)...
I (16408) camera_hal:   post-powerup ACK at 0x15
I (16408) camera_hal:   post-powerup ACK at 0x18
I (16411) camera_hal:   post-powerup ACK at 0x21
I (16415) camera_hal:   post-powerup ACK at 0x22
I (16423) camera_hal:   post-powerup ACK at 0x40
I (16425) camera_hal:   post-powerup ACK at 0x51
I (16431) camera_hal:   post-powerup ACK at 0x68
I (16434) camera_hal: DVP GPIO diagnostics (checking PCLK/VSYNC/HSYNC activity)...
I (16500) camera_hal: DVP diagnostics: PCLK_changes=0 VSYNC_changes=0 HSYNC_changes=0
W (16500) camera_hal: PCLK has no transitions - MCLK likely not reaching sensor or sensor not active
I (16505) camera_hal: using sensor address 0x21
I (16510) camera_hal: SP0A39 I2C device added at 0x21
I (16516) camera_hal: SP0A39 chip ID: 0x0A39
I (16638) camera_hal: SP0A39 register init done: VYUY 640x480 (359 regs)
I (16639) camera_hal: [CAM-PROBE] SP0A39 p0_31 stage=post_table value=0x00 expected=0x01
E (16642) camera_hal: camera_hal_verify_expected_output_p0_31(92): unexpected p0_31=0x00 at post_table
W (16651) camera_hal: [CAM-PROBE] output state differs after table; continuing: ESP_ERR_INVALID_RESPONSE
I (16680) camera_hal: [CAM-PROBE] SP0A39 p0_31 stage=post_delay value=0x01 expected=0x01
I (16681) camera_hal: camera HAL initialized (sensor ready, DVP capture not yet implemented)
I (16685) board_camera: camera ready
I (16815) rc_video:   3 DMA-capable PSRAM framebuffers allocated (600 KB each)
I (16817) dvp_ext: DVP Extended camera controller driver is initialized
I (16818) dvp_ext: [STABLE-DVP] direct half-copy active dma=102400 half=51200
I (16824) rc_video: [STABLE-CAPTURE] staged DVP controller created dma=102400 half=51200
I (16832) rc_video: Camera initialized
I (16838) rc_net: Initializing as SoftAP (Tank)
I (16841) pp: pp rom version: e7ae62f
I (16844) net80211: net80211 rom version: e7ae62f
I (16849) wifi:wifi driver task: 3fce46d0, prio:23, stack:6656, core=0
I (16860) wifi:wifi firmware version: 0947e8b
I (16861) wifi:wifi certification version: v7.0
I (16862) wifi:config NVS flash: enabled
I (16866) wifi:config nano formatting: disabled
I (16870) wifi:Init data frame dynamic rx buffer num: 32
I (16875) wifi:Init static rx mgmt buffer num: 5
I (16879) wifi:Init management short buffer num: 32
I (16884) wifi:Init dynamic tx buffer num: 64
I (16888) wifi:Init static tx FG buffer num: 2
I (16892) wifi:Init static rx buffer size: 1600
I (16897) wifi:Init static rx buffer num: 10
I (16900) wifi:Init dynamic rx buffer num: 32
I (16906) wifi_init: rx ba win: 6
I (16908) wifi_init: accept mbox: 6
I (16911) wifi_init: tcpip mbox: 16
I (16914) wifi_init: udp mbox: 6
I (16917) wifi_init: tcp mbox: 6
I (16920) wifi_init: tcp tx win: 5760
I (16923) wifi_init: tcp rx win: 5760
I (16927) wifi_init: tcp mss: 1440
I (16930) wifi_init: WiFi IRAM OP enabled
I (16934) wifi_init: WiFi RX IRAM OP enabled
I (16938) rc_net: AP set_mode/config, SSID=RC_TANK_F3AE79 ch=1
I (16948) phy_init: phy_version 711,97bcf0a2,Aug 25 2025,19:04:10
I (16990) wifi:mode : softAP (44:1b:f6:f3:ae:79)
I (16994) wifi:Total power save buffer number: 32
I (16995) wifi:Init max length of beacon: 752/752
I (16996) wifi:Init max length of beacon: 752/752
I (16998) rc_net: SoftAP started, SSID: RC_TANK_F3AE79
I (17000) esp_netif_lwip: DHCP server started on interface WIFI_AP_DEF with IP: 192.168.4.1
I (17011) rc_control: Ctrl RX task started
I (17014) rc_control: Tank control started
I (17018) rc_tank: Tank ready; waiting for Remote
I (23092) wifi:new:<1,1>, old:<1,1>, ap:<1,1>, sta:<255,255>, prof:1, snd_ch_cfg:0x0
I (23093) wifi:station: 44:1b:f6:f3:ae:40 join, AID=1, bgn, 40U
I (23115) rc_net: STA connected, MAC: 44:1b:f6:f3:ae:40
I (23154) esp_netif_lwip: DHCP server assigned IP to a client, IP is: 192.168.4.2
I (23155) rc_net: STA assigned IP: 192.168.4.2
I (23155) rc_control: Network connected
I (23159) rc_tank: Network connected, peer: 192.168.4.2
I (23165) rc_net: Ctrl UDP socket bound to port 8001
I (23169) rc_net: Video UDP socket bound to port 8002
I (23174) rc_net: Audio TCP listening on port 8003
I (23184) rc_video: Video TX task started (240x180 Q=60)
I (23184) rc_video: Tank video started (camera source)
W (23343) rc_net: Video UDP send failed: seq=0 chunk=4/7 bytes=1208 sent=-1 errno=12 attempts=4
W (23343) rc_video: Video send failed count=1 err=ESP_FAIL
I (24237) wifi:<ba-add>idx:2 (ifx:1, 44:1b:f6:f3:ae:40), tid:0, ssn:0, winSize:64
W (24566) rc_control: Control timeout: motor stop enforced
I (31188) rc_tank: [DVP-HEALTH] retry=4 complete=81 incomplete=0 total=81 verdict=accept
I (31189) rc_tank: [DEBUG-DVP-LIMIT] ctrl_rx=1 recv=891 recovered10=0 eof_match=832 eof_mismatch=59 eof_invalid=0 near_control=0_2:0,2_10:0,gt10:0
I (31199) rc_tank: [DEBUG-DVP-LIMIT] sync_blocks 0=0 9=0 10=0 11=81 12plus=0
I (31204) rc_tank: [DEBUG-DVP-LIMIT] eof_mismatch_block 7=0 8=0 9=0 10=59 11plus=0
I (31249) rc_tank: [DVP-HEALTH] accepted; normal runtime continues
