
[HOST-DVP-MATRIX 11:28:40] COLD-R1 capture begin
I (3070872) rc_net: Scanning for RC_TANK_* APs...
W (3073374) rc_net: No RC_TANK_* AP found; retry scan in 5000 ms
I (3078474) rc_net: Scanning for RC_TANK_* APs...
W (3080975) rc_net: No RC_TANK_* AP found; retry scan in 5000 ms
I (3086076) rc_net: Scanning for RC_TANK_* APs...
I (3088578) rc_net: Found tank AP: RC_TANK_F3AE79, RSSI: -33
I (3088579) rc_net: Connecting to tank AP, attempt 1/3
I (3088599) wifi:new:<1,1>, old:<1,0>, ap:<255,255>, sta:<1,1>, prof:1, snd_ch_cfg:0x0
I (3088600) wifi:state: init -> auth (0xb0)
I (3088603) wifi:state: auth -> assoc (0x0)
I (3088615) wifi:state: assoc -> run (0x10)
I (3088639) wifi:connected with RC_TANK_F3AE79, aid = 1, channel 1, 40U, bssid = 44:1b:f6:f3:ae:79
I (3088639) wifi:security: WPA2-PSK, phy: bgn, rssi: -40, cipher(pairwise:0x3, group:0x3), pmf:1
I (3088645) wifi:pm start, type: 1

I (3088649) wifi:set rx beacon pti, rx_bcn_pti: 0, bcn_timeout: 25000, mt_pti: 0, mt_time: 10000
I (3088695) wifi:AP's beacon interval = 102400 us, DTIM period = 1

[HOST-DVP-MATRIX 11:29:03] COLD-R1 stage=0 visible window begin
I (3089676) esp_netif_handlers: sta ip: 192.168.4.2, mask: 255.255.255.0, gw: 192.168.4.1
I (3089676) rc_net: Got IP: 192.168.4.2
I (3089677) rc_net: Connected to tank AP; waiting for disconnect
I (3089677) rc_control: Network connected: waiting for joystick release before motion
I (3089689) rc_control: Joystick released: motion control re-armed
I (3089690) rc_tank: Network connected, peer: 192.168.4.1
W (3089701) rc_tank: Channels already started, skip re-init
I (3089706) rc_video: Remote WiFi icon updated: connected=1 epoch=23
I (3089707) wifi:<ba-add>idx:0 (ifx:0, 44:1b:f6:f3:ae:79), tid:0, ssn:0, winSize:64
I (3091794) rc_video: Displayed 23490 frames (320x240 video at 240x180,80,0) | fps=0.33 theory_max=32.55 | Avg(ms): recv=7.2 decode=15.9 color=0.0 place=10.4 copy=6.8 overlay=11.3 dma=33.5 display=51.6 total=85.1 | JPEG=9519B
I (3091803) rc_video: Video queue: ready=24260 queue_drop=0 stale_drop=769
I (3092605) rc_net: [CAM-PROBE] Video RX seq=30 jpeg_len=9517 crc32=0x320b86ab chunks=8
I (3092895) rc_net: Video RX complete=24270 missing=24 last_seq=33
I (3095572) rc_video: Displayed 23520 frames (320x240 video at 240x180,80,0) | fps=7.97 theory_max=32.55 | Avg(ms): recv=7.1 decode=15.6 color=0.0 place=10.4 copy=6.7 overlay=11.2 dma=33.6 display=51.6 total=84.8 | JPEG=7618B
I (3095582) rc_video: Video queue: ready=24291 queue_drop=0 stale_drop=771
I (3096233) rc_net: [CAM-PROBE] Video RX seq=60 jpeg_len=4440 crc32=0x7aab83a6 chunks=4
I (3096534) rc_net: Video RX complete=24300 missing=24 last_seq=63
I (3099438) rc_video: Displayed 23550 frames (320x240 video at 240x180,80,0) | fps=7.79 theory_max=32.55 | Avg(ms): recv=5.7 decode=15.3 color=0.0 place=10.4 copy=6.8 overlay=11.2 dma=33.5 display=51.6 total=83.0 | JPEG=9943B
I (3099447) rc_video: Video queue: ready=24323 queue_drop=0 stale_drop=772
I (3099876) rc_net: [CAM-PROBE] Video RX seq=90 jpeg_len=10361 crc32=0xf1c53c2f chunks=9
I (3100268) rc_net: Video RX complete=24330 missing=24 last_seq=93
I (3103247) rc_net: [CAM-PROBE] Video RX seq=120 jpeg_len=9979 crc32=0xde4d030f chunks=9
I (3103409) rc_video: Displayed 23580 frames (320x240 video at 240x180,80,0) | fps=7.59 theory_max=32.55 | Avg(ms): recv=6.7 decode=16.4 color=0.0 place=10.3 copy=6.8 overlay=11.3 dma=33.5 display=51.7 total=85.1 | JPEG=9299B
I (3103418) rc_video: Video queue: ready=24358 queue_drop=0 stale_drop=778
I (3103546) rc_net: Video RX complete=24360 missing=24 last_seq=123
I (3106954) rc_net: [CAM-PROBE] Video RX seq=150 jpeg_len=10029 crc32=0x81e71b3b chunks=9
I (3107222) rc_net: Video RX complete=24390 missing=24 last_seq=153
I (3107351) rc_video: Displayed 23610 frames (320x240 video at 240x180,80,0) | fps=7.64 theory_max=32.55 | Avg(ms): recv=7.1 decode=16.6 color=0.0 place=10.4 copy=6.7 overlay=11.1 dma=33.6 display=51.5 total=85.6 | JPEG=10142B
I (3107360) rc_video: Video queue: ready=24390 queue_drop=0 stale_drop=780
I (3110469) rc_net: [CAM-PROBE] Video RX seq=180 jpeg_len=10265 crc32=0xc12e55c6 chunks=9
I (3111321) rc_net: Video RX complete=24420 missing=28 last_seq=187
I (3111634) rc_video: Displayed 23640 frames (320x240 video at 240x180,80,0) | fps=7.03 theory_max=32.55 | Avg(ms): recv=6.2 decode=16.2 color=0.0 place=10.3 copy=6.8 overlay=11.4 dma=33.3 display=51.6 total=84.3 | JPEG=9498B
I (3111643) rc_video: Video queue: ready=24423 queue_drop=0 stale_drop=783
I (3113929) rc_net: [CAM-PROBE] Video RX seq=210 jpeg_len=10256 crc32=0x4796d6a2 chunks=9
I (3114784) rc_net: Video RX complete=24450 missing=28 last_seq=217
I (3115245) rc_video: Displayed 23670 frames (320x240 video at 240x180,80,0) | fps=8.34 theory_max=32.55 | Avg(ms): recv=6.2 decode=16.3 color=0.0 place=10.2 copy=6.8 overlay=11.2 dma=33.7 display=51.7 total=84.5 | JPEG=10015B
I (3115254) rc_video: Video queue: ready=24453 queue_drop=0 stale_drop=783
I (3117565) rc_net: [CAM-PROBE] Video RX seq=240 jpeg_len=9989 crc32=0xf3b32a3d chunks=9
I (3118220) rc_net: Video RX complete=24480 missing=28 last_seq=247
I (3118807) rc_video: Displayed 23700 frames (320x240 video at 240x180,80,0) | fps=8.46 theory_max=32.55 | Avg(ms): recv=7.3 decode=16.0 color=0.0 place=10.3 copy=6.7 overlay=11.2 dma=33.3 display=51.3 total=84.9 | JPEG=9398B
I (3118816) rc_video: Video queue: ready=24484 queue_drop=0 stale_drop=784
I (3120795) rc_net: [CAM-PROBE] Video RX seq=270 jpeg_len=9988 crc32=0x54cefca7 chunks=9
I (3121547) rc_net: Video RX complete=24510 missing=28 last_seq=277
I (3122241) rc_video: Displayed 23730 frames (320x240 video at 240x180,80,0) | fps=8.78 theory_max=32.55 | Avg(ms): recv=6.3 decode=16.0 color=0.0 place=10.3 copy=6.9 overlay=11.3 dma=33.7 display=52.0 total=84.6 | JPEG=10097B
I (3122250) rc_video: Video queue: ready=24516 queue_drop=0 stale_drop=785
I (3124257) rc_net: [CAM-PROBE] Video RX seq=300 jpeg_len=9912 crc32=0x444b6f16 chunks=9
I (3125175) rc_net: Video RX complete=24540 missing=28 last_seq=307
I (3125927) rc_video: Displayed 23760 frames (320x240 video at 240x180,80,0) | fps=8.17 theory_max=32.55 | Avg(ms): recv=8.1 decode=16.1 color=0.0 place=10.1 copy=6.8 overlay=11.2 dma=33.9 display=51.9 total=86.3 | JPEG=11374B
I (3125936) rc_video: Video queue: ready=24546 queue_drop=0 stale_drop=785
I (3128063) rc_net: [CAM-PROBE] Video RX seq=330 jpeg_len=10382 crc32=0xde5a7d6e chunks=9
I (3128963) rc_net: Video RX complete=24570 missing=28 last_seq=337
I (3129678) rc_video: Displayed 23790 frames (320x240 video at 240x180,80,0) | fps=8.03 theory_max=32.55 | Avg(ms): recv=8.5 decode=16.1 color=0.0 place=10.3 copy=6.8 overlay=11.2 dma=33.5 display=51.5 total=86.5 | JPEG=10166B
I (3129687) rc_video: Video queue: ready=24575 queue_drop=0 stale_drop=785
I (3131830) rc_net: [CAM-PROBE] Video RX seq=360 jpeg_len=11503 crc32=0x2f078ee8 chunks=10
I (3132847) rc_net: Video RX complete=24600 missing=29 last_seq=368
I (3134359) rc_video: Displayed 23820 frames (320x240 video at 240x180,80,0) | fps=6.43 theory_max=32.55 | Avg(ms): recv=6.6 decode=16.4 color=0.0 place=10.3 copy=6.8 overlay=11.2 dma=33.4 display=51.4 total=84.8 | JPEG=10094B
I (3134368) rc_video: Video queue: ready=24610 queue_drop=0 stale_drop=789

[HOST-DVP-MATRIX 11:29:50] COLD-R1 Tank restart recovery=2
I (3140786) wifi:bcn_timeout,ap_probe_send_start
I (3143289) wifi:ap_probe_send over, reset wifi status to disassoc
I (3143289) wifi:state: run -> init (0xc800)
I (3143290) wifi:pm stop, total sleep time: 6054274 us / 54641250 us

I (3143294) wifi:<ba-del>idx:0, tid:0
I (3143298) wifi:new:<1,0>, old:<1,1>, ap:<255,255>, sta:<1,1>, prof:1, snd_ch_cfg:0x0
W (3143307) rc_control: Network disconnected: control TX paused
W (3143307) rc_net: Tank AP disconnected; retry saved AP first
W (3143311) rc_tank: Network disconnected
I (3143316) rc_net: Connecting to tank AP, attempt 1/3
I (3143326) rc_video: Remote WiFi icon updated: connected=0 epoch=24
I (3150737) rc_net: Connecting to tank AP, attempt 2/3
I (3158150) rc_net: Connecting to tank AP, attempt 3/3
W (3160562) rc_net: Direct reconnect attempts exhausted; return to AP scan
I (3165664) rc_net: Scanning for RC_TANK_* APs...
I (3168166) rc_net: Found tank AP: RC_TANK_F3AE79, RSSI: -40
I (3168167) rc_net: Connecting to tank AP, attempt 1/3
I (3168197) wifi:new:<1,1>, old:<1,0>, ap:<255,255>, sta:<1,1>, prof:1, snd_ch_cfg:0x0
I (3168198) wifi:state: init -> auth (0xb0)
I (3168206) wifi:state: auth -> assoc (0x0)
I (3168225) wifi:state: assoc -> run (0x10)
I (3168248) wifi:connected with RC_TANK_F3AE79, aid = 1, channel 1, 40U, bssid = 44:1b:f6:f3:ae:79
I (3168249) wifi:security: WPA2-PSK, phy: bgn, rssi: -32, cipher(pairwise:0x3, group:0x3), pmf:1
I (3168255) wifi:pm start, type: 1

I (3168258) wifi:set rx beacon pti, rx_bcn_pti: 0, bcn_timeout: 25000, mt_pti: 0, mt_time: 10000

[HOST-DVP-MATRIX 11:30:23] COLD-R1 stage=1 visible window begin
I (3168356) wifi:AP's beacon interval = 102400 us, DTIM period = 1
I (3169292) esp_netif_handlers: sta ip: 192.168.4.2, mask: 255.255.255.0, gw: 192.168.4.1
I (3169292) rc_net: Got IP: 192.168.4.2
I (3169293) rc_net: Connected to tank AP; waiting for disconnect
I (3169293) rc_control: Network connected: waiting for joystick release before motion
I (3169306) rc_tank: Network connected, peer: 192.168.4.1
I (3169311) rc_control: Joystick released: motion control re-armed
W (3169311) rc_tank: Channels already started, skip re-init
I (3169307) rc_video: Remote WiFi icon updated: connected=1 epoch=25
I (3169331) wifi:<ba-add>idx:0 (ifx:0, 44:1b:f6:f3:ae:79), tid:0, ssn:0, winSize:64

[HOST-DVP-MATRIX 11:31:09] COLD-R1 Tank restart recovery=3
I (3220455) wifi:bcn_timeout,ap_probe_send_start
I (3222958) wifi:ap_probe_send over, reset wifi status to disassoc
I (3222958) wifi:state: run -> init (0xc800)
I (3222959) wifi:pm stop, total sleep time: 13605822 us / 54700722 us

I (3222963) wifi:<ba-del>idx:0, tid:0
I (3222967) wifi:new:<1,0>, old:<1,1>, ap:<255,255>, sta:<1,1>, prof:1, snd_ch_cfg:0x0
W (3222976) rc_net: Tank AP disconnected; retry saved AP first
W (3222976) rc_control: Network disconnected: control TX paused
I (3222980) rc_net: Connecting to tank AP, attempt 1/3
W (3222985) rc_tank: Network disconnected
I (3222995) rc_video: Remote WiFi icon updated: connected=0 epoch=26
I (3230403) rc_net: Connecting to tank AP, attempt 2/3
I (3237815) rc_net: Connecting to tank AP, attempt 3/3
W (3240227) rc_net: Direct reconnect attempts exhausted; return to AP scan
I (3245329) rc_net: Scanning for RC_TANK_* APs...
W (3247831) rc_net: No RC_TANK_* AP found; retry scan in 5000 ms
I (3252931) rc_net: Scanning for RC_TANK_* APs...
I (3255433) rc_net: Found tank AP: RC_TANK_F3AE79, RSSI: -32
I (3255434) rc_net: Connecting to tank AP, attempt 1/3
I (3255449) wifi:new:<1,1>, old:<1,0>, ap:<255,255>, sta:<1,1>, prof:1, snd_ch_cfg:0x0
I (3255450) wifi:state: init -> auth (0xb0)
I (3255459) wifi:state: auth -> assoc (0x0)
I (3255504) wifi:state: assoc -> run (0x10)
I (3255537) wifi:connected with RC_TANK_F3AE79, aid = 1, channel 1, 40U, bssid = 44:1b:f6:f3:ae:79
I (3255537) wifi:security: WPA2-PSK, phy: bgn, rssi: -32, cipher(pairwise:0x3, group:0x3), pmf:1
I (3255544) wifi:pm start, type: 1

I (3255547) wifi:set rx beacon pti, rx_bcn_pti: 0, bcn_timeout: 25000, mt_pti: 0, mt_time: 10000
I (3255608) wifi:AP's beacon interval = 102400 us, DTIM period = 1

[HOST-DVP-MATRIX 11:31:50] COLD-R1 stage=2 visible window begin
I (3256577) esp_netif_handlers: sta ip: 192.168.4.2, mask: 255.255.255.0, gw: 192.168.4.1
I (3256577) rc_net: Got IP: 192.168.4.2
I (3256578) rc_net: Connected to tank AP; waiting for disconnect
I (3256578) rc_control: Network connected: waiting for joystick release before motion
I (3256585) rc_control: Joystick released: motion control re-armed
I (3256591) rc_tank: Network connected, peer: 192.168.4.1
W (3256602) rc_tank: Channels already started, skip re-init
I (3256596) rc_video: Remote WiFi icon updated: connected=1 epoch=27
I (3256611) wifi:<ba-add>idx:0 (ifx:0, 44:1b:f6:f3:ae:79), tid:0, ssn:0, winSize:64

[HOST-DVP-MATRIX 11:43:45] COLD-R1 capture end stages=[0, 1, 2] recoveries=3 complete=False
