=========================================
Flashing RC Tank Demo - REMOTE Role to COM24
=========================================
Bootloader:      E:\10__AIProject\7_AI陪伴机器人\CODE\examples\rc_tank_demo\firmware_backup\bootloader_REMOTE.bin
Partition Table: E:\10__AIProject\7_AI陪伴机器人\CODE\examples\rc_tank_demo\firmware_backup\partition-table_REMOTE.bin
Application:     E:\10__AIProject\7_AI陪伴机器人\CODE\examples\rc_tank_demo\firmware_backup\rc_tank_demo_REMOTE.bin

Erasing flash...
esptool.py v4.12.dev2
Serial port COM24
Connecting....
Chip is ESP32-S3 (QFN56) (revision v0.2)
Features: WiFi, BLE
Crystal is 40MHz
MAC: 44:1b:f6:f3:ae:40
Uploading stub...
Running stub...
Stub running...
Erasing flash (this may take a while)...
Chip erase completed successfully in 1.3 seconds.
Hard resetting via RTS pin...

Programming flash...
esptool.py v4.12.dev2
Serial port COM24
Connecting....
Chip is ESP32-S3 (QFN56) (revision v0.2)
Features: WiFi, BLE
Crystal is 40MHz
MAC: 44:1b:f6:f3:ae:40
Uploading stub...
Running stub...
Stub running...
Changing baud rate to 460800
Changed.
Configuring flash size...
Flash will be erased from 0x00000000 to 0x00005fff...
Flash will be erased from 0x00008000 to 0x00008fff...
Flash will be erased from 0x00010000 to 0x000f1fff...
SHA digest in image updated
Compressed 20832 bytes to 13345...
Writing at 0x00000000... (100 %)
Wrote 20832 bytes (13345 compressed) at 0x00000000 in 0.4 seconds (effective 444.2 kbit/s)...
Hash of data verified.
Compressed 3072 bytes to 119...
Writing at 0x00008000... (100 %)
Wrote 3072 bytes (119 compressed) at 0x00008000 in 0.0 seconds (effective 1619.5 kbit/s)...
Hash of data verified.
Compressed 923584 bytes to 552066...
Writing at 0x00010000... (2 %)
Writing at 0x0001cd47... (5 %)
Writing at 0x000289b4... (8 %)
Writing at 0x0003219e... (11 %)
Writing at 0x0003ca5f... (14 %)
Writing at 0x00042a52... (17 %)
Writing at 0x00048cef... (20 %)
Writing at 0x0004ef1d... (23 %)
Writing at 0x00059055... (26 %)
Writing at 0x0005fcd5... (29 %)
Writing at 0x000659a1... (32 %)
Writing at 0x0006b320... (35 %)
Writing at 0x00070f43... (38 %)
Writing at 0x00076cf7... (41 %)
Writing at 0x0007cc5e... (44 %)
Writing at 0x00082c6a... (47 %)
Writing at 0x00088b2c... (50 %)
Writing at 0x0008dc87... (52 %)
Writing at 0x00092bc0... (55 %)
Writing at 0x000984aa... (58 %)
Writing at 0x0009dcb0... (61 %)
Writing at 0x000a3274... (64 %)
Writing at 0x000a8729... (67 %)
Writing at 0x000adfb1... (70 %)
Writing at 0x000b4013... (73 %)
Writing at 0x000b9c22... (76 %)
Writing at 0x000bf792... (79 %)
Writing at 0x000c50f9... (82 %)
Writing at 0x000ca931... (85 %)
Writing at 0x000d3807... (88 %)
Writing at 0x000d97b0... (91 %)
Writing at 0x000e15d4... (94 %)
Writing at 0x000e7f6d... (97 %)
Writing at 0x000ed3ab... (100 %)
Wrote 923584 bytes (552066 compressed) at 0x00010000 in 12.3 seconds (effective 600.8 kbit/s)...
Hash of data verified.

Leaving...
Hard resetting via RTS pin...

=========================================
Flash completed successfully!
=========================================
