=========================================
Flashing RC Tank Demo - TANK Role to COM7
=========================================
Bootloader:      E:\10__AIProject\7_AI陪伴机器人\CODE\examples\rc_tank_demo\firmware_backup\bootloader_TANK.bin
Partition Table: E:\10__AIProject\7_AI陪伴机器人\CODE\examples\rc_tank_demo\firmware_backup\partition-table_TANK.bin
Application:     E:\10__AIProject\7_AI陪伴机器人\CODE\examples\rc_tank_demo\firmware_backup\rc_tank_demo_TANK.bin

Erasing flash...
esptool.py v4.12.dev2
Serial port COM7
Connecting....
Chip is ESP32-S3 (QFN56) (revision v0.2)
Features: WiFi, BLE
Crystal is 40MHz
MAC: 44:1b:f6:f3:ae:78
Uploading stub...
Running stub...
Stub running...
Erasing flash (this may take a while)...
Chip erase completed successfully in 1.0 seconds.
Hard resetting via RTS pin...

Programming flash...
esptool.py v4.12.dev2
Serial port COM7
Connecting....
Chip is ESP32-S3 (QFN56) (revision v0.2)
Features: WiFi, BLE
Crystal is 40MHz
MAC: 44:1b:f6:f3:ae:78
Uploading stub...
Running stub...
Stub running...
Changing baud rate to 460800
Changed.
Configuring flash size...
Flash will be erased from 0x00000000 to 0x00005fff...
Flash will be erased from 0x00008000 to 0x00008fff...
Flash will be erased from 0x00010000 to 0x000f2fff...
SHA digest in image updated
Compressed 20832 bytes to 13344...
Writing at 0x00000000... (100 %)
Wrote 20832 bytes (13344 compressed) at 0x00000000 in 0.4 seconds (effective 430.8 kbit/s)...
Hash of data verified.
Compressed 3072 bytes to 119...
Writing at 0x00008000... (100 %)
Wrote 3072 bytes (119 compressed) at 0x00008000 in 0.0 seconds (effective 1570.4 kbit/s)...
Hash of data verified.
Compressed 927728 bytes to 563581...
Writing at 0x00010000... (2 %)
Writing at 0x0001d431... (5 %)
Writing at 0x000295e9... (8 %)
Writing at 0x000329c2... (11 %)
Writing at 0x0003cdc5... (14 %)
Writing at 0x00042d20... (17 %)
Writing at 0x00049093... (20 %)
Writing at 0x0004f6dc... (22 %)
Writing at 0x000554b3... (25 %)
Writing at 0x0005c221... (28 %)
Writing at 0x000622b7... (31 %)
Writing at 0x00067acc... (34 %)
Writing at 0x0006d816... (37 %)
Writing at 0x00073600... (40 %)
Writing at 0x000792da... (42 %)
Writing at 0x0007f4e4... (45 %)
Writing at 0x00085030... (48 %)
Writing at 0x0008ab47... (51 %)
Writing at 0x0008fcb0... (54 %)
Writing at 0x000952e7... (57 %)
Writing at 0x0009aaf7... (60 %)
Writing at 0x000a002d... (62 %)
Writing at 0x000a5405... (65 %)
Writing at 0x000aa9b1... (68 %)
Writing at 0x000b0d8a... (71 %)
Writing at 0x000b664b... (74 %)
Writing at 0x000bc38c... (77 %)
Writing at 0x000c1d5e... (80 %)
Writing at 0x000c735f... (82 %)
Writing at 0x000cfd5b... (85 %)
Writing at 0x000d6060... (88 %)
Writing at 0x000dc4dc... (91 %)
Writing at 0x000e401b... (94 %)
Writing at 0x000eab41... (97 %)
Writing at 0x000efbe7... (100 %)
Wrote 927728 bytes (563581 compressed) at 0x00010000 in 13.0 seconds (effective 570.9 kbit/s)...
Hash of data verified.

Leaving...
Hard resetting via RTS pin...

=========================================
Flash completed successfully!
=========================================
