
[HOST-RECONNECT 10:34:24] FINAL-R1 S1 remote-waits, Tank first connection begin (60s)
I (142329) wifi:bcn_timeout,ap_probe_send_start
I (144831) wifi:ap_probe_send over, reset wifi status to disassoc
I (144832) wifi:state: run -> init (0xc800)
I (144832) wifi:pm stop, total sleep time: 15587122 us / 117064789 us

I (144837) wifi:<ba-del>idx:0, tid:0
I (144840) wifi:new:<1,0>, old:<1,1>, ap:<255,255>, sta:<1,1>, prof:1, snd_ch_cfg:0x0
W (144850) rc_net: Tank AP disconnected; retry saved AP first
W (144850) rc_control: Network disconnected: control TX paused
I (144853) rc_net: Connecting to tank AP, attempt 1/3
W (144859) rc_tank: Network disconnected
I (144869) rc_video: Remote WiFi icon updated: connected=0 epoch=2
I (152275) rc_net: Connecting to tank AP, attempt 2/3
I (159687) rc_net: Connecting to tank AP, attempt 3/3
I (159697) wifi:new:<1,1>, old:<1,0>, ap:<255,255>, sta:<1,1>, prof:1, snd_ch_cfg:0x0
I (159698) wifi:state: init -> auth (0xb0)
I (159703) wifi:state: auth -> assoc (0x0)
I (159716) wifi:state: assoc -> run (0x10)
I (159731) wifi:connected with RC_TANK_F3AE79, aid = 1, channel 1, 40U, bssid = 44:1b:f6:f3:ae:79
I (159732) wifi:security: WPA2-PSK, phy: bgn, rssi: -31, cipher(pairwise:0x3, group:0x3), pmf:1
I (159738) wifi:pm start, type: 1

I (159741) wifi:set rx beacon pti, rx_bcn_pti: 0, bcn_timeout: 25000, mt_pti: 0, mt_time: 10000
I (159762) wifi:AP's beacon interval = 102400 us, DTIM period = 1
I (160775) esp_netif_handlers: sta ip: 192.168.4.2, mask: 255.255.255.0, gw: 192.168.4.1
I (160775) rc_net: Got IP: 192.168.4.2
I (160775) rc_net: Connected to tank AP; waiting for disconnect
I (160775) rc_control: Network connected: waiting for joystick release before motion
I (160789) rc_tank: Network connected, peer: 192.168.4.1
I (160793) rc_control: Joystick released: motion control re-armed
W (160794) rc_tank: Channels already started, skip re-init
I (160789) rc_video: Remote WiFi icon updated: connected=1 epoch=3
I (160814) wifi:<ba-add>idx:0 (ifx:0, 44:1b:f6:f3:ae:79), tid:0, ssn:0, winSize:64
I (162407) rc_net: Video RX complete=1080 missing=1 last_seq=19
I (163799) rc_net: [CAM-PROBE] Video RX seq=30 jpeg_len=7859 crc32=0x20b187c2 chunks=7
I (164621) rc_video: Displayed 1050 frames (320x240 video at 240x180,80,0) | fps=1.06 theory_max=32.55 | Avg(ms): recv=6.9 decode=14.8 color=0.0 place=10.3 copy=6.6 overlay=11.1 dma=33.4 display=51.2 total=83.2 | JPEG=7864B
I (164630) rc_video: Video queue: ready=1098 queue_drop=0 stale_drop=48
I (165963) rc_net: Video RX complete=1110 missing=1 last_seq=49
I (167420) rc_net: [CAM-PROBE] Video RX seq=60 jpeg_len=8600 crc32=0xfe4501e6 chunks=8
I (168403) rc_video: Displayed 1080 frames (320x240 video at 240x180,80,0) | fps=7.96 theory_max=32.55 | Avg(ms): recv=6.8 decode=14.7 color=0.0 place=10.2 copy=6.7 overlay=11.3 dma=33.7 display=51.9 total=83.6 | JPEG=7878B
I (168413) rc_video: Video queue: ready=1129 queue_drop=0 stale_drop=48
I (169764) rc_net: Video RX complete=1140 missing=1 last_seq=79
I (171034) rc_net: [CAM-PROBE] Video RX seq=90 jpeg_len=8052 crc32=0x3b8d59bd chunks=7
I (172091) rc_video: Displayed 1110 frames (320x240 video at 240x180,80,0) | fps=8.17 theory_max=32.55 | Avg(ms): recv=5.6 decode=15.0 color=0.0 place=10.3 copy=6.7 overlay=11.2 dma=33.4 display=51.4 total=82.4 | JPEG=8001B
I (172100) rc_video: Video queue: ready=1160 queue_drop=0 stale_drop=50
I (173248) rc_net: Video RX complete=1170 missing=1 last_seq=109
I (174497) rc_net: [CAM-PROBE] Video RX seq=120 jpeg_len=8292 crc32=0x5e10fc7a chunks=7
I (176037) rc_video: Displayed 1140 frames (320x240 video at 240x180,80,0) | fps=7.63 theory_max=32.55 | Avg(ms): recv=5.1 decode=14.8 color=0.0 place=10.3 copy=6.8 overlay=11.2 dma=33.5 display=51.5 total=81.7 | JPEG=7882B
I (176046) rc_video: Video queue: ready=1194 queue_drop=0 stale_drop=53
I (176880) rc_net: Video RX complete=1200 missing=1 last_seq=139
I (178060) rc_net: [CAM-PROBE] Video RX seq=150 jpeg_len=7723 crc32=0xafca7131 chunks=7
I (179695) rc_video: Displayed 1170 frames (320x240 video at 240x180,80,0) | fps=8.24 theory_max=32.55 | Avg(ms): recv=6.4 decode=14.7 color=0.0 place=10.4 copy=6.5 overlay=11.1 dma=33.6 display=51.2 total=82.8 | JPEG=7755B
I (179704) rc_video: Video queue: ready=1223 queue_drop=0 stale_drop=53
I (180439) rc_net: Video RX complete=1230 missing=1 last_seq=169
I (181755) rc_net: [CAM-PROBE] Video RX seq=180 jpeg_len=7909 crc32=0xb927db5c chunks=7
I (183372) rc_video: Displayed 1200 frames (320x240 video at 240x180,80,0) | fps=8.19 theory_max=32.55 | Avg(ms): recv=7.3 decode=14.7 color=0.0 place=10.2 copy=6.8 overlay=11.3 dma=33.7 display=51.8 total=84.1 | JPEG=7887B
I (183381) rc_video: Video queue: ready=1255 queue_drop=0 stale_drop=54
I (183793) rc_net: Video RX complete=1260 missing=1 last_seq=199
I (185073) rc_net: [CAM-PROBE] Video RX seq=210 jpeg_len=8697 crc32=0xdd4b223a chunks=8
I (186781) rc_video: Displayed 1230 frames (320x240 video at 240x180,80,0) | fps=8.84 theory_max=32.55 | Avg(ms): recv=6.0 decode=14.7 color=0.0 place=10.2 copy=6.8 overlay=11.1 dma=33.5 display=51.5 total=82.5 | JPEG=7814B
I (186790) rc_video: Video queue: ready=1285 queue_drop=0 stale_drop=54
I (187504) rc_net: Video RX complete=1290 missing=1 last_seq=229
I (188764) rc_net: [CAM-PROBE] Video RX seq=240 jpeg_len=7587 crc32=0xd900ac25 chunks=7
I (190506) rc_video: Displayed 1260 frames (320x240 video at 240x180,80,0) | fps=8.09 theory_max=32.55 | Avg(ms): recv=6.9 decode=14.8 color=0.0 place=10.4 copy=6.7 overlay=11.3 dma=33.5 display=51.6 total=83.7 | JPEG=8212B
I (190515) rc_video: Video queue: ready=1315 queue_drop=0 stale_drop=55
I (190939) rc_net: Video RX complete=1320 missing=1 last_seq=259
I (192274) rc_net: [CAM-PROBE] Video RX seq=270 jpeg_len=8229 crc32=0x822c358a chunks=7
I (194028) rc_video: Displayed 1290 frames (320x240 video at 240x180,80,0) | fps=8.56 theory_max=32.55 | Avg(ms): recv=5.8 decode=14.8 color=0.0 place=10.2 copy=6.7 overlay=11.0 dma=33.6 display=51.3 total=82.2 | JPEG=8239B
I (194037) rc_video: Video queue: ready=1346 queue_drop=0 stale_drop=56
I (194651) rc_net: Video RX complete=1350 missing=1 last_seq=289
I (195659) rc_net: [CAM-PROBE] Video RX seq=300 jpeg_len=7939 crc32=0x7bd27ab1 chunks=7
I (197743) rc_video: Displayed 1320 frames (320x240 video at 240x180,80,0) | fps=8.11 theory_max=32.55 | Avg(ms): recv=5.2 decode=14.8 color=0.0 place=10.2 copy=6.7 overlay=11.2 dma=33.6 display=51.6 total=81.9 | JPEG=7932B
I (197752) rc_video: Video queue: ready=1379 queue_drop=0 stale_drop=58
I (197866) rc_net: Video RX complete=1380 missing=1 last_seq=319

[HOST-RECONNECT 10:35:28] FINAL-R1 S2 Tank short-interval restart begin (45s)
I (205530) wifi:bcn_timeout,ap_probe_send_start
I (208033) wifi:ap_probe_send over, reset wifi status to disassoc
I (208033) wifi:state: run -> init (0xc800)
I (208034) wifi:pm stop, total sleep time: 6908416 us / 48293038 us

I (208038) wifi:<ba-del>idx:0, tid:0
I (208041) wifi:new:<1,0>, old:<1,1>, ap:<255,255>, sta:<1,1>, prof:1, snd_ch_cfg:0x0
W (208051) rc_control: Network disconnected: control TX paused
W (208051) rc_net: Tank AP disconnected; retry saved AP first
W (208054) rc_tank: Network disconnected
I (208060) rc_net: Connecting to tank AP, attempt 1/3
I (208070) rc_video: Remote WiFi icon updated: connected=0 epoch=4
I (215481) rc_net: Connecting to tank AP, attempt 2/3
I (222893) rc_net: Connecting to tank AP, attempt 3/3
I (222904) wifi:new:<1,1>, old:<1,0>, ap:<255,255>, sta:<1,1>, prof:1, snd_ch_cfg:0x0
I (222905) wifi:state: init -> auth (0xb0)
I (222912) wifi:state: auth -> assoc (0x0)
I (222926) wifi:state: assoc -> run (0x10)
I (222957) wifi:connected with RC_TANK_F3AE79, aid = 1, channel 1, 40U, bssid = 44:1b:f6:f3:ae:79
I (222957) wifi:security: WPA2-PSK, phy: bgn, rssi: -31, cipher(pairwise:0x3, group:0x3), pmf:1
I (222963) wifi:pm start, type: 1

I (222966) wifi:set rx beacon pti, rx_bcn_pti: 0, bcn_timeout: 25000, mt_pti: 0, mt_time: 10000
I (223063) wifi:AP's beacon interval = 102400 us, DTIM period = 1
I (224006) esp_netif_handlers: sta ip: 192.168.4.2, mask: 255.255.255.0, gw: 192.168.4.1
I (224006) rc_net: Got IP: 192.168.4.2
I (224006) rc_net: Connected to tank AP; waiting for disconnect
I (224007) rc_control: Joystick released: motion control re-armed
I (224015) rc_video: Remote WiFi icon updated: connected=1 epoch=5
I (224006) rc_control: Network connected: waiting for joystick release before motion
I (224031) rc_tank: Network connected, peer: 192.168.4.1
W (224039) rc_tank: Channels already started, skip re-init
I (224053) wifi:<ba-add>idx:0 (ifx:0, 44:1b:f6:f3:ae:79), tid:0, ssn:0, winSize:64
I (226538) rc_net: Video RX complete=1410 missing=1 last_seq=27
I (226565) rc_video: Displayed 1350 frames (320x240 video at 240x180,80,0) | fps=1.04 theory_max=32.55 | Avg(ms): recv=7.6 decode=14.9 color=0.0 place=10.4 copy=6.8 overlay=11.2 dma=33.5 display=51.6 total=84.5 | JPEG=8369B
I (226574) rc_video: Video queue: ready=1410 queue_drop=0 stale_drop=59
I (226966) rc_net: [CAM-PROBE] Video RX seq=30 jpeg_len=7933 crc32=0xf87caad1 chunks=7
I (230144) rc_video: Displayed 1380 frames (320x240 video at 240x180,80,0) | fps=8.42 theory_max=32.55 | Avg(ms): recv=6.0 decode=15.0 color=0.0 place=10.4 copy=6.7 overlay=11.2 dma=33.4 display=51.3 total=82.8 | JPEG=8357B
I (230153) rc_video: Video queue: ready=1439 queue_drop=0 stale_drop=59
I (230157) rc_net: Video RX complete=1440 missing=1 last_seq=57
I (230536) rc_net: [CAM-PROBE] Video RX seq=60 jpeg_len=7916 crc32=0xdf0bc86b chunks=7
I (233628) rc_net: Video RX complete=1470 missing=1 last_seq=87
I (233707) rc_video: Displayed 1410 frames (320x240 video at 240x180,80,0) | fps=8.47 theory_max=32.55 | Avg(ms): recv=6.2 decode=14.8 color=0.0 place=10.3 copy=6.6 overlay=11.0 dma=33.6 display=51.3 total=82.7 | JPEG=7985B
I (233716) rc_video: Video queue: ready=1471 queue_drop=0 stale_drop=60
I (233941) rc_net: [CAM-PROBE] Video RX seq=90 jpeg_len=8453 crc32=0xe0719688 chunks=8
I (237065) rc_net: Video RX complete=1500 missing=1 last_seq=117
I (237220) rc_video: Displayed 1440 frames (320x240 video at 240x180,80,0) | fps=8.58 theory_max=32.55 | Avg(ms): recv=6.5 decode=14.8 color=0.0 place=10.2 copy=6.8 overlay=11.2 dma=33.6 display=51.7 total=83.3 | JPEG=8910B
I (237229) rc_video: Video queue: ready=1501 queue_drop=0 stale_drop=61
I (237365) rc_net: [CAM-PROBE] Video RX seq=120 jpeg_len=8203 crc32=0x30d20139 chunks=7
I (240938) rc_net: Video RX complete=1530 missing=1 last_seq=147
I (241093) rc_video: Displayed 1470 frames (320x240 video at 240x180,80,0) | fps=7.78 theory_max=32.55 | Avg(ms): recv=6.8 decode=14.8 color=0.0 place=10.3 copy=6.6 overlay=11.3 dma=33.4 display=51.4 total=83.3 | JPEG=8992B
I (241102) rc_video: Video queue: ready=1531 queue_drop=0 stale_drop=61
I (241490) rc_net: [CAM-PROBE] Video RX seq=150 jpeg_len=8427 crc32=0x6f6b51f7 chunks=8
I (244667) rc_net: Video RX complete=1560 missing=1 last_seq=177
I (244898) rc_video: Displayed 1500 frames (320x240 video at 240x180,80,0) | fps=7.92 theory_max=32.55 | Avg(ms): recv=5.2 decode=15.0 color=0.0 place=10.3 copy=6.7 overlay=11.2 dma=33.8 display=51.7 total=82.3 | JPEG=8861B
I (244907) rc_video: Video queue: ready=1561 queue_drop=0 stale_drop=61
I (245053) rc_net: [CAM-PROBE] Video RX seq=180 jpeg_len=8448 crc32=0x7f712ae4 chunks=8

[HOST-RECONNECT 10:36:16] FINAL-R1 S3 Tank long-interval restart begin (75s)
I (253676) wifi:bcn_timeout,ap_probe_send_start
I (256179) wifi:ap_probe_send over, reset wifi status to disassoc
I (256179) wifi:state: run -> init (0xc800)
I (256180) wifi:pm stop, total sleep time: 4088906 us / 33213509 us

I (256184) wifi:<ba-del>idx:0, tid:0
I (256187) wifi:new:<1,0>, old:<1,1>, ap:<255,255>, sta:<1,1>, prof:1, snd_ch_cfg:0x0
W (256197) rc_net: Tank AP disconnected; retry saved AP first
W (256197) rc_control: Network disconnected: control TX paused
I (256200) rc_net: Connecting to tank AP, attempt 1/3
W (256206) rc_tank: Network disconnected
I (256216) rc_video: Remote WiFi icon updated: connected=0 epoch=6
I (263623) rc_net: Connecting to tank AP, attempt 2/3
I (271036) rc_net: Connecting to tank AP, attempt 3/3
I (271045) wifi:new:<1,1>, old:<1,0>, ap:<255,255>, sta:<1,1>, prof:1, snd_ch_cfg:0x0
I (271046) wifi:state: init -> auth (0xb0)
I (271051) wifi:state: auth -> assoc (0x0)
I (271066) wifi:state: assoc -> run (0x10)
I (271082) wifi:connected with RC_TANK_F3AE79, aid = 1, channel 1, 40U, bssid = 44:1b:f6:f3:ae:79
I (271083) wifi:security: WPA2-PSK, phy: bgn, rssi: -38, cipher(pairwise:0x3, group:0x3), pmf:1
I (271089) wifi:pm start, type: 1

I (271092) wifi:set rx beacon pti, rx_bcn_pti: 0, bcn_timeout: 25000, mt_pti: 0, mt_time: 10000
I (271110) wifi:AP's beacon interval = 102400 us, DTIM period = 1
I (272136) esp_netif_handlers: sta ip: 192.168.4.2, mask: 255.255.255.0, gw: 192.168.4.1
I (272136) rc_net: Got IP: 192.168.4.2
I (272136) rc_net: Connected to tank AP; waiting for disconnect
I (272141) rc_video: Remote WiFi icon updated: connected=1 epoch=7
I (272136) rc_control: Network connected: waiting for joystick release before motion
I (272153) rc_control: Joystick released: motion control re-armed
I (272156) rc_tank: Network connected, peer: 192.168.4.1
W (272166) rc_tank: Channels already started, skip re-init
I (272191) wifi:<ba-add>idx:0 (ifx:0, 44:1b:f6:f3:ae:79), tid:0, ssn:0, winSize:64
I (272705) rc_net: Video RX complete=1590 missing=1 last_seq=12
I (273095) rc_video: Displayed 1530 frames (320x240 video at 240x180,80,0) | fps=1.06 theory_max=32.55 | Avg(ms): recv=7.7 decode=14.9 color=0.0 place=10.3 copy=6.6 overlay=11.3 dma=33.4 display=51.3 total=84.2 | JPEG=8996B
I (273104) rc_video: Video queue: ready=1593 queue_drop=0 stale_drop=62
I (274834) rc_net: [CAM-PROBE] Video RX seq=30 jpeg_len=7677 crc32=0x84639f88 chunks=7
I (276208) rc_net: Video RX complete=1620 missing=1 last_seq=42
I (276774) rc_video: Displayed 1560 frames (320x240 video at 240x180,80,0) | fps=8.19 theory_max=32.55 | Avg(ms): recv=7.2 decode=15.1 color=0.0 place=10.4 copy=6.5 overlay=11.1 dma=33.7 display=51.4 total=84.1 | JPEG=8510B
I (276783) rc_video: Video queue: ready=1625 queue_drop=0 stale_drop=64
I (278300) rc_net: [CAM-PROBE] Video RX seq=60 jpeg_len=8180 crc32=0x74e177cc chunks=7
I (279826) rc_net: Video RX complete=1650 missing=1 last_seq=72
I (280354) rc_video: Displayed 1590 frames (320x240 video at 240x180,80,0) | fps=8.42 theory_max=32.55 | Avg(ms): recv=4.0 decode=14.8 color=0.0 place=10.4 copy=6.7 overlay=11.1 dma=33.7 display=51.5 total=80.8 | JPEG=8503B
I (280363) rc_video: Video queue: ready=1654 queue_drop=0 stale_drop=64
I (282020) rc_net: [CAM-PROBE] Video RX seq=90 jpeg_len=7544 crc32=0xf243e6b8 chunks=7
I (283307) rc_net: Video RX complete=1680 missing=1 last_seq=102
I (284099) rc_video: Displayed 1620 frames (320x240 video at 240x180,80,0) | fps=8.04 theory_max=32.55 | Avg(ms): recv=7.8 decode=14.9 color=0.0 place=10.4 copy=6.5 overlay=11.2 dma=33.4 display=51.2 total=84.3 | JPEG=7719B
I (284109) rc_video: Video queue: ready=1686 queue_drop=0 stale_drop=65
I (285583) rc_net: [CAM-PROBE] Video RX seq=120 jpeg_len=8326 crc32=0x4b98c124 chunks=7
I (287064) rc_net: Video RX complete=1710 missing=1 last_seq=132
I (287878) rc_video: Displayed 1650 frames (320x240 video at 240x180,80,0) | fps=7.97 theory_max=32.55 | Avg(ms): recv=5.1 decode=15.3 color=0.0 place=10.3 copy=6.7 overlay=11.3 dma=33.8 display=51.9 total=82.7 | JPEG=9700B
I (287887) rc_video: Video queue: ready=1716 queue_drop=0 stale_drop=66
I (289411) rc_net: [CAM-PROBE] Video RX seq=150 jpeg_len=8633 crc32=0xad5a3966 chunks=8
I (290877) rc_net: Video RX complete=1740 missing=1 last_seq=162
I (291671) rc_video: Displayed 1680 frames (320x240 video at 240x180,80,0) | fps=7.94 theory_max=32.55 | Avg(ms): recv=6.5 decode=15.2 color=0.0 place=10.2 copy=6.8 overlay=11.4 dma=33.7 display=51.9 total=83.9 | JPEG=8379B
I (291680) rc_video: Video queue: ready=1747 queue_drop=0 stale_drop=67
I (292988) rc_net: [CAM-PROBE] Video RX seq=180 jpeg_len=8732 crc32=0x39350fc8 chunks=8
I (294283) rc_net: Video RX complete=1770 missing=1 last_seq=192
I (295158) rc_video: Displayed 1710 frames (320x240 video at 240x180,80,0) | fps=8.64 theory_max=32.55 | Avg(ms): recv=5.5 decode=15.1 color=0.0 place=10.3 copy=6.7 overlay=11.4 dma=33.3 display=51.6 total=82.4 | JPEG=9166B
I (295167) rc_video: Video queue: ready=1777 queue_drop=0 stale_drop=67
I (296438) rc_net: [CAM-PROBE] Video RX seq=210 jpeg_len=9129 crc32=0xf76d5b77 chunks=8
I (297916) rc_net: Video RX complete=1800 missing=1 last_seq=222
I (298985) rc_video: Displayed 1740 frames (320x240 video at 240x180,80,0) | fps=7.87 theory_max=32.55 | Avg(ms): recv=9.9 decode=15.5 color=0.0 place=10.2 copy=6.7 overlay=11.2 dma=33.5 display=51.5 total=87.1 | JPEG=10557B
I (298994) rc_video: Video queue: ready=1808 queue_drop=0 stale_drop=68
I (300317) rc_net: [CAM-PROBE] Video RX seq=240 jpeg_len=9181 crc32=0x4aded0cf chunks=8
I (301751) rc_net: Video RX complete=1830 missing=1 last_seq=252
I (302762) rc_video: Displayed 1770 frames (320x240 video at 240x180,80,0) | fps=7.98 theory_max=32.55 | Avg(ms): recv=6.8 decode=15.4 color=0.0 place=10.2 copy=6.8 overlay=11.3 dma=33.6 display=51.7 total=84.1 | JPEG=9403B
I (302771) rc_video: Video queue: ready=1838 queue_drop=0 stale_drop=68
I (303899) rc_net: [CAM-PROBE] Video RX seq=270 jpeg_len=9108 crc32=0x71f89203 chunks=8
I (305253) rc_net: Video RX complete=1860 missing=1 last_seq=282
I (306988) rc_video: Displayed 1800 frames (320x240 video at 240x180,80,0) | fps=7.13 theory_max=32.55 | Avg(ms): recv=7.2 decode=15.6 color=0.0 place=10.4 copy=6.8 overlay=11.2 dma=33.7 display=51.8 total=85.0 | JPEG=8570B
I (306997) rc_video: Video queue: ready=1874 queue_drop=0 stale_drop=73
I (307489) rc_net: [CAM-PROBE] Video RX seq=300 jpeg_len=8405 crc32=0x28565054 chunks=8
I (308665) rc_net: Video RX complete=1890 missing=1 last_seq=312
I (310873) rc_video: Displayed 1830 frames (320x240 video at 240x180,80,0) | fps=7.75 theory_max=32.55 | Avg(ms): recv=6.0 decode=15.1 color=0.0 place=10.2 copy=6.6 overlay=11.4 dma=33.4 display=51.5 total=83.0 | JPEG=8418B
I (310882) rc_video: Video queue: ready=1905 queue_drop=0 stale_drop=75
I (311109) rc_net: [CAM-PROBE] Video RX seq=330 jpeg_len=8600 crc32=0xaf791f4e chunks=8
I (312274) rc_net: Video RX complete=1920 missing=1 last_seq=342
I (314210) rc_video: Displayed 1860 frames (320x240 video at 240x180,80,0) | fps=9.03 theory_max=32.55 | Avg(ms): recv=5.7 decode=15.1 color=0.0 place=10.2 copy=6.7 overlay=11.3 dma=33.5 display=51.6 total=82.7 | JPEG=8622B
I (314219) rc_video: Video queue: ready=1936 queue_drop=0 stale_drop=75
I (314408) rc_net: [CAM-PROBE] Video RX seq=360 jpeg_len=9117 crc32=0x8a9432ee chunks=8
I (315903) rc_net: Video RX complete=1950 missing=1 last_seq=372
I (317832) rc_video: Displayed 1890 frames (320x240 video at 240x180,80,0) | fps=8.32 theory_max=32.55 | Avg(ms): recv=5.7 decode=15.3 color=0.0 place=10.2 copy=6.6 overlay=11.3 dma=33.6 display=51.6 total=82.9 | JPEG=8686B
I (317841) rc_video: Video queue: ready=1965 queue_drop=0 stale_drop=75
I (318146) rc_net: [CAM-PROBE] Video RX seq=390 jpeg_len=8532 crc32=0xd74ebdb2 chunks=8
I (319596) rc_net: Video RX complete=1980 missing=1 last_seq=402
I (321526) rc_video: Displayed 1920 frames (320x240 video at 240x180,80,0) | fps=8.16 theory_max=32.55 | Avg(ms): recv=4.8 decode=15.2 color=0.0 place=10.2 copy=6.8 overlay=11.3 dma=33.6 display=51.7 total=82.0 | JPEG=9082B
I (321535) rc_video: Video queue: ready=1997 queue_drop=0 stale_drop=75
I (321667) rc_net: [CAM-PROBE] Video RX seq=420 jpeg_len=8603 crc32=0x101efb1b chunks=8
I (323261) rc_net: Video RX complete=2010 missing=1 last_seq=432
I (325228) rc_video: Displayed 1950 frames (320x240 video at 240x180,80,0) | fps=8.14 theory_max=32.55 | Avg(ms): recv=5.5 decode=15.4 color=0.0 place=10.4 copy=6.6 overlay=11.3 dma=33.5 display=51.5 total=82.8 | JPEG=9479B
I (325238) rc_video: Video queue: ready=2027 queue_drop=0 stale_drop=77
I (325236) rc_net: [CAM-PROBE] Video RX seq=450 jpeg_len=8740 crc32=0x114f3946 chunks=8

[HOST-RECONNECT 10:37:34] FINAL-R1 S4 Remote reset, rejoin existing Tank channels begin (75s)
ESP-ROM:esp32s3-20210327
Build:Mar 27 2021
rst:0x1 (POWERON),boot:0xb (SPI_FAST_FLASH_BOOT)
SPIWP:0xee
mode:DIO, clock div:1
load:0x3fce2820,len:0x14f0
load:0x403c8700,len:0xd24
load:0x403cb700,len:0x2ef0
entry 0x403c8924
I (24) boot: ESP-IDF v5.5.4 2nd stage bootloader
I (25) boot: compile time Aug 26 2026 10:27:09
I (25) boot: Multicore bootloader
I (25) boot: chip revision: v0.2
I (28) boot: efuse block revision: v1.3
I (31) boot.esp32s3: Boot SPI Speed : 80MHz
I (35) boot.esp32s3: SPI Mode       : DIO
I (39) boot.esp32s3: SPI Flash Size : 8MB
I (43) boot: Enabling RNG early entropy source...
I (47) boot: Partition Table:
I (50) boot: ## Label            Usage          Type ST Offset   Length
I (56) boot:  0 nvs              WiFi data        01 02 00009000 00006000
I (63) boot:  1 phy_init         RF data          01 01 0000f000 00001000
I (69) boot:  2 factory          factory app      00 00 00010000 00300000
I (76) boot:  3 storage          Unknown data     01 82 00310000 00100000
I (82) boot: End of partition table
I (85) esp_image: segment 0: paddr=00010020 vaddr=3c0a0020 size=21544h (136516) map
I (117) esp_image: segment 1: paddr=0003156c vaddr=3fca2500 size=053d8h ( 21464) load
I (122) esp_image: segment 2: paddr=0003694c vaddr=40374000 size=096cch ( 38604) load
I (130) esp_image: segment 3: paddr=00040020 vaddr=42000020 size=9c9d4h (641492) map
I (244) esp_image: segment 4: paddr=000dc9fc vaddr=4037d6cc size=14d70h ( 85360) load
I (262) esp_image: segment 5: paddr=000f1774 vaddr=50000000 size=00020h (    32) load
I (274) boot: Loaded app from partition at offset 0x10000
I (275) boot: Disabling RNG early entropy source...
I (285) esp_psram: Found 8MB PSRAM device
I (285) esp_psram: Speed: 80MHz
I (285) cpu_start: Multicore app
I (1203) esp_psram: SPI SRAM memory test OK
I (1212) cpu_start: GPIO 44 and 43 are used as console UART I/O pins
I (1212) cpu_start: Pro cpu start user code
I (1213) cpu_start: cpu freq: 240000000 Hz
I (1214) app_init: Application information:
I (1218) app_init: Project name:     rc_tank_demo
I (1223) app_init: App version:      1
I (1226) app_init: Compile time:     Aug 26 2026 10:26:26
I (1231) app_init: ELF file SHA256:  a0b6db3dc...
I (1236) app_init: ESP-IDF:          GIT-NOTFOUND
I (1240) efuse_init: Min chip rev:     v0.0
I (1244) efuse_init: Max chip rev:     v0.99 
I (1248) efuse_init: Chip rev:         v0.2
I (1252) heap_init: Initializing. RAM available for dynamic allocation:
I (1258) heap_init: At 3FCAB848 len 0003DEC8 (247 KiB): RAM
I (1264) heap_init: At 3FCE9710 len 00005724 (21 KiB): RAM
I (1269) heap_init: At 3FCF0000 len 00008000 (32 KiB): DRAM
I (1274) heap_init: At 600FE000 len 00001FE8 (7 KiB): RTCRAM
I (1280) esp_psram: Adding pool of 8192K of PSRAM memory to heap allocator
I (1287) spi_flash: detected chip: generic
I (1290) spi_flash: flash io: dio
I (1294) sleep_gpio: Configure to isolate all GPIO pins in sleep state
I (1299) sleep_gpio: Enable automatic switching of GPIO sleep configuration
I (1306) main_task: Started on CPU0
I (1330) esp_psram: Reserving pool of 64K of internal memory for DMA/internal allocations
I (1331) main_task: Calling app_main()
I (1338) rc_tank: === RC Tank Demo (EX-035) Role: REMOTE ===
I (1339) rc_tank: Startup delay 10 s (open serial monitor now)...
I (1342) rc_tank:   starting in 10 s
I (2345) rc_tank:   starting in 9 s
I (3345) rc_tank:   starting in 8 s
I (4345) rc_tank:   starting in 7 s
I (5345) rc_tank:   starting in 6 s
I (6345) rc_tank:   starting in 5 s
I (7345) rc_tank:   starting in 4 s
I (8345) rc_tank:   starting in 3 s
I (9345) rc_tank:   starting in 2 s
I (10345) rc_tank:   starting in 1 s
I (11345) rc_tank: Starting Remote role (P1: network, P2: control stub, P3: video)
I (11345) board_laiwfs300: init board support package
I (11345) board_laiwfs300: init capability registry
I (11350) board_laiwfs300: init I2C bus: SDA=GPIO48 SCL=GPIO47
I (11356) bus_i2c: I2C0 initialized: SDA=GPIO48 SCL=GPIO47 speed=100000Hz
I (11362) board_laiwfs300: --- I2C bus scan (0x08-0x77) ---
I (11370) board_laiwfs300:   I2C device ACK at 0x15
I (11372) board_laiwfs300:   I2C device ACK at 0x18
I (11378) board_laiwfs300:   I2C device ACK at 0x22
I (11385) board_laiwfs300:   I2C device ACK at 0x40
I (11388) board_laiwfs300:   I2C device ACK at 0x51
I (11394) board_laiwfs300:   I2C device ACK at 0x68
I (11397) board_laiwfs300: --- I2C scan done: 6 device(s) found ---
W (11401) board_laiwfs300: TPT29555A (IOEX) NOT found at 0x20 (NACK)
I (11407) board_laiwfs300: ES8311 (Codec) found at 0x18
I (11412) board_laiwfs300: ES7210 (ADC) found at 0x40
I (11417) board_laiwfs300: AIP8563 (RTC) found at 0x51
I (11422) board_laiwfs300: BMI260 (IMU @0x68) found at 0x68
W (11427) board_laiwfs300: BMI260 (IMU @0x69) NOT found at 0x69 (NACK)
W (11433) board_laiwfs300: SP0A39 (Camera) NOT found at 0x21 (NACK)
I (11440) board_laiwfs300: ES8311 chip ID: 0x83 0x11
I (11444) board_laiwfs300: ES7210 chip ID: 0x72
I (11450) board_laiwfs300: AIP8563 RTC time: 15:54:25 (BCD raw)
I (11454) board_laiwfs300: BMI260 chip ID: 0x27 (expect 0x27)
I (11459) board_laiwfs300: init SPI bus manager
I (11464) board_laiwfs300: init ADC service
I (11468) board_adc: ADC1 oneshot initialized
I (11472) board_laiwfs300: init board power service
I (11477) board_laiwfs300: ADC D0_DETECT (GPIO1): raw=1093 (~827 mV)
I (11482) board_laiwfs300: ADC BAT_ADC (GPIO7): raw=1641 (~1242 mV)
I (11488) board_laiwfs300: ADC SW_ADC (GPIO8): raw=4095 (~3100 mV)
I (11494) board_laiwfs300: init IO expander: TPT29555A addr=0x22
I (11502) io_expander: TPT29555A initialized at 0x22
I (11504) board_laiwfs300: IO expander initialized OK
I (11509) board_laiwfs300: init module detect
I (11513) board_laiwfs300: register detection rules
I (11518) board_laiwfs300: register default capabilities
I (11523) board_laiwfs300: board init complete (ioex=OK)
I (11749) touch_hal: CST836U initialized at 0x15
I (11751) touch_hal: CST836U info: module_id=0x01 fw_ver=0x19 chip_type=0x1300
I (11751) board_touch: CST836U verify OK: module_id=0x01 fw=0x19 chip_type=0x1300
I (11756) rc_control: Joystick init (landscape 320x240, center=108,136, forward=screen-up, 50Hz touch poll)
I (11765) rc_video: Initializing video display
I (11770) display_hal: init ST7789V3 LCD 240x320 SPI host=1
E (11916) spi: spi_bus_initialize(816): SPI bus already initialized.
I (12037) display_hal: ST7789V3 LCD initialized
I (12037) board_display: display mapped: MOSI=GPIO13 SCK=GPIO12 CS=GPIO10 DC=GPIO16 BL=GPIO17 LCD_RST=IOEX P1_5 pclk=40000000
I (12075) rc_video: Display initialized (landscape 320×240) and backlight ON
I (12075) rc_video: Display theory: RGB565=153600 B/frame, SPI payload=30720 us/frame, max=32.55 fps, chunk=60 lines (7680 us)
I (12117) rc_video: PSRAM buffers: jpeg_slot=43200B decoded=86400B canvas=153600B dma_chunk=38400B
I (12117) rc_video: PSRAM state: free_psram=8015260 free_internal=243283 largest_internal_dma=126976
I (12123) rc_video: Buffer caps: jpeg0=0x3c0d0eb0(psram=1) decoded=0x3c0f0950(psram=1) canvas=0x3c105af0(psram=1) dma=0x3fcc02c0(dma=1)
I (12135) rc_video: Video RX/display task started (240x180 at x=80 y=0; joystick per LCD chunk)
I (12155) rc_net: Initializing as STA (Remote)
I (12156) pp: pp rom version: e7ae62f
I (12157) net80211: net80211 rom version: e7ae62f
I (12158) wifi:wifi driver task: 3fcccc40, prio:23, stack:6656, core=0
I (12165) wifi:wifi firmware version: 0947e8b
I (12167) wifi:wifi certification version: v7.0
I (12171) wifi:config NVS flash: enabled
I (12174) rc_video: Remote WiFi icon updated: connected=0 epoch=0
I (12175) wifi:config nano formatting: disabled
I (12185) wifi:Init data frame dynamic rx buffer num: 32
I (12190) wifi:Init static rx mgmt buffer num: 5
I (12194) wifi:Init management short buffer num: 32
I (12199) wifi:Init dynamic tx buffer num: 64
I (12203) wifi:Init static tx FG buffer num: 2
I (12207) wifi:Init static rx buffer size: 1600
I (12211) wifi:Init static rx buffer num: 10
I (12215) wifi:Init dynamic rx buffer num: 32
I (12220) wifi_init: rx ba win: 6
I (12224) wifi_init: accept mbox: 6
I (12225) wifi_init: tcpip mbox: 16
I (12229) wifi_init: udp mbox: 16
I (12232) wifi_init: tcp mbox: 6
I (12235) wifi_init: tcp tx win: 5760
I (12238) wifi_init: tcp rx win: 5760
I (12241) wifi_init: tcp mss: 1440
I (12245) wifi_init: WiFi IRAM OP enabled
I (12248) wifi_init: WiFi RX IRAM OP enabled
I (12253) phy_init: phy_version 711,97bcf0a2,Aug 25 2025,19:04:10
I (12294) wifi:mode : sta (44:1b:f6:f3:ae:40)
I (12294) wifi:enable tsf
W (12296) rc_control: Network disconnected: control TX paused
I (12296) rc_net: STA started; recovery task owns scan/connect
W (12301) rc_tank: Network disconnected
I (12304) rc_net: Remote network recovery active; init does not wait for AP
I (12311) rc_tank: Remote network recovery started; waiting for tank as needed
I (12318) rc_control: Touch poll task started
I (12322) rc_control: Ctrl TX task started (sending STOP heartbeat)
I (12328) rc_control: Remote control started (touch poll + ctrl tx)
I (12334) rc_tank: Remote running (video + control; audio disabled)
I (12340) rc_tank: app_main done, idle loop
I (12404) rc_net: Remote recovery task started (scan loop, 3 direct attempts, 5000 ms interval)
I (12505) rc_net: Scanning for RC_TANK_* APs...
I (15007) rc_net: Found tank AP: RC_TANK_F3AE79, RSSI: -32
I (15008) rc_net: Connecting to tank AP, attempt 1/3
I (15128) wifi:new:<1,1>, old:<1,0>, ap:<255,255>, sta:<1,1>, prof:1, snd_ch_cfg:0x0
I (15129) wifi:state: init -> auth (0xb0)
I (15136) wifi:state: auth -> assoc (0x0)
I (15169) wifi:Association refused temporarily time 1500, comeback time 1600 (TUs)
I (15233) wifi:state: assoc -> init (0x3c0)
I (15233) wifi:new:<1,0>, old:<1,1>, ap:<255,255>, sta:<1,1>, prof:1, snd_ch_cfg:0x0
I (20235) rc_net: Connecting to tank AP, attempt 2/3
I (27647) rc_net: Connecting to tank AP, attempt 3/3
I (27682) wifi:new:<1,1>, old:<1,0>, ap:<255,255>, sta:<1,1>, prof:1, snd_ch_cfg:0x0
I (27683) wifi:state: init -> auth (0xb0)
I (27692) wifi:state: auth -> assoc (0x0)
I (27705) wifi:state: assoc -> run (0x10)
I (27722) wifi:connected with RC_TANK_F3AE79, aid = 1, channel 1, 40U, bssid = 44:1b:f6:f3:ae:79
I (27723) wifi:security: WPA2-PSK, phy: bgn, rssi: -32, cipher(pairwise:0x3, group:0x3), pmf:1
I (27729) wifi:pm start, type: 1

I (27732) wifi:dp: 1, bi: 102400, li: 3, scale listen interval from 307200 us to 307200 us
I (27740) wifi:set rx beacon pti, rx_bcn_pti: 0, bcn_timeout: 25000, mt_pti: 0, mt_time: 10000
I (27809) wifi:AP's beacon interval = 102400 us, DTIM period = 1
I (28801) esp_netif_handlers: sta ip: 192.168.4.2, mask: 255.255.255.0, gw: 192.168.4.1
I (28801) rc_net: Got IP: 192.168.4.2
I (28801) rc_net: Connected to tank AP; waiting for disconnect
I (28801) rc_control: Network connected: waiting for joystick release before motion
I (28808) rc_control: Joystick released: motion control re-armed
I (28814) rc_tank: Network connected, peer: 192.168.4.1
W (28820) rc_control: Ctrl send failed: ESP_ERR_INVALID_STATE stack_hwm=2080
I (28825) rc_net: Ctrl UDP socket ready
I (28812) rc_video: Remote WiFi icon updated: connected=1 epoch=1
I (28836) rc_net: Video UDP socket bound to port 8002
I (28870) wifi:<ba-add>idx:0 (ifx:0, 44:1b:f6:f3:ae:79), tid:0, ssn:0, winSize:64
I (28901) rc_net: Audio TCP connected to tank port 8003
I (28902) rc_tank: Socket channels started
I (28902) rc_video: Remote video started
I (29216) rc_net: [CAM-PROBE] Video RX seq=690 jpeg_len=8433 crc32=0xf9ea5821 chunks=8
I (32461) rc_net: Video RX complete=30 missing=0 last_seq=716
I (32544) rc_video: Displayed 30 frames (320x240 video at 240x180,80,0) | fps=1.47 theory_max=32.55 | Avg(ms): recv=6.8 decode=14.9 color=0.0 place=10.4 copy=6.6 overlay=11.2 dma=33.5 display=51.5 total=83.7 | JPEG=8668B
I (32553) rc_video: Video queue: ready=30 queue_drop=0 stale_drop=0
I (33137) rc_net: [CAM-PROBE] Video RX seq=720 jpeg_len=8467 crc32=0xed5cb2c2 chunks=8
I (36194) rc_net: Video RX complete=60 missing=0 last_seq=746
I (36272) rc_video: Displayed 60 frames (320x240 video at 240x180,80,0) | fps=8.08 theory_max=32.55 | Avg(ms): recv=5.7 decode=14.7 color=0.0 place=10.3 copy=6.6 overlay=11.4 dma=33.6 display=51.7 total=82.4 | JPEG=8089B
I (36280) rc_video: Video queue: ready=61 queue_drop=0 stale_drop=0
I (36702) rc_net: [CAM-PROBE] Video RX seq=750 jpeg_len=7990 crc32=0x75e49c29 chunks=7
I (39666) rc_net: Video RX complete=90 missing=0 last_seq=776
I (39853) rc_video: Displayed 90 frames (320x240 video at 240x180,80,0) | fps=8.41 theory_max=32.55 | Avg(ms): recv=8.0 decode=14.8 color=0.0 place=10.3 copy=6.8 overlay=11.1 dma=33.7 display=51.7 total=84.9 | JPEG=8473B
I (39862) rc_video: Video queue: ready=91 queue_drop=0 stale_drop=1
I (40241) rc_net: [CAM-PROBE] Video RX seq=780 jpeg_len=8185 crc32=0x9840b8bc chunks=7
I (43278) rc_net: Video RX complete=120 missing=0 last_seq=806
I (43745) rc_video: Displayed 120 frames (320x240 video at 240x180,80,0) | fps=7.74 theory_max=32.55 | Avg(ms): recv=6.7 decode=15.3 color=0.0 place=10.2 copy=6.8 overlay=11.1 dma=33.5 display=51.5 total=83.9 | JPEG=8862B
I (43754) rc_video: Video queue: ready=123 queue_drop=0 stale_drop=3
I (43772) rc_net: [CAM-PROBE] Video RX seq=810 jpeg_len=9075 crc32=0xc219e8b5 chunks=8
I (47100) rc_net: Video RX complete=150 missing=0 last_seq=836
I (47576) rc_net: [CAM-PROBE] Video RX seq=840 jpeg_len=10413 crc32=0xc6ca021d chunks=9
I (47660) rc_video: Displayed 150 frames (320x240 video at 240x180,80,0) | fps=7.69 theory_max=32.55 | Avg(ms): recv=9.1 decode=15.8 color=0.0 place=10.3 copy=6.5 overlay=11.2 dma=33.5 display=51.4 total=86.6 | JPEG=10413B
I (47669) rc_video: Video queue: ready=154 queue_drop=0 stale_drop=4
I (50833) rc_net: Video RX complete=180 missing=0 last_seq=866
I (51288) rc_net: [CAM-PROBE] Video RX seq=870 jpeg_len=9062 crc32=0xf9a8f8a8 chunks=8
I (51371) rc_video: Displayed 180 frames (320x240 video at 240x180,80,0) | fps=8.12 theory_max=32.55 | Avg(ms): recv=7.7 decode=15.5 color=0.0 place=10.3 copy=6.6 overlay=11.3 dma=33.6 display=51.6 total=85.2 | JPEG=9062B
I (51380) rc_video: Video queue: ready=185 queue_drop=0 stale_drop=4
I (54280) rc_net: Video RX complete=210 missing=0 last_seq=896
I (54723) rc_net: [CAM-PROBE] Video RX seq=900 jpeg_len=9050 crc32=0x2e7102b5 chunks=8
I (54888) rc_video: Displayed 210 frames (320x240 video at 240x180,80,0) | fps=8.57 theory_max=32.55 | Avg(ms): recv=7.4 decode=15.3 color=0.0 place=10.2 copy=6.8 overlay=11.3 dma=33.6 display=51.7 total=84.7 | JPEG=8537B
I (54897) rc_video: Video queue: ready=216 queue_drop=0 stale_drop=5
I (57697) rc_net: Video RX complete=240 missing=0 last_seq=926
I (58175) rc_net: [CAM-PROBE] Video RX seq=930 jpeg_len=9394 crc32=0x8f7ac0fb chunks=8
I (58384) rc_video: Displayed 240 frames (320x240 video at 240x180,80,0) | fps=8.62 theory_max=32.55 | Avg(ms): recv=7.3 decode=15.5 color=0.0 place=10.1 copy=6.6 overlay=11.1 dma=33.2 display=51.0 total=84.0 | JPEG=9087B
I (58392) rc_video: Video queue: ready=245 queue_drop=0 stale_drop=5
I (61319) rc_net: Video RX complete=270 missing=0 last_seq=956
I (61869) rc_net: [CAM-PROBE] Video RX seq=960 jpeg_len=9383 crc32=0x914eea81 chunks=8
I (62352) rc_video: Displayed 270 frames (320x240 video at 240x180,80,0) | fps=7.59 theory_max=32.55 | Avg(ms): recv=6.2 decode=15.4 color=0.0 place=10.2 copy=6.7 overlay=11.3 dma=33.8 display=51.9 total=83.8 | JPEG=8467B
I (62360) rc_video: Video queue: ready=277 queue_drop=0 stale_drop=7
I (65038) rc_net: Video RX complete=300 missing=0 last_seq=986
I (65908) rc_net: [CAM-PROBE] Video RX seq=990 jpeg_len=10198 crc32=0x9aebb970 chunks=9
I (66300) rc_video: Displayed 300 frames (320x240 video at 240x180,80,0) | fps=7.63 theory_max=32.55 | Avg(ms): recv=6.0 decode=15.4 color=0.0 place=10.3 copy=6.6 overlay=11.2 dma=33.5 display=51.3 total=83.1 | JPEG=8999B
I (66309) rc_video: Video queue: ready=307 queue_drop=0 stale_drop=7
I (69044) rc_net: Video RX complete=330 missing=0 last_seq=1016
I (69512) rc_net: [CAM-PROBE] Video RX seq=1020 jpeg_len=9266 crc32=0x413e6b54 chunks=8
I (69966) rc_video: Displayed 330 frames (320x240 video at 240x180,80,0) | fps=8.22 theory_max=32.55 | Avg(ms): recv=5.7 decode=15.4 color=0.0 place=10.4 copy=6.8 overlay=11.4 dma=33.3 display=51.6 total=83.0 | JPEG=8930B
I (69975) rc_video: Video queue: ready=338 queue_drop=0 stale_drop=7
I (72592) rc_net: Video RX complete=360 missing=0 last_seq=1046
I (73020) rc_net: [CAM-PROBE] Video RX seq=1050 jpeg_len=9287 crc32=0x3fcbf8b8 chunks=8
I (73512) rc_video: Displayed 360 frames (320x240 video at 240x180,80,0) | fps=8.50 theory_max=32.55 | Avg(ms): recv=8.8 decode=15.3 color=0.0 place=10.2 copy=6.7 overlay=11.2 dma=33.4 display=51.4 total=85.7 | JPEG=8991B
I (73521) rc_video: Video queue: ready=368 queue_drop=0 stale_drop=7

[HOST-RECONNECT 10:38:49] FINAL-R1 S5 Tank restart after Remote rejoin begin (90s)
I (81183) wifi:bcn_timeout,ap_probe_send_start
I (83685) wifi:ap_probe_send over, reset wifi status to disassoc
I (83685) wifi:state: run -> init (0xc800)
I (83686) wifi:pm stop, total sleep time: 8060757 us / 55954439 us

I (83690) wifi:<ba-del>idx:0, tid:0
I (83693) wifi:new:<1,0>, old:<1,1>, ap:<255,255>, sta:<1,1>, prof:1, snd_ch_cfg:0x0
W (83703) rc_net: Tank AP disconnected; retry saved AP first
W (83703) rc_control: Network disconnected: control TX paused
I (83706) rc_net: Connecting to tank AP, attempt 1/3
W (83711) rc_tank: Network disconnected
I (83722) rc_video: Remote WiFi icon updated: connected=0 epoch=2
I (91129) rc_net: Connecting to tank AP, attempt 2/3
I (98541) rc_net: Connecting to tank AP, attempt 3/3
I (98551) wifi:new:<1,1>, old:<1,0>, ap:<255,255>, sta:<1,1>, prof:1, snd_ch_cfg:0x0
I (98552) wifi:state: init -> auth (0xb0)
I (98555) wifi:state: auth -> assoc (0x0)
I (98568) wifi:state: assoc -> run (0x10)
I (98583) wifi:connected with RC_TANK_F3AE79, aid = 1, channel 1, 40U, bssid = 44:1b:f6:f3:ae:79
I (98584) wifi:security: WPA2-PSK, phy: bgn, rssi: -32, cipher(pairwise:0x3, group:0x3), pmf:1
I (98590) wifi:pm start, type: 1

I (98593) wifi:set rx beacon pti, rx_bcn_pti: 0, bcn_timeout: 25000, mt_pti: 0, mt_time: 10000
I (98612) wifi:AP's beacon interval = 102400 us, DTIM period = 1
I (99619) esp_netif_handlers: sta ip: 192.168.4.2, mask: 255.255.255.0, gw: 192.168.4.1
I (99619) rc_net: Got IP: 192.168.4.2
I (99620) rc_net: Connected to tank AP; waiting for disconnect
I (99621) rc_video: Remote WiFi icon updated: connected=1 epoch=3
I (99620) rc_control: Network connected: waiting for joystick release before motion
I (99638) rc_tank: Network connected, peer: 192.168.4.1
I (99639) rc_control: Joystick released: motion control re-armed
W (99643) rc_tank: Channels already started, skip re-init
I (99673) wifi:<ba-add>idx:0 (ifx:0, 44:1b:f6:f3:ae:79), tid:0, ssn:0, winSize:64
I (100909) rc_net: Video RX complete=390 missing=0 last_seq=16
I (101845) rc_video: Displayed 390 frames (320x240 video at 240x180,80,0) | fps=1.06 theory_max=32.55 | Avg(ms): recv=6.9 decode=15.5 color=0.0 place=10.2 copy=6.6 overlay=11.3 dma=33.5 display=51.5 total=84.1 | JPEG=8394B
I (101854) rc_video: Video queue: ready=397 queue_drop=0 stale_drop=7
I (102990) rc_net: [CAM-PROBE] Video RX seq=30 jpeg_len=8142 crc32=0x4585b1dc chunks=7
I (104607) rc_net: Video RX complete=420 missing=0 last_seq=46
I (105693) rc_video: Displayed 420 frames (320x240 video at 240x180,80,0) | fps=7.83 theory_max=32.55 | Avg(ms): recv=5.4 decode=15.1 color=0.0 place=10.3 copy=6.6 overlay=11.4 dma=33.6 display=51.6 total=82.4 | JPEG=8462B
I (105702) rc_video: Video queue: ready=429 queue_drop=0 stale_drop=8
I (106579) rc_net: [CAM-PROBE] Video RX seq=60 jpeg_len=8263 crc32=0xdaa78b09 chunks=7
I (108113) rc_net: Video RX complete=450 missing=0 last_seq=76
I (109670) rc_video: Displayed 450 frames (320x240 video at 240x180,80,0) | fps=7.57 theory_max=32.55 | Avg(ms): recv=7.2 decode=15.2 color=0.0 place=10.2 copy=6.6 overlay=11.2 dma=33.4 display=51.3 total=84.0 | JPEG=9138B
I (109679) rc_video: Video queue: ready=461 queue_drop=0 stale_drop=11
I (110136) rc_net: [CAM-PROBE] Video RX seq=90 jpeg_len=8054 crc32=0xba775464 chunks=7
I (112062) rc_net: Video RX complete=480 missing=0 last_seq=106
I (113794) rc_video: Displayed 480 frames (320x240 video at 240x180,80,0) | fps=7.30 theory_max=32.55 | Avg(ms): recv=8.5 decode=14.9 color=0.0 place=10.2 copy=6.6 overlay=11.3 dma=33.3 display=51.3 total=84.9 | JPEG=8648B
I (113803) rc_video: Video queue: ready=491 queue_drop=0 stale_drop=11
I (114073) rc_net: [CAM-PROBE] Video RX seq=120 jpeg_len=8279 crc32=0x8d784ccd chunks=7
I (115912) rc_net: Video RX complete=510 missing=0 last_seq=136
I (117659) rc_video: Displayed 510 frames (320x240 video at 240x180,80,0) | fps=7.79 theory_max=32.55 | Avg(ms): recv=7.8 decode=15.4 color=0.0 place=10.1 copy=6.7 overlay=11.3 dma=33.6 display=51.6 total=85.0 | JPEG=9228B
I (117669) rc_video: Video queue: ready=523 queue_drop=0 stale_drop=12
I (117770) rc_net: [CAM-PROBE] Video RX seq=150 jpeg_len=9252 crc32=0xe8e37405 chunks=8
I (120408) rc_net: Video RX complete=540 missing=0 last_seq=166
I (121788) rc_net: [CAM-PROBE] Video RX seq=180 jpeg_len=8713 crc32=0x115a0fdb chunks=8
I (122185) rc_video: Displayed 540 frames (320x240 video at 240x180,80,0) | fps=6.65 theory_max=32.55 | Avg(ms): recv=5.4 decode=15.5 color=0.0 place=10.2 copy=6.7 overlay=11.3 dma=33.6 display=51.7 total=82.9 | JPEG=9216B
I (122194) rc_video: Video queue: ready=556 queue_drop=0 stale_drop=16
I (123924) rc_net: Video RX complete=570 missing=1 last_seq=197
I (125587) rc_net: [CAM-PROBE] Video RX seq=210 jpeg_len=8671 crc32=0xcad79ed8 chunks=8
I (125980) rc_video: Displayed 570 frames (320x240 video at 240x180,80,0) | fps=7.94 theory_max=32.55 | Avg(ms): recv=6.6 decode=15.6 color=0.0 place=10.3 copy=6.6 overlay=11.3 dma=33.5 display=51.5 total=84.0 | JPEG=8449B
I (125989) rc_video: Video queue: ready=586 queue_drop=0 stale_drop=16
I (127554) rc_net: Video RX complete=600 missing=1 last_seq=227
I (129122) rc_net: [CAM-PROBE] Video RX seq=240 jpeg_len=8360 crc32=0x2c018305 chunks=7
I (129565) rc_video: Displayed 600 frames (320x240 video at 240x180,80,0) | fps=8.40 theory_max=32.55 | Avg(ms): recv=6.8 decode=15.0 color=0.0 place=10.2 copy=6.6 overlay=11.3 dma=33.5 display=51.5 total=83.7 | JPEG=8382B
I (129574) rc_video: Video queue: ready=617 queue_drop=0 stale_drop=17
I (131127) rc_net: Video RX complete=630 missing=1 last_seq=257
I (132682) rc_net: [CAM-PROBE] Video RX seq=270 jpeg_len=8191 crc32=0xc23ad365 chunks=7
I (133162) rc_video: Displayed 630 frames (320x240 video at 240x180,80,0) | fps=8.38 theory_max=32.55 | Avg(ms): recv=6.4 decode=14.9 color=0.0 place=10.2 copy=6.6 overlay=11.2 dma=33.3 display=51.2 total=82.7 | JPEG=8552B
I (133171) rc_video: Video queue: ready=647 queue_drop=0 stale_drop=17
I (134649) rc_net: Video RX complete=660 missing=1 last_seq=287
I (136201) rc_net: [CAM-PROBE] Video RX seq=300 jpeg_len=7936 crc32=0x05b4641a chunks=7
I (136712) rc_video: Displayed 660 frames (320x240 video at 240x180,80,0) | fps=8.49 theory_max=32.55 | Avg(ms): recv=6.5 decode=14.8 color=0.0 place=10.2 copy=6.8 overlay=11.3 dma=33.6 display=51.7 total=83.2 | JPEG=8285B
I (136721) rc_video: Video queue: ready=677 queue_drop=0 stale_drop=17
I (138292) rc_net: Video RX complete=690 missing=1 last_seq=317
I (139825) rc_net: [CAM-PROBE] Video RX seq=330 jpeg_len=8970 crc32=0x8ddc50b1 chunks=8
I (140518) rc_video: Displayed 690 frames (320x240 video at 240x180,80,0) | fps=7.91 theory_max=32.55 | Avg(ms): recv=7.8 decode=14.9 color=0.0 place=10.3 copy=6.6 overlay=11.2 dma=33.4 display=51.3 total=84.4 | JPEG=8610B
I (140527) rc_video: Video queue: ready=708 queue_drop=0 stale_drop=17
I (141936) rc_net: Video RX complete=720 missing=1 last_seq=347
I (143612) rc_net: [CAM-PROBE] Video RX seq=360 jpeg_len=7734 crc32=0x0c0a2912 chunks=7
I (144154) rc_video: Displayed 720 frames (320x240 video at 240x180,80,0) | fps=8.29 theory_max=32.55 | Avg(ms): recv=7.4 decode=15.0 color=0.0 place=10.3 copy=6.7 overlay=11.2 dma=33.4 display=51.4 total=84.1 | JPEG=8230B
I (144163) rc_video: Video queue: ready=737 queue_drop=0 stale_drop=17
I (145825) rc_net: Video RX complete=750 missing=1 last_seq=377
I (147032) rc_net: [CAM-PROBE] Video RX seq=390 jpeg_len=8474 crc32=0x7da56dd7 chunks=8
I (147773) rc_video: Displayed 750 frames (320x240 video at 240x180,80,0) | fps=8.32 theory_max=32.55 | Avg(ms): recv=6.1 decode=14.8 color=0.0 place=10.3 copy=6.6 overlay=11.3 dma=33.5 display=51.5 total=82.8 | JPEG=8789B
I (147782) rc_video: Video queue: ready=768 queue_drop=0 stale_drop=18
I (149142) rc_net: Video RX complete=780 missing=1 last_seq=407
I (150885) rc_net: [CAM-PROBE] Video RX seq=420 jpeg_len=8499 crc32=0x97b347e6 chunks=8
I (151717) rc_video: Displayed 780 frames (320x240 video at 240x180,80,0) | fps=7.64 theory_max=32.55 | Avg(ms): recv=5.2 decode=14.9 color=0.0 place=10.4 copy=6.7 overlay=11.4 dma=33.5 display=51.7 total=82.3 | JPEG=8172B
I (151726) rc_video: Video queue: ready=801 queue_drop=0 stale_drop=19
I (152950) rc_net: Video RX complete=810 missing=1 last_seq=437
I (154521) rc_net: [CAM-PROBE] Video RX seq=450 jpeg_len=8246 crc32=0x14d3accc chunks=7
I (155468) rc_video: Displayed 810 frames (320x240 video at 240x180,80,0) | fps=8.03 theory_max=32.55 | Avg(ms): recv=5.9 decode=14.8 color=0.0 place=10.3 copy=6.7 overlay=11.2 dma=33.5 display=51.5 total=82.5 | JPEG=8280B
I (155477) rc_video: Video queue: ready=831 queue_drop=0 stale_drop=21
I (156418) rc_net: Video RX complete=840 missing=1 last_seq=467
I (157951) rc_net: [CAM-PROBE] Video RX seq=480 jpeg_len=8873 crc32=0x8eb20012 chunks=8
I (159117) rc_video: Displayed 840 frames (320x240 video at 240x180,80,0) | fps=8.26 theory_max=32.55 | Avg(ms): recv=8.4 decode=15.0 color=0.0 place=10.2 copy=6.7 overlay=11.3 dma=33.5 display=51.5 total=85.1 | JPEG=8572B
I (159126) rc_video: Video queue: ready=862 queue_drop=0 stale_drop=22
I (160109) rc_net: Video RX complete=870 missing=1 last_seq=497
I (161841) rc_net: [CAM-PROBE] Video RX seq=510 jpeg_len=8194 crc32=0xf3d57ab2 chunks=7
I (162815) rc_video: Displayed 870 frames (320x240 video at 240x180,80,0) | fps=8.15 theory_max=32.55 | Avg(ms): recv=6.6 decode=14.8 color=0.0 place=10.3 copy=6.7 overlay=11.3 dma=33.6 display=51.7 total=83.4 | JPEG=9094B
I (162824) rc_video: Video queue: ready=892 queue_drop=0 stale_drop=22
I (164035) rc_net: Video RX complete=900 missing=1 last_seq=527
I (165323) rc_net: [CAM-PROBE] Video RX seq=540 jpeg_len=8733 crc32=0x4d3f994d chunks=8
I (166790) rc_video: Displayed 900 frames (320x240 video at 240x180,80,0) | fps=7.58 theory_max=32.55 | Avg(ms): recv=7.2 decode=15.0 color=0.0 place=10.3 copy=6.6 overlay=11.3 dma=33.5 display=51.4 total=84.0 | JPEG=8242B
I (166799) rc_video: Video queue: ready=924 queue_drop=0 stale_drop=24
I (167572) rc_net: Video RX complete=930 missing=1 last_seq=557

[HOST-RECONNECT 10:40:22] FINAL-R1 complete
