=========================================
Flashing RC Tank Demo - REMOTE Role to COM24
=========================================
Bootloader:      E:\10__AIProject\7_AI陪伴机器人\CODE\examples\rc_tank_demo\firmware_backup\bootloader_REMOTE.bin
Partition Table: E:\10__AIProject\7_AI陪伴机器人\CODE\examples\rc_tank_demo\firmware_backup\partition-table_REMOTE.bin
Application:     E:\10__AIProject\7_AI陪伴机器人\CODE\examples\rc_tank_demo\firmware_backup\rc_tank_demo_REMOTE.bin

Erasing flash...
esptool.py v4.12.dev2
Serial port COM24
Connecting....
Chip is ESP32-S3 (QFN56) (revision v0.2)
Features: WiFi, BLE
Crystal is 40MHz
MAC: 44:1b:f6:f3:ae:28
Uploading stub...
Running stub...
Stub running...
Erasing flash (this may take a while)...
Chip erase completed successfully in 0.9 seconds.
Hard resetting via RTS pin...

Programming flash...
esptool.py v4.12.dev2
Serial port COM24
Connecting....
Chip is ESP32-S3 (QFN56) (revision v0.2)
Features: WiFi, BLE
Crystal is 40MHz
MAC: 44:1b:f6:f3:ae:28
Uploading stub...
Running stub...
Stub running...
Changing baud rate to 460800
Changed.
Configuring flash size...
Flash will be erased from 0x00000000 to 0x00005fff...
Flash will be erased from 0x00008000 to 0x00008fff...
Flash will be erased from 0x00010000 to 0x00121fff...
SHA digest in image updated
Compressed 20832 bytes to 13345...
Writing at 0x00000000... (100 %)
Wrote 20832 bytes (13345 compressed) at 0x00000000 in 0.4 seconds (effective 439.9 kbit/s)...
Hash of data verified.
Compressed 3072 bytes to 119...
Writing at 0x00008000... (100 %)
Wrote 3072 bytes (119 compressed) at 0x00008000 in 0.0 seconds (effective 1554.3 kbit/s)...
Hash of data verified.
Compressed 1121088 bytes to 693318...
Writing at 0x00010000... (2 %)
Writing at 0x0001d09d... (4 %)
Writing at 0x0002948e... (6 %)
Writing at 0x0002e7e1... (9 %)
Writing at 0x00036e7f... (11 %)
Writing at 0x00041c50... (13 %)
Writing at 0x00047e84... (16 %)
Writing at 0x0004e1c6... (18 %)
Writing at 0x000582c8... (20 %)
Writing at 0x0005deb1... (23 %)
Writing at 0x00062f7f... (25 %)
Writing at 0x00067d4c... (27 %)
Writing at 0x0006d223... (30 %)
Writing at 0x0007230c... (32 %)
Writing at 0x00077191... (34 %)
Writing at 0x0007daa7... (37 %)
Writing at 0x00083c75... (39 %)
Writing at 0x000895c6... (41 %)
Writing at 0x0008f2f8... (44 %)
Writing at 0x000950cd... (46 %)
Writing at 0x0009ada4... (48 %)
Writing at 0x000a1794... (51 %)
Writing at 0x000a7623... (53 %)
Writing at 0x000ad380... (55 %)
Writing at 0x000b24e1... (58 %)
Writing at 0x000b7811... (60 %)
Writing at 0x000bd08c... (62 %)
Writing at 0x000c2635... (65 %)
Writing at 0x000c7a38... (67 %)
Writing at 0x000cd064... (69 %)
Writing at 0x000d2cfd... (72 %)
Writing at 0x000d906b... (74 %)
Writing at 0x000deaff... (76 %)
Writing at 0x000e47f4... (79 %)
Writing at 0x000ea09a... (81 %)
Writing at 0x000ef8e6... (83 %)
Writing at 0x000f8078... (86 %)
Writing at 0x000fe2f3... (88 %)
Writing at 0x001047c1... (90 %)
Writing at 0x0010c217... (93 %)
Writing at 0x00113b58... (95 %)
Writing at 0x0011a559... (97 %)
Writing at 0x0011f60e... (100 %)
Wrote 1121088 bytes (693318 compressed) at 0x00010000 in 15.6 seconds (effective 576.5 kbit/s)...
Hash of data verified.

Leaving...
Hard resetting via RTS pin...

=========================================
Flash completed successfully!
=========================================
