=========================================
Flashing RC Tank Demo - TANK Role to COM7
=========================================
Bootloader:      E:\10__AIProject\7_AI陪伴机器人\CODE\examples\rc_tank_demo\firmware_backup\bootloader_TANK.bin
Partition Table: E:\10__AIProject\7_AI陪伴机器人\CODE\examples\rc_tank_demo\firmware_backup\partition-table_TANK.bin
Application:     E:\10__AIProject\7_AI陪伴机器人\CODE\examples\rc_tank_demo\firmware_backup\rc_tank_demo_TANK.bin

Erasing flash...
esptool.py v4.12.dev2
Serial port COM7
Connecting....
Chip is ESP32-S3 (QFN56) (revision v0.2)
Features: WiFi, BLE
Crystal is 40MHz
MAC: 44:1b:f6:f3:ae:24
Uploading stub...
Running stub...
Stub running...
Erasing flash (this may take a while)...
Chip erase completed successfully in 1.4 seconds.
Hard resetting via RTS pin...

Programming flash...
esptool.py v4.12.dev2
Serial port COM7
Connecting....
Chip is ESP32-S3 (QFN56) (revision v0.2)
Features: WiFi, BLE
Crystal is 40MHz
MAC: 44:1b:f6:f3:ae:24
Uploading stub...
Running stub...
Stub running...
Changing baud rate to 460800
Changed.
Configuring flash size...
Flash will be erased from 0x00000000 to 0x00005fff...
Flash will be erased from 0x00008000 to 0x00008fff...
Flash will be erased from 0x00010000 to 0x0010ffff...
SHA digest in image updated
Compressed 20832 bytes to 13347...
Writing at 0x00000000... (100 %)
Wrote 20832 bytes (13347 compressed) at 0x00000000 in 0.4 seconds (effective 431.0 kbit/s)...
Hash of data verified.
Compressed 3072 bytes to 119...
Writing at 0x00008000... (100 %)
Wrote 3072 bytes (119 compressed) at 0x00008000 in 0.0 seconds (effective 1555.7 kbit/s)...
Hash of data verified.
Compressed 1048416 bytes to 649651...
Writing at 0x00010000... (2 %)
Writing at 0x0001d5d6... (5 %)
Writing at 0x00029f7b... (7 %)
Writing at 0x0002f21c... (10 %)
Writing at 0x000373ab... (12 %)
Writing at 0x0004218f... (15 %)
Writing at 0x00048486... (17 %)
Writing at 0x0004e965... (20 %)
Writing at 0x00054961... (22 %)
Writing at 0x0005a262... (25 %)
Writing at 0x0005f1bd... (27 %)
Writing at 0x0006455d... (30 %)
Writing at 0x0006ac2b... (32 %)
Writing at 0x00070eb5... (35 %)
Writing at 0x000767a6... (37 %)
Writing at 0x0007c57a... (40 %)
Writing at 0x0008232f... (42 %)
Writing at 0x00087f64... (45 %)
Writing at 0x0008e991... (47 %)
Writing at 0x000949c5... (50 %)
Writing at 0x0009a57c... (52 %)
Writing at 0x0009fede... (55 %)
Writing at 0x000a4ed4... (57 %)
Writing at 0x000aa6ec... (60 %)
Writing at 0x000afe4e... (62 %)
Writing at 0x000b537f... (65 %)
Writing at 0x000ba8bc... (67 %)
Writing at 0x000c0027... (70 %)
Writing at 0x000c67c8... (72 %)
Writing at 0x000cc07c... (75 %)
Writing at 0x000d1d9f... (77 %)
Writing at 0x000d784c... (80 %)
Writing at 0x000dcf09... (82 %)
Writing at 0x000e5973... (85 %)
Writing at 0x000eba33... (87 %)
Writing at 0x000f208e... (90 %)
Writing at 0x000f8601... (92 %)
Writing at 0x00100150... (95 %)
Writing at 0x00106c4f... (97 %)
Writing at 0x0010be6e... (100 %)
Wrote 1048416 bytes (649651 compressed) at 0x00010000 in 14.9 seconds (effective 561.3 kbit/s)...
Hash of data verified.

Leaving...
Hard resetting via RTS pin...

=========================================
Flash completed successfully!
=========================================
