ESP-ROM:esp32s3-20210327
Build:Mar 27 2021
rst:0x1 (POWERON),boot:0x9 (SPI_FAST_FLASH_BOOT)
SPIWP:0xee
mode:DIO, clock div:1
load:0x3fce2820,len:0x14f0
load:0x403c8700,len:0xd24
load:0x403cb700,len:0x2ef0
entry 0x403c8924
I (24) boot: ESP-IDF v5.5.4 2nd stage bootloader
I (25) boot: compile time Aug 25 2026 12:49:13
I (25) boot: Multicore bootloader
I (25) boot: chip revision: v0.2
I (28) boot: efuse block revision: v1.3
I (31) boot.esp32s3: Boot SPI Speed : 80MHz
I (35) boot.esp32s3: SPI Mode       : DIO
I (39) boot.esp32s3: SPI Flash Size : 8MB
I (43) boot: Enabling RNG early entropy source...
I (47) boot: Partition Table:
I (50) boot: ## Label            Usage          Type ST Offset   Length
I (56) boot:  0 nvs              WiFi data        01 02 00009000 00006000
I (63) boot:  1 phy_init         RF data          01 01 0000f000 00001000
I (69) boot:  2 factory          factory app      00 00 00010000 00300000
I (76) boot:  3 storage          Unknown data     01 82 00310000 00100000
I (82) boot: End of partition table
I (85) esp_image: segment 0: paddr=00010020 vaddr=3c0a0020 size=21334h (135988) map
I (117) esp_image: segment 1: paddr=0003135c vaddr=3fca2500 size=053c8h ( 21448) load
I (121) esp_image: segment 2: paddr=0003672c vaddr=40374000 size=098ech ( 39148) load
I (130) esp_image: segment 3: paddr=00040020 vaddr=42000020 size=9c7b8h (640952) map
I (244) esp_image: segment 4: paddr=000dc7e0 vaddr=4037d8ec size=14b18h ( 84760) load
I (262) esp_image: segment 5: paddr=000f1300 vaddr=50000000 size=00020h (    32) load
I (274) boot: Loaded app from partition at offset 0x10000
I (274) boot: Disabling RNG early entropy source...
I (284) esp_psram: Found 8MB PSRAM device
I (285) esp_psram: Speed: 80MHz
I (285) cpu_start: Multicore app
I (1203) esp_psram: SPI SRAM memory test OK
I (1212) cpu_start: GPIO 44 and 43 are used as console UART I/O pins
I (1212) cpu_start: Pro cpu start user code
I (1212) cpu_start: cpu freq: 240000000 Hz
I (1214) app_init: Application information:
I (1218) app_init: Project name:     rc_tank_demo
I (1222) app_init: App version:      1
I (1226) app_init: Compile time:     Aug 25 2026 12:47:08
I (1231) app_init: ELF file SHA256:  10e792bd4...
I (1235) app_init: ESP-IDF:          v5.5.4
I (1239) efuse_init: Min chip rev:     v0.0
I (1243) efuse_init: Max chip rev:     v0.99 
I (1247) efuse_init: Chip rev:         v0.2
I (1251) heap_init: Initializing. RAM available for dynamic allocation:
I (1258) heap_init: At 3FCAB828 len 0003DEE8 (247 KiB): RAM
I (1263) heap_init: At 3FCE9710 len 00005724 (21 KiB): RAM
I (1268) heap_init: At 3FCF0000 len 00008000 (32 KiB): DRAM
I (1273) heap_init: At 600FE000 len 00001FE8 (7 KiB): RTCRAM
I (1279) esp_psram: Adding pool of 8192K of PSRAM memory to heap allocator
I (1286) spi_flash: detected chip: generic
I (1289) spi_flash: flash io: dio
I (1293) sleep_gpio: Configure to isolate all GPIO pins in sleep state
I (1299) sleep_gpio: Enable automatic switching of GPIO sleep configuration
I (1306) main_task: Started on CPU0
I (1330) esp_psram: Reserving pool of 64K of internal memory for DMA/internal allocations
I (1331) main_task: Calling app_main()
I (1339) rc_tank: === RC Tank Demo (EX-035) Role: REMOTE ===
I (1339) rc_tank: Startup delay 10 s (open serial monitor now)...
I (1342) rc_tank:   starting in 10 s
I (2345) rc_tank:   starting in 9 s
I (3345) rc_tank:   starting in 8 s
I (4345) rc_tank:   starting in 7 s
I (5345) rc_tank:   starting in 6 s
I (6345) rc_tank:   starting in 5 s
I (7345) rc_tank:   starting in 4 s
I (8345) rc_tank:   starting in 3 s
I (9345) rc_tank:   starting in 2 s
I (10345) rc_tank:   starting in 1 s
I (11345) rc_tank: Starting Remote role (P1: network, P2: control stub, P3: video)
I (11345) board_laiwfs300: init board support package
I (11345) board_laiwfs300: init capability registry
I (11350) board_laiwfs300: init I2C bus: SDA=GPIO48 SCL=GPIO47
I (11356) bus_i2c: I2C0 initialized: SDA=GPIO48 SCL=GPIO47 speed=100000Hz
I (11362) board_laiwfs300: --- I2C bus scan (0x08-0x77) ---
I (11370) board_laiwfs300:   I2C device ACK at 0x15
I (11372) board_laiwfs300:   I2C device ACK at 0x18
I (11378) board_laiwfs300:   I2C device ACK at 0x22
I (11385) board_laiwfs300:   I2C device ACK at 0x40
I (11388) board_laiwfs300:   I2C device ACK at 0x51
I (11394) board_laiwfs300:   I2C device ACK at 0x68
I (11397) board_laiwfs300: --- I2C scan done: 6 device(s) found ---
W (11401) board_laiwfs300: TPT29555A (IOEX) NOT found at 0x20 (NACK)
I (11407) board_laiwfs300: ES8311 (Codec) found at 0x18
I (11412) board_laiwfs300: ES7210 (ADC) found at 0x40
I (11417) board_laiwfs300: AIP8563 (RTC) found at 0x51
I (11422) board_laiwfs300: BMI260 (IMU @0x68) found at 0x68
W (11427) board_laiwfs300: BMI260 (IMU @0x69) NOT found at 0x69 (NACK)
W (11433) board_laiwfs300: SP0A39 (Camera) NOT found at 0x21 (NACK)
I (11440) board_laiwfs300: ES8311 chip ID: 0x83 0x11
I (11444) board_laiwfs300: ES7210 chip ID: 0x72
I (11450) board_laiwfs300: AIP8563 RTC time: 15:59:35 (BCD raw)
I (11454) board_laiwfs300: BMI260 chip ID: 0x27 (expect 0x27)
I (11459) board_laiwfs300: init SPI bus manager
I (11464) board_laiwfs300: init ADC service
I (11468) board_adc: ADC1 oneshot initialized
I (11472) board_laiwfs300: init board power service
I (11477) board_laiwfs300: ADC D0_DETECT (GPIO1): raw=875 (~662 mV)
I (11482) board_laiwfs300: ADC BAT_ADC (GPIO7): raw=1509 (~1142 mV)
I (11488) board_laiwfs300: ADC SW_ADC (GPIO8): raw=4095 (~3100 mV)
I (11494) board_laiwfs300: init IO expander: TPT29555A addr=0x22
I (11502) io_expander: TPT29555A initialized at 0x22
I (11504) board_laiwfs300: IO expander initialized OK
I (11509) board_laiwfs300: init module detect
I (11513) board_laiwfs300: register detection rules
I (11518) board_laiwfs300: register default capabilities
I (11523) board_laiwfs300: board init complete (ioex=OK)
I (11749) touch_hal: CST836U initialized at 0x15
I (11751) touch_hal: CST836U info: module_id=0x01 fw_ver=0x19 chip_type=0x1300
I (11751) board_touch: CST836U verify OK: module_id=0x01 fw=0x19 chip_type=0x1300
I (11756) rc_control: Joystick init (landscape 320x240, center=108,136, forward=screen-up, 50Hz touch poll)
I (11765) rc_video: Initializing video display
I (11770) display_hal: init ST7789V3 LCD 240x320 SPI host=1
E (11916) spi: spi_bus_initialize(816): SPI bus already initialized.
I (12037) display_hal: ST7789V3 LCD initialized
I (12037) board_display: display mapped: MOSI=GPIO13 SCK=GPIO12 CS=GPIO10 DC=GPIO16 BL=GPIO17 LCD_RST=IOEX P1_5 pclk=40000000
I (12075) rc_video: Display initialized (landscape 320×240) and backlight ON
I (12075) rc_video: Display theory: RGB565=153600 B/frame, SPI payload=30720 us/frame, max=32.55 fps, chunk=60 lines (7680 us)
I (12117) rc_video: PSRAM buffers: jpeg_slot=43200B decoded=86400B canvas=153600B dma_chunk=38400B
I (12117) rc_video: PSRAM state: free_psram=8015260 free_internal=243315 largest_internal_dma=126976
I (12124) rc_video: Buffer caps: jpeg0=0x3c0d0eb0(psram=1) decoded=0x3c0f0950(psram=1) canvas=0x3c105af0(psram=1) dma=0x3fcc0280(dma=1)
I (12135) rc_video: Video RX/display task started (240x180 at x=80 y=0; joystick per LCD chunk)
I (12177) rc_net: Initializing as STA (Remote)
I (12178) pp: pp rom version: e7ae62f
I (12178) net80211: net80211 rom version: e7ae62f
I (12180) wifi:wifi driver task: 3fcccc18, prio:23, stack:6656, core=0
I (12206) wifi:wifi firmware version: 0947e8b
I (12206) wifi:wifi certification version: v7.0
I (12206) wifi:config NVS flash: enabled
I (12207) wifi:config nano formatting: disabled
I (12211) wifi:Init data frame dynamic rx buffer num: 32
I (12216) wifi:Init static rx mgmt buffer num: 5
I (12220) wifi:Init management short buffer num: 32
I (12225) wifi:Init dynamic tx buffer num: 64
I (12229) wifi:Init static tx FG buffer num: 2
I (12233) wifi:Init static rx buffer size: 1600
I (12238) wifi:Init static rx buffer num: 10
I (12241) wifi:Init dynamic rx buffer num: 32
I (12247) wifi_init: rx ba win: 6
I (12249) wifi_init: accept mbox: 6
I (12252) wifi_init: tcpip mbox: 16
I (12255) wifi_init: udp mbox: 16
I (12258) wifi_init: tcp mbox: 6
I (12261) wifi_init: tcp tx win: 5760
I (12264) wifi_init: tcp rx win: 5760
I (12268) wifi_init: tcp mss: 1440
I (12271) wifi_init: WiFi IRAM OP enabled
I (12275) wifi_init: WiFi RX IRAM OP enabled
I (12279) phy_init: phy_version 711,97bcf0a2,Aug 25 2025,19:04:10
W (12279) rc_video: [CAM-DIAG-B] presenter=remote geometry=320x240/60 fixture row_crc(first/mid/last)=146afbad/465461fc/3422e172 chunk_crc(first/mid/last)=27fa880f/aaa179f9/44fa6c77 stale=0 result=ESP_OK
I (12338) wifi:mode : sta (44:1b:f6:f3:ae:40)
I (12339) wifi:enable tsf
E (12341) rc_net: esp_wifi_connect failed: ESP_ERR_WIFI_SSID
I (12440) rc_net: Scanning for RC_TANK_* APs...
I (14942) rc_net: Found tank AP: RC_TANK_F3AE79, RSSI: -25
I (14943) rc_net: Connecting to tank AP...
I (15024) wifi:new:<1,1>, old:<1,0>, ap:<255,255>, sta:<1,1>, prof:1, snd_ch_cfg:0x0
I (15025) wifi:state: init -> auth (0xb0)
I (15031) wifi:state: auth -> assoc (0x0)
I (15054) wifi:state: assoc -> run (0x10)
I (15096) wifi:connected with RC_TANK_F3AE79, aid = 1, channel 1, 40U, bssid = 44:1b:f6:f3:ae:79
I (15097) wifi:security: WPA2-PSK, phy: bgn, rssi: -25, cipher(pairwise:0x3, group:0x3), pmf:1
I (15103) wifi:pm start, type: 1

I (15106) wifi:dp: 1, bi: 102400, li: 3, scale listen interval from 307200 us to 307200 us
I (15114) wifi:set rx beacon pti, rx_bcn_pti: 0, bcn_timeout: 25000, mt_pti: 0, mt_time: 10000
I (15159) wifi:AP's beacon interval = 102400 us, DTIM period = 1
I (16167) esp_netif_handlers: sta ip: 192.168.4.2, mask: 255.255.255.0, gw: 192.168.4.1
I (16167) rc_net: Got IP: 192.168.4.2
I (16167) rc_tank: Network connected, peer: 192.168.4.1
I (16173) rc_net: Ctrl UDP socket ready
I (16177) rc_net: Video UDP socket bound to port 8002
I (16186) wifi:<ba-add>idx:0 (ifx:0, 44:1b:f6:f3:ae:79), tid:0, ssn:0, winSize:64
I (16200) rc_net: Audio TCP connected to tank port 8003
I (16200) rc_tank: Socket channels started
I (16201) rc_video: Remote video started
I (16202) rc_net: Connected to tank AP
I (16205) rc_tank: Remote connected to tank
I (16209) rc_control: Touch poll task started
I (16214) rc_control: Ctrl TX task started (sending STOP heartbeat)
I (16219) rc_control: Remote control started (touch poll + ctrl tx)
I (16225) rc_tank: Remote running (video + control; audio disabled)
I (16231) rc_tank: app_main done, idle loop
