ESP-ROM:esp32s3-20210327
Build:Mar 27 2021
rst:0x1 (POWERON),boot:0x9 (SPI_FAST_FLASH_BOOT)
SPIWP:0xee
mode:DIO, clock div:1
load:0x3fce2820,len:0x14f0
load:0x403c8700,len:0xd24
load:0x403cb700,len:0x2ef0
entry 0x403c8924
I (24) boot: ESP-IDF v5.5.4 2nd stage bootloader
I (25) boot: compile time Aug 25 2026 12:49:13
I (25) boot: Multicore bootloader
I (25) boot: chip revision: v0.2
I (28) boot: efuse block revision: v1.3
I (31) boot.esp32s3: Boot SPI Speed : 80MHz
I (35) boot.esp32s3: SPI Mode       : DIO
I (39) boot.esp32s3: SPI Flash Size : 8MB
I (43) boot: Enabling RNG early entropy source...
I (47) boot: Partition Table:
I (50) boot: ## Label            Usage          Type ST Offset   Length
I (56) boot:  0 nvs              WiFi data        01 02 00009000 00006000
I (63) boot:  1 phy_init         RF data          01 01 0000f000 00001000
I (69) boot:  2 factory          factory app      00 00 00010000 00300000
I (76) boot:  3 storage          Unknown data     01 82 00310000 00100000
I (82) boot: End of partition table
I (85) esp_image: segment 0: paddr=00010020 vaddr=3c0a0020 size=21254h (135764) map
I (117) esp_image: segment 1: paddr=0003127c vaddr=3fca2500 size=053c8h ( 21448) load
I (121) esp_image: segment 2: paddr=0003664c vaddr=40374000 size=099cch ( 39372) load
I (130) esp_image: segment 3: paddr=00040020 vaddr=42000020 size=9c5c0h (640448) map
I (243) esp_image: segment 4: paddr=000dc5e8 vaddr=4037d9cc size=14a38h ( 84536) load
I (262) esp_image: segment 5: paddr=000f1028 vaddr=50000000 size=00020h (    32) load
I (274) boot: Loaded app from partition at offset 0x10000
I (274) boot: Disabling RNG early entropy source...
I (284) esp_psram: Found 8MB PSRAM device
I (284) esp_psram: Speed: 80MHz
I (285) cpu_start: Multicore app
I (1203) esp_psram: SPI SRAM memory test OK
I (1211) cpu_start: GPIO 44 and 43 are used as console UART I/O pins
I (1212) cpu_start: Pro cpu start user code
I (1212) cpu_start: cpu freq: 240000000 Hz
I (1214) app_init: Application information:
I (1218) app_init: Project name:     rc_tank_demo
I (1222) app_init: App version:      1
I (1226) app_init: Compile time:     Aug 25 2026 12:47:08
I (1231) app_init: ELF file SHA256:  8dc1889ce...
I (1235) app_init: ESP-IDF:          v5.5.4
I (1239) efuse_init: Min chip rev:     v0.0
I (1243) efuse_init: Max chip rev:     v0.99 
I (1247) efuse_init: Chip rev:         v0.2
I (1251) heap_init: Initializing. RAM available for dynamic allocation:
I (1258) heap_init: At 3FCAB828 len 0003DEE8 (247 KiB): RAM
I (1263) heap_init: At 3FCE9710 len 00005724 (21 KiB): RAM
I (1268) heap_init: At 3FCF0000 len 00008000 (32 KiB): DRAM
I (1273) heap_init: At 600FE000 len 00001FE8 (7 KiB): RTCRAM
I (1279) esp_psram: Adding pool of 8192K of PSRAM memory to heap allocator
I (1286) spi_flash: detected chip: generic
I (1289) spi_flash: flash io: dio
I (1293) sleep_gpio: Configure to isolate all GPIO pins in sleep state
I (1299) sleep_gpio: Enable automatic switching of GPIO sleep configuration
I (1306) main_task: Started on CPU0
I (1330) esp_psram: Reserving pool of 64K of internal memory for DMA/internal allocations
I (1331) main_task: Calling app_main()
I (1339) rc_tank: === RC Tank Demo (EX-035) Role: REMOTE ===
I (1339) rc_tank: Startup delay 10 s (open serial monitor now)...
I (1342) rc_tank:   starting in 10 s
I (2345) rc_tank:   starting in 9 s
I (3345) rc_tank:   starting in 8 s
I (4345) rc_tank:   starting in 7 s
I (5345) rc_tank:   starting in 6 s
I (6345) rc_tank:   starting in 5 s
I (7345) rc_tank:   starting in 4 s
I (8345) rc_tank:   starting in 3 s
I (9345) rc_tank:   starting in 2 s
I (10345) rc_tank:   starting in 1 s
I (11345) rc_tank: Starting Remote role (P1: network, P2: control stub, P3: video)
I (11345) board_laiwfs300: init board support package
I (11345) board_laiwfs300: init capability registry
I (11350) board_laiwfs300: init I2C bus: SDA=GPIO48 SCL=GPIO47
I (11356) bus_i2c: I2C0 initialized: SDA=GPIO48 SCL=GPIO47 speed=100000Hz
I (11362) board_laiwfs300: --- I2C bus scan (0x08-0x77) ---
I (11370) board_laiwfs300:   I2C device ACK at 0x15
I (11372) board_laiwfs300:   I2C device ACK at 0x18
I (11378) board_laiwfs300:   I2C device ACK at 0x22
I (11385) board_laiwfs300:   I2C device ACK at 0x40
I (11388) board_laiwfs300:   I2C device ACK at 0x51
I (11394) board_laiwfs300:   I2C device ACK at 0x68
I (11397) board_laiwfs300: --- I2C scan done: 6 device(s) found ---
W (11401) board_laiwfs300: TPT29555A (IOEX) NOT found at 0x20 (NACK)
I (11407) board_laiwfs300: ES8311 (Codec) found at 0x18
I (11412) board_laiwfs300: ES7210 (ADC) found at 0x40
I (11417) board_laiwfs300: AIP8563 (RTC) found at 0x51
I (11422) board_laiwfs300: BMI260 (IMU @0x68) found at 0x68
W (11427) board_laiwfs300: BMI260 (IMU @0x69) NOT found at 0x69 (NACK)
W (11433) board_laiwfs300: SP0A39 (Camera) NOT found at 0x21 (NACK)
I (11440) board_laiwfs300: ES8311 chip ID: 0x83 0x11
I (11444) board_laiwfs300: ES7210 chip ID: 0x72
I (11450) board_laiwfs300: AIP8563 RTC time: 16:11:08 (BCD raw)
I (11454) board_laiwfs300: BMI260 chip ID: 0x27 (expect 0x27)
I (11459) board_laiwfs300: init SPI bus manager
I (11464) board_laiwfs300: init ADC service
I (11468) board_adc: ADC1 oneshot initialized
I (11472) board_laiwfs300: init board power service
I (11477) board_laiwfs300: ADC D0_DETECT (GPIO1): raw=984 (~744 mV)
I (11482) board_laiwfs300: ADC BAT_ADC (GPIO7): raw=0 (~0 mV)
I (11488) board_laiwfs300: ADC SW_ADC (GPIO8): raw=4095 (~3100 mV)
I (11493) board_laiwfs300: init IO expander: TPT29555A addr=0x22
I (11502) io_expander: TPT29555A initialized at 0x22
I (11504) board_laiwfs300: IO expander initialized OK
I (11509) board_laiwfs300: init module detect
I (11513) board_laiwfs300: register detection rules
I (11517) board_laiwfs300: register default capabilities
I (11522) board_laiwfs300: board init complete (ioex=OK)
I (11748) touch_hal: CST836U initialized at 0x15
I (11750) touch_hal: CST836U info: module_id=0x01 fw_ver=0x19 chip_type=0x1300
I (11750) board_touch: CST836U verify OK: module_id=0x01 fw=0x19 chip_type=0x1300
I (11755) rc_control: Joystick init (landscape 320x240, center=108,136, forward=screen-up, 50Hz touch poll)
I (11764) rc_video: Initializing video display
I (11769) display_hal: init ST7789V3 LCD 240x320 SPI host=1
E (11915) spi: spi_bus_initialize(816): SPI bus already initialized.
I (12036) display_hal: ST7789V3 LCD initialized
I (12036) board_display: display mapped: MOSI=GPIO13 SCK=GPIO12 CS=GPIO10 DC=GPIO16 BL=GPIO17 LCD_RST=IOEX P1_5 pclk=40000000
I (12074) rc_video: Display initialized (landscape 320×240) and backlight ON
I (12074) rc_video: Display theory: RGB565=153600 B/frame, SPI payload=30720 us/frame, max=32.55 fps, chunk=60 lines (7680 us)
I (12116) rc_video: PSRAM buffers: jpeg_slot=43200B decoded=86400B canvas=153600B dma_chunk=38400B
I (12116) rc_video: PSRAM state: free_psram=8015260 free_internal=243315 largest_internal_dma=126976
I (12122) rc_video: Buffer caps: jpeg0=0x3c0d0eb0(psram=1) decoded=0x3c0f0950(psram=1) canvas=0x3c105af0(psram=1) dma=0x3fcc0280(dma=1)
I (12134) rc_video: Video RX/display task started (240x180 at x=80 y=0; joystick per LCD chunk)
I (12154) rc_net: Initializing as STA (Remote)
I (12155) pp: pp rom version: e7ae62f
I (12156) net80211: net80211 rom version: e7ae62f
I (12157) wifi:wifi driver task: 3fcccc18, prio:23, stack:6656, core=0
I (12164) wifi:wifi firmware version: 0947e8b
I (12166) wifi:wifi certification version: v7.0
I (12170) wifi:config NVS flash: enabled
I (12174) wifi:config nano formatting: disabled
I (12178) wifi:Init data frame dynamic rx buffer num: 32
I (12183) wifi:Init static rx mgmt buffer num: 5
I (12187) wifi:Init management short buffer num: 32
I (12192) wifi:Init dynamic tx buffer num: 64
I (12196) wifi:Init static tx FG buffer num: 2
I (12200) wifi:Init static rx buffer size: 1600
I (12204) wifi:Init static rx buffer num: 10
I (12208) wifi:Init dynamic rx buffer num: 32
I (12216) wifi_init: rx ba win: 6
I (12217) wifi_init: accept mbox: 6
I (12219) wifi_init: tcpip mbox: 16
I (12222) wifi_init: udp mbox: 16
I (12225) wifi_init: tcp mbox: 6
I (12228) wifi_init: tcp tx win: 5760
I (12231) wifi_init: tcp rx win: 5760
I (12235) wifi_init: tcp mss: 1440
I (12238) wifi_init: WiFi IRAM OP enabled
I (12241) wifi_init: WiFi RX IRAM OP enabled
I (12246) phy_init: phy_version 711,97bcf0a2,Aug 25 2025,19:04:10
I (12284) wifi:mode : sta (44:1b:f6:f3:ae:40)
I (12284) wifi:enable tsf
E (12287) rc_net: esp_wifi_connect failed: ESP_ERR_WIFI_SSID
I (12386) rc_net: Scanning for RC_TANK_* APs...
I (14888) rc_net: Found tank AP: RC_TANK_F3AE79, RSSI: -25
I (14889) rc_net: Connecting to tank AP...
I (14967) wifi:new:<1,1>, old:<1,0>, ap:<255,255>, sta:<1,1>, prof:1, snd_ch_cfg:0x0
I (14968) wifi:state: init -> auth (0xb0)
I (14975) wifi:state: auth -> assoc (0x0)
I (14993) wifi:state: assoc -> run (0x10)
I (15017) wifi:connected with RC_TANK_F3AE79, aid = 1, channel 1, 40U, bssid = 44:1b:f6:f3:ae:79
I (15017) wifi:security: WPA2-PSK, phy: bgn, rssi: -25, cipher(pairwise:0x3, group:0x3), pmf:1
I (15023) wifi:pm start, type: 1

I (15026) wifi:dp: 1, bi: 102400, li: 3, scale listen interval from 307200 us to 307200 us
I (15034) wifi:set rx beacon pti, rx_bcn_pti: 0, bcn_timeout: 25000, mt_pti: 0, mt_time: 10000
I (15056) wifi:AP's beacon interval = 102400 us, DTIM period = 1
I (16076) esp_netif_handlers: sta ip: 192.168.4.2, mask: 255.255.255.0, gw: 192.168.4.1
I (16076) rc_net: Got IP: 192.168.4.2
I (16076) rc_tank: Network connected, peer: 192.168.4.1
I (16082) rc_net: Ctrl UDP socket ready
I (16085) rc_net: Video UDP socket bound to port 8002
I (16099) wifi:<ba-add>idx:0 (ifx:0, 44:1b:f6:f3:ae:79), tid:0, ssn:0, winSize:64
I (16400) rc_net: Audio TCP connected to tank port 8003
I (16401) rc_tank: Socket channels started
I (16401) rc_video: Remote video started
I (16402) rc_net: Connected to tank AP
I (16430) rc_tank: Remote connected to tank
I (16430) rc_control: Touch poll task started
I (16431) rc_control: Ctrl TX task started (sending STOP heartbeat)
I (16436) rc_control: Remote control started (touch poll + ctrl tx)
I (16444) rc_tank: Remote running (video + control; audio disabled)
I (16448) rc_tank: app_main done, idle loop
I (18271) rc_net: [CAM-PROBE] Video RX seq=30 jpeg_len=8373 crc32=0x63269ac2 chunks=7
I (19278) rc_net: Video RX complete=30 missing=2 last_seq=40
I (19356) rc_video: Displayed 30 frames (320x240 video at 240x180,80,0) | fps=4.17 theory_max=32.55 | Avg(ms): recv=6.0 decode=14.7 color=0.0 place=10.1 copy=6.8 overlay=11.2 dma=33.5 display=51.6 total=82.4 | JPEG=8342B
I (19364) rc_video: Video queue: ready=31 queue_drop=0 stale_drop=0
I (21262) rc_net: [CAM-PROBE] Video RX seq=60 jpeg_len=8406 crc32=0x208d9012 chunks=8
I (22257) rc_net: Video RX complete=60 missing=2 last_seq=70
I (22385) rc_video: Displayed 60 frames (320x240 video at 240x180,80,0) | fps=9.95 theory_max=32.55 | Avg(ms): recv=4.1 decode=14.9 color=0.0 place=10.5 copy=6.5 overlay=11.0 dma=33.3 display=51.0 total=80.5 | JPEG=8352B
I (22393) rc_video: Video queue: ready=60 queue_drop=0 stale_drop=0
I (24249) rc_net: [CAM-PROBE] Video RX seq=90 jpeg_len=8394 crc32=0x324a314d chunks=7
I (25292) rc_net: Video RX complete=90 missing=2 last_seq=100
I (25370) rc_video: Displayed 90 frames (320x240 video at 240x180,80,0) | fps=10.10 theory_max=32.55 | Avg(ms): recv=3.7 decode=14.6 color=0.0 place=10.2 copy=6.8 overlay=11.3 dma=33.5 display=51.7 total=80.3 | JPEG=8402B
I (25379) rc_video: Video queue: ready=91 queue_drop=0 stale_drop=0
I (27248) rc_net: [CAM-PROBE] Video RX seq=120 jpeg_len=8317 crc32=0x551b858a chunks=7
I (28297) rc_net: Video RX complete=120 missing=2 last_seq=130
I (28375) rc_video: Displayed 120 frames (320x240 video at 240x180,80,0) | fps=10.03 theory_max=32.55 | Avg(ms): recv=4.6 decode=14.8 color=0.0 place=10.3 copy=6.7 overlay=11.0 dma=33.5 display=51.3 total=81.0 | JPEG=8320B
I (28384) rc_video: Video queue: ready=121 queue_drop=0 stale_drop=0
I (30288) rc_net: [CAM-PROBE] Video RX seq=150 jpeg_len=8408 crc32=0x50121a75 chunks=8
I (31280) rc_net: Video RX complete=150 missing=2 last_seq=160
I (31528) rc_video: Displayed 150 frames (320x240 video at 240x180,80,0) | fps=9.56 theory_max=32.55 | Avg(ms): recv=4.7 decode=14.7 color=0.0 place=10.3 copy=6.7 overlay=11.3 dma=33.5 display=51.5 total=81.3 | JPEG=8315B
I (31538) rc_video: Video queue: ready=152 queue_drop=0 stale_drop=1
I (33264) rc_net: [CAM-PROBE] Video RX seq=180 jpeg_len=8458 crc32=0xaf79fc1f chunks=8
I (34354) rc_net: Video RX complete=180 missing=2 last_seq=190
I (34595) rc_video: Displayed 180 frames (320x240 video at 240x180,80,0) | fps=9.83 theory_max=32.55 | Avg(ms): recv=3.5 decode=15.4 color=0.0 place=10.7 copy=6.6 overlay=10.9 dma=33.1 display=50.8 total=80.3 | JPEG=8456B
I (34604) rc_video: Video queue: ready=182 queue_drop=0 stale_drop=2
I (36299) rc_net: [CAM-PROBE] Video RX seq=210 jpeg_len=8564 crc32=0x5352d1bb chunks=8
I (37297) rc_net: Video RX complete=210 missing=2 last_seq=220
I (37626) rc_video: Displayed 210 frames (320x240 video at 240x180,80,0) | fps=9.95 theory_max=32.55 | Avg(ms): recv=6.5 decode=14.7 color=0.0 place=10.4 copy=6.7 overlay=11.2 dma=33.6 display=51.6 total=83.2 | JPEG=8441B
I (37634) rc_video: Video queue: ready=212 queue_drop=0 stale_drop=2
I (39281) rc_net: [CAM-PROBE] Video RX seq=240 jpeg_len=8524 crc32=0x7f46bb99 chunks=8
I (40357) rc_net: Video RX complete=240 missing=2 last_seq=250
I (40714) rc_video: Displayed 240 frames (320x240 video at 240x180,80,0) | fps=9.76 theory_max=32.55 | Avg(ms): recv=3.7 decode=15.3 color=0.0 place=10.9 copy=6.7 overlay=11.0 dma=33.3 display=51.1 total=81.1 | JPEG=8352B
I (40723) rc_video: Video queue: ready=243 queue_drop=0 stale_drop=3
I (42335) rc_net: [CAM-PROBE] Video RX seq=270 jpeg_len=8657 crc32=0x3048f422 chunks=8
I (43364) rc_net: Video RX complete=270 missing=2 last_seq=280
I (43718) rc_video: Displayed 270 frames (320x240 video at 240x180,80,0) | fps=10.04 theory_max=32.55 | Avg(ms): recv=3.4 decode=15.7 color=0.0 place=10.7 copy=6.8 overlay=10.9 dma=33.3 display=51.1 total=80.9 | JPEG=8515B
I (43727) rc_video: Video queue: ready=273 queue_drop=0 stale_drop=3
I (45327) rc_net: [CAM-PROBE] Video RX seq=300 jpeg_len=8601 crc32=0x19ac6a39 chunks=8
I (46323) rc_net: Video RX complete=300 missing=2 last_seq=310
I (46790) rc_video: Displayed 300 frames (320x240 video at 240x180,80,0) | fps=9.81 theory_max=32.55 | Avg(ms): recv=5.6 decode=15.3 color=0.0 place=10.6 copy=6.7 overlay=10.9 dma=33.4 display=51.0 total=82.5 | JPEG=8467B
I (46799) rc_video: Video queue: ready=304 queue_drop=0 stale_drop=3
I (48311) rc_net: [CAM-PROBE] Video RX seq=330 jpeg_len=8473 crc32=0xbd88bd01 chunks=8
I (49370) rc_net: Video RX complete=330 missing=2 last_seq=340
I (49854) rc_video: Displayed 330 frames (320x240 video at 240x180,80,0) | fps=9.84 theory_max=32.55 | Avg(ms): recv=5.4 decode=15.1 color=0.0 place=10.7 copy=6.7 overlay=10.9 dma=33.4 display=51.0 total=82.3 | JPEG=8528B
I (49864) rc_video: Video queue: ready=335 queue_drop=0 stale_drop=4
I (51379) rc_net: [CAM-PROBE] Video RX seq=360 jpeg_len=8661 crc32=0x4b1e236d chunks=8
I (52341) rc_net: Video RX complete=360 missing=2 last_seq=370
I (52959) rc_video: Displayed 360 frames (320x240 video at 240x180,80,0) | fps=9.71 theory_max=32.55 | Avg(ms): recv=4.6 decode=15.1 color=0.0 place=10.6 copy=6.7 overlay=11.0 dma=33.4 display=51.2 total=81.6 | JPEG=8495B
I (52967) rc_video: Video queue: ready=366 queue_drop=0 stale_drop=5
I (54364) rc_net: [CAM-PROBE] Video RX seq=390 jpeg_len=8509 crc32=0xc51c5741 chunks=8
I (55379) rc_net: Video RX complete=390 missing=2 last_seq=400
I (55933) rc_video: Displayed 390 frames (320x240 video at 240x180,80,0) | fps=10.14 theory_max=32.55 | Avg(ms): recv=4.0 decode=15.1 color=0.0 place=10.5 copy=6.7 overlay=10.9 dma=33.4 display=51.1 total=80.6 | JPEG=8501B
I (55942) rc_video: Video queue: ready=395 queue_drop=0 stale_drop=5
I (57336) rc_net: [CAM-PROBE] Video RX seq=420 jpeg_len=8488 crc32=0xe4afb293 chunks=8
I (58390) rc_net: Video RX complete=420 missing=2 last_seq=430
I (59068) rc_video: Displayed 420 frames (320x240 video at 240x180,80,0) | fps=9.62 theory_max=32.55 | Avg(ms): recv=4.7 decode=15.0 color=0.0 place=10.5 copy=6.6 overlay=11.1 dma=33.3 display=51.1 total=81.3 | JPEG=8567B
I (59077) rc_video: Video queue: ready=427 queue_drop=0 stale_drop=6
I (60385) rc_net: [CAM-PROBE] Video RX seq=450 jpeg_len=8488 crc32=0x6a3ea551 chunks=8
I (61364) rc_net: Video RX complete=450 missing=2 last_seq=460
I (62098) rc_video: Displayed 450 frames (320x240 video at 240x180,80,0) | fps=9.95 theory_max=32.55 | Avg(ms): recv=5.4 decode=15.1 color=0.0 place=10.6 copy=6.7 overlay=11.0 dma=33.5 display=51.3 total=82.5 | JPEG=8531B
I (62106) rc_video: Video queue: ready=457 queue_drop=0 stale_drop=6
I (63416) rc_net: [CAM-PROBE] Video RX seq=480 jpeg_len=8506 crc32=0xfaa77875 chunks=8
I (64407) rc_net: Video RX complete=480 missing=2 last_seq=490
I (65276) rc_video: Displayed 480 frames (320x240 video at 240x180,80,0) | fps=9.48 theory_max=32.55 | Avg(ms): recv=4.5 decode=14.9 color=0.0 place=10.3 copy=6.7 overlay=11.2 dma=33.6 display=51.6 total=81.4 | JPEG=8489B
I (65285) rc_video: Video queue: ready=488 queue_drop=0 stale_drop=7
I (66394) rc_net: [CAM-PROBE] Video RX seq=510 jpeg_len=8568 crc32=0x3e6e8392 chunks=8
I (67462) rc_net: Video RX complete=510 missing=2 last_seq=520
I (68272) rc_video: Displayed 510 frames (320x240 video at 240x180,80,0) | fps=10.06 theory_max=32.55 | Avg(ms): recv=3.5 decode=15.0 color=0.0 place=10.3 copy=6.8 overlay=11.1 dma=33.2 display=51.2 total=80.1 | JPEG=8562B
I (68281) rc_video: Video queue: ready=517 queue_drop=0 stale_drop=7
I (69482) rc_net: [CAM-PROBE] Video RX seq=540 jpeg_len=8554 crc32=0x8b5d836f chunks=8
I (70503) rc_net: Video RX complete=540 missing=2 last_seq=550
I (71266) rc_video: Displayed 540 frames (320x240 video at 240x180,80,0) | fps=10.07 theory_max=32.55 | Avg(ms): recv=6.0 decode=15.1 color=0.0 place=10.6 copy=6.4 overlay=11.0 dma=33.4 display=50.9 total=82.6 | JPEG=8493B
I (71275) rc_video: Video queue: ready=547 queue_drop=0 stale_drop=7
I (72447) rc_net: [CAM-PROBE] Video RX seq=570 jpeg_len=8583 crc32=0x87726c02 chunks=8
I (73504) rc_net: Video RX complete=570 missing=2 last_seq=580
I (74271) rc_video: Displayed 570 frames (320x240 video at 240x180,80,0) | fps=10.03 theory_max=32.55 | Avg(ms): recv=4.8 decode=15.3 color=0.0 place=10.5 copy=6.7 overlay=10.9 dma=33.4 display=51.0 total=81.6 | JPEG=8838B
I (74280) rc_video: Video queue: ready=577 queue_drop=0 stale_drop=7
I (75518) rc_net: [CAM-PROBE] Video RX seq=600 jpeg_len=8882 crc32=0x3e0e03c6 chunks=8
I (76484) rc_net: Video RX complete=600 missing=2 last_seq=610
I (77297) rc_video: Displayed 600 frames (320x240 video at 240x180,80,0) | fps=9.96 theory_max=32.55 | Avg(ms): recv=4.0 decode=15.3 color=0.0 place=10.3 copy=6.8 overlay=11.1 dma=33.4 display=51.3 total=81.0 | JPEG=8882B
I (77306) rc_video: Video queue: ready=607 queue_drop=0 stale_drop=7
I (78536) rc_net: [CAM-PROBE] Video RX seq=630 jpeg_len=8887 crc32=0x6e25dca7 chunks=8
I (79531) rc_net: Video RX complete=630 missing=2 last_seq=640
I (80369) rc_video: Displayed 630 frames (320x240 video at 240x180,80,0) | fps=9.81 theory_max=32.55 | Avg(ms): recv=4.3 decode=15.3 color=0.0 place=10.5 copy=6.6 overlay=11.0 dma=33.4 display=51.1 total=81.2 | JPEG=8934B
I (80378) rc_video: Video queue: ready=638 queue_drop=0 stale_drop=7
I (81559) rc_net: [CAM-PROBE] Video RX seq=660 jpeg_len=8936 crc32=0x84062c81 chunks=8
I (82578) rc_net: Video RX complete=660 missing=2 last_seq=670
I (83399) rc_video: Displayed 660 frames (320x240 video at 240x180,80,0) | fps=9.95 theory_max=32.55 | Avg(ms): recv=2.8 decode=15.2 color=0.0 place=10.2 copy=6.7 overlay=11.3 dma=33.5 display=51.6 total=79.8 | JPEG=8865B
I (83407) rc_video: Video queue: ready=668 queue_drop=0 stale_drop=7
I (84561) rc_net: [CAM-PROBE] Video RX seq=690 jpeg_len=8744 crc32=0xe7dc720a chunks=8
I (85621) rc_net: Video RX complete=690 missing=2 last_seq=700
I (86375) rc_video: Displayed 690 frames (320x240 video at 240x180,80,0) | fps=10.13 theory_max=32.55 | Avg(ms): recv=5.9 decode=15.3 color=0.0 place=10.4 copy=6.7 overlay=10.8 dma=33.5 display=51.1 total=82.7 | JPEG=8948B
I (86384) rc_video: Video queue: ready=697 queue_drop=0 stale_drop=7
I (87575) rc_net: [CAM-PROBE] Video RX seq=720 jpeg_len=8769 crc32=0xc7b2cec4 chunks=8
I (88623) rc_net: Video RX complete=720 missing=2 last_seq=730
I (89381) rc_video: Displayed 720 frames (320x240 video at 240x180,80,0) | fps=10.03 theory_max=32.55 | Avg(ms): recv=4.3 decode=15.1 color=0.0 place=10.6 copy=6.6 overlay=10.9 dma=33.3 display=50.9 total=81.0 | JPEG=8881B
I (89390) rc_video: Video queue: ready=727 queue_drop=0 stale_drop=7
I (90626) rc_net: [CAM-PROBE] Video RX seq=750 jpeg_len=8893 crc32=0x8b3f4197 chunks=8
I (91605) rc_net: Video RX complete=750 missing=2 last_seq=760
I (92444) rc_video: Displayed 750 frames (320x240 video at 240x180,80,0) | fps=9.84 theory_max=32.55 | Avg(ms): recv=5.2 decode=15.6 color=0.0 place=10.5 copy=6.6 overlay=10.9 dma=33.3 display=50.9 total=82.2 | JPEG=8871B
I (92452) rc_video: Video queue: ready=757 queue_drop=0 stale_drop=7
I (93657) rc_net: [CAM-PROBE] Video RX seq=780 jpeg_len=8754 crc32=0x6c646f8b chunks=8
I (94710) rc_net: Video RX complete=780 missing=2 last_seq=790
I (95507) rc_video: Displayed 780 frames (320x240 video at 240x180,80,0) | fps=9.84 theory_max=32.55 | Avg(ms): recv=2.9 decode=15.3 color=0.0 place=10.2 copy=6.8 overlay=11.3 dma=33.6 display=51.7 total=80.2 | JPEG=8885B
I (95515) rc_video: Video queue: ready=788 queue_drop=0 stale_drop=7
I (96633) rc_net: [CAM-PROBE] Video RX seq=810 jpeg_len=8869 crc32=0x819d0117 chunks=8
I (97698) rc_net: Video RX complete=810 missing=2 last_seq=820
I (98515) rc_video: Displayed 810 frames (320x240 video at 240x180,80,0) | fps=10.02 theory_max=32.55 | Avg(ms): recv=4.9 decode=15.3 color=0.0 place=10.2 copy=6.7 overlay=11.0 dma=33.5 display=51.3 total=81.8 | JPEG=8902B
I (98524) rc_video: Video queue: ready=818 queue_drop=0 stale_drop=7
I (99679) rc_net: [CAM-PROBE] Video RX seq=840 jpeg_len=8864 crc32=0xd4e2a896 chunks=8
I (100734) rc_net: Video RX complete=840 missing=2 last_seq=850
I (101610) rc_video: Displayed 840 frames (320x240 video at 240x180,80,0) | fps=9.74 theory_max=32.55 | Avg(ms): recv=4.8 decode=15.3 color=0.0 place=10.5 copy=6.5 overlay=10.9 dma=33.7 display=51.2 total=81.9 | JPEG=8938B
I (101619) rc_video: Video queue: ready=849 queue_drop=0 stale_drop=8
I (102761) rc_net: [CAM-PROBE] Video RX seq=870 jpeg_len=8867 crc32=0x22798f70 chunks=8
I (103716) rc_net: Video RX complete=870 missing=2 last_seq=880
I (104607) rc_video: Displayed 870 frames (320x240 video at 240x180,80,0) | fps=10.06 theory_max=32.55 | Avg(ms): recv=5.7 decode=15.3 color=0.0 place=10.6 copy=6.6 overlay=11.0 dma=33.4 display=51.2 total=82.7 | JPEG=8874B
I (104616) rc_video: Video queue: ready=878 queue_drop=0 stale_drop=8
I (105740) rc_net: [CAM-PROBE] Video RX seq=900 jpeg_len=8906 crc32=0xc785ba98 chunks=8
I (106751) rc_net: Video RX complete=900 missing=2 last_seq=910
I (107637) rc_video: Displayed 900 frames (320x240 video at 240x180,80,0) | fps=9.95 theory_max=32.55 | Avg(ms): recv=4.9 decode=15.3 color=0.0 place=10.3 copy=6.7 overlay=11.1 dma=33.4 display=51.3 total=81.8 | JPEG=9040B
I (107646) rc_video: Video queue: ready=909 queue_drop=0 stale_drop=8
I (108747) rc_net: [CAM-PROBE] Video RX seq=930 jpeg_len=8988 crc32=0x9577b2cf chunks=8
I (109758) rc_net: Video RX complete=930 missing=2 last_seq=940
I (110701) rc_video: Displayed 930 frames (320x240 video at 240x180,80,0) | fps=9.84 theory_max=32.55 | Avg(ms): recv=3.1 decode=15.5 color=0.0 place=10.2 copy=6.7 overlay=11.1 dma=33.5 display=51.4 total=80.3 | JPEG=8961B
I (110710) rc_video: Video queue: ready=939 queue_drop=0 stale_drop=9
I (111753) rc_net: [CAM-PROBE] Video RX seq=960 jpeg_len=8732 crc32=0x2893303b chunks=8
I (112743) rc_net: Video RX complete=960 missing=2 last_seq=970
I (113750) rc_video: Displayed 960 frames (320x240 video at 240x180,80,0) | fps=9.89 theory_max=32.55 | Avg(ms): recv=5.2 decode=15.1 color=0.0 place=10.3 copy=6.6 overlay=11.1 dma=33.4 display=51.2 total=81.8 | JPEG=8957B
I (113759) rc_video: Video queue: ready=970 queue_drop=0 stale_drop=9
I (114719) rc_net: [CAM-PROBE] Video RX seq=990 jpeg_len=8981 crc32=0x76f5056b chunks=8
I (115772) rc_net: Video RX complete=990 missing=2 last_seq=1000
I (116840) rc_video: Displayed 990 frames (320x240 video at 240x180,80,0) | fps=9.76 theory_max=32.55 | Avg(ms): recv=3.2 decode=15.1 color=0.0 place=10.1 copy=6.7 overlay=11.1 dma=33.6 display=51.4 total=79.8 | JPEG=8852B
I (116850) rc_video: Video queue: ready=1001 queue_drop=0 stale_drop=10
I (117761) rc_net: [CAM-PROBE] Video RX seq=1020 jpeg_len=9000 crc32=0x507a90ac chunks=8
I (118782) rc_net: Video RX complete=1020 missing=2 last_seq=1030
I (120046) rc_video: Displayed 1020 frames (320x240 video at 240x180,80,0) | fps=9.40 theory_max=32.55 | Avg(ms): recv=5.4 decode=15.2 color=0.0 place=10.2 copy=6.7 overlay=11.2 dma=33.5 display=51.5 total=82.3 | JPEG=8861B
I (120055) rc_video: Video queue: ready=1033 queue_drop=0 stale_drop=12
I (120767) rc_net: [CAM-PROBE] Video RX seq=1050 jpeg_len=8792 crc32=0xea8e3c51 chunks=8
I (121771) rc_net: Video RX complete=1050 missing=2 last_seq=1060
I (123050) rc_video: Displayed 1050 frames (320x240 video at 240x180,80,0) | fps=10.04 theory_max=32.55 | Avg(ms): recv=5.4 decode=15.2 color=0.0 place=10.3 copy=6.7 overlay=11.0 dma=33.5 display=51.3 total=82.2 | JPEG=8763B
I (123059) rc_video: Video queue: ready=1062 queue_drop=0 stale_drop=12
I (123804) rc_net: [CAM-PROBE] Video RX seq=1080 jpeg_len=8775 crc32=0x499616cc chunks=8
I (124922) rc_net: Video RX complete=1080 missing=2 last_seq=1090
I (126138) rc_video: Displayed 1080 frames (320x240 video at 240x180,80,0) | fps=9.76 theory_max=32.55 | Avg(ms): recv=5.5 decode=14.9 color=0.0 place=10.3 copy=6.9 overlay=11.3 dma=33.6 display=51.8 total=82.4 | JPEG=8854B
I (126147) rc_video: Video queue: ready=1093 queue_drop=0 stale_drop=13
I (126790) rc_net: [CAM-PROBE] Video RX seq=1110 jpeg_len=8965 crc32=0x5a1ea951 chunks=8
I (127777) rc_net: Video RX complete=1110 missing=2 last_seq=1120
I (129256) rc_video: Displayed 1110 frames (320x240 video at 240x180,80,0) | fps=9.67 theory_max=32.55 | Avg(ms): recv=5.4 decode=15.5 color=0.0 place=10.5 copy=6.6 overlay=11.1 dma=33.6 display=51.4 total=82.7 | JPEG=8896B
I (129265) rc_video: Video queue: ready=1124 queue_drop=0 stale_drop=14
I (129803) rc_net: [CAM-PROBE] Video RX seq=1140 jpeg_len=8917 crc32=0x0f7eddcc chunks=8
I (130951) rc_net: Video RX complete=1140 missing=2 last_seq=1150
I (132475) rc_video: Displayed 1140 frames (320x240 video at 240x180,80,0) | fps=9.36 theory_max=32.55 | Avg(ms): recv=3.8 decode=15.2 color=0.0 place=10.3 copy=6.8 overlay=11.1 dma=33.4 display=51.4 total=80.8 | JPEG=9012B
I (132484) rc_video: Video queue: ready=1157 queue_drop=0 stale_drop=16
I (132795) rc_net: [CAM-PROBE] Video RX seq=1170 jpeg_len=8891 crc32=0xa2a5cbd3 chunks=8
I (133854) rc_net: Video RX complete=1170 missing=2 last_seq=1180
I (135560) rc_video: Displayed 1170 frames (320x240 video at 240x180,80,0) | fps=9.77 theory_max=32.55 | Avg(ms): recv=4.0 decode=15.4 color=0.0 place=10.4 copy=6.8 overlay=11.0 dma=33.3 display=51.2 total=81.0 | JPEG=8913B
I (135569) rc_video: Video queue: ready=1187 queue_drop=0 stale_drop=17
I (135807) rc_net: [CAM-PROBE] Video RX seq=1200 jpeg_len=8951 crc32=0x33d6a9f1 chunks=8
I (136798) rc_net: Video RX complete=1200 missing=2 last_seq=1210
I (138672) rc_video: Displayed 1200 frames (320x240 video at 240x180,80,0) | fps=9.69 theory_max=32.55 | Avg(ms): recv=4.5 decode=15.4 color=0.0 place=10.5 copy=6.7 overlay=11.2 dma=33.5 display=51.4 total=81.9 | JPEG=8778B
I (138681) rc_video: Video queue: ready=1218 queue_drop=0 stale_drop=18
I (138871) rc_net: [CAM-PROBE] Video RX seq=1230 jpeg_len=8830 crc32=0x16e2db91 chunks=8
I (139851) rc_net: Video RX complete=1230 missing=2 last_seq=1240
I (141855) rc_video: Displayed 1230 frames (320x240 video at 240x180,80,0) | fps=9.47 theory_max=32.55 | Avg(ms): recv=4.7 decode=15.2 color=0.0 place=10.2 copy=6.7 overlay=11.2 dma=33.4 display=51.4 total=81.6 | JPEG=8957B
I (141864) rc_video: Video queue: ready=1249 queue_drop=0 stale_drop=19
I (141875) rc_net: [CAM-PROBE] Video RX seq=1260 jpeg_len=8977 crc32=0x8afa6a6c chunks=8
I (142887) rc_net: Video RX complete=1260 missing=2 last_seq=1270
I (144861) rc_video: Displayed 1260 frames (320x240 video at 240x180,80,0) | fps=10.03 theory_max=32.55 | Avg(ms): recv=3.7 decode=15.2 color=0.0 place=10.2 copy=6.6 overlay=11.0 dma=33.4 display=51.1 total=80.3 | JPEG=8553B
I (144870) rc_video: Video queue: ready=1279 queue_drop=0 stale_drop=19
I (144884) rc_net: [CAM-PROBE] Video RX seq=1290 jpeg_len=8557 crc32=0x8013e46b chunks=8
I (145893) rc_net: Video RX complete=1290 missing=2 last_seq=1300
I (147827) rc_video: Displayed 1290 frames (320x240 video at 240x180,80,0) | fps=10.17 theory_max=32.55 | Avg(ms): recv=3.1 decode=15.1 color=0.0 place=10.2 copy=6.7 overlay=11.1 dma=33.3 display=51.2 total=79.6 | JPEG=8976B
I (147836) rc_video: Video queue: ready=1309 queue_drop=0 stale_drop=19
I (147876) rc_net: [CAM-PROBE] Video RX seq=1320 jpeg_len=8969 crc32=0x8f3c97a5 chunks=8
I (148877) rc_net: Video RX complete=1320 missing=2 last_seq=1330
I (150874) rc_video: Displayed 1320 frames (320x240 video at 240x180,80,0) | fps=9.89 theory_max=32.55 | Avg(ms): recv=4.8 decode=15.4 color=0.0 place=10.5 copy=6.7 overlay=11.0 dma=33.3 display=51.0 total=81.8 | JPEG=8510B
I (150884) rc_video: Video queue: ready=1339 queue_drop=0 stale_drop=19
I (150920) rc_net: [CAM-PROBE] Video RX seq=1350 jpeg_len=8514 crc32=0x9b05324d chunks=8
I (151919) rc_net: Video RX complete=1350 missing=2 last_seq=1360
I (153902) rc_net: [CAM-PROBE] Video RX seq=1380 jpeg_len=8682 crc32=0x2e7d0824 chunks=8
I (153961) rc_video: Displayed 1350 frames (320x240 video at 240x180,80,0) | fps=9.77 theory_max=32.55 | Avg(ms): recv=5.3 decode=15.2 color=0.0 place=10.8 copy=6.7 overlay=10.9 dma=33.2 display=50.9 total=82.3 | JPEG=8669B
I (153970) rc_video: Video queue: ready=1370 queue_drop=0 stale_drop=19
I (154983) rc_net: Video RX complete=1380 missing=2 last_seq=1390
I (156938) rc_net: [CAM-PROBE] Video RX seq=1410 jpeg_len=8710 crc32=0xfd85c770 chunks=8
I (157021) rc_video: Displayed 1380 frames (320x240 video at 240x180,80,0) | fps=9.85 theory_max=32.55 | Avg(ms): recv=5.0 decode=15.6 color=0.0 place=10.8 copy=6.5 overlay=10.9 dma=33.2 display=50.7 total=82.2 | JPEG=8710B
I (157030) rc_video: Video queue: ready=1401 queue_drop=0 stale_drop=20
I (157934) rc_net: Video RX complete=1410 missing=2 last_seq=1420
I (159990) rc_net: [CAM-PROBE] Video RX seq=1440 jpeg_len=8607 crc32=0xcdd17fdf chunks=8
I (160150) rc_video: Displayed 1410 frames (320x240 video at 240x180,80,0) | fps=9.64 theory_max=32.55 | Avg(ms): recv=4.6 decode=15.0 color=0.0 place=10.4 copy=6.6 overlay=11.1 dma=33.3 display=51.1 total=81.2 | JPEG=8610B
I (160159) rc_video: Video queue: ready=1431 queue_drop=0 stale_drop=21
I (160990) rc_net: Video RX complete=1440 missing=2 last_seq=1450
I (163011) rc_net: [CAM-PROBE] Video RX seq=1470 jpeg_len=8665 crc32=0xe0bd3397 chunks=8
I (163189) rc_video: Displayed 1440 frames (320x240 video at 240x180,80,0) | fps=9.92 theory_max=32.55 | Avg(ms): recv=4.2 decode=14.8 color=0.0 place=10.3 copy=6.7 overlay=11.1 dma=33.5 display=51.5 total=80.8 | JPEG=8672B
I (163198) rc_video: Video queue: ready=1461 queue_drop=0 stale_drop=21
I (164048) rc_net: Video RX complete=1470 missing=2 last_seq=1480
I (166021) rc_net: [CAM-PROBE] Video RX seq=1500 jpeg_len=8496 crc32=0xc7f7ad6d chunks=8
I (166196) rc_video: Displayed 1470 frames (320x240 video at 240x180,80,0) | fps=10.03 theory_max=32.55 | Avg(ms): recv=4.0 decode=14.9 color=0.0 place=10.2 copy=6.9 overlay=11.4 dma=33.5 display=51.9 total=81.0 | JPEG=8509B
I (166205) rc_video: Video queue: ready=1492 queue_drop=0 stale_drop=21
I (167029) rc_net: Video RX complete=1500 missing=2 last_seq=1510
I (169012) rc_net: [CAM-PROBE] Video RX seq=1530 jpeg_len=8465 crc32=0x67a59bc9 chunks=8
I (169168) rc_video: Displayed 1500 frames (320x240 video at 240x180,80,0) | fps=10.15 theory_max=32.55 | Avg(ms): recv=3.4 decode=14.8 color=0.0 place=10.2 copy=6.7 overlay=11.0 dma=33.5 display=51.3 total=79.9 | JPEG=8471B
I (169177) rc_video: Video queue: ready=1521 queue_drop=0 stale_drop=21
I (170173) rc_net: Video RX complete=1530 missing=2 last_seq=1540
I (172108) rc_net: [CAM-PROBE] Video RX seq=1560 jpeg_len=8581 crc32=0x22d7c9f3 chunks=8
I (172343) rc_video: Displayed 1530 frames (320x240 video at 240x180,80,0) | fps=9.50 theory_max=32.55 | Avg(ms): recv=4.2 decode=15.5 color=0.0 place=10.9 copy=6.6 overlay=10.9 dma=33.2 display=50.7 total=81.3 | JPEG=8634B
I (172352) rc_video: Video queue: ready=1553 queue_drop=0 stale_drop=22
I (173105) rc_net: Video RX complete=1560 missing=2 last_seq=1570
I (175039) rc_net: [CAM-PROBE] Video RX seq=1590 jpeg_len=8448 crc32=0x5a641372 chunks=8
I (175356) rc_video: Displayed 1560 frames (320x240 video at 240x180,80,0) | fps=10.01 theory_max=32.55 | Avg(ms): recv=4.5 decode=15.0 color=0.0 place=10.6 copy=6.6 overlay=11.1 dma=33.3 display=51.1 total=81.2 | JPEG=8419B
I (175365) rc_video: Video queue: ready=1582 queue_drop=0 stale_drop=22
I (176104) rc_net: Video RX complete=1590 missing=2 last_seq=1600
I (178108) rc_net: [CAM-PROBE] Video RX seq=1620 jpeg_len=8623 crc32=0x23fcb347 chunks=8
I (178475) rc_video: Displayed 1590 frames (320x240 video at 240x180,80,0) | fps=9.67 theory_max=32.55 | Avg(ms): recv=4.2 decode=15.3 color=0.0 place=11.1 copy=6.5 overlay=10.9 dma=33.3 display=50.9 total=81.5 | JPEG=8508B
I (178484) rc_video: Video queue: ready=1613 queue_drop=0 stale_drop=23
I (179074) rc_net: Video RX complete=1620 missing=2 last_seq=1630
