esptool.py v4.12.dev2
Serial port COM7
Connecting.........
Chip is ESP32-S3 (QFN56) (revision v0.2)
Features: WiFi, BLE
Crystal is 40MHz
MAC: 44:1b:f6:f3:ae:78
Uploading stub...
Running stub...
Stub running...
Erasing flash (this may take a while)...
Chip erase completed successfully in 1.0 seconds.
Hard resetting via RTS pin...
esptool.py v4.12.dev2
Serial port COM7
Connecting.........
Chip is ESP32-S3 (QFN56) (revision v0.2)
Features: WiFi, BLE
Crystal is 40MHz
MAC: 44:1b:f6:f3:ae:78
Uploading stub...
Running stub...
Stub running...
Changing baud rate to 460800
Changed.
Configuring flash size...
Flash will be erased from 0x00000000 to 0x00005fff...
Flash will be erased from 0x00008000 to 0x00008fff...
Flash will be erased from 0x00010000 to 0x000f1fff...
SHA digest in image updated
Compressed 20832 bytes to 13348...
Writing at 0x00000000... (100 %)
Wrote 20832 bytes (13348 compressed) at 0x00000000 in 0.4 seconds (effective 431.8 kbit/s)...
Hash of data verified.
Compressed 3072 bytes to 119...
Writing at 0x00008000... (100 %)
Wrote 3072 bytes (119 compressed) at 0x00008000 in 0.0 seconds (effective 1598.9 kbit/s)...
Hash of data verified.
Compressed 922688 bytes to 561165...
Writing at 0x00010000... (2 %)
Writing at 0x0001d337... (5 %)
Writing at 0x000293ad... (8 %)
Writing at 0x00032906... (11 %)
Writing at 0x0003c94a... (14 %)
Writing at 0x000427d1... (17 %)
Writing at 0x00048bea... (20 %)
Writing at 0x0004efe4... (22 %)
Writing at 0x00054e4b... (25 %)
Writing at 0x0005bbed... (28 %)
Writing at 0x00061c62... (31 %)
Writing at 0x00067458... (34 %)
Writing at 0x0006d1b1... (37 %)
Writing at 0x00072fd4... (40 %)
Writing at 0x00078ccd... (42 %)
Writing at 0x0007ee23... (45 %)
Writing at 0x000849eb... (48 %)
Writing at 0x0008a4f4... (51 %)
Writing at 0x0008f602... (54 %)
Writing at 0x00094c90... (57 %)
Writing at 0x0009a436... (60 %)
Writing at 0x0009f9bb... (62 %)
Writing at 0x000a4d7d... (65 %)
Writing at 0x000aa361... (68 %)
Writing at 0x000b06fc... (71 %)
Writing at 0x000b6012... (74 %)
Writing at 0x000bbd36... (77 %)
Writing at 0x000c171e... (80 %)
Writing at 0x000c6cd9... (82 %)
Writing at 0x000cf847... (85 %)
Writing at 0x000d5af1... (88 %)
Writing at 0x000dc178... (91 %)
Writing at 0x000e3ac9... (94 %)
Writing at 0x000ea334... (97 %)
Writing at 0x000ef5c9... (100 %)
Wrote 922688 bytes (561165 compressed) at 0x00010000 in 12.9 seconds (effective 570.5 kbit/s)...
Hash of data verified.

Leaving...
Hard resetting via RTS pin...
