esptool.py v4.12.dev2
Serial port COM7
Connecting.........
Chip is ESP32-S3 (QFN56) (revision v0.2)
Features: WiFi, BLE
Crystal is 40MHz
MAC: 44:1b:f6:f3:ae:78
Uploading stub...
Running stub...
Stub running...
Erasing flash (this may take a while)...
Chip erase completed successfully in 1.0 seconds.
Hard resetting via RTS pin...
esptool.py v4.12.dev2
Serial port COM7
Connecting....
Chip is ESP32-S3 (QFN56) (revision v0.2)
Features: WiFi, BLE
Crystal is 40MHz
MAC: 44:1b:f6:f3:ae:78
Uploading stub...
Running stub...
Stub running...
Changing baud rate to 460800
Changed.
Configuring flash size...
Flash will be erased from 0x00000000 to 0x00005fff...
Flash will be erased from 0x00008000 to 0x00008fff...
Flash will be erased from 0x00010000 to 0x000f1fff...
SHA digest in image updated
Compressed 20832 bytes to 13347...
Writing at 0x00000000... (100 %)
Wrote 20832 bytes (13347 compressed) at 0x00000000 in 0.4 seconds (effective 430.6 kbit/s)...
Hash of data verified.
Compressed 3072 bytes to 119...
Writing at 0x00008000... (100 %)
Wrote 3072 bytes (119 compressed) at 0x00008000 in 0.0 seconds (effective 1530.1 kbit/s)...
Hash of data verified.
Compressed 923152 bytes to 561394...
Writing at 0x00010000... (2 %)
Writing at 0x0001d338... (5 %)
Writing at 0x000293c1... (8 %)
Writing at 0x0003291c... (11 %)
Writing at 0x0003c95f... (14 %)
Writing at 0x000427dc... (17 %)
Writing at 0x00048bdf... (20 %)
Writing at 0x0004eff5... (22 %)
Writing at 0x00054e8c... (25 %)
Writing at 0x0005bc38... (28 %)
Writing at 0x00061d16... (31 %)
Writing at 0x000674bd... (34 %)
Writing at 0x0006d245... (37 %)
Writing at 0x00073084... (40 %)
Writing at 0x00078d82... (42 %)
Writing at 0x0007eece... (45 %)
Writing at 0x00084a99... (48 %)
Writing at 0x0008a58c... (51 %)
Writing at 0x0008f6db... (54 %)
Writing at 0x00094d5a... (57 %)
Writing at 0x0009a4f6... (60 %)
Writing at 0x0009fa5b... (62 %)
Writing at 0x000a4e2c... (65 %)
Writing at 0x000aa426... (68 %)
Writing at 0x000b07d2... (71 %)
Writing at 0x000b60bd... (74 %)
Writing at 0x000bbded... (77 %)
Writing at 0x000c17ab... (80 %)
Writing at 0x000c6d9a... (82 %)
Writing at 0x000cf891... (85 %)
Writing at 0x000d5b86... (88 %)
Writing at 0x000dc1c7... (91 %)
Writing at 0x000e3b38... (94 %)
Writing at 0x000ea408... (97 %)
Writing at 0x000ef64b... (100 %)
Wrote 923152 bytes (561394 compressed) at 0x00010000 in 12.9 seconds (effective 570.8 kbit/s)...
Hash of data verified.

Leaving...
Hard resetting via RTS pin...
