=========================================
Flashing RC Tank Demo - TANK Role to COM7
=========================================
Bootloader:      E:\10__AIProject\7_AI陪伴机器人\CODE\examples\rc_tank_demo\firmware_backup\bootloader_TANK.bin
Partition Table: E:\10__AIProject\7_AI陪伴机器人\CODE\examples\rc_tank_demo\firmware_backup\partition-table_TANK.bin
Application:     E:\10__AIProject\7_AI陪伴机器人\CODE\examples\rc_tank_demo\firmware_backup\rc_tank_demo_TANK.bin

Erasing flash...
esptool.py v4.12.dev2
Serial port COM7
Connecting....
Chip is ESP32-S3 (QFN56) (revision v0.2)
Features: WiFi, BLE
Crystal is 40MHz
MAC: 44:1b:f6:f3:ae:78
Uploading stub...
Running stub...
Stub running...
Erasing flash (this may take a while)...
Chip erase completed successfully in 0.4 seconds.
Hard resetting via RTS pin...

Programming flash...
esptool.py v4.12.dev2
Serial port COM7
Connecting....
Chip is ESP32-S3 (QFN56) (revision v0.2)
Features: WiFi, BLE
Crystal is 40MHz
MAC: 44:1b:f6:f3:ae:78
Uploading stub...
Running stub...
Stub running...
Changing baud rate to 460800
Changed.
Configuring flash size...
Flash will be erased from 0x00000000 to 0x00005fff...
Flash will be erased from 0x00008000 to 0x00008fff...
Flash will be erased from 0x00010000 to 0x000f1fff...
SHA digest in image updated
Compressed 20832 bytes to 13346...
Writing at 0x00000000... (100 %)
Wrote 20832 bytes (13346 compressed) at 0x00000000 in 0.4 seconds (effective 433.2 kbit/s)...
Hash of data verified.
Compressed 3072 bytes to 119...
Writing at 0x00008000... (100 %)
Wrote 3072 bytes (119 compressed) at 0x00008000 in 0.0 seconds (effective 1535.7 kbit/s)...
Hash of data verified.
Compressed 921840 bytes to 560663...
Writing at 0x00010000... (2 %)
Writing at 0x0001d356... (5 %)
Writing at 0x00029358... (8 %)
Writing at 0x00032984... (11 %)
Writing at 0x0003c90b... (14 %)
Writing at 0x000427b9... (17 %)
Writing at 0x00048bb3... (20 %)
Writing at 0x0004efa2... (22 %)
Writing at 0x00054df8... (25 %)
Writing at 0x0005bbc4... (28 %)
Writing at 0x00061bb8... (31 %)
Writing at 0x000674e7... (34 %)
Writing at 0x0006d189... (37 %)
Writing at 0x00072fbf... (40 %)
Writing at 0x00078c9c... (42 %)
Writing at 0x0007edd9... (45 %)
Writing at 0x000849c2... (48 %)
Writing at 0x0008a46d... (51 %)
Writing at 0x0008f578... (54 %)
Writing at 0x00094bfc... (57 %)
Writing at 0x0009a3da... (60 %)
Writing at 0x0009f935... (62 %)
Writing at 0x000a4cd1... (65 %)
Writing at 0x000aa2be... (68 %)
Writing at 0x000b0672... (71 %)
Writing at 0x000b5ff2... (74 %)
Writing at 0x000bbd31... (77 %)
Writing at 0x000c178b... (80 %)
Writing at 0x000c6c77... (82 %)
Writing at 0x000cf89f... (85 %)
Writing at 0x000d5b19... (88 %)
Writing at 0x000dc06a... (91 %)
Writing at 0x000e3ab3... (94 %)
Writing at 0x000ea229... (97 %)
Writing at 0x000ef65f... (100 %)
Wrote 921840 bytes (560663 compressed) at 0x00010000 in 12.9 seconds (effective 571.3 kbit/s)...
Hash of data verified.

Leaving...
Hard resetting via RTS pin...

=========================================
Flash completed successfully!
=========================================
