=========================================
Flashing RC Tank Demo - REMOTE Role to COM24
=========================================
Bootloader:      E:\10__AIProject\7_AI陪伴机器人\CODE\examples\rc_tank_demo\firmware_backup\bootloader_REMOTE.bin
Partition Table: E:\10__AIProject\7_AI陪伴机器人\CODE\examples\rc_tank_demo\firmware_backup\partition-table_REMOTE.bin
Application:     E:\10__AIProject\7_AI陪伴机器人\CODE\examples\rc_tank_demo\firmware_backup\rc_tank_demo_REMOTE.bin

Erasing flash...
esptool.py v4.12.dev2
Serial port COM24
Connecting....
Chip is ESP32-S3 (QFN56) (revision v0.2)
Features: WiFi, BLE
Crystal is 40MHz
MAC: 44:1b:f6:f3:ae:40
Uploading stub...
Running stub...
Stub running...
Erasing flash (this may take a while)...
Chip erase completed successfully in 1.4 seconds.
Hard resetting via RTS pin...

Programming flash...
esptool.py v4.12.dev2
Serial port COM24
Connecting....
Chip is ESP32-S3 (QFN56) (revision v0.2)
Features: WiFi, BLE
Crystal is 40MHz
MAC: 44:1b:f6:f3:ae:40
Uploading stub...
Running stub...
Stub running...
Changing baud rate to 460800
Changed.
Configuring flash size...
Flash will be erased from 0x00000000 to 0x00005fff...
Flash will be erased from 0x00008000 to 0x00008fff...
Flash will be erased from 0x00010000 to 0x000f1fff...
SHA digest in image updated
Compressed 20832 bytes to 13346...
Writing at 0x00000000... (100 %)
Wrote 20832 bytes (13346 compressed) at 0x00000000 in 0.4 seconds (effective 443.5 kbit/s)...
Hash of data verified.
Compressed 3072 bytes to 119...
Writing at 0x00008000... (100 %)
Wrote 3072 bytes (119 compressed) at 0x00008000 in 0.0 seconds (effective 1601.4 kbit/s)...
Hash of data verified.
Compressed 923488 bytes to 552010...
Writing at 0x00010000... (2 %)
Writing at 0x0001cdd0... (5 %)
Writing at 0x000289e3... (8 %)
Writing at 0x000321c5... (11 %)
Writing at 0x0003ca5c... (14 %)
Writing at 0x00042a7c... (17 %)
Writing at 0x00048d07... (20 %)
Writing at 0x0004ef41... (23 %)
Writing at 0x0005906f... (26 %)
Writing at 0x0005fcd2... (29 %)
Writing at 0x000659a9... (32 %)
Writing at 0x0006b32e... (35 %)
Writing at 0x00070f4c... (38 %)
Writing at 0x00076d02... (41 %)
Writing at 0x0007cc70... (44 %)
Writing at 0x00082c74... (47 %)
Writing at 0x00088b42... (50 %)
Writing at 0x0008dc9a... (52 %)
Writing at 0x00092bd4... (55 %)
Writing at 0x000984bb... (58 %)
Writing at 0x0009dcc4... (61 %)
Writing at 0x000a3286... (64 %)
Writing at 0x000a874c... (67 %)
Writing at 0x000adfc1... (70 %)
Writing at 0x000b4029... (73 %)
Writing at 0x000b9c3f... (76 %)
Writing at 0x000bf7b8... (79 %)
Writing at 0x000c511e... (82 %)
Writing at 0x000ca955... (85 %)
Writing at 0x000d382e... (88 %)
Writing at 0x000d97d2... (91 %)
Writing at 0x000e15d3... (94 %)
Writing at 0x000e7f90... (97 %)
Writing at 0x000ed391... (100 %)
Wrote 923488 bytes (552010 compressed) at 0x00010000 in 12.3 seconds (effective 600.3 kbit/s)...
Hash of data verified.

Leaving...
Hard resetting via RTS pin...

=========================================
Flash completed successfully!
=========================================
