ESP-ROM:esp32s3-20210327
Build:Mar 27 2021
rst:0x1 (POWERON),boot:0x9 (SPI_FAST_FLASH_BOOT)
SPIWP:0xee
mode:DIO, clock div:1
load:0x3fce2820,len:0x14f0
load:0x403c8700,len:0xd24
load:0x403cb700,len:0x2ef0
entry 0x403c8924
I (24) boot: ESP-IDF v5.5.4 2nd stage bootloader
I (25) boot: compile time Aug 25 2026 14:37:17
I (25) boot: Multicore bootloader
I (25) boot: chip revision: v0.2
I (28) boot: efuse block revision: v1.3
I (31) boot.esp32s3: Boot SPI Speed : 80MHz
I (35) boot.esp32s3: SPI Mode       : DIO
I (39) boot.esp32s3: SPI Flash Size : 8MB
I (43) boot: Enabling RNG early entropy source...
I (47) boot: Partition Table:
I (50) boot: ## Label            Usage          Type ST Offset   Length
I (56) boot:  0 nvs              WiFi data        01 02 00009000 00006000
I (63) boot:  1 phy_init         RF data          01 01 0000f000 00001000
I (69) boot:  2 factory          factory app      00 00 00010000 00300000
I (76) boot:  3 storage          Unknown data     01 82 00310000 00100000
I (82) boot: End of partition table
I (85) esp_image: segment 0: paddr=00010020 vaddr=3c0a0020 size=21534h (136500) map
I (117) esp_image: segment 1: paddr=0003155c vaddr=3fca2500 size=053d8h ( 21464) load
I (122) esp_image: segment 2: paddr=0003693c vaddr=40374000 size=096dch ( 38620) load
I (130) esp_image: segment 3: paddr=00040020 vaddr=42000020 size=9c9c8h (641480) map
I (244) esp_image: segment 4: paddr=000dc9f0 vaddr=4037d6dc size=14d28h ( 85288) load
I (262) esp_image: segment 5: paddr=000f1720 vaddr=50000000 size=00020h (    32) load
I (274) boot: Loaded app from partition at offset 0x10000
I (275) boot: Disabling RNG early entropy source...
I (285) esp_psram: Found 8MB PSRAM device
I (285) esp_psram: Speed: 80MHz
I (285) cpu_start: Multicore app
I (1203) esp_psram: SPI SRAM memory test OK
I (1212) cpu_start: GPIO 44 and 43 are used as console UART I/O pins
I (1212) cpu_start: Pro cpu start user code
I (1212) cpu_start: cpu freq: 240000000 Hz
I (1214) app_init: Application information:
I (1218) app_init: Project name:     rc_tank_demo
I (1223) app_init: App version:      1
I (1226) app_init: Compile time:     Aug 25 2026 14:36:29
I (1231) app_init: ELF file SHA256:  dd13a1ebf...
I (1236) app_init: ESP-IDF:          v5.5.4
I (1240) efuse_init: Min chip rev:     v0.0
I (1243) efuse_init: Max chip rev:     v0.99 
I (1248) efuse_init: Chip rev:         v0.2
I (1252) heap_init: Initializing. RAM available for dynamic allocation:
I (1258) heap_init: At 3FCAB848 len 0003DEC8 (247 KiB): RAM
I (1263) heap_init: At 3FCE9710 len 00005724 (21 KiB): RAM
I (1268) heap_init: At 3FCF0000 len 00008000 (32 KiB): DRAM
I (1274) heap_init: At 600FE000 len 00001FE8 (7 KiB): RTCRAM
I (1279) esp_psram: Adding pool of 8192K of PSRAM memory to heap allocator
I (1286) spi_flash: detected chip: generic
I (1289) spi_flash: flash io: dio
I (1293) sleep_gpio: Configure to isolate all GPIO pins in sleep state
I (1299) sleep_gpio: Enable automatic switching of GPIO sleep configuration
I (1306) main_task: Started on CPU0
I (1330) esp_psram: Reserving pool of 64K of internal memory for DMA/internal allocations
I (1331) main_task: Calling app_main()
I (1339) rc_tank: === RC Tank Demo (EX-035) Role: REMOTE ===
I (1339) rc_tank: Startup delay 10 s (open serial monitor now)...
I (1342) rc_tank:   starting in 10 s
I (2345) rc_tank:   starting in 9 s
I (3345) rc_tank:   starting in 8 s
I (4345) rc_tank:   starting in 7 s
I (5345) rc_tank:   starting in 6 s
I (6345) rc_tank:   starting in 5 s
I (7345) rc_tank:   starting in 4 s
I (8345) rc_tank:   starting in 3 s
I (9345) rc_tank:   starting in 2 s
I (10345) rc_tank:   starting in 1 s
I (11345) rc_tank: Starting Remote role (P1: network, P2: control stub, P3: video)
I (11345) board_laiwfs300: init board support package
I (11345) board_laiwfs300: init capability registry
I (11350) board_laiwfs300: init I2C bus: SDA=GPIO48 SCL=GPIO47
I (11356) bus_i2c: I2C0 initialized: SDA=GPIO48 SCL=GPIO47 speed=100000Hz
I (11362) board_laiwfs300: --- I2C bus scan (0x08-0x77) ---
I (11370) board_laiwfs300:   I2C device ACK at 0x15
I (11372) board_laiwfs300:   I2C device ACK at 0x18
I (11378) board_laiwfs300:   I2C device ACK at 0x22
I (11385) board_laiwfs300:   I2C device ACK at 0x40
I (11388) board_laiwfs300:   I2C device ACK at 0x51
I (11394) board_laiwfs300:   I2C device ACK at 0x68
I (11397) board_laiwfs300: --- I2C scan done: 6 device(s) found ---
W (11401) board_laiwfs300: TPT29555A (IOEX) NOT found at 0x20 (NACK)
I (11407) board_laiwfs300: ES8311 (Codec) found at 0x18
I (11412) board_laiwfs300: ES7210 (ADC) found at 0x40
I (11417) board_laiwfs300: AIP8563 (RTC) found at 0x51
I (11422) board_laiwfs300: BMI260 (IMU @0x68) found at 0x68
W (11427) board_laiwfs300: BMI260 (IMU @0x69) NOT found at 0x69 (NACK)
W (11433) board_laiwfs300: SP0A39 (Camera) NOT found at 0x21 (NACK)
I (11440) board_laiwfs300: ES8311 chip ID: 0x83 0x11
I (11444) board_laiwfs300: ES7210 chip ID: 0x72
I (11450) board_laiwfs300: AIP8563 RTC time: 3D:59:10 (BCD raw)
I (11454) board_laiwfs300: BMI260 chip ID: 0x27 (expect 0x27)
I (11459) board_laiwfs300: init SPI bus manager
I (11464) board_laiwfs300: init ADC service
I (11468) board_adc: ADC1 oneshot initialized
I (11472) board_laiwfs300: init board power service
I (11477) board_laiwfs300: ADC D0_DETECT (GPIO1): raw=979 (~741 mV)
I (11482) board_laiwfs300: ADC BAT_ADC (GPIO7): raw=0 (~0 mV)
I (11488) board_laiwfs300: ADC SW_ADC (GPIO8): raw=4095 (~3100 mV)
I (11493) board_laiwfs300: init IO expander: TPT29555A addr=0x22
I (11502) io_expander: TPT29555A initialized at 0x22
I (11504) board_laiwfs300: IO expander initialized OK
I (11509) board_laiwfs300: init module detect
I (11513) board_laiwfs300: register detection rules
I (11517) board_laiwfs300: register default capabilities
I (11522) board_laiwfs300: board init complete (ioex=OK)
I (11748) touch_hal: CST836U initialized at 0x15
I (11750) touch_hal: CST836U info: module_id=0x01 fw_ver=0x19 chip_type=0x1300
I (11750) board_touch: CST836U verify OK: module_id=0x01 fw=0x19 chip_type=0x1300
I (11755) rc_control: Joystick init (landscape 320x240, center=108,136, forward=screen-up, 50Hz touch poll)
I (11764) rc_video: Initializing video display
I (11769) display_hal: init ST7789V3 LCD 240x320 SPI host=1
E (11915) spi: spi_bus_initialize(816): SPI bus already initialized.
I (12035) display_hal: ST7789V3 LCD initialized
I (12035) board_display: display mapped: MOSI=GPIO13 SCK=GPIO12 CS=GPIO10 DC=GPIO16 BL=GPIO17 LCD_RST=IOEX P1_5 pclk=40000000
I (12073) rc_video: Display initialized (landscape 320×240) and backlight ON
I (12073) rc_video: Display theory: RGB565=153600 B/frame, SPI payload=30720 us/frame, max=32.55 fps, chunk=60 lines (7680 us)
I (12115) rc_video: PSRAM buffers: jpeg_slot=43200B decoded=86400B canvas=153600B dma_chunk=38400B
I (12115) rc_video: PSRAM state: free_psram=8015260 free_internal=243283 largest_internal_dma=126976
I (12121) rc_video: Buffer caps: jpeg0=0x3c0d0eb0(psram=1) decoded=0x3c0f0950(psram=1) canvas=0x3c105af0(psram=1) dma=0x3fcc02c0(dma=1)
I (12133) rc_video: Video RX/display task started (240x180 at x=80 y=0; joystick per LCD chunk)
I (12153) rc_net: Initializing as STA (Remote)
I (12154) pp: pp rom version: e7ae62f
I (12155) net80211: net80211 rom version: e7ae62f
I (12156) wifi:wifi driver task: 3fcccc40, prio:23, stack:6656, core=0
I (12163) wifi:wifi firmware version: 0947e8b
I (12165) wifi:wifi certification version: v7.0
I (12169) wifi:config NVS flash: enabled
I (12172) rc_video: Remote WiFi icon updated: connected=0 epoch=0
I (12173) wifi:config nano formatting: disabled
I (12183) wifi:Init data frame dynamic rx buffer num: 32
I (12188) wifi:Init static rx mgmt buffer num: 5
I (12192) wifi:Init management short buffer num: 32
I (12197) wifi:Init dynamic tx buffer num: 64
I (12201) wifi:Init static tx FG buffer num: 2
I (12205) wifi:Init static rx buffer size: 1600
I (12209) wifi:Init static rx buffer num: 10
I (12213) wifi:Init dynamic rx buffer num: 32
I (12218) wifi_init: rx ba win: 6
I (12222) wifi_init: accept mbox: 6
I (12223) wifi_init: tcpip mbox: 16
I (12227) wifi_init: udp mbox: 16
I (12230) wifi_init: tcp mbox: 6
I (12233) wifi_init: tcp tx win: 5760
I (12236) wifi_init: tcp rx win: 5760
I (12239) wifi_init: tcp mss: 1440
I (12243) wifi_init: WiFi IRAM OP enabled
I (12246) wifi_init: WiFi RX IRAM OP enabled
I (12251) phy_init: phy_version 711,97bcf0a2,Aug 25 2025,19:04:10
I (12303) wifi:mode : sta (44:1b:f6:f3:ae:40)
I (12303) wifi:enable tsf
W (12305) rc_control: Network disconnected: control TX paused
I (12305) rc_net: STA started; recovery task owns scan/connect
W (12309) rc_tank: Network disconnected
I (12313) rc_net: Remote network recovery active; init does not wait for AP
I (12320) rc_tank: Remote network recovery started; waiting for tank as needed
I (12327) rc_control: Touch poll task started
I (12331) rc_control: Ctrl TX task started (sending STOP heartbeat)
I (12337) rc_control: Remote control started (touch poll + ctrl tx)
I (12343) rc_tank: Remote running (video + control; audio disabled)
I (12349) rc_tank: app_main done, idle loop
I (12413) rc_net: Remote recovery task started (scan loop, 3 direct attempts, 5000 ms interval)
I (12514) rc_net: Scanning for RC_TANK_* APs...
I (15016) rc_net: Found tank AP: RC_TANK_F3AE79, RSSI: -26
I (15017) rc_net: Connecting to tank AP, attempt 1/3
I (15134) wifi:new:<1,1>, old:<1,0>, ap:<255,255>, sta:<1,1>, prof:1, snd_ch_cfg:0x0
I (15135) wifi:state: init -> auth (0xb0)
I (15158) wifi:state: auth -> assoc (0x0)
I (15207) wifi:Association refused temporarily time 1500, comeback time 1600 (TUs)
I (16846) wifi:state: assoc -> assoc (0x0)
I (16893) wifi:state: assoc -> run (0x10)
I (16954) wifi:connected with RC_TANK_F3AE79, aid = 1, channel 1, 40U, bssid = 44:1b:f6:f3:ae:79
I (16954) wifi:security: WPA2-PSK, phy: bgn, rssi: -26, cipher(pairwise:0x3, group:0x3), pmf:1
I (16960) wifi:pm start, type: 1

I (16963) wifi:dp: 1, bi: 102400, li: 3, scale listen interval from 307200 us to 307200 us
I (16971) wifi:set rx beacon pti, rx_bcn_pti: 0, bcn_timeout: 25000, mt_pti: 0, mt_time: 10000
I (16980) wifi:AP's beacon interval = 102400 us, DTIM period = 1
I (18049) esp_netif_handlers: sta ip: 192.168.4.2, mask: 255.255.255.0, gw: 192.168.4.1
I (18049) rc_net: Got IP: 192.168.4.2
I (18049) rc_net: Connected to tank AP; waiting for disconnect
I (18050) rc_video: Remote WiFi icon updated: connected=1 epoch=1
I (18057) rc_control: Joystick released: motion control re-armed
I (18050) rc_control: Network connected: waiting for joystick release before motion
W (18066) rc_control: Ctrl send failed: ESP_ERR_INVALID_STATE
I (18074) rc_tank: Network connected, peer: 192.168.4.1
I (18085) rc_net: Ctrl UDP socket ready
I (18088) rc_net: Video UDP socket bound to port 8002
I (18101) wifi:<ba-add>idx:0 (ifx:0, 44:1b:f6:f3:ae:79), tid:0, ssn:0, winSize:64
E (36343) rc_net: Audio connect failed: errno 113
I (36344) rc_tank: Socket channels started
I (36345) rc_video: Remote video started
I (37800) rc_net: [CAM-PROBE] Video RX seq=7290 jpeg_len=9241 crc32=0x1eef99db chunks=8
I (39809) rc_net: Video RX complete=30 missing=155 last_seq=7307
I (39885) rc_video: Displayed 30 frames (320x240 video at 240x180,80,0) | fps=1.08 theory_max=32.55 | Avg(ms): recv=9.0 decode=15.2 color=0.0 place=10.0 copy=6.6 overlay=10.8 dma=31.9 display=49.3 total=83.7 | JPEG=9028B
I (39894) rc_video: Video queue: ready=30 queue_drop=0 stale_drop=0
I (41337) rc_net: [CAM-PROBE] Video RX seq=7320 jpeg_len=9146 crc32=0xe3649c4a chunks=8
I (43375) rc_net: Video RX complete=60 missing=155 last_seq=7337
I (43451) rc_video: Displayed 60 frames (320x240 video at 240x180,80,0) | fps=8.45 theory_max=32.55 | Avg(ms): recv=9.4 decode=15.1 color=0.0 place=10.0 copy=6.5 overlay=10.7 dma=31.8 display=49.1 total=83.7 | JPEG=9070B
I (43460) rc_video: Video queue: ready=61 queue_drop=0 stale_drop=0
I (44859) rc_net: [CAM-PROBE] Video RX seq=7350 jpeg_len=9191 crc32=0xb1f93bf1 chunks=8
I (46859) rc_net: Video RX complete=90 missing=155 last_seq=7367
I (46934) rc_video: Displayed 90 frames (320x240 video at 240x180,80,0) | fps=8.65 theory_max=32.55 | Avg(ms): recv=8.3 decode=15.2 color=0.0 place=10.1 copy=6.6 overlay=10.7 dma=31.8 display=49.2 total=82.9 | JPEG=9365B
I (46943) rc_video: Video queue: ready=90 queue_drop=0 stale_drop=0
I (48389) rc_net: [CAM-PROBE] Video RX seq=7380 jpeg_len=10556 crc32=0x89e64a3d chunks=9
I (50376) rc_net: Video RX complete=120 missing=155 last_seq=7397
I (50451) rc_video: Displayed 120 frames (320x240 video at 240x180,80,0) | fps=8.57 theory_max=32.55 | Avg(ms): recv=9.9 decode=15.3 color=0.0 place=10.1 copy=6.7 overlay=10.7 dma=31.8 display=49.3 total=84.6 | JPEG=9336B
I (50460) rc_video: Video queue: ready=120 queue_drop=0 stale_drop=0
I (51907) rc_net: [CAM-PROBE] Video RX seq=7410 jpeg_len=9342 crc32=0x5d05ca53 chunks=8
I (53905) rc_net: Video RX complete=150 missing=155 last_seq=7427
I (53980) rc_video: Displayed 150 frames (320x240 video at 240x180,80,0) | fps=8.54 theory_max=32.55 | Avg(ms): recv=9.0 decode=15.3 color=0.0 place=10.1 copy=6.6 overlay=10.7 dma=31.8 display=49.2 total=83.7 | JPEG=9346B
I (53989) rc_video: Video queue: ready=150 queue_drop=0 stale_drop=0
I (55481) rc_net: [CAM-PROBE] Video RX seq=7440 jpeg_len=10409 crc32=0x16f38524 chunks=9
I (57417) rc_net: Video RX complete=180 missing=155 last_seq=7457
I (57594) rc_video: Displayed 180 frames (320x240 video at 240x180,80,0) | fps=8.33 theory_max=32.55 | Avg(ms): recv=6.0 decode=15.3 color=0.0 place=10.0 copy=6.7 overlay=10.7 dma=31.9 display=49.3 total=80.7 | JPEG=10436B
I (57603) rc_video: Video queue: ready=181 queue_drop=0 stale_drop=1
I (59002) rc_net: [CAM-PROBE] Video RX seq=7470 jpeg_len=10397 crc32=0xa1aef00e chunks=9
I (60994) rc_net: Video RX complete=210 missing=155 last_seq=7487
I (61146) rc_video: Displayed 210 frames (320x240 video at 240x180,80,0) | fps=8.48 theory_max=32.55 | Avg(ms): recv=9.0 decode=15.3 color=0.0 place=10.1 copy=6.7 overlay=10.7 dma=31.8 display=49.3 total=83.8 | JPEG=10015B
I (61155) rc_video: Video queue: ready=211 queue_drop=0 stale_drop=1
I (62529) rc_net: [CAM-PROBE] Video RX seq=7500 jpeg_len=10450 crc32=0x79a7c4dc chunks=9
I (64512) rc_net: Video RX complete=240 missing=155 last_seq=7517
I (64661) rc_video: Displayed 240 frames (320x240 video at 240x180,80,0) | fps=8.57 theory_max=32.55 | Avg(ms): recv=8.6 decode=15.3 color=0.0 place=10.1 copy=6.6 overlay=10.7 dma=31.8 display=49.2 total=83.3 | JPEG=9520B
I (64670) rc_video: Video queue: ready=241 queue_drop=0 stale_drop=1
I (66003) rc_net: [CAM-PROBE] Video RX seq=7530 jpeg_len=9398 crc32=0x23b35851 chunks=8
I (68051) rc_net: Video RX complete=270 missing=155 last_seq=7547
I (68201) rc_video: Displayed 270 frames (320x240 video at 240x180,80,0) | fps=8.51 theory_max=32.55 | Avg(ms): recv=7.4 decode=15.1 color=0.0 place=10.2 copy=6.7 overlay=10.7 dma=31.9 display=49.4 total=82.1 | JPEG=9284B
I (68210) rc_video: Video queue: ready=271 queue_drop=0 stale_drop=1
I (69524) rc_net: [CAM-PROBE] Video RX seq=7560 jpeg_len=8989 crc32=0x29d2a705 chunks=8
I (71553) rc_net: Video RX complete=300 missing=155 last_seq=7577
I (71744) rc_video: Displayed 300 frames (320x240 video at 240x180,80,0) | fps=8.50 theory_max=32.55 | Avg(ms): recv=6.3 decode=15.1 color=0.0 place=10.0 copy=6.7 overlay=10.8 dma=31.8 display=49.4 total=80.9 | JPEG=10024B
I (71754) rc_video: Video queue: ready=302 queue_drop=0 stale_drop=1
I (73044) rc_net: [CAM-PROBE] Video RX seq=7590 jpeg_len=9093 crc32=0x90324754 chunks=8
I (75075) rc_net: Video RX complete=330 missing=155 last_seq=7607
I (75224) rc_video: Displayed 330 frames (320x240 video at 240x180,80,0) | fps=8.66 theory_max=32.55 | Avg(ms): recv=8.8 decode=15.0 color=0.0 place=10.1 copy=6.6 overlay=10.8 dma=32.1 display=49.5 total=83.4 | JPEG=9172B
I (75233) rc_video: Video queue: ready=331 queue_drop=0 stale_drop=1
I (76563) rc_net: [CAM-PROBE] Video RX seq=7620 jpeg_len=9612 crc32=0x5fa0c609 chunks=9
I (78316) rc_net: Video RX complete=360 missing=155 last_seq=7637
I (78494) rc_video: Displayed 360 frames (320x240 video at 240x180,80,0) | fps=9.22 theory_max=32.55 | Avg(ms): recv=6.1 decode=14.8 color=0.0 place=10.3 copy=6.6 overlay=10.7 dma=31.8 display=49.1 total=80.4 | JPEG=9693B
I (78503) rc_video: Video queue: ready=361 queue_drop=0 stale_drop=1
I (79855) rc_net: [CAM-PROBE] Video RX seq=7650 jpeg_len=9596 crc32=0x63a425ed chunks=8
I (81910) rc_net: Video RX complete=390 missing=155 last_seq=7667
I (82059) rc_video: Displayed 390 frames (320x240 video at 240x180,80,0) | fps=8.45 theory_max=32.55 | Avg(ms): recv=7.4 decode=14.9 color=0.0 place=10.1 copy=6.6 overlay=10.7 dma=31.8 display=49.2 total=81.7 | JPEG=9620B
I (82068) rc_video: Video queue: ready=391 queue_drop=0 stale_drop=1
I (83372) rc_net: [CAM-PROBE] Video RX seq=7680 jpeg_len=8861 crc32=0x3766cf63 chunks=8
I (85502) rc_net: Video RX complete=420 missing=155 last_seq=7697
I (85652) rc_video: Displayed 420 frames (320x240 video at 240x180,80,0) | fps=8.39 theory_max=32.55 | Avg(ms): recv=7.6 decode=14.9 color=0.0 place=10.2 copy=6.6 overlay=10.7 dma=31.8 display=49.2 total=82.0 | JPEG=9731B
I (85661) rc_video: Video queue: ready=421 queue_drop=0 stale_drop=1
I (86988) rc_net: [CAM-PROBE] Video RX seq=7710 jpeg_len=9578 crc32=0x3df6827a chunks=8
I (89018) rc_net: Video RX complete=450 missing=155 last_seq=7727
I (89166) rc_video: Displayed 450 frames (320x240 video at 240x180,80,0) | fps=8.57 theory_max=32.55 | Avg(ms): recv=8.3 decode=14.9 color=0.0 place=10.1 copy=6.5 overlay=10.8 dma=31.9 display=49.3 total=82.6 | JPEG=9587B
I (89175) rc_video: Video queue: ready=451 queue_drop=0 stale_drop=1
