I (190016) rc_net: Video RX complete=1320 missing=155 last_seq=8597
I (190880) rc_video: Displayed 1320 frames (320x240 video at 240x180,80,0) | fps=8.53 theory_max=32.55 | Avg(ms): recv=8.3 decode=14.8 color=0.0 place=10.1 copy=6.5 overlay=10.7 dma=31.8 display=49.2 total=82.5 | JPEG=8683B
I (190889) rc_video: Video queue: ready=1327 queue_drop=0 stale_drop=7
I (191513) rc_net: [CAM-PROBE] Video RX seq=8610 jpeg_len=8743 crc32=0xbbe2acf5 chunks=8
I (193452) rc_net: Video RX complete=1350 missing=155 last_seq=8627
I (194405) rc_video: Displayed 1350 frames (320x240 video at 240x180,80,0) | fps=8.55 theory_max=32.55 | Avg(ms): recv=5.6 decode=14.8 color=0.0 place=10.0 copy=6.5 overlay=10.7 dma=31.8 display=49.2 total=79.7 | JPEG=9595B
I (194414) rc_video: Video queue: ready=1357 queue_drop=0 stale_drop=7
I (195036) rc_net: [CAM-PROBE] Video RX seq=8640 jpeg_len=8736 crc32=0xaf5f56de chunks=8
I (196977) rc_net: Video RX complete=1380 missing=155 last_seq=8657
I (197891) rc_video: Displayed 1380 frames (320x240 video at 240x180,80,0) | fps=8.64 theory_max=32.55 | Avg(ms): recv=7.5 decode=14.9 color=0.0 place=10.1 copy=6.5 overlay=10.7 dma=31.8 display=49.1 total=81.7 | JPEG=8849B
I (197900) rc_video: Video queue: ready=1387 queue_drop=0 stale_drop=7
I (198509) rc_net: [CAM-PROBE] Video RX seq=8670 jpeg_len=8887 crc32=0x2c11d083 chunks=8
I (200559) rc_net: Video RX complete=1410 missing=155 last_seq=8687
I (201409) rc_video: Displayed 1410 frames (320x240 video at 240x180,80,0) | fps=8.57 theory_max=32.55 | Avg(ms): recv=7.1 decode=14.8 color=0.0 place=10.1 copy=6.6 overlay=10.8 dma=31.8 display=49.2 total=81.3 | JPEG=8571B
I (201418) rc_video: Video queue: ready=1417 queue_drop=0 stale_drop=7
I (202081) rc_net: [CAM-PROBE] Video RX seq=8700 jpeg_len=8775 crc32=0x22370d3b chunks=8
I (204075) rc_net: Video RX complete=1440 missing=155 last_seq=8717
I (204948) rc_video: Displayed 1440 frames (320x240 video at 240x180,80,0) | fps=8.51 theory_max=32.55 | Avg(ms): recv=6.6 decode=14.7 color=0.0 place=10.2 copy=6.6 overlay=10.7 dma=31.8 display=49.2 total=80.8 | JPEG=9730B
I (204957) rc_video: Video queue: ready=1447 queue_drop=0 stale_drop=7
I (205558) rc_net: [CAM-PROBE] Video RX seq=8730 jpeg_len=8936 crc32=0xe13c9efa chunks=8
I (207464) rc_net: Video RX complete=1470 missing=155 last_seq=8747
I (208370) rc_video: Displayed 1470 frames (320x240 video at 240x180,80,0) | fps=8.81 theory_max=32.55 | Avg(ms): recv=7.2 decode=14.9 color=0.0 place=10.1 copy=6.5 overlay=10.8 dma=31.8 display=49.3 total=81.5 | JPEG=8855B
I (208379) rc_video: Video queue: ready=1478 queue_drop=0 stale_drop=7
I (208973) rc_net: [CAM-PROBE] Video RX seq=8760 jpeg_len=8674 crc32=0xdc5918da chunks=8
I (210868) rc_net: Video RX complete=1500 missing=155 last_seq=8777
I (211778) rc_video: Displayed 1500 frames (320x240 video at 240x180,80,0) | fps=8.84 theory_max=32.55 | Avg(ms): recv=7.6 decode=14.8 color=0.0 place=10.1 copy=6.5 overlay=10.7 dma=31.8 display=49.2 total=81.7 | JPEG=8782B
I (211787) rc_video: Video queue: ready=1507 queue_drop=0 stale_drop=7
I (212405) rc_net: [CAM-PROBE] Video RX seq=8790 jpeg_len=9856 crc32=0x9ef545ea chunks=9
I (214404) rc_net: Video RX complete=1530 missing=155 last_seq=8807
I (215263) rc_video: Displayed 1530 frames (320x240 video at 240x180,80,0) | fps=8.65 theory_max=32.55 | Avg(ms): recv=8.6 decode=14.9 color=0.0 place=10.1 copy=6.5 overlay=10.7 dma=31.8 display=49.1 total=82.9 | JPEG=9807B
I (215272) rc_video: Video queue: ready=1537 queue_drop=0 stale_drop=7
I (215884) rc_net: [CAM-PROBE] Video RX seq=8820 jpeg_len=8834 crc32=0x2b8c1b5c chunks=8
I (217919) rc_net: Video RX complete=1560 missing=155 last_seq=8837
I (218818) rc_video: Displayed 1560 frames (320x240 video at 240x180,80,0) | fps=8.48 theory_max=32.55 | Avg(ms): recv=7.6 decode=14.9 color=0.0 place=10.1 copy=6.6 overlay=10.8 dma=31.9 display=49.3 total=81.9 | JPEG=9245B
I (218827) rc_video: Video queue: ready=1568 queue_drop=0 stale_drop=7
I (219413) rc_net: [CAM-PROBE] Video RX seq=8850 jpeg_len=10175 crc32=0x102a158c chunks=9
I (221453) rc_net: Video RX complete=1590 missing=155 last_seq=8867
I (222289) rc_video: Displayed 1590 frames (320x240 video at 240x180,80,0) | fps=8.68 theory_max=32.55 | Avg(ms): recv=6.8 decode=14.9 color=0.0 place=10.2 copy=6.6 overlay=10.7 dma=31.8 display=49.2 total=81.2 | JPEG=8737B
I (222298) rc_video: Video queue: ready=1597 queue_drop=0 stale_drop=7
I (222931) rc_net: [CAM-PROBE] Video RX seq=8880 jpeg_len=9673 crc32=0x67878f29 chunks=9
I (224920) rc_net: Video RX complete=1620 missing=155 last_seq=8897
I (225809) rc_video: Displayed 1620 frames (320x240 video at 240x180,80,0) | fps=8.56 theory_max=32.55 | Avg(ms): recv=8.6 decode=14.9 color=0.0 place=10.1 copy=6.6 overlay=10.7 dma=31.8 display=49.3 total=82.8 | JPEG=9982B
I (225818) rc_video: Video queue: ready=1627 queue_drop=0 stale_drop=7
I (226451) rc_net: [CAM-PROBE] Video RX seq=8910 jpeg_len=9170 crc32=0xa15bc587 chunks=8
I (228446) rc_net: Video RX complete=1650 missing=155 last_seq=8927
I (229331) rc_video: Displayed 1650 frames (320x240 video at 240x180,80,0) | fps=8.56 theory_max=32.55 | Avg(ms): recv=7.0 decode=15.1 color=0.0 place=10.1 copy=6.7 overlay=10.7 dma=31.8 display=49.3 total=81.6 | JPEG=9013B
I (229340) rc_video: Video queue: ready=1657 queue_drop=0 stale_drop=7
I (229949) rc_net: [CAM-PROBE] Video RX seq=8940 jpeg_len=8844 crc32=0x2980ed22 chunks=8
I (231845) rc_net: Video RX complete=1680 missing=155 last_seq=8957
I (238440) wifi:bcn_timeout,ap_probe_send_start
I (240942) wifi:ap_probe_send over, reset wifi status to disassoc
I (240943) wifi:state: run -> init (0xc800)
E (240943) rc_net: Ctrl sendto failed: errno -1

***ERROR*** A stack overflow in task ctrl_tx has been detected.


Backtrace: 0x40382a19:0x3fcd4c40 0x403829e1:0x3fcd4c60 0x40383b06:0x3fcd4c80 0x40384f67:0x3fcd4d00 0x40383bcc:0x3fcd4d20 0x40383bc2:0x00000000 |<-CORRUPTED




ELF file SHA256: dd13a1ebf

Rebooting...
ESP-ROM:esp32s3-20210327
Build:Mar 27 2021
rst:0xc (RTC_SW_CPU_RST),boot:0x9 (SPI_FAST_FLASH_BOOT)
Saved PC:0x403802f5
SPIWP:0xee
mode:DIO, clock div:1
load:0x3fce2820,len:0x14f0
load:0x403c8700,len:0xd24
load:0x403cb700,len:0x2ef0
entry 0x403c8924
I (29) boot: ESP-IDF v5.5.4 2nd stage bootloader
I (29) boot: compile time Aug 25 2026 14:37:17
I (29) boot: Multicore bootloader
I (29) boot: chip revision: v0.2
I (32) boot: efuse block revision: v1.3
I (36) boot.esp32s3: Boot SPI Speed : 80MHz
I (40) boot.esp32s3: SPI Mode       : DIO
I (43) boot.esp32s3: SPI Flash Size : 8MB
I (47) boot: Enabling RNG early entropy source...
I (52) boot: Partition Table:
I (54) boot: ## Label            Usage          Type ST Offset   Length
I (60) boot:  0 nvs              WiFi data        01 02 00009000 00006000
I (67) boot:  1 phy_init         RF data          01 01 0000f000 00001000
I (73) boot:  2 factory          factory app      00 00 00010000 00300000
I (80) boot:  3 storage          Unknown data     01 82 00310000 00100000
I (87) boot: End of partition table
I (90) esp_image: segment 0: paddr=00010020 vaddr=3c0a0020 size=21534h (136500) map
I (121) esp_image: segment 1: paddr=0003155c vaddr=3fca2500 size=053d8h ( 21464) load
I (126) esp_image: segment 2: paddr=0003693c vaddr=40374000 size=096dch ( 38620) load
I (135) esp_image: segment 3: paddr=00040020 vaddr=42000020 size=9c9c8h (641480) map
I (249) esp_image: segment 4: paddr=000dc9f0 vaddr=4037d6dc size=14d28h ( 85288) load
I (268) esp_image: segment 5: paddr=000f1720 vaddr=50000000 size=00020h (    32) load
I (280) boot: Loaded app from partition at offset 0x10000
I (280) boot: Disabling RNG early entropy source...
I (290) esp_psram: Found 8MB PSRAM device
I (290) esp_psram: Speed: 80MHz
I (290) cpu_start: Multicore app
I (1208) esp_psram: SPI SRAM memory test OK
I (1217) cpu_start: GPIO 44 and 43 are used as console UART I/O pins
I (1218) cpu_start: Pro cpu start user code
I (1218) cpu_start: cpu freq: 240000000 Hz
I (1219) app_init: Application information:
I (1223) app_init: Project name:     rc_tank_demo
I (1228) app_init: App version:      1
I (1231) app_init: Compile time:     Aug 25 2026 14:36:29
I (1236) app_init: ELF file SHA256:  dd13a1ebf...
I (1241) app_init: ESP-IDF:          v5.5.4
I (1245) efuse_init: Min chip rev:     v0.0
I (1249) efuse_init: Max chip rev:     v0.99 
I (1253) efuse_init: Chip rev:         v0.2
I (1257) heap_init: Initializing. RAM available for dynamic allocation:
I (1263) heap_init: At 3FCAB848 len 0003DEC8 (247 KiB): RAM
I (1268) heap_init: At 3FCE9710 len 00005724 (21 KiB): RAM
I (1273) heap_init: At 3FCF0000 len 00008000 (32 KiB): DRAM
I (1279) heap_init: At 600FE000 len 00001FE8 (7 KiB): RTCRAM
I (1284) esp_psram: Adding pool of 8192K of PSRAM memory to heap allocator
I (1292) spi_flash: detected chip: generic
I (1295) spi_flash: flash io: dio
I (1298) sleep_gpio: Configure to isolate all GPIO pins in sleep state
I (1304) sleep_gpio: Enable automatic switching of GPIO sleep configuration
I (1311) main_task: Started on CPU0
I (1335) esp_psram: Reserving pool of 64K of internal memory for DMA/internal allocations
I (1336) main_task: Calling app_main()
I (1344) rc_tank: === RC Tank Demo (EX-035) Role: REMOTE ===
I (1344) rc_tank: Startup delay 10 s (open serial monitor now)...
I (1347) rc_tank:   starting in 10 s
I (2350) rc_tank:   starting in 9 s
I (3350) rc_tank:   starting in 8 s
I (4350) rc_tank:   starting in 7 s
I (5350) rc_tank:   starting in 6 s
I (6350) rc_tank:   starting in 5 s
I (7350) rc_tank:   starting in 4 s
I (8350) rc_tank:   starting in 3 s
I (9350) rc_tank:   starting in 2 s
I (10350) rc_tank:   starting in 1 s
I (11350) rc_tank: Starting Remote role (P1: network, P2: control stub, P3: video)
I (11350) board_laiwfs300: init board support package
I (11350) board_laiwfs300: init capability registry
I (11355) board_laiwfs300: init I2C bus: SDA=GPIO48 SCL=GPIO47
I (11361) bus_i2c: I2C0 initialized: SDA=GPIO48 SCL=GPIO47 speed=100000Hz
I (11367) board_laiwfs300: --- I2C bus scan (0x08-0x77) ---
I (11375) board_laiwfs300:   I2C device ACK at 0x15
I (11377) board_laiwfs300:   I2C device ACK at 0x18
I (11383) board_laiwfs300:   I2C device ACK at 0x22
I (11390) board_laiwfs300:   I2C device ACK at 0x40
I (11393) board_laiwfs300:   I2C device ACK at 0x51
I (11399) board_laiwfs300:   I2C device ACK at 0x68
I (11402) board_laiwfs300: --- I2C scan done: 6 device(s) found ---
W (11406) board_laiwfs300: TPT29555A (IOEX) NOT found at 0x20 (NACK)
I (11412) board_laiwfs300: ES8311 (Codec) found at 0x18
I (11417) board_laiwfs300: ES7210 (ADC) found at 0x40
I (11422) board_laiwfs300: AIP8563 (RTC) found at 0x51
I (11427) board_laiwfs300: BMI260 (IMU @0x68) found at 0x68
W (11432) board_laiwfs300: BMI260 (IMU @0x69) NOT found at 0x69 (NACK)
W (11438) board_laiwfs300: SP0A39 (Camera) NOT found at 0x21 (NACK)
I (11445) board_laiwfs300: ES8311 chip ID: 0x83 0x11
I (11449) board_laiwfs300: ES7210 chip ID: 0x72
I (11455) board_laiwfs300: AIP8563 RTC time: 20:03:11 (BCD raw)
I (11459) board_laiwfs300: BMI260 chip ID: 0x27 (expect 0x27)
I (11464) board_laiwfs300: init SPI bus manager
I (11469) board_laiwfs300: init ADC service
I (11473) board_adc: ADC1 oneshot initialized
I (11477) board_laiwfs300: init board power service
I (11482) board_laiwfs300: ADC D0_DETECT (GPIO1): raw=1325 (~1003 mV)
I (11487) board_laiwfs300: ADC BAT_ADC (GPIO7): raw=0 (~0 mV)
I (11493) board_laiwfs300: ADC SW_ADC (GPIO8): raw=4095 (~3100 mV)
I (11499) board_laiwfs300: init IO expander: TPT29555A addr=0x22
I (11507) io_expander: TPT29555A initialized at 0x22
I (11509) board_laiwfs300: IO expander initialized OK
I (11514) board_laiwfs300: init module detect
I (11518) board_laiwfs300: register detection rules
I (11523) board_laiwfs300: register default capabilities
I (11528) board_laiwfs300: board init complete (ioex=OK)
I (11754) touch_hal: CST836U initialized at 0x15
I (11756) touch_hal: CST836U info: module_id=0x01 fw_ver=0x19 chip_type=0x1300
I (11756) board_touch: CST836U verify OK: module_id=0x01 fw=0x19 chip_type=0x1300
I (11761) rc_control: Joystick init (landscape 320x240, center=108,136, forward=screen-up, 50Hz touch poll)
I (11770) rc_video: Initializing video display
I (11775) display_hal: init ST7789V3 LCD 240x320 SPI host=1
E (11921) spi: spi_bus_initialize(816): SPI bus already initialized.
I (12041) display_hal: ST7789V3 LCD initialized
I (12041) board_display: display mapped: MOSI=GPIO13 SCK=GPIO12 CS=GPIO10 DC=GPIO16 BL=GPIO17 LCD_RST=IOEX P1_5 pclk=40000000
I (12079) rc_video: Display initialized (landscape 320×240) and backlight ON
I (12079) rc_video: Display theory: RGB565=153600 B/frame, SPI payload=30720 us/frame, max=32.55 fps, chunk=60 lines (7680 us)
I (12121) rc_video: PSRAM buffers: jpeg_slot=43200B decoded=86400B canvas=153600B dma_chunk=38400B
I (12121) rc_video: PSRAM state: free_psram=8015260 free_internal=243283 largest_internal_dma=126976
I (12127) rc_video: Buffer caps: jpeg0=0x3c0d0eb0(psram=1) decoded=0x3c0f0950(psram=1) canvas=0x3c105af0(psram=1) dma=0x3fcc02c0(dma=1)
I (12139) rc_video: Video RX/display task started (240x180 at x=80 y=0; joystick per LCD chunk)
I (12159) rc_net: Initializing as STA (Remote)
I (12160) pp: pp rom version: e7ae62f
I (12161) net80211: net80211 rom version: e7ae62f
I (12162) wifi:wifi driver task: 3fcccc40, prio:23, stack:6656, core=0
I (12169) wifi:wifi firmware version: 0947e8b
I (12171) wifi:wifi certification version: v7.0
I (12175) wifi:config NVS flash: enabled
I (12178) rc_video: Remote WiFi icon updated: connected=0 epoch=0
I (12179) wifi:config nano formatting: disabled
I (12189) wifi:Init data frame dynamic rx buffer num: 32
I (12194) wifi:Init static rx mgmt buffer num: 5
I (12198) wifi:Init management short buffer num: 32
I (12203) wifi:Init dynamic tx buffer num: 64
I (12207) wifi:Init static tx FG buffer num: 2
I (12211) wifi:Init static rx buffer size: 1600
I (12215) wifi:Init static rx buffer num: 10
I (12219) wifi:Init dynamic rx buffer num: 32
I (12224) wifi_init: rx ba win: 6
I (12228) wifi_init: accept mbox: 6
I (12229) wifi_init: tcpip mbox: 16
I (12233) wifi_init: udp mbox: 16
I (12236) wifi_init: tcp mbox: 6
I (12239) wifi_init: tcp tx win: 5760
I (12242) wifi_init: tcp rx win: 5760
I (12245) wifi_init: tcp mss: 1440
I (12249) wifi_init: WiFi IRAM OP enabled
I (12252) wifi_init: WiFi RX IRAM OP enabled
I (12257) phy_init: phy_version 711,97bcf0a2,Aug 25 2025,19:04:10
I (12297) wifi:mode : sta (44:1b:f6:f3:ae:40)
I (12297) wifi:enable tsf
W (12299) rc_control: Network disconnected: control TX paused
I (12299) rc_net: STA started; recovery task owns scan/connect
W (12304) rc_tank: Network disconnected
I (12307) rc_net: Remote network recovery active; init does not wait for AP
I (12314) rc_tank: Remote network recovery started; waiting for tank as needed
I (12321) rc_control: Touch poll task started
I (12325) rc_control: Ctrl TX task started (sending STOP heartbeat)
I (12331) rc_control: Remote control started (touch poll + ctrl tx)
I (12337) rc_tank: Remote running (video + control; audio disabled)
I (12343) rc_tank: app_main done, idle loop
I (12407) rc_net: Remote recovery task started (scan loop, 3 direct attempts, 5000 ms interval)
I (12508) rc_net: Scanning for RC_TANK_* APs...
I (15010) rc_net: Found tank AP: RC_TANK_F3AE79, RSSI: -24
I (15011) rc_net: Connecting to tank AP, attempt 1/3
I (15089) wifi:new:<1,1>, old:<1,0>, ap:<255,255>, sta:<1,1>, prof:1, snd_ch_cfg:0x0
I (15090) wifi:state: init -> auth (0xb0)
I (15091) wifi:state: auth -> init (0x3c0)
I (15093) wifi:new:<1,0>, old:<1,1>, ap:<255,255>, sta:<1,1>, prof:1, snd_ch_cfg:0x0
I (20102) rc_net: Connecting to tank AP, attempt 2/3
I (27514) rc_net: Connecting to tank AP, attempt 3/3
I (27521) wifi:new:<1,1>, old:<1,0>, ap:<255,255>, sta:<1,1>, prof:1, snd_ch_cfg:0x0
I (27522) wifi:state: init -> auth (0xb0)
I (27525) wifi:state: auth -> assoc (0x0)
I (27540) wifi:state: assoc -> run (0x10)
I (27557) wifi:connected with RC_TANK_F3AE79, aid = 1, channel 1, 40U, bssid = 44:1b:f6:f3:ae:79
I (27557) wifi:security: WPA2-PSK, phy: bgn, rssi: -24, cipher(pairwise:0x3, group:0x3), pmf:1
I (27563) wifi:pm start, type: 1

I (27566) wifi:dp: 1, bi: 102400, li: 3, scale listen interval from 307200 us to 307200 us
I (27574) wifi:set rx beacon pti, rx_bcn_pti: 0, bcn_timeout: 25000, mt_pti: 0, mt_time: 10000
I (27642) wifi:AP's beacon interval = 102400 us, DTIM period = 1
I (28602) esp_netif_handlers: sta ip: 192.168.4.2, mask: 255.255.255.0, gw: 192.168.4.1
I (28602) rc_net: Got IP: 192.168.4.2
I (28602) rc_net: Connected to tank AP; waiting for disconnect
I (28602) rc_control: Network connected: waiting for joystick release before motion
I (28611) rc_control: Joystick released: motion control re-armed
I (28615) rc_tank: Network connected, peer: 192.168.4.1
W (28621) rc_control: Ctrl send failed: ESP_ERR_INVALID_STATE
I (28626) rc_net: Ctrl UDP socket ready
I (28616) rc_video: Remote WiFi icon updated: connected=1 epoch=1
I (28635) rc_net: Video UDP socket bound to port 8002
I (28677) wifi:<ba-add>idx:0 (ifx:0, 44:1b:f6:f3:ae:79), tid:0, ssn:0, winSize:64
I (28691) rc_net: Audio TCP connected to tank port 8003
I (28691) rc_tank: Socket channels started
I (28691) rc_video: Remote video started
I (30774) rc_net: [CAM-PROBE] Video RX seq=30 jpeg_len=8926 crc32=0x9f771c79 chunks=8
I (31661) rc_net: Video RX complete=30 missing=0 last_seq=39
I (31923) rc_video: Displayed 30 frames (320x240 video at 240x180,80,0) | fps=1.52 theory_max=32.55 | Avg(ms): recv=4.6 decode=15.2 color=0.0 place=10.2 copy=6.8 overlay=11.1 dma=33.5 display=51.5 total=81.7 | JPEG=8677B
I (31931) rc_video: Video queue: ready=32 queue_drop=0 stale_drop=1
I (33802) rc_net: [CAM-PROBE] Video RX seq=60 jpeg_len=8496 crc32=0xf724d4ce chunks=8
I (34643) rc_net: Video RX complete=60 missing=0 last_seq=69
I (34838) rc_video: Displayed 60 frames (320x240 video at 240x180,80,0) | fps=10.34 theory_max=32.55 | Avg(ms): recv=4.1 decode=15.2 color=0.0 place=10.4 copy=6.8 overlay=11.2 dma=33.5 display=51.6 total=81.3 | JPEG=8845B
I (34847) rc_video: Video queue: ready=61 queue_drop=0 stale_drop=1
I (36789) rc_net: [CAM-PROBE] Video RX seq=90 jpeg_len=8958 crc32=0x07ea4099 chunks=8
I (37678) rc_net: Video RX complete=90 missing=0 last_seq=99
I (37943) rc_video: Displayed 90 frames (320x240 video at 240x180,80,0) | fps=9.71 theory_max=32.55 | Avg(ms): recv=3.5 decode=15.1 color=0.0 place=10.3 copy=6.8 overlay=11.3 dma=33.1 display=51.3 total=80.3 | JPEG=8958B
I (37951) rc_video: Video queue: ready=92 queue_drop=0 stale_drop=1
I (39790) rc_net: [CAM-PROBE] Video RX seq=120 jpeg_len=8969 crc32=0xb5e7f88f chunks=8
I (40869) rc_net: Video RX complete=120 missing=0 last_seq=129
I (41026) rc_video: Displayed 120 frames (320x240 video at 240x180,80,0) | fps=9.78 theory_max=32.55 | Avg(ms): recv=3.0 decode=15.8 color=0.0 place=10.8 copy=6.7 overlay=10.9 dma=33.6 display=51.3 total=80.9 | JPEG=9054B
I (41035) rc_video: Video queue: ready=122 queue_drop=0 stale_drop=1
I (42869) rc_net: [CAM-PROBE] Video RX seq=150 jpeg_len=9055 crc32=0x38198357 chunks=8
I (43712) rc_net: Video RX complete=150 missing=0 last_seq=159
I (43956) rc_video: Displayed 150 frames (320x240 video at 240x180,80,0) | fps=10.29 theory_max=32.55 | Avg(ms): recv=3.6 decode=15.5 color=0.0 place=10.4 copy=6.7 overlay=11.1 dma=33.7 display=51.6 total=81.1 | JPEG=9042B
I (43965) rc_video: Video queue: ready=151 queue_drop=0 stale_drop=1
I (45812) rc_net: [CAM-PROBE] Video RX seq=180 jpeg_len=9256 crc32=0xaf1daae3 chunks=8
I (46802) rc_net: Video RX complete=180 missing=0 last_seq=189
I (47019) rc_video: Displayed 180 frames (320x240 video at 240x180,80,0) | fps=9.84 theory_max=32.55 | Avg(ms): recv=5.8 decode=15.4 color=0.0 place=10.8 copy=6.7 overlay=11.0 dma=33.2 display=51.0 total=82.9 | JPEG=8432B
I (47028) rc_video: Video queue: ready=182 queue_drop=0 stale_drop=1
I (48901) rc_net: [CAM-PROBE] Video RX seq=210 jpeg_len=9003 crc32=0xa1066a7d chunks=8
I (49792) rc_net: Video RX complete=210 missing=0 last_seq=219
I (50060) rc_video: Displayed 210 frames (320x240 video at 240x180,80,0) | fps=9.91 theory_max=32.55 | Avg(ms): recv=5.1 decode=15.4 color=0.0 place=10.1 copy=6.7 overlay=11.3 dma=33.5 display=51.5 total=82.2 | JPEG=8978B
I (50069) rc_video: Video queue: ready=212 queue_drop=0 stale_drop=1
I (51931) rc_net: [CAM-PROBE] Video RX seq=240 jpeg_len=8948 crc32=0x4fa599fb chunks=8
I (52769) rc_net: Video RX complete=240 missing=0 last_seq=249
I (52963) rc_video: Displayed 240 frames (320x240 video at 240x180,80,0) | fps=10.39 theory_max=32.55 | Avg(ms): recv=3.7 decode=15.5 color=0.0 place=10.6 copy=6.7 overlay=11.0 dma=33.3 display=51.1 total=80.9 | JPEG=9071B
I (52972) rc_video: Video queue: ready=241 queue_drop=0 stale_drop=1
I (54982) rc_net: [CAM-PROBE] Video RX seq=270 jpeg_len=8988 crc32=0xdc212b37 chunks=8
I (55776) rc_net: Video RX complete=270 missing=0 last_seq=279
I (55973) rc_video: Displayed 270 frames (320x240 video at 240x180,80,0) | fps=10.02 theory_max=32.55 | Avg(ms): recv=4.9 decode=15.8 color=0.0 place=10.5 copy=6.7 overlay=11.0 dma=33.4 display=51.2 total=82.5 | JPEG=9032B
I (55982) rc_video: Video queue: ready=271 queue_drop=0 stale_drop=1
I (57921) rc_net: [CAM-PROBE] Video RX seq=300 jpeg_len=9074 crc32=0x63f79033 chunks=8
I (58811) rc_net: Video RX complete=300 missing=0 last_seq=309
I (59057) rc_video: Displayed 300 frames (320x240 video at 240x180,80,0) | fps=9.78 theory_max=32.55 | Avg(ms): recv=4.5 decode=15.3 color=0.0 place=10.4 copy=6.7 overlay=11.2 dma=33.4 display=51.4 total=81.6 | JPEG=9106B
I (59066) rc_video: Video queue: ready=301 queue_drop=0 stale_drop=1
I (60992) rc_net: [CAM-PROBE] Video RX seq=330 jpeg_len=8958 crc32=0x3873f484 chunks=8
I (61863) rc_net: Video RX complete=330 missing=0 last_seq=339
I (62171) rc_video: Displayed 330 frames (320x240 video at 240x180,80,0) | fps=9.68 theory_max=32.55 | Avg(ms): recv=4.8 decode=15.9 color=0.0 place=10.8 copy=6.6 overlay=10.8 dma=33.5 display=51.1 total=82.6 | JPEG=8958B
I (62179) rc_video: Video queue: ready=333 queue_drop=0 stale_drop=2
I (63945) rc_net: [CAM-PROBE] Video RX seq=360 jpeg_len=9067 crc32=0x0165abf5 chunks=8
I (64829) rc_net: Video RX complete=360 missing=0 last_seq=369
I (65272) rc_video: Displayed 360 frames (320x240 video at 240x180,80,0) | fps=9.72 theory_max=32.55 | Avg(ms): recv=5.4 decode=15.5 color=0.0 place=10.5 copy=6.7 overlay=11.2 dma=33.4 display=51.4 total=82.9 | JPEG=8994B
I (65280) rc_video: Video queue: ready=364 queue_drop=0 stale_drop=3
I (67011) rc_net: [CAM-PROBE] Video RX seq=390 jpeg_len=9050 crc32=0xe048352b chunks=8
I (67812) rc_net: Video RX complete=390 missing=0 last_seq=399
I (68249) rc_video: Displayed 390 frames (320x240 video at 240x180,80,0) | fps=10.13 theory_max=32.55 | Avg(ms): recv=3.0 decode=15.7 color=0.0 place=10.8 copy=6.6 overlay=11.0 dma=33.4 display=51.1 total=80.7 | JPEG=9000B
I (68258) rc_video: Video queue: ready=393 queue_drop=0 stale_drop=3
I (70003) rc_net: [CAM-PROBE] Video RX seq=420 jpeg_len=9072 crc32=0xe3ad8b23 chunks=8
I (70819) rc_net: Video RX complete=420 missing=0 last_seq=429
I (71261) rc_video: Displayed 420 frames (320x240 video at 240x180,80,0) | fps=10.01 theory_max=32.55 | Avg(ms): recv=4.2 decode=15.8 color=0.0 place=11.2 copy=6.5 overlay=10.9 dma=33.0 display=50.6 total=81.9 | JPEG=9056B
I (71270) rc_video: Video queue: ready=423 queue_drop=0 stale_drop=3
I (72920) rc_net: [CAM-PROBE] Video RX seq=450 jpeg_len=8748 crc32=0x3a47832d chunks=8
I (73852) rc_net: Video RX complete=450 missing=0 last_seq=459
I (74487) rc_video: Displayed 450 frames (320x240 video at 240x180,80,0) | fps=9.34 theory_max=32.55 | Avg(ms): recv=4.7 decode=15.6 color=0.0 place=10.9 copy=6.7 overlay=11.0 dma=33.4 display=51.2 total=82.3 | JPEG=8982B
I (74496) rc_video: Video queue: ready=455 queue_drop=0 stale_drop=4
I (76008) rc_net: [CAM-PROBE] Video RX seq=480 jpeg_len=9036 crc32=0x85fab3e7 chunks=8
I (76939) rc_net: Video RX complete=480 missing=0 last_seq=489
I (77593) rc_video: Displayed 480 frames (320x240 video at 240x180,80,0) | fps=9.71 theory_max=32.55 | Avg(ms): recv=4.5 decode=15.3 color=0.0 place=10.3 copy=6.8 overlay=11.2 dma=33.4 display=51.5 total=81.7 | JPEG=9039B
I (77602) rc_video: Video queue: ready=486 queue_drop=0 stale_drop=5
I (79119) rc_net: [CAM-PROBE] Video RX seq=510 jpeg_len=9077 crc32=0x25f0f2b9 chunks=8
I (80052) rc_net: Video RX complete=510 missing=0 last_seq=519
I (80620) rc_video: Displayed 510 frames (320x240 video at 240x180,80,0) | fps=9.96 theory_max=32.55 | Avg(ms): recv=4.8 decode=15.7 color=0.0 place=10.9 copy=6.5 overlay=10.9 dma=33.3 display=50.9 total=82.3 | JPEG=9121B
I (80629) rc_video: Video queue: ready=516 queue_drop=0 stale_drop=5
I (82131) rc_net: [CAM-PROBE] Video RX seq=540 jpeg_len=9048 crc32=0xdd10c330 chunks=8
I (82965) rc_net: Video RX complete=540 missing=0 last_seq=549
I (83585) rc_video: Displayed 540 frames (320x240 video at 240x180,80,0) | fps=10.17 theory_max=32.55 | Avg(ms): recv=4.6 decode=15.4 color=0.0 place=10.3 copy=6.8 overlay=11.1 dma=33.4 display=51.3 total=81.6 | JPEG=8983B
I (83594) rc_video: Video queue: ready=545 queue_drop=0 stale_drop=5
I (85140) rc_net: [CAM-PROBE] Video RX seq=570 jpeg_len=9008 crc32=0x51e788e6 chunks=8
I (86037) rc_net: Video RX complete=570 missing=0 last_seq=579
I (86614) rc_video: Displayed 570 frames (320x240 video at 240x180,80,0) | fps=9.95 theory_max=32.55 | Avg(ms): recv=6.4 decode=15.4 color=0.0 place=10.2 copy=6.9 overlay=11.0 dma=33.6 display=51.6 total=83.8 | JPEG=9005B
I (86623) rc_video: Video queue: ready=575 queue_drop=0 stale_drop=5
