=========================================
Flashing RC Tank Demo - REMOTE Role to COM24
=========================================
Bootloader:      E:\10__AIProject\7_AI陪伴机器人\CODE\examples\rc_tank_demo\firmware_backup\bootloader_REMOTE.bin
Partition Table: E:\10__AIProject\7_AI陪伴机器人\CODE\examples\rc_tank_demo\firmware_backup\partition-table_REMOTE.bin
Application:     E:\10__AIProject\7_AI陪伴机器人\CODE\examples\rc_tank_demo\firmware_backup\rc_tank_demo_REMOTE.bin

Erasing flash...
esptool.py v4.12.dev2
Serial port COM24
Connecting....
Chip is ESP32-S3 (QFN56) (revision v0.2)
Features: WiFi, BLE
Crystal is 40MHz
MAC: 44:1b:f6:f3:ae:40
Uploading stub...
Running stub...
Stub running...
Erasing flash (this may take a while)...
Chip erase completed successfully in 1.3 seconds.
Hard resetting via RTS pin...

Programming flash...
esptool.py v4.12.dev2
Serial port COM24
Connecting....
Chip is ESP32-S3 (QFN56) (revision v0.2)
Features: WiFi, BLE
Crystal is 40MHz
MAC: 44:1b:f6:f3:ae:40
Uploading stub...
Running stub...
Stub running...
Changing baud rate to 460800
Changed.
Configuring flash size...
Flash will be erased from 0x00000000 to 0x00005fff...
Flash will be erased from 0x00008000 to 0x00008fff...
Flash will be erased from 0x00010000 to 0x000f1fff...
SHA digest in image updated
Compressed 20832 bytes to 13349...
Writing at 0x00000000... (100 %)
Wrote 20832 bytes (13349 compressed) at 0x00000000 in 0.4 seconds (effective 444.1 kbit/s)...
Hash of data verified.
Compressed 3072 bytes to 119...
Writing at 0x00008000... (100 %)
Wrote 3072 bytes (119 compressed) at 0x00008000 in 0.0 seconds (effective 1589.6 kbit/s)...
Hash of data verified.
Compressed 923504 bytes to 552050...
Writing at 0x00010000... (2 %)
Writing at 0x0001cd5e... (5 %)
Writing at 0x000289c7... (8 %)
Writing at 0x000321a1... (11 %)
Writing at 0x0003ca5a... (14 %)
Writing at 0x00042a3d... (17 %)
Writing at 0x00048cdc... (20 %)
Writing at 0x0004ef04... (23 %)
Writing at 0x0005903e... (26 %)
Writing at 0x0005fcbf... (29 %)
Writing at 0x0006598d... (32 %)
Writing at 0x0006b311... (35 %)
Writing at 0x00070f2a... (38 %)
Writing at 0x00076ccf... (41 %)
Writing at 0x0007cc3b... (44 %)
Writing at 0x00082c34... (47 %)
Writing at 0x00088afd... (50 %)
Writing at 0x0008dc5d... (52 %)
Writing at 0x00092b8f... (55 %)
Writing at 0x0009847f... (58 %)
Writing at 0x0009dc89... (61 %)
Writing at 0x000a324c... (64 %)
Writing at 0x000a870c... (67 %)
Writing at 0x000adf8c... (70 %)
Writing at 0x000b3ff2... (73 %)
Writing at 0x000b9bf7... (76 %)
Writing at 0x000bf776... (79 %)
Writing at 0x000c50d1... (82 %)
Writing at 0x000ca900... (85 %)
Writing at 0x000d37db... (88 %)
Writing at 0x000d978e... (91 %)
Writing at 0x000e15ac... (94 %)
Writing at 0x000e7f74... (97 %)
Writing at 0x000ed36b... (100 %)
Wrote 923504 bytes (552050 compressed) at 0x00010000 in 12.3 seconds (effective 601.2 kbit/s)...
Hash of data verified.

Leaving...
Hard resetting via RTS pin...

=========================================
Flash completed successfully!
=========================================
