=========================================
Flashing RC Tank Demo - TANK Role to COM7
=========================================
Bootloader:      E:\10__AIProject\7_AI陪伴机器人\CODE\examples\rc_tank_demo\firmware_backup\bootloader_TANK.bin
Partition Table: E:\10__AIProject\7_AI陪伴机器人\CODE\examples\rc_tank_demo\firmware_backup\partition-table_TANK.bin
Application:     E:\10__AIProject\7_AI陪伴机器人\CODE\examples\rc_tank_demo\firmware_backup\rc_tank_demo_TANK.bin

Erasing flash...
esptool.py v4.12.dev2
Serial port COM7
Connecting....
Chip is ESP32-S3 (QFN56) (revision v0.2)
Features: WiFi, BLE
Crystal is 40MHz
MAC: 44:1b:f6:f3:ae:78
Uploading stub...
Running stub...
Stub running...
Erasing flash (this may take a while)...
Chip erase completed successfully in 1.0 seconds.
Hard resetting via RTS pin...

Programming flash...
esptool.py v4.12.dev2
Serial port COM7
Connecting....
Chip is ESP32-S3 (QFN56) (revision v0.2)
Features: WiFi, BLE
Crystal is 40MHz
MAC: 44:1b:f6:f3:ae:78
Uploading stub...
Running stub...
Stub running...
Changing baud rate to 460800
Changed.
Configuring flash size...
Flash will be erased from 0x00000000 to 0x00005fff...
Flash will be erased from 0x00008000 to 0x00008fff...
Flash will be erased from 0x00010000 to 0x000f1fff...
SHA digest in image updated
Compressed 20832 bytes to 13350...
Writing at 0x00000000... (100 %)
Wrote 20832 bytes (13350 compressed) at 0x00000000 in 0.4 seconds (effective 430.8 kbit/s)...
Hash of data verified.
Compressed 3072 bytes to 119...
Writing at 0x00008000... (100 %)
Wrote 3072 bytes (119 compressed) at 0x00008000 in 0.0 seconds (effective 1581.7 kbit/s)...
Hash of data verified.
Compressed 923232 bytes to 561379...
Writing at 0x00010000... (2 %)
Writing at 0x0001d334... (5 %)
Writing at 0x000293b9... (8 %)
Writing at 0x0003291a... (11 %)
Writing at 0x0003c96a... (14 %)
Writing at 0x00042812... (17 %)
Writing at 0x00048c11... (20 %)
Writing at 0x0004f033... (22 %)
Writing at 0x00054f0a... (25 %)
Writing at 0x0005bcc8... (28 %)
Writing at 0x00061d9b... (31 %)
Writing at 0x0006754a... (34 %)
Writing at 0x0006d2aa... (37 %)
Writing at 0x000730e8... (40 %)
Writing at 0x00078de2... (42 %)
Writing at 0x0007ef46... (45 %)
Writing at 0x00084ad7... (48 %)
Writing at 0x0008a5ee... (51 %)
Writing at 0x0008f739... (54 %)
Writing at 0x00094db6... (57 %)
Writing at 0x0009a54b... (60 %)
Writing at 0x0009faab... (62 %)
Writing at 0x000a4e86... (65 %)
Writing at 0x000aa480... (68 %)
Writing at 0x000b0824... (71 %)
Writing at 0x000b6118... (74 %)
Writing at 0x000bbe54... (77 %)
Writing at 0x000c180f... (80 %)
Writing at 0x000c6e06... (82 %)
Writing at 0x000cf8fd... (85 %)
Writing at 0x000d5bee... (88 %)
Writing at 0x000dc22e... (91 %)
Writing at 0x000e3ba0... (94 %)
Writing at 0x000ea464... (97 %)
Writing at 0x000ef6b7... (100 %)
Wrote 923232 bytes (561379 compressed) at 0x00010000 in 12.9 seconds (effective 570.7 kbit/s)...
Hash of data verified.

Leaving...
Hard resetting via RTS pin...

=========================================
Flash completed successfully!
=========================================
