=========================================
Flashing RC Tank Demo - TANK Role to COM7
=========================================
Bootloader:      E:\10__AIProject\7_AI陪伴机器人\CODE\examples\rc_tank_demo\firmware_backup\bootloader_TANK.bin
Partition Table: E:\10__AIProject\7_AI陪伴机器人\CODE\examples\rc_tank_demo\firmware_backup\partition-table_TANK.bin
Application:     E:\10__AIProject\7_AI陪伴机器人\CODE\examples\rc_tank_demo\firmware_backup\rc_tank_demo_TANK.bin

Erasing flash...
esptool.py v4.12.dev2
Serial port COM7
Connecting....
Chip is ESP32-S3 (QFN56) (revision v0.2)
Features: WiFi, BLE
Crystal is 40MHz
MAC: 44:1b:f6:f3:ae:78
Uploading stub...
Running stub...
Stub running...
Erasing flash (this may take a while)...
Chip erase completed successfully in 1.0 seconds.
Hard resetting via RTS pin...

Programming flash...
esptool.py v4.12.dev2
Serial port COM7
Connecting....
Chip is ESP32-S3 (QFN56) (revision v0.2)
Features: WiFi, BLE
Crystal is 40MHz
MAC: 44:1b:f6:f3:ae:78
Uploading stub...
Running stub...
Stub running...
Changing baud rate to 460800
Changed.
Configuring flash size...
Flash will be erased from 0x00000000 to 0x00005fff...
Flash will be erased from 0x00008000 to 0x00008fff...
Flash will be erased from 0x00010000 to 0x000f1fff...
SHA digest in image updated
Compressed 20832 bytes to 13347...
Writing at 0x00000000... (100 %)
Wrote 20832 bytes (13347 compressed) at 0x00000000 in 0.4 seconds (effective 431.6 kbit/s)...
Hash of data verified.
Compressed 3072 bytes to 119...
Writing at 0x00008000... (100 %)
Wrote 3072 bytes (119 compressed) at 0x00008000 in 0.0 seconds (effective 1568.1 kbit/s)...
Hash of data verified.
Compressed 923168 bytes to 561347...
Writing at 0x00010000... (2 %)
Writing at 0x0001d32c... (5 %)
Writing at 0x000293b3... (8 %)
Writing at 0x0003290c... (11 %)
Writing at 0x0003c958... (14 %)
Writing at 0x000427e8... (17 %)
Writing at 0x00048bf8... (20 %)
Writing at 0x0004f017... (22 %)
Writing at 0x00054ebd... (25 %)
Writing at 0x0005bc93... (28 %)
Writing at 0x00061d5a... (31 %)
Writing at 0x00067524... (34 %)
Writing at 0x0006d285... (37 %)
Writing at 0x000730c5... (40 %)
Writing at 0x00078dc0... (42 %)
Writing at 0x0007ef20... (45 %)
Writing at 0x00084adf... (48 %)
Writing at 0x0008a5ea... (51 %)
Writing at 0x0008f722... (54 %)
Writing at 0x00094d9b... (57 %)
Writing at 0x0009a536... (60 %)
Writing at 0x0009faa0... (62 %)
Writing at 0x000a4e7d... (65 %)
Writing at 0x000aa46c... (68 %)
Writing at 0x000b0819... (71 %)
Writing at 0x000b6109... (74 %)
Writing at 0x000bbe34... (77 %)
Writing at 0x000c17f5... (80 %)
Writing at 0x000c6de1... (82 %)
Writing at 0x000cf901... (85 %)
Writing at 0x000d5bdc... (88 %)
Writing at 0x000dc24a... (91 %)
Writing at 0x000e3b92... (94 %)
Writing at 0x000ea44b... (97 %)
Writing at 0x000ef6a9... (100 %)
Wrote 923168 bytes (561347 compressed) at 0x00010000 in 12.9 seconds (effective 570.6 kbit/s)...
Hash of data verified.

Leaving...
Hard resetting via RTS pin...

=========================================
Flash completed successfully!
=========================================
