W (2908475) rc_net: No RC_TANK_* AP found; retry scan in 5000 ms
I (2913575) rc_net: Scanning for RC_TANK_* APs...
I (2916077) rc_net: Found tank AP: RC_TANK_F3AE79, RSSI: -45
I (2916078) rc_net: Connecting to tank AP, attempt 1/3
I (2916085) wifi:new:<1,1>, old:<1,0>, ap:<255,255>, sta:<1,1>, prof:1, snd_ch_cfg:0x0
I (2916086) wifi:state: init -> auth (0xb0)
I (2916091) wifi:state: auth -> assoc (0x0)
I (2916102) wifi:state: assoc -> run (0x10)
I (2916117) wifi:connected with RC_TANK_F3AE79, aid = 1, channel 1, 40U, bssid = 44:1b:f6:f3:ae:79
I (2916117) wifi:security: WPA2-PSK, phy: bgn, rssi: -45, cipher(pairwise:0x3, group:0x3), pmf:1
I (2916124) wifi:pm start, type: 1

I (2916127) wifi:set rx beacon pti, rx_bcn_pti: 0, bcn_timeout: 25000, mt_pti: 0, mt_time: 10000
I (2916138) wifi:AP's beacon interval = 102400 us, DTIM period = 1
I (2917153) esp_netif_handlers: sta ip: 192.168.4.2, mask: 255.255.255.0, gw: 192.168.4.1
I (2917153) rc_net: Got IP: 192.168.4.2
I (2917154) rc_control: Network connected: waiting for joystick release before motion
I (2917161) rc_tank: Network connected, peer: 192.168.4.1
W (2917166) rc_tank: Channels already started, skip re-init
I (2917164) rc_control: Joystick released: motion control re-armed
I (2917162) wifi:<ba-add>idx:0 (ifx:0, 44:1b:f6:f3:ae:79), tid:0, ssn:0, winSize:64
I (2917154) rc_net: Connected to tank AP; waiting for disconnect
I (2917156) rc_video: Remote WiFi icon updated: connected=1 epoch=15
I (2918685) rc_video: Displayed 21540 frames (320x240 video at 240x180,80,0) | fps=0.49 theory_max=32.55 | Avg(ms): recv=6.8 decode=14.6 color=0.0 place=10.1 copy=6.6 overlay=11.3 dma=33.4 display=51.5 total=83.0 | JPEG=7589B
I (2918694) rc_video: Video queue: ready=21709 queue_drop=0 stale_drop=168
I (2919903) rc_net: Video RX complete=21720 missing=0 last_seq=29
I (2920013) rc_net: [CAM-PROBE] Video RX seq=30 jpeg_len=8085 crc32=0x2df81bbe chunks=7
I (2922082) rc_video: Displayed 21570 frames (320x240 video at 240x180,80,0) | fps=8.87 theory_max=32.55 | Avg(ms): recv=6.4 decode=14.5 color=0.0 place=10.2 copy=6.6 overlay=11.3 dma=33.6 display=51.6 total=82.7 | JPEG=7874B
I (2922092) rc_video: Video queue: ready=21739 queue_drop=0 stale_drop=168
I (2923512) rc_net: Video RX complete=21750 missing=0 last_seq=59
I (2923591) rc_net: [CAM-PROBE] Video RX seq=60 jpeg_len=7110 crc32=0x53559bed chunks=6
I (2925599) rc_video: Displayed 21600 frames (320x240 video at 240x180,80,0) | fps=8.57 theory_max=32.55 | Avg(ms): recv=7.7 decode=14.5 color=0.0 place=10.2 copy=6.7 overlay=11.3 dma=33.5 display=51.5 total=84.0 | JPEG=8818B
I (2925609) rc_video: Video queue: ready=21769 queue_drop=0 stale_drop=168
I (2926850) rc_net: Video RX complete=21780 missing=0 last_seq=89
I (2926991) rc_net: [CAM-PROBE] Video RX seq=90 jpeg_len=7585 crc32=0x522638e1 chunks=7
I (2929009) rc_video: Displayed 21630 frames (320x240 video at 240x180,80,0) | fps=8.84 theory_max=32.55 | Avg(ms): recv=5.3 decode=14.6 color=0.0 place=10.4 copy=6.6 overlay=11.2 dma=33.6 display=51.5 total=81.7 | JPEG=7629B
I (2929018) rc_video: Video queue: ready=21800 queue_drop=0 stale_drop=169
I (2930235) rc_net: Video RX complete=21810 missing=0 last_seq=119
I (2930318) rc_net: [CAM-PROBE] Video RX seq=120 jpeg_len=7359 crc32=0xf1009750 chunks=7
I (2932557) rc_video: Displayed 21660 frames (320x240 video at 240x180,80,0) | fps=8.49 theory_max=32.55 | Avg(ms): recv=6.1 decode=14.3 color=0.0 place=10.2 copy=6.7 overlay=11.3 dma=33.6 display=51.7 total=82.4 | JPEG=7123B
I (2932566) rc_video: Video queue: ready=21830 queue_drop=0 stale_drop=169
I (2933736) rc_net: Video RX complete=21840 missing=0 last_seq=149
I (2933922) rc_net: [CAM-PROBE] Video RX seq=150 jpeg_len=7607 crc32=0x5473f2b9 chunks=7
I (2936091) rc_video: Displayed 21690 frames (320x240 video at 240x180,80,0) | fps=8.53 theory_max=32.55 | Avg(ms): recv=5.0 decode=14.5 color=0.0 place=10.4 copy=6.6 overlay=11.3 dma=33.3 display=51.3 total=81.3 | JPEG=7738B
I (2936101) rc_video: Video queue: ready=21860 queue_drop=0 stale_drop=170
I (2937168) rc_net: Video RX complete=21870 missing=0 last_seq=179
I (2937223) rc_net: [CAM-PROBE] Video RX seq=180 jpeg_len=7031 crc32=0xc98626cb chunks=6
I (2939690) rc_video: Displayed 21720 frames (320x240 video at 240x180,80,0) | fps=8.37 theory_max=32.55 | Avg(ms): recv=4.8 decode=14.6 color=0.0 place=10.3 copy=6.6 overlay=11.3 dma=33.7 display=51.7 total=81.4 | JPEG=7586B
I (2939699) rc_video: Video queue: ready=21893 queue_drop=0 stale_drop=172
I (2940427) rc_net: Video RX complete=21900 missing=0 last_seq=209
I (2940644) rc_net: [CAM-PROBE] Video RX seq=210 jpeg_len=7593 crc32=0xa14dffeb chunks=7
I (2943091) rc_video: Displayed 21750 frames (320x240 video at 240x180,80,0) | fps=8.86 theory_max=32.55 | Avg(ms): recv=4.8 decode=14.4 color=0.0 place=10.3 copy=6.6 overlay=11.2 dma=33.4 display=51.3 total=80.8 | JPEG=7366B
I (2943100) rc_video: Video queue: ready=21922 queue_drop=0 stale_drop=172
I (2943852) rc_net: Video RX complete=21930 missing=0 last_seq=239
I (2943959) rc_net: [CAM-PROBE] Video RX seq=240 jpeg_len=8107 crc32=0xa717dff2 chunks=7
I (2946498) rc_video: Displayed 21780 frames (320x240 video at 240x180,80,0) | fps=8.85 theory_max=32.55 | Avg(ms): recv=5.8 decode=14.6 color=0.0 place=10.3 copy=6.7 overlay=11.3 dma=33.6 display=51.7 total=82.4 | JPEG=7620B
I (2946508) rc_video: Video queue: ready=21953 queue_drop=0 stale_drop=173
I (2947414) rc_net: Video RX complete=21960 missing=0 last_seq=269
I (2947493) rc_net: [CAM-PROBE] Video RX seq=270 jpeg_len=7129 crc32=0xab59ca76 chunks=6
I (2950026) rc_video: Displayed 21810 frames (320x240 video at 240x180,80,0) | fps=8.55 theory_max=32.55 | Avg(ms): recv=4.4 decode=14.4 color=0.0 place=10.2 copy=6.5 overlay=11.4 dma=33.2 display=51.3 total=80.3 | JPEG=7620B
I (2950035) rc_video: Video queue: ready=21984 queue_drop=0 stale_drop=173
I (2950659) rc_net: Video RX complete=21990 missing=0 last_seq=299
I (2950742) rc_net: [CAM-PROBE] Video RX seq=300 jpeg_len=7350 crc32=0x153e295c chunks=7
I (2953208) rc_video: Displayed 21840 frames (320x240 video at 240x180,80,0) | fps=9.48 theory_max=32.55 | Avg(ms): recv=6.6 decode=14.4 color=0.0 place=10.3 copy=6.5 overlay=11.3 dma=33.5 display=51.4 total=82.9 | JPEG=8552B
I (2953217) rc_video: Video queue: ready=22013 queue_drop=0 stale_drop=173
I (2954011) rc_net: Video RX complete=22020 missing=0 last_seq=329
I (2954065) rc_net: [CAM-PROBE] Video RX seq=330 jpeg_len=7605 crc32=0xa0531296 chunks=7
I (2956592) rc_video: Displayed 21870 frames (320x240 video at 240x180,80,0) | fps=8.91 theory_max=32.55 | Avg(ms): recv=5.9 decode=14.5 color=0.0 place=10.2 copy=6.6 overlay=11.4 dma=33.5 display=51.6 total=82.3 | JPEG=7605B
I (2956601) rc_video: Video queue: ready=22043 queue_drop=0 stale_drop=173
I (2957749) rc_net: Video RX complete=22050 missing=0 last_seq=359
I (2957813) rc_net: [CAM-PROBE] Video RX seq=360 jpeg_len=8659 crc32=0xd88f71e9 chunks=8
I (2960634) rc_video: Displayed 21900 frames (320x240 video at 240x180,80,0) | fps=7.45 theory_max=32.55 | Avg(ms): recv=6.6 decode=14.5 color=0.0 place=10.3 copy=6.6 overlay=11.3 dma=33.4 display=51.4 total=82.8 | JPEG=8043B
I (2960643) rc_video: Video queue: ready=22073 queue_drop=0 stale_drop=173
I (2961352) rc_net: Video RX complete=22080 missing=0 last_seq=389
I (2961418) rc_net: [CAM-PROBE] Video RX seq=390 jpeg_len=7823 crc32=0x0573b3f8 chunks=7
I (2964034) rc_video: Displayed 21930 frames (320x240 video at 240x180,80,0) | fps=8.87 theory_max=32.55 | Avg(ms): recv=6.5 decode=14.4 color=0.0 place=10.2 copy=6.6 overlay=11.4 dma=33.7 display=51.7 total=82.8 | JPEG=7585B
I (2964043) rc_video: Video queue: ready=22105 queue_drop=0 stale_drop=174
I (2964568) rc_net: Video RX complete=22110 missing=0 last_seq=419
I (2964711) rc_net: [CAM-PROBE] Video RX seq=420 jpeg_len=7572 crc32=0x4eeb9c2a chunks=7
I (2967597) rc_video: Displayed 21960 frames (320x240 video at 240x180,80,0) | fps=8.46 theory_max=32.55 | Avg(ms): recv=5.2 decode=14.5 color=0.0 place=10.4 copy=6.5 overlay=11.2 dma=33.7 display=51.5 total=81.6 | JPEG=7072B
I (2967606) rc_video: Video queue: ready=22135 queue_drop=0 stale_drop=175
I (2968057) rc_net: Video RX complete=22140 missing=0 last_seq=449
I (2968241) rc_net: [CAM-PROBE] Video RX seq=450 jpeg_len=7567 crc32=0x33cb4cd2 chunks=7
I (2971047) rc_video: Displayed 21990 frames (320x240 video at 240x180,80,0) | fps=8.74 theory_max=32.55 | Avg(ms): recv=5.5 decode=14.5 color=0.0 place=10.2 copy=6.6 overlay=11.3 dma=33.5 display=51.6 total=81.8 | JPEG=7581B
I (2971056) rc_video: Video queue: ready=22166 queue_drop=0 stale_drop=175
I (2971562) rc_net: Video RX complete=22170 missing=0 last_seq=479
I (2971564) rc_net: [CAM-PROBE] Video RX seq=480 jpeg_len=7365 crc32=0xebff93b5 chunks=7
I (2974683) rc_video: Displayed 22020 frames (320x240 video at 240x180,80,0) | fps=8.29 theory_max=32.55 | Avg(ms): recv=6.2 decode=14.7 color=0.0 place=10.4 copy=6.6 overlay=11.2 dma=33.3 display=51.2 total=82.6 | JPEG=8117B
I (2974692) rc_video: Video queue: ready=22198 queue_drop=0 stale_drop=177
I (2974978) rc_net: Video RX complete=22200 missing=0 last_seq=509
I (2975162) rc_net: [CAM-PROBE] Video RX seq=510 jpeg_len=7607 crc32=0x67591006 chunks=7
I (2978090) rc_video: Displayed 22050 frames (320x240 video at 240x180,80,0) | fps=8.85 theory_max=32.55 | Avg(ms): recv=6.9 decode=14.5 color=0.0 place=10.3 copy=6.5 overlay=11.1 dma=33.4 display=51.2 total=83.0 | JPEG=7117B
I (2978099) rc_video: Video queue: ready=22227 queue_drop=0 stale_drop=177
I (2978343) rc_net: Video RX complete=22230 missing=0 last_seq=539
I (2978480) rc_net: [CAM-PROBE] Video RX seq=540 jpeg_len=7571 crc32=0x629388d5 chunks=7
I (2981722) rc_video: Displayed 22080 frames (320x240 video at 240x180,80,0) | fps=8.30 theory_max=32.55 | Avg(ms): recv=7.5 decode=14.5 color=0.0 place=10.3 copy=6.5 overlay=11.3 dma=33.6 display=51.6 total=83.9 | JPEG=7521B
I (2981731) rc_video: Video queue: ready=22258 queue_drop=0 stale_drop=177
I (2981886) rc_net: Video RX complete=22260 missing=0 last_seq=569
I (2982041) rc_net: [CAM-PROBE] Video RX seq=570 jpeg_len=7881 crc32=0x9fdc6018 chunks=7
I (2985928) rc_video: Displayed 22110 frames (320x240 video at 240x180,80,0) | fps=7.16 theory_max=32.55 | Avg(ms): recv=5.6 decode=14.5 color=0.0 place=10.2 copy=6.6 overlay=11.1 dma=33.4 display=51.2 total=81.6 | JPEG=8422B
I (2985937) rc_video: Video queue: ready=22289 queue_drop=0 stale_drop=179
I (2985964) rc_net: Video RX complete=22290 missing=0 last_seq=599
I (2986048) rc_net: [CAM-PROBE] Video RX seq=600 jpeg_len=7384 crc32=0x2efa2b11 chunks=7
I (2989504) rc_net: Video RX complete=22320 missing=0 last_seq=629
I (2989606) rc_video: Displayed 22140 frames (320x240 video at 240x180,80,0) | fps=8.19 theory_max=32.55 | Avg(ms): recv=5.3 decode=14.4 color=0.0 place=10.3 copy=6.7 overlay=11.2 dma=33.4 display=51.4 total=81.4 | JPEG=7714B
I (2989615) rc_video: Video queue: ready=22320 queue_drop=0 stale_drop=180
I (2989646) rc_net: [CAM-PROBE] Video RX seq=630 jpeg_len=7586 crc32=0x0464a2d0 chunks=7
I (2993167) rc_net: Video RX complete=22350 missing=0 last_seq=659
I (2993244) rc_video: Displayed 22170 frames (320x240 video at 240x180,80,0) | fps=8.28 theory_max=32.55 | Avg(ms): recv=5.3 decode=14.4 color=0.0 place=10.2 copy=6.5 overlay=11.3 dma=33.5 display=51.5 total=81.4 | JPEG=7115B
I (2993253) rc_video: Video queue: ready=22350 queue_drop=0 stale_drop=180
I (2993290) rc_net: [CAM-PROBE] Video RX seq=660 jpeg_len=8676 crc32=0x4b7f9b9a chunks=8
I (2996850) rc_net: Video RX complete=22380 missing=0 last_seq=689
I (2996926) rc_video: Displayed 22200 frames (320x240 video at 240x180,80,0) | fps=8.18 theory_max=32.55 | Avg(ms): recv=6.7 decode=14.6 color=0.0 place=10.2 copy=6.7 overlay=11.2 dma=33.4 display=51.4 total=82.9 | JPEG=7792B
I (2996936) rc_video: Video queue: ready=22380 queue_drop=0 stale_drop=180
I (2996978) rc_net: [CAM-PROBE] Video RX seq=690 jpeg_len=7610 crc32=0x07ee6d13 chunks=7
I (3000233) rc_net: Video RX complete=22410 missing=0 last_seq=719
I (3000335) rc_video: Displayed 22230 frames (320x240 video at 240x180,80,0) | fps=8.84 theory_max=32.55 | Avg(ms): recv=4.3 decode=14.3 color=0.0 place=10.2 copy=6.6 overlay=11.3 dma=33.5 display=51.5 total=80.4 | JPEG=8573B
I (3000344) rc_video: Video queue: ready=22410 queue_drop=0 stale_drop=180
I (3000374) rc_net: [CAM-PROBE] Video RX seq=720 jpeg_len=7573 crc32=0x6ca81f77 chunks=7
I (3004174) rc_net: Video RX complete=22440 missing=0 last_seq=749
I (3004249) rc_video: Displayed 22260 frames (320x240 video at 240x180,80,0) | fps=7.70 theory_max=32.55 | Avg(ms): recv=4.9 decode=14.4 color=0.0 place=10.4 copy=6.6 overlay=11.3 dma=33.5 display=51.5 total=81.2 | JPEG=7596B
I (3004259) rc_video: Video queue: ready=22440 queue_drop=0 stale_drop=180
I (3004286) rc_net: [CAM-PROBE] Video RX seq=750 jpeg_len=8543 crc32=0x23474f3d chunks=8
I (3007554) rc_net: Video RX complete=22470 missing=0 last_seq=779
I (3007655) rc_video: Displayed 22290 frames (320x240 video at 240x180,80,0) | fps=8.85 theory_max=32.55 | Avg(ms): recv=4.0 decode=14.5 color=0.0 place=10.3 copy=6.7 overlay=11.3 dma=33.4 display=51.4 total=80.3 | JPEG=7875B
I (3007664) rc_video: Video queue: ready=22470 queue_drop=0 stale_drop=180
I (3007695) rc_net: [CAM-PROBE] Video RX seq=780 jpeg_len=7572 crc32=0x41594d1a chunks=7
I (3010879) rc_net: Video RX complete=22500 missing=0 last_seq=809
I (3010956) rc_video: Displayed 22320 frames (320x240 video at 240x180,80,0) | fps=9.13 theory_max=32.55 | Avg(ms): recv=7.1 decode=14.4 color=0.0 place=10.2 copy=6.6 overlay=11.5 dma=33.7 display=51.8 total=83.5 | JPEG=7881B
I (3010966) rc_video: Video queue: ready=22500 queue_drop=0 stale_drop=180
I (3011092) rc_net: [CAM-PROBE] Video RX seq=810 jpeg_len=7600 crc32=0xd8d1afce chunks=7
I (3014363) rc_net: Video RX complete=22530 missing=0 last_seq=839
I (3014452) rc_video: Displayed 22350 frames (320x240 video at 240x180,80,0) | fps=8.62 theory_max=32.55 | Avg(ms): recv=5.8 decode=14.4 color=0.0 place=10.2 copy=6.7 overlay=11.4 dma=33.4 display=51.5 total=81.9 | JPEG=7648B
I (3014461) rc_video: Video queue: ready=22530 queue_drop=0 stale_drop=180
I (3014499) rc_net: [CAM-PROBE] Video RX seq=840 jpeg_len=7586 crc32=0xd74125f9 chunks=7
I (3017930) rc_net: Video RX complete=22560 missing=0 last_seq=869
I (3018026) rc_video: Displayed 22380 frames (320x240 video at 240x180,80,0) | fps=8.43 theory_max=32.55 | Avg(ms): recv=5.9 decode=14.6 color=0.0 place=10.3 copy=6.6 overlay=11.3 dma=33.7 display=51.7 total=82.6 | JPEG=8015B
I (3018035) rc_video: Video queue: ready=22560 queue_drop=0 stale_drop=180
I (3018064) rc_net: [CAM-PROBE] Video RX seq=870 jpeg_len=7646 crc32=0x25db9dff chunks=7
I (3021568) rc_net: Video RX complete=22590 missing=0 last_seq=899
I (3021645) rc_video: Displayed 22410 frames (320x240 video at 240x180,80,0) | fps=8.33 theory_max=32.55 | Avg(ms): recv=5.9 decode=14.5 color=0.0 place=10.2 copy=6.6 overlay=11.3 dma=33.5 display=51.5 total=82.1 | JPEG=7580B
I (3021654) rc_video: Video queue: ready=22590 queue_drop=0 stale_drop=180
I (3021745) rc_net: [CAM-PROBE] Video RX seq=900 jpeg_len=7371 crc32=0x701410fd chunks=7
I (3025029) rc_net: Video RX complete=22620 missing=0 last_seq=929
I (3025187) rc_net: [CAM-PROBE] Video RX seq=930 jpeg_len=8052 crc32=0x3f675d7d chunks=7
I (3025384) rc_video: Displayed 22440 frames (320x240 video at 240x180,80,0) | fps=8.06 theory_max=32.55 | Avg(ms): recv=5.1 decode=14.4 color=0.0 place=10.4 copy=6.6 overlay=11.3 dma=33.6 display=51.5 total=81.5 | JPEG=7635B
I (3025393) rc_video: Video queue: ready=22623 queue_drop=0 stale_drop=182
I (3028511) rc_net: Video RX complete=22650 missing=0 last_seq=959
I (3028518) rc_net: [CAM-PROBE] Video RX seq=960 jpeg_len=7341 crc32=0x95df238c chunks=7
I (3028792) rc_video: Displayed 22470 frames (320x240 video at 240x180,80,0) | fps=8.85 theory_max=32.55 | Avg(ms): recv=5.5 decode=14.5 color=0.0 place=10.3 copy=6.6 overlay=11.4 dma=33.3 display=51.4 total=81.7 | JPEG=7615B
I (3028801) rc_video: Video queue: ready=22654 queue_drop=0 stale_drop=183
I (3031894) rc_net: Video RX complete=22680 missing=0 last_seq=989
I (3032053) rc_net: [CAM-PROBE] Video RX seq=990 jpeg_len=7582 crc32=0x228232c7 chunks=7
I (3032779) rc_video: Displayed 22500 frames (320x240 video at 240x180,80,0) | fps=7.55 theory_max=32.55 | Avg(ms): recv=5.7 decode=14.7 color=0.0 place=10.4 copy=6.9 overlay=11.2 dma=33.4 display=51.5 total=82.4 | JPEG=8003B
I (3032788) rc_video: Video queue: ready=22684 queue_drop=0 stale_drop=183
I (3036038) rc_net: Video RX complete=22710 missing=0 last_seq=1019
I (3036046) rc_net: [CAM-PROBE] Video RX seq=1020 jpeg_len=7369 crc32=0xa17ea023 chunks=7
I (3036462) rc_video: Displayed 22530 frames (320x240 video at 240x180,80,0) | fps=8.18 theory_max=32.55 | Avg(ms): recv=7.3 decode=14.4 color=0.0 place=10.3 copy=6.6 overlay=11.2 dma=33.6 display=51.5 total=83.5 | JPEG=7347B
I (3036471) rc_video: Video queue: ready=22714 queue_drop=0 stale_drop=184
I (3039361) rc_net: Video RX complete=22740 missing=0 last_seq=1049
I (3039420) rc_net: [CAM-PROBE] Video RX seq=1050 jpeg_len=8327 crc32=0xfd78cfb0 chunks=7
I (3039964) rc_video: Displayed 22560 frames (320x240 video at 240x180,80,0) | fps=8.61 theory_max=32.55 | Avg(ms): recv=6.0 decode=14.6 color=0.0 place=10.5 copy=6.5 overlay=11.2 dma=33.4 display=51.2 total=82.3 | JPEG=7577B
I (3039973) rc_video: Video queue: ready=22745 queue_drop=0 stale_drop=185
I (3042821) rc_net: Video RX complete=22770 missing=0 last_seq=1079
I (3043005) rc_net: [CAM-PROBE] Video RX seq=1080 jpeg_len=7590 crc32=0x8d9d014b chunks=7
I (3043510) rc_video: Displayed 22590 frames (320x240 video at 240x180,80,0) | fps=8.50 theory_max=32.55 | Avg(ms): recv=5.4 decode=14.4 color=0.0 place=10.3 copy=6.5 overlay=11.2 dma=33.7 display=51.5 total=81.7 | JPEG=7587B
I (3043519) rc_video: Video queue: ready=22776 queue_drop=0 stale_drop=185
I (3046399) rc_net: Video RX complete=22800 missing=0 last_seq=1109
I (3046504) rc_net: [CAM-PROBE] Video RX seq=1110 jpeg_len=7791 crc32=0xb6531737 chunks=7
I (3047095) rc_video: Displayed 22620 frames (320x240 video at 240x180,80,0) | fps=8.41 theory_max=32.55 | Avg(ms): recv=5.5 decode=14.5 color=0.0 place=10.2 copy=6.5 overlay=11.4 dma=33.3 display=51.3 total=81.7 | JPEG=7600B
I (3047104) rc_video: Video queue: ready=22806 queue_drop=0 stale_drop=185
I (3049591) rc_net: Video RX complete=22830 missing=0 last_seq=1139
I (3049725) rc_net: [CAM-PROBE] Video RX seq=1140 jpeg_len=7619 crc32=0x6513d060 chunks=7
I (3050280) rc_video: Displayed 22650 frames (320x240 video at 240x180,80,0) | fps=9.47 theory_max=32.55 | Avg(ms): recv=5.6 decode=14.5 color=0.0 place=10.3 copy=6.5 overlay=11.2 dma=33.4 display=51.2 total=81.6 | JPEG=7598B
I (3050289) rc_video: Video queue: ready=22836 queue_drop=0 stale_drop=185
I (3053098) rc_net: Video RX complete=22860 missing=0 last_seq=1169
I (3053209) rc_net: [CAM-PROBE] Video RX seq=1170 jpeg_len=8178 crc32=0xf9ddbd1b chunks=7
I (3053681) rc_video: Displayed 22680 frames (320x240 video at 240x180,80,0) | fps=8.86 theory_max=32.55 | Avg(ms): recv=5.0 decode=14.3 color=0.0 place=10.4 copy=6.6 overlay=11.3 dma=33.7 display=51.7 total=81.5 | JPEG=7595B
I (3053690) rc_video: Video queue: ready=22865 queue_drop=0 stale_drop=185
I (3056436) rc_net: Video RX complete=22890 missing=0 last_seq=1199
I (3056599) rc_net: [CAM-PROBE] Video RX seq=1200 jpeg_len=7610 crc32=0x50df6f28 chunks=7
I (3057185) rc_video: Displayed 22710 frames (320x240 video at 240x180,80,0) | fps=8.60 theory_max=32.55 | Avg(ms): recv=5.0 decode=14.4 color=0.0 place=10.1 copy=6.7 overlay=11.2 dma=33.4 display=51.4 total=80.9 | JPEG=8592B
I (3057194) rc_video: Video queue: ready=22895 queue_drop=0 stale_drop=185
