esptool.py v4.12.dev2
Serial port COM7
Connecting....
Chip is ESP32-S3 (QFN56) (revision v0.2)
Features: WiFi, BLE
Crystal is 40MHz
MAC: 44:1b:f6:f3:ae:78
Uploading stub...
Running stub...
Stub running...
Erasing flash (this may take a while)...
Chip erase completed successfully in 1.1 seconds.
Hard resetting via RTS pin...
esptool.py v4.12.dev2
Serial port COM7
Connecting....
Chip is ESP32-S3 (QFN56) (revision v0.2)
Features: WiFi, BLE
Crystal is 40MHz
MAC: 44:1b:f6:f3:ae:78
Uploading stub...
Running stub...
Stub running...
Changing baud rate to 460800
Changed.
Configuring flash size...
Flash will be erased from 0x00000000 to 0x00005fff...
Flash will be erased from 0x00008000 to 0x00008fff...
Flash will be erased from 0x00010000 to 0x000f1fff...
SHA digest in image updated
Compressed 20832 bytes to 13347...
Writing at 0x00000000... (100 %)
Wrote 20832 bytes (13347 compressed) at 0x00000000 in 0.4 seconds (effective 431.8 kbit/s)...
Hash of data verified.
Compressed 3072 bytes to 119...
Writing at 0x00008000... (100 %)
Wrote 3072 bytes (119 compressed) at 0x00008000 in 0.0 seconds (effective 1542.6 kbit/s)...
Hash of data verified.
Compressed 924144 bytes to 561888...
Writing at 0x00010000... (2 %)
Writing at 0x0001d334... (5 %)
Writing at 0x00029361... (8 %)
Writing at 0x00032862... (11 %)
Writing at 0x0003ca1c... (14 %)
Writing at 0x000428a9... (17 %)
Writing at 0x00048ca2... (20 %)
Writing at 0x0004f0e2... (22 %)
Writing at 0x00054f8c... (25 %)
Writing at 0x0005bd4d... (28 %)
Writing at 0x00061e15... (31 %)
Writing at 0x000675ef... (34 %)
Writing at 0x0006d34d... (37 %)
Writing at 0x0007313b... (40 %)
Writing at 0x00078e35... (42 %)
Writing at 0x0007efd3... (45 %)
Writing at 0x00084b4e... (48 %)
Writing at 0x0008a65b... (51 %)
Writing at 0x0008f7f6... (54 %)
Writing at 0x00094e20... (57 %)
Writing at 0x0009a5ea... (60 %)
Writing at 0x0009fb4a... (62 %)
Writing at 0x000a4f25... (65 %)
Writing at 0x000aa52d... (68 %)
Writing at 0x000b08c4... (71 %)
Writing at 0x000b61cb... (74 %)
Writing at 0x000bbf01... (77 %)
Writing at 0x000c1893... (80 %)
Writing at 0x000c6ef5... (82 %)
Writing at 0x000cf9b3... (85 %)
Writing at 0x000d5c8c... (88 %)
Writing at 0x000dc253... (91 %)
Writing at 0x000e3c2a... (94 %)
Writing at 0x000ea5c7... (97 %)
Writing at 0x000ef738... (100 %)
Wrote 924144 bytes (561888 compressed) at 0x00010000 in 13.0 seconds (effective 570.7 kbit/s)...
Hash of data verified.

Leaving...
Hard resetting via RTS pin...
