I (5350) rc_tank:   starting in 6 s
I (6350) rc_tank:   starting in 5 s
I (7350) rc_tank:   starting in 4 s
I (8350) rc_tank:   starting in 3 s
I (9350) rc_tank:   starting in 2 s
I (10350) rc_tank:   starting in 1 s
I (11350) rc_tank: Starting Remote role (P1: network, P2: control stub, P3: video)
I (11350) board_laiwfs300: init board support package
I (11350) board_laiwfs300: init capability registry
I (11355) board_laiwfs300: init I2C bus: SDA=GPIO48 SCL=GPIO47
I (11361) bus_i2c: I2C0 initialized: SDA=GPIO48 SCL=GPIO47 speed=100000Hz
I (11367) board_laiwfs300: --- I2C bus scan (0x08-0x77) ---
I (11375) board_laiwfs300:   I2C device ACK at 0x15
I (11377) board_laiwfs300:   I2C device ACK at 0x18
I (11383) board_laiwfs300:   I2C device ACK at 0x22
I (11390) board_laiwfs300:   I2C device ACK at 0x40
I (11393) board_laiwfs300:   I2C device ACK at 0x51
I (11399) board_laiwfs300:   I2C device ACK at 0x68
I (11402) board_laiwfs300: --- I2C scan done: 6 device(s) found ---
W (11406) board_laiwfs300: TPT29555A (IOEX) NOT found at 0x20 (NACK)
I (11412) board_laiwfs300: ES8311 (Codec) found at 0x18
I (11417) board_laiwfs300: ES7210 (ADC) found at 0x40
I (11422) board_laiwfs300: AIP8563 (RTC) found at 0x51
I (11427) board_laiwfs300: BMI260 (IMU @0x68) found at 0x68
W (11432) board_laiwfs300: BMI260 (IMU @0x69) NOT found at 0x69 (NACK)
W (11438) board_laiwfs300: SP0A39 (Camera) NOT found at 0x21 (NACK)
I (11445) board_laiwfs300: ES8311 chip ID: 0x83 0x11
I (11449) board_laiwfs300: ES7210 chip ID: 0x72
I (11455) board_laiwfs300: AIP8563 RTC time: 00:20:58 (BCD raw)
I (11459) board_laiwfs300: BMI260 chip ID: 0x27 (expect 0x27)
I (11464) board_laiwfs300: init SPI bus manager
I (11469) board_laiwfs300: init ADC service
I (11473) board_adc: ADC1 oneshot initialized
I (11477) board_laiwfs300: init board power service
I (11482) board_laiwfs300: ADC D0_DETECT (GPIO1): raw=1195 (~904 mV)
I (11487) board_laiwfs300: ADC BAT_ADC (GPIO7): raw=1641 (~1242 mV)
I (11493) board_laiwfs300: ADC SW_ADC (GPIO8): raw=4095 (~3100 mV)
I (11499) board_laiwfs300: init IO expander: TPT29555A addr=0x22
I (11507) io_expander: TPT29555A initialized at 0x22
I (11509) board_laiwfs300: IO expander initialized OK
I (11514) board_laiwfs300: init module detect
I (11518) board_laiwfs300: register detection rules
I (11523) board_laiwfs300: register default capabilities
I (11528) board_laiwfs300: board init complete (ioex=OK)
I (11754) touch_hal: CST836U initialized at 0x15
I (11756) touch_hal: CST836U info: module_id=0x01 fw_ver=0x19 chip_type=0x1300
I (11756) board_touch: CST836U verify OK: module_id=0x01 fw=0x19 chip_type=0x1300
I (11761) rc_control: Joystick init (landscape 320x240, center=108,136, forward=screen-up, 50Hz touch poll)
I (11770) rc_video: Initializing video display
I (11775) display_hal: init ST7789V3 LCD 240x320 SPI host=1
E (11921) spi: spi_bus_initialize(816): SPI bus already initialized.
I (12041) display_hal: ST7789V3 LCD initialized
I (12041) board_display: display mapped: MOSI=GPIO13 SCK=GPIO12 CS=GPIO10 DC=GPIO16 BL=GPIO17 LCD_RST=IOEX P1_5 pclk=40000000
I (12079) rc_video: Display initialized (landscape 320×240) and backlight ON
I (12079) rc_video: Display theory: RGB565=153600 B/frame, SPI payload=30720 us/frame, max=32.55 fps, chunk=60 lines (7680 us)
I (12121) rc_video: PSRAM buffers: jpeg_slot=43200B decoded=86400B canvas=153600B dma_chunk=38400B
I (12121) rc_video: PSRAM state: free_psram=8015260 free_internal=243283 largest_internal_dma=126976
I (12127) rc_video: Buffer caps: jpeg0=0x3c0d0eb0(psram=1) decoded=0x3c0f0950(psram=1) canvas=0x3c105af0(psram=1) dma=0x3fcc02c0(dma=1)
I (12139) rc_video: Video RX/display task started (240x180 at x=80 y=0; joystick per LCD chunk)
I (12159) rc_net: Initializing as STA (Remote)
I (12160) pp: pp rom version: e7ae62f
I (12161) net80211: net80211 rom version: e7ae62f
I (12162) wifi:wifi driver task: 3fcccc40, prio:23, stack:6656, core=0
I (12169) wifi:wifi firmware version: 0947e8b
I (12171) wifi:wifi certification version: v7.0
I (12175) wifi:config NVS flash: enabled
I (12178) rc_video: Remote WiFi icon updated: connected=0 epoch=0
I (12179) wifi:config nano formatting: disabled
I (12189) wifi:Init data frame dynamic rx buffer num: 32
I (12194) wifi:Init static rx mgmt buffer num: 5
I (12198) wifi:Init management short buffer num: 32
I (12203) wifi:Init dynamic tx buffer num: 64
I (12207) wifi:Init static tx FG buffer num: 2
I (12211) wifi:Init static rx buffer size: 1600
I (12215) wifi:Init static rx buffer num: 10
I (12219) wifi:Init dynamic rx buffer num: 32
I (12224) wifi_init: rx ba win: 6
I (12228) wifi_init: accept mbox: 6
I (12229) wifi_init: tcpip mbox: 16
I (12233) wifi_init: udp mbox: 16
I (12236) wifi_init: tcp mbox: 6
I (12239) wifi_init: tcp tx win: 5760
I (12242) wifi_init: tcp rx win: 5760
I (12245) wifi_init: tcp mss: 1440
I (12249) wifi_init: WiFi IRAM OP enabled
I (12252) wifi_init: WiFi RX IRAM OP enabled
I (12257) phy_init: phy_version 711,97bcf0a2,Aug 25 2025,19:04:10
I (12297) wifi:mode : sta (44:1b:f6:f3:ae:40)
I (12298) wifi:enable tsf
W (12299) rc_control: Network disconnected: control TX paused
I (12300) rc_net: STA started; recovery task owns scan/connect
W (12304) rc_tank: Network disconnected
I (12307) rc_net: Remote network recovery active; init does not wait for AP
I (12314) rc_tank: Remote network recovery started; waiting for tank as needed
I (12321) rc_control: Touch poll task started
I (12326) rc_control: Ctrl TX task started (sending STOP heartbeat)
I (12331) rc_control: Remote control started (touch poll + ctrl tx)
I (12337) rc_tank: Remote running (video + control; audio disabled)
I (12343) rc_tank: app_main done, idle loop
I (12407) rc_net: Remote recovery task started (scan loop, 3 direct attempts, 5000 ms interval)
I (12508) rc_net: Scanning for RC_TANK_* APs...
I (15010) rc_net: Found tank AP: RC_TANK_F3AE79, RSSI: -45
I (15011) rc_net: Connecting to tank AP, attempt 1/3
I (15084) wifi:new:<1,1>, old:<1,0>, ap:<255,255>, sta:<1,1>, prof:1, snd_ch_cfg:0x0
I (15085) wifi:state: init -> auth (0xb0)
I (15095) wifi:state: auth -> assoc (0x0)
I (15107) wifi:state: assoc -> init (0x3c0)
I (15108) wifi:new:<1,0>, old:<1,1>, ap:<255,255>, sta:<1,1>, prof:1, snd_ch_cfg:0x0
I (20110) rc_net: Connecting to tank AP, attempt 2/3
I (27522) rc_net: Connecting to tank AP, attempt 3/3
I (27529) wifi:new:<1,1>, old:<1,0>, ap:<255,255>, sta:<1,1>, prof:1, snd_ch_cfg:0x0
I (27530) wifi:state: init -> auth (0xb0)
I (27536) wifi:state: auth -> assoc (0x0)
I (27545) wifi:state: assoc -> run (0x10)
I (27560) wifi:connected with RC_TANK_F3AE79, aid = 1, channel 1, 40U, bssid = 44:1b:f6:f3:ae:79
I (27561) wifi:security: WPA2-PSK, phy: bgn, rssi: -45, cipher(pairwise:0x3, group:0x3), pmf:1
I (27567) wifi:pm start, type: 1

I (27570) wifi:dp: 1, bi: 102400, li: 3, scale listen interval from 307200 us to 307200 us
I (27578) wifi:set rx beacon pti, rx_bcn_pti: 0, bcn_timeout: 25000, mt_pti: 0, mt_time: 10000
I (27637) wifi:AP's beacon interval = 102400 us, DTIM period = 1
I (28606) esp_netif_handlers: sta ip: 192.168.4.2, mask: 255.255.255.0, gw: 192.168.4.1
I (28606) rc_net: Got IP: 192.168.4.2
I (28606) rc_net: Connected to tank AP; waiting for disconnect
I (28611) rc_control: Joystick released: motion control re-armed
I (28616) rc_video: Remote WiFi icon updated: connected=1 epoch=1
W (28618) rc_control: Ctrl send failed: ESP_ERR_INVALID_STATE
I (28607) rc_control: Network connected: waiting for joystick release before motion
I (28636) rc_tank: Network connected, peer: 192.168.4.1
I (28642) rc_net: Ctrl UDP socket ready
I (28645) rc_net: Video UDP socket bound to port 8002
I (28656) wifi:<ba-add>idx:0 (ifx:0, 44:1b:f6:f3:ae:79), tid:0, ssn:0, winSize:64
I (28758) rc_net: Audio TCP connected to tank port 8003
I (28758) rc_tank: Socket channels started
I (28760) rc_video: Remote video started
I (31086) rc_net: [CAM-PROBE] Video RX seq=30 jpeg_len=7555 crc32=0xe7c4c20c chunks=7
I (31981) rc_net: Video RX complete=30 missing=0 last_seq=38
I (32055) rc_video: Displayed 30 frames (320x240 video at 240x180,80,0) | fps=1.51 theory_max=32.55 | Avg(ms): recv=7.1 decode=14.1 color=0.0 place=10.2 copy=6.5 overlay=10.7 dma=31.8 display=49.1 total=80.5 | JPEG=8580B
I (32064) rc_video: Video queue: ready=30 queue_drop=0 stale_drop=0
I (34696) rc_net: [CAM-PROBE] Video RX seq=60 jpeg_len=7575 crc32=0x193df29d chunks=7
I (35402) rc_net: Video RX complete=60 missing=0 last_seq=68
I (35586) rc_video: Displayed 60 frames (320x240 video at 240x180,80,0) | fps=8.53 theory_max=32.55 | Avg(ms): recv=7.0 decode=14.2 color=0.0 place=10.1 copy=6.5 overlay=10.7 dma=31.8 display=49.1 total=80.5 | JPEG=7136B
I (35595) rc_video: Video queue: ready=62 queue_drop=0 stale_drop=1
I (37922) rc_net: [CAM-PROBE] Video RX seq=90 jpeg_len=8528 crc32=0x1f1ff9da chunks=8
I (38861) rc_net: Video RX complete=90 missing=0 last_seq=98
I (39071) rc_video: Displayed 90 frames (320x240 video at 240x180,80,0) | fps=8.64 theory_max=32.55 | Avg(ms): recv=6.8 decode=14.1 color=0.0 place=10.2 copy=6.4 overlay=10.7 dma=31.8 display=49.0 total=80.2 | JPEG=7689B
I (39080) rc_video: Video queue: ready=91 queue_drop=0 stale_drop=1
