020 size=24850h (149584) map
I (3101) esp_image: segment 1: paddr=00034878 vaddr=3fca0d00 size=05570h ( 21872) load
I (3115) esp_image: segment 2: paddr=00039df0 vaddr=40374000 size=06228h ( 25128) load
I (3132) esp_image: segment 3: paddr=00040020 vaddr=42000020 size=9b3f0h (635888) map
I (3520) esp_image: segment 4: paddr=000db418 vaddr=4037a228 size=169d0h ( 92624) load
I (3580) esp_image: segment 5: paddr=000f1df0 vaddr=50000000 size=00020h (    32) load
I (3592) boot: Loaded app from partition at offset 0x10000
I (3592) boot: Disabling RNG early entropy source...
I (3604) esp_psram: Found 8MB PSRAM device
I (3604) esp_psram: Speed: 80MHz
I (3604) cpu_start: Multicore app
I (4522) esp_psram: SPI SRAM memory test OK
I (4531) cpu_start: GPIO 44 and 43 are used as console UART I/O pins
I (4532) cpu_start: Pro cpu start user code
I (4532) cpu_start: cpu freq: 240000000 Hz
I (4534) app_init: Application information:
I (4537) app_init: Project name:     rc_tank_demo
I (4542) app_init: App version:      1
I (4545) app_init: Compile time:     Aug 25 2026 19:29:51
I (4550) app_init: ELF file SHA256:  82a010db8...
I (4555) app_init: ESP-IDF:          GIT-NOTFOUND
I (4559) efuse_init: Min chip rev:     v0.0
I (4563) efuse_init: Max chip rev:     v0.99 
I (4567) efuse_init: Chip rev:         v0.2
I (4571) heap_init: Initializing. RAM available for dynamic allocation:
I (4578) heap_init: At 3FCAA440 len 0003F2D0 (252 KiB): RAM
I (4583) heap_init: At 3FCE9710 len 00005724 (21 KiB): RAM
I (4588) heap_init: At 3FCF0000 len 00008000 (32 KiB): DRAM
I (4593) heap_init: At 600FE000 len 00001FE8 (7 KiB): RTCRAM
I (4599) esp_psram: Adding pool of 8192K of PSRAM memory to heap allocator
I (4607) spi_flash: detected chip: generic
I (4609) spi_flash: flash io: dio
I (4613) sleep_gpio: Configure to isolate all GPIO pins in sleep state
I (4619) sleep_gpio: Enable automatic switching of GPIO sleep configuration
I (4626) main_task: Started on CPU0
I (4650) esp_psram: Reserving pool of 64K of internal memory for DMA/internal allocations
I (4651) main_task: Calling app_main()
I (4657) rc_tank: === RC Tank Demo (EX-035) Role: TANK ===
I (4657) rc_tank: Startup delay 10 s (open serial monitor now)...
I (4661) rc_tank:   starting in 10 s
I (5665) rc_tank:   starting in 9 s
I (6665) rc_tank:   starting in 8 s
I (7665) rc_tank:   starting in 7 s
I (8665) rc_tank:   starting in 6 s
I (9665) rc_tank:   starting in 5 s
I (10665) rc_tank:   starting in 4 s
I (11665) rc_tank:   starting in 3 s
I (12665) rc_tank:   starting in 2 s
I (13665) rc_tank:   starting in 1 s
I (14665) rc_tank: Starting Tank role (P1: network, P2: control, P3: video)
I (14665) board_laiwfs300: init board support package
I (14665) board_laiwfs300: init capability registry
I (14670) board_laiwfs300: init I2C bus: SDA=GPIO48 SCL=GPIO47
I (14676) bus_i2c: I2C0 initialized: SDA=GPIO48 SCL=GPIO47 speed=100000Hz
I (14682) board_laiwfs300: --- I2C bus scan (0x08-0x77) ---
I (14689) board_laiwfs300:   I2C device ACK at 0x15
I (14692) board_laiwfs300:   I2C device ACK at 0x18
I (14697) board_laiwfs300:   I2C device ACK at 0x21
I (14701) board_laiwfs300:   I2C device ACK at 0x22
I (14709) board_laiwfs300:   I2C device ACK at 0x40
I (14712) board_laiwfs300:   I2C device ACK at 0x51
I (14718) board_laiwfs300:   I2C device ACK at 0x68
I (14721) board_laiwfs300: --- I2C scan done: 7 device(s) found ---
W (14725) board_laiwfs300: TPT29555A (IOEX) NOT found at 0x20 (NACK)
I (14731) board_laiwfs300: ES8311 (Codec) found at 0x18
I (14736) board_laiwfs300: ES7210 (ADC) found at 0x40
I (14741) board_laiwfs300: AIP8563 (RTC) found at 0x51
I (14746) board_laiwfs300: BMI260 (IMU @0x68) found at 0x68
W (14751) board_laiwfs300: BMI260 (IMU @0x69) NOT found at 0x69 (NACK)
I (14757) board_laiwfs300: SP0A39 (Camera) found at 0x21
I (14764) board_laiwfs300: ES8311 chip ID: 0x83 0x11
I (14768) board_laiwfs300: ES7210 chip ID: 0x72
I (14773) board_laiwfs300: AIP8563 RTC time: 07:05:08 (BCD raw)
I (14777) board_laiwfs300: BMI260 chip ID: 0x27 (expect 0x27)
I (14782) board_laiwfs300: init SPI bus manager
I (14788) board_laiwfs300: init ADC service
I (14791) board_adc: ADC1 oneshot initialized
I (14795) board_laiwfs300: init board power service
I (14800) board_laiwfs300: ADC D0_DETECT (GPIO1): raw=2037 (~1542 mV)
I (14805) board_laiwfs300: ADC BAT_ADC (GPIO7): raw=1647 (~1246 mV)
I (14811) board_laiwfs300: ADC SW_ADC (GPIO8): raw=4095 (~3100 mV)
I (14817) board_laiwfs300: init IO expander: TPT29555A addr=0x22
I (14826) io_expander: TPT29555A initialized at 0x22
I (14828) board_laiwfs300: IO expander initialized OK
I (14832) board_laiwfs300: init module detect
I (14837) board_laiwfs300: register detection rules
I (14841) board_laiwfs300: register default capabilities
I (14846) board_laiwfs300: board init complete (ioex=OK)
I (14851) rc_tank: [STEP] Motor init starting...
I (14856) board_motor: motor input 1 -> GPIO5 / LEDC channel 0
I (14861) board_motor: motor input 2 -> GPIO4 / LEDC channel 1
I (14867) board_motor: motor input 3 -> GPIO37 / LEDC channel 2
I (14872) board_motor: motor input 4 -> GPIO45 / LEDC channel 3
I (14878) rc_control: Motor initialized
I (14881) rc_tank: [STEP] Motor init OK
I (14885) rc_tank: [STEP] Display init starting...
I (14890) rc_video: Initializing Tank display
I (14895) display_hal: init ST7789V3 LCD 240x320 SPI host=1
E (15040) spi: spi_bus_initialize(816): SPI bus already initialized.
I (15161) display_hal: ST7789V3 LCD initialized
I (15161) board_display: display mapped: MOSI=GPIO13 SCK=GPIO12 CS=GPIO10 DC=GPIO16 BL=GPIO17 LCD_RST=IOEX P1_5 pclk=20000000
I (15166) rc_video: Tank display task started (status screen)
I (15167) rc_video: Tank display initialized (status task owns LCD)
I (15177) rc_tank: [STEP] Display init OK
I (15181) rc_tank: [STEP] Camera init starting...
I (15185) rc_video: Initializing camera (SP0A39 640x480 VYUY)
I (15191) board_camera: initializing SP0A39 camera mode=0 640x480
I (15196) camera_hal: init SP0A39 DVP 640x480 (SCCB manual mode)
I (15202) camera_hal: configuring IOEX pins for camera RESET/PWDN
I (15209) camera_hal: PWDN=HIGH (power down)
I (15222) camera_hal: PWDN=LOW (release sensor)
I (15422) camera_hal: RESET=LOW (assert reset)
I (15442) camera_hal: RESET=HIGH (release reset)
I (16442) camera_hal: full I2C scan after camera power-up (diagnostic only)...
I (16444) camera_hal:   post-powerup ACK at 0x15
I (16444) camera_hal:   post-powerup ACK at 0x18
I (16447) camera_hal:   post-powerup ACK at 0x21
I (16451) camera_hal:   post-powerup ACK at 0x22
I (16459) camera_hal:   post-powerup ACK at 0x40
I (16461) camera_hal:   post-powerup ACK at 0x51
I (16467) camera_hal:   post-powerup ACK at 0x68
I (16470) camera_hal: DVP GPIO diagnostics (checking PCLK/VSYNC/HSYNC activity)...
I (16536) camera_hal: DVP diagnostics: PCLK_changes=0 VSYNC_changes=0 HSYNC_changes=0
W (16536) camera_hal: PCLK has no transitions - MCLK likely not reaching sensor or sensor not active
I (16541) camera_hal: using sensor address 0x21
I (16546) camera_hal: SP0A39 I2C device added at 0x21
I (16552) camera_hal: SP0A39 chip ID: 0x0A39
I (16674) camera_hal: SP0A39 register init done: VYUY 640x480 (359 regs)
I (16675) camera_hal: [CAM-PROBE] SP0A39 p0_31 stage=post_table value=0x00 expected=0x01
E (16678) camera_hal: camera_hal_verify_expected_output_p0_31(92): unexpected p0_31=0x00 at post_table
W (16687) camera_hal: [CAM-PROBE] output state differs after table; continuing: ESP_ERR_INVALID_RESPONSE
I (16716) camera_hal: [CAM-PROBE] SP0A39 p0_31 stage=post_delay value=0x01 expected=0x01
I (16717) camera_hal: camera HAL initialized (sensor ready, DVP capture not yet implemented)
I (16721) board_camera: camera ready
I (16729) camera_hal: SP0A39 output regs: P0:1c=0x00 P0:30=0x01 P0:31=0x01 P1:32=0x15 P1:34=0xeb P1:35=0x00 P1:36=0x10
I (16861) rc_video:   3 DMA-capable PSRAM framebuffers allocated (600 KB each)
I (16864) dvp_ext: DVP Extended camera controller driver is initialized
I (16865) dvp_ext: [STABLE-DVP] assembly uses GDMA-EOF direct copy; dma=102400 half=51200 queue_data_events=suppressed eof_desc=probe
I (16875) rc_video: [STABLE-CAPTURE] staged DVP controller created dma=102400 half=51200
I (16883) rc_video: Camera initialized
I (16887) rc_tank: [STEP] Camera init OK
I (16890) rc_tank: [STEP] Network init starting...
I (16896) rc_net: Initializing as SoftAP (Tank)
I (16901) pp: pp rom version: e7ae62f
I (16903) net80211: net80211 rom version: e7ae62f
I (16910) wifi:wifi driver task: 3fce4958, prio:23, stack:6656, core=0
I (16917) wifi:wifi firmware version: 0947e8b
I (16918) wifi:wifi certification version: v7.0
I (16922) wifi:config NVS flash: enabled
I (16925) wifi:config nano formatting: disabled
I (16930) wifi:Init data frame dynamic rx buffer num: 32
I (16935) wifi:Init static rx mgmt buffer num: 5
I (16939) wifi:Init management short buffer num: 32
I (16943) wifi:Init dynamic tx buffer num: 64
I (16948) wifi:Init static tx FG buffer num: 2
I (16952) wifi:Init static rx buffer size: 1600
I (16956) wifi:Init static rx buffer num: 10
I (16960) wifi:Init dynamic rx buffer num: 32
I (16965) wifi_init: rx ba win: 6
I (16967) wifi_init: accept mbox: 6
I (16970) wifi_init: tcpip mbox: 16
I (16973) wifi_init: udp mbox: 6
I (16976) wifi_init: tcp mbox: 6
I (16979) wifi_init: tcp tx win: 5760
I (16983) wifi_init: tcp rx win: 5760
I (16986) wifi_init: tcp mss: 1440
I (16989) wifi_init: WiFi IRAM OP enabled
I (16993) wifi_init: WiFi RX IRAM OP enabled
I (16998) rc_net: AP set_mode/config, SSID=RC_TANK_F3AE79 ch=1
I (17078) phy_init: phy_version 711,97bcf0a2,Aug 25 2025,19:04:10
W (17079) phy_init: failed to load RF calibration data (0x1102), falling back to full calibration
I (17116) phy_init: Saving new calibration data due to checksum failure or outdated calibration data, mode(2)
I (17125) wifi:mode : softAP (44:1b:f6:f3:ae:79)
I (17130) wifi:Total power save buffer number: 32
I (17131) wifi:Init max length of beacon: 752/752
I (17131) wifi:Init max length of beacon: 752/752
I (17134) rc_net: SoftAP started, SSID: RC_TANK_F3AE79, Password: 12345678
I (17135) esp_netif_lwip: DHCP server started on interface WIFI_AP_DEF with IP: 192.168.4.1
I (17147) rc_tank: [STEP] Network init OK
I (17151) rc_tank: Tank SoftAP ready, waiting for remote...
I (17156) rc_control: Ctrl RX task started
I (17160) rc_control: Tank control started
I (17164) rc_tank: Tank running (video + control; audio disabled)
I (17170) rc_tank: app_main done, idle loop
I (22020) wifi:new:<1,1>, old:<1,1>, ap:<1,1>, sta:<255,255>, prof:1, snd_ch_cfg:0x0
I (22021) wifi:station: 44:1b:f6:f3:ae:40 join, AID=1, bgn, 40U
I (22047) rc_net: STA connected, MAC: 44:1b:f6:f3:ae:40
I (22091) esp_netif_lwip: DHCP server assigned IP to a client, IP is: 192.168.4.2
I (22092) rc_net: STA assigned IP: 192.168.4.2
I (22092) rc_tank: Network connected, peer: 192.168.4.2
I (22098) rc_net: Ctrl UDP socket bound to port 8001
I (22102) rc_net: Video UDP socket bound to port 8002
I (22107) rc_net: Audio TCP listening on port 8003
I (22111) rc_tank: Socket channels started
I (22115) rc_video: No local preview active; formal video handoff skipped
I (22123) camera_hal: [CAM-PROBE] SP0A39 p0_31 stage=dvp_started value=0x01 expected=0x01
I (22177) rc_video: Video TX task started (240x180, sensor-driven, Q=60)
I (22178) rc_video: TX theory: raw=614400 B/frame, encoded YUV=86400 B/frame, target10fps raw=0.86 MB/s
I (22183) rc_video: PSRAM TX buffers: subsample=86400B jpeg=43200B send=43208B free_psram=5592524 free_internal=59451
I (22193) rc_video: TX buffer caps: subsample=0x3c350120(psram=1) jpeg=0x3c3652a4(psram=1) send=0x3c36fea8(psram=1)
I (22248) rc_net: [CAM-PROBE] Video TX seq=0 jpeg_len=7631 crc32=0xc053ce0c chunks=7
I (22293) rc_video: Tank video started (camera source)
W (22300) rc_net: Video UDP send failed: seq=0 chunk=4/7 bytes=1208 sent=-1 errno=12 attempts=4
W (22302) rc_video: Video send failed: ESP_FAIL
W (22356) rc_video: Video send failed: ESP_FAIL
W (22504) rc_video: Video send failed: ESP_FAIL
W (22554) rc_video: Video send failed: ESP_FAIL
W (22704) rc_video: Video send failed: ESP_FAIL
W (22754) rc_video: Video send failed: ESP_FAIL
W (22901) rc_video: Video send failed: ESP_FAIL
W (22951) rc_video: Video send failed: ESP_FAIL
W (23101) rc_video: Video send failed: ESP_FAIL
I (23151) wifi:<ba-add>idx:2 (ifx:1, 44:1b:f6:f3:ae:40), tid:0, ssn:0, winSize:64
I (25274) rc_net: [CAM-PROBE] Video TX seq=30 jpeg_len=7547 crc32=0xb0c3c949 chunks=7
I (26071) rc_video: Sent 30 | cap_fps=10.0 send_fps=7.7 capture_size_errors=0 capture_identity_errors=0 | Avg(ms): wait=23.6 cache=0.9 subsample=23.3 encode=43.2 send=7.4 total=98.4 | JPEG=7584B
I (26079) rc_video: [VIDEO-TX] handoff cap=40 get=80 select_fail=0 finished=40 signal=40 acquire=39 acquire_fail=0 release_fail=0 backup=0/0
I (26091) rc_video: [STABLE-CAPTURE] pause=40/40 timeout=0 quiesce=39 resume=39 lifecycle_errors=0 repairs=39 staged_events=449 copies=440 fallback=0 errors=0 prepare=40 stale_queue=0 pending_vsync=21 sync=40 complete=40 incomplete=0 incomplete_blocks=0 hold=40/40 hold_timeout=0
I (26115) rc_video: [DEBUG-r8] start samples=40 last=25 min=14 max=60 avg=27 first_core=0 task_core=39/1 eof_core=449/0 complete_avg=27 complete_max=60 incomplete_avg=0 incomplete_max=0 timestamp_miss=0 vsync_level=0/40 pending_level=0/21 block_hist=0:0,1:0,2:0,3:0,4:0,5:0,6:0,7:0,8:0,9:0,10:0,11:0
I (28295) rc_net: [CAM-PROBE] Video TX seq=60 jpeg_len=7578 crc32=0xc70768ab chunks=7
I (29092) rc_video: Sent 60 | cap_fps=9.6 send_fps=9.9 capture_size_errors=0 capture_identity_errors=0 | Avg(ms): wait=26.5 cache=0.9 subsample=24.8 encode=41.0 send=4.7 total=97.9 | JPEG=7576B
I (29102) rc_video: [VIDEO-TX] handoff cap=69 get=139 select_fail=0 finished=69 signal=69 acquire=69 acquire_fail=0 release_fail=0 backup=0/0
I (29143) rc_video: [STABLE-CAPTURE] pause=70/70 timeout=0 quiesce=69 resume=69 lifecycle_errors=0 repairs=69 staged_events=787 copies=770 fallback=0 errors=0 prepare=70 stale_queue=0 pending_vsync=37 sync=70 complete=70 incomplete=0 incomplete_blocks=0 hold=70/70 hold_timeout=0
I (29165) rc_video: [DEBUG-r8] start samples=70 last=25 min=14 max=60 avg=26 first_core=0 task_core=68/2 eof_core=787/0 complete_avg=26 complete_max=60 incomplete_avg=0 incomplete_max=0 timestamp_miss=0 vsync_level=0/70 pending_level=0/37 block_hist=0:0,1:0,2:0,3:0,4:0,5:0,6:0,7:0,8:0,9:0,10:0,11:0
I (31369) rc_net: [CAM-PROBE] Video TX seq=90 jpeg_len=7603 crc32=0xa56fb2cf chunks=7
I (32167) rc_video: Sent 90 | cap_fps=10.1 send_fps=9.8 capture_size_errors=0 capture_identity_errors=0 | Avg(ms): wait=26.0 cache=0.9 subsample=23.0 encode=43.1 send=5.6 total=98.6 | JPEG=7571B
I (32174) rc_video: [VIDEO-TX] handoff cap=100 get=200 select_fail=0 finished=100 signal=100 acquire=99 acquire_fail=0 release_fail=0 backup=0/0
I (32187) rc_video: [STABLE-CAPTURE] pause=100/100 timeout=0 quiesce=99 resume=99 lifecycle_errors=0 repairs=99 staged_events=1129 copies=1100 fallback=0 errors=0 prepare=100 stale_queue=0 pending_vsync=52 sync=100 complete=100 incomplete=0 incomplete_blocks=0 hold=100/100 hold_timeout=0
I (32212) rc_video: [DEBUG-r8] start samples=100 last=30 min=14 max=60 avg=26 first_core=0 task_core=98/2 eof_core=1129/0 complete_avg=26 complete_max=60 incomplete_avg=0 incomplete_max=0 timestamp_miss=0 vsync_level=0/100 pending_level=0/52 block_hist=0:0,1:0,2:0,3:0,4:0,5:0,6:0,7:0,8:0,9:0,10:0,11:0
I (34390) rc_net: [CAM-PROBE] Video TX seq=120 jpeg_len=7606 crc32=0x6af556f5 chunks=7
I (35184) rc_video: Sent 120 | cap_fps=9.6 send_fps=9.9 capture_size_errors=0 capture_identity_errors=0 | Avg(ms): wait=26.1 cache=0.9 subsample=24.7 encode=41.4 send=4.6 total=97.7 | JPEG=7602B
I (35191) rc_video: [VIDEO-TX] handoff cap=129 get=259 select_fail=0 finished=129 signal=129 acquire=129 acquire_fail=0 release_fail=0 backup=0/0
I (35238) rc_video: [STABLE-CAPTURE] pause=130/130 timeout=0 quiesce=129 resume=129 lifecycle_errors=0 repairs=129 staged_events=1467 copies=1430 fallback=0 errors=0 prepare=130 stale_queue=0 pending_vsync=68 sync=130 complete=130 incomplete=0 incomplete_blocks=0 hold=130/130 hold_timeout=0
I (35258) rc_video: [DEBUG-r8] start samples=130 last=30 min=14 max=60 avg=26 first_core=0 task_core=127/3 eof_core=1467/0 complete_avg=26 complete_max=60 incomplete_avg=0 incomplete_max=0 timestamp_miss=0 vsync_level=0/130 pending_level=0/68 block_hist=0:0,1:0,2:0,3:0,4:0,5:0,6:0,7:0,8:0,9:0,10:0,11:0
I (37464) rc_net: [CAM-PROBE] Video TX seq=150 jpeg_len=7596 crc32=0xeec5e848 chunks=7
I (38235) rc_video: Sent 150 | cap_fps=9.8 send_fps=9.8 capture_size_errors=0 capture_identity_errors=0 | Avg(ms): wait=24.7 cache=0.8 subsample=23.5 encode=43.0 send=5.8 total=97.8 | JPEG=7598B
I (38242) rc_video: [VIDEO-TX] handoff cap=159 get=319 select_fail=0 finished=159 signal=159 acquire=159 acquire_fail=0 release_fail=0 backup=0/0
I (38284) rc_video: [STABLE-CAPTURE] pause=159/159 timeout=0 quiesce=159 resume=159 lifecycle_errors=0 repairs=159 staged_events=1806 copies=1760 fallback=0 errors=0 prepare=160 stale_queue=0 pending_vsync=84 sync=160 complete=160 incomplete=0 incomplete_blocks=0 hold=159/159 hold_timeout=0
I (38309) rc_video: [DEBUG-r8] start samples=160 last=52 min=14 max=60 avg=27 first_core=0 task_core=151/9 eof_core=1806/0 complete_avg=27 complete_max=60 incomplete_avg=0 incomplete_max=0 timestamp_miss=0 vsync_level=1/159 pending_level=1/83 block_hist=0:0,1:0,2:0,3:0,4:0,5:0,6:0,7:0,8:0,9:0,10:0,11:0
I (40511) rc_net: [CAM-PROBE] Video TX seq=180 jpeg_len=7601 crc32=0x179f8c94 chunks=7
I (41312) rc_video: Sent 180 | cap_fps=10.1 send_fps=9.7 capture_size_errors=0 capture_identity_errors=0 | Avg(ms): wait=25.5 cache=0.9 subsample=23.5 encode=43.6 send=5.1 total=98.6 | JPEG=7574B
I (41319) rc_video: [VIDEO-TX] handoff cap=190 get=380 select_fail=0 finished=190 signal=190 acquire=189 acquire_fail=0 release_fail=0 backup=0/0
I (41332) rc_video: [STABLE-CAPTURE] pause=190/190 timeout=0 quiesce=189 resume=189 lifecycle_errors=0 repairs=189 staged_events=2142 copies=2090 fallback=0 errors=0 prepare=190 stale_queue=0 pending_vsync=99 sync=190 complete=190 incomplete=0 incomplete_blocks=0 hold=190/190 hold_timeout=0
I (41357) rc_video: [DEBUG-r8] start samples=190 last=26 min=14 max=60 avg=26 first_core=0 task_core=181/9 eof_core=2142/0 complete_avg=26 complete_max=60 incomplete_avg=0 incomplete_max=0 timestamp_miss=0 vsync_level=1/189 pending_level=1/98 block_hist=0:0,1:0,2:0,3:0,4:0,5:0,6:0,7:0,8:0,9:0,10:0,11:0
