=========================================
Flashing RC Tank Demo - TANK Role to COM7
=========================================
Bootloader:      E:\10__AIProject\7_AI陪伴机器人\CODE\examples\rc_tank_demo\firmware_backup\bootloader_TANK.bin
Partition Table: E:\10__AIProject\7_AI陪伴机器人\CODE\examples\rc_tank_demo\firmware_backup\partition-table_TANK.bin
Application:     E:\10__AIProject\7_AI陪伴机器人\CODE\examples\rc_tank_demo\firmware_backup\rc_tank_demo_TANK.bin

Erasing flash...
esptool.py v4.12.dev2
Serial port COM7
Connecting....
Chip is ESP32-S3 (QFN56) (revision v0.2)
Features: WiFi, BLE
Crystal is 40MHz
MAC: 44:1b:f6:f3:ae:78
Uploading stub...
Running stub...
Stub running...
Erasing flash (this may take a while)...
Chip erase completed successfully in 1.0 seconds.
Hard resetting via RTS pin...

Programming flash...
esptool.py v4.12.dev2
Serial port COM7
Connecting....
Chip is ESP32-S3 (QFN56) (revision v0.2)
Features: WiFi, BLE
Crystal is 40MHz
MAC: 44:1b:f6:f3:ae:78
Uploading stub...
Running stub...
Stub running...
Changing baud rate to 460800
Changed.
Configuring flash size...
Flash will be erased from 0x00000000 to 0x00005fff...
Flash will be erased from 0x00008000 to 0x00008fff...
Flash will be erased from 0x00010000 to 0x000f1fff...
SHA digest in image updated
Compressed 20832 bytes to 13349...
Writing at 0x00000000... (100 %)
Wrote 20832 bytes (13349 compressed) at 0x00000000 in 0.4 seconds (effective 432.8 kbit/s)...
Hash of data verified.
Compressed 3072 bytes to 119...
Writing at 0x00008000... (100 %)
Wrote 3072 bytes (119 compressed) at 0x00008000 in 0.0 seconds (effective 1529.8 kbit/s)...
Hash of data verified.
Compressed 923136 bytes to 561391...
Writing at 0x00010000... (2 %)
Writing at 0x0001d334... (5 %)
Writing at 0x000293b8... (8 %)
Writing at 0x00032907... (11 %)
Writing at 0x0003c951... (14 %)
Writing at 0x000427d4... (17 %)
Writing at 0x00048be5... (20 %)
Writing at 0x0004effa... (22 %)
Writing at 0x00054e8a... (25 %)
Writing at 0x0005bc3d... (28 %)
Writing at 0x00061d1e... (31 %)
Writing at 0x000674e3... (34 %)
Writing at 0x0006d24c... (37 %)
Writing at 0x00073098... (40 %)
Writing at 0x00078d84... (42 %)
Writing at 0x0007eed7... (45 %)
Writing at 0x00084a65... (48 %)
Writing at 0x0008a583... (51 %)
Writing at 0x0008f6cf... (54 %)
Writing at 0x00094d4d... (57 %)
Writing at 0x0009a4e5... (60 %)
Writing at 0x0009fa42... (62 %)
Writing at 0x000a4e23... (65 %)
Writing at 0x000aa419... (68 %)
Writing at 0x000b07be... (71 %)
Writing at 0x000b60b4... (74 %)
Writing at 0x000bbde3... (77 %)
Writing at 0x000c17a5... (80 %)
Writing at 0x000c6d98... (82 %)
Writing at 0x000cf88c... (85 %)
Writing at 0x000d5b7f... (88 %)
Writing at 0x000dc1b6... (91 %)
Writing at 0x000e3b2c... (94 %)
Writing at 0x000ea3fc... (97 %)
Writing at 0x000ef644... (100 %)
Wrote 923136 bytes (561391 compressed) at 0x00010000 in 12.9 seconds (effective 570.6 kbit/s)...
Hash of data verified.

Leaving...
Hard resetting via RTS pin...

=========================================
Flash completed successfully!
=========================================
