W (3426997) rc_net: No RC_TANK_* AP found; retry scan in 5000 ms
I (3432097) rc_net: Scanning for RC_TANK_* APs...
I (3434599) rc_net: Found tank AP: RC_TANK_F3AE79, RSSI: -46
I (3434600) rc_net: Connecting to tank AP, attempt 1/3
I (3434608) wifi:new:<1,1>, old:<1,0>, ap:<255,255>, sta:<1,1>, prof:1, snd_ch_cfg:0x0
I (3434609) wifi:state: init -> auth (0xb0)
I (3434616) wifi:state: auth -> assoc (0x0)
I (3434630) wifi:state: assoc -> run (0x10)
I (3434646) wifi:connected with RC_TANK_F3AE79, aid = 1, channel 1, 40U, bssid = 44:1b:f6:f3:ae:79
I (3434646) wifi:security: WPA2-PSK, phy: bgn, rssi: -45, cipher(pairwise:0x3, group:0x3), pmf:1
I (3434653) wifi:pm start, type: 1

I (3434656) wifi:set rx beacon pti, rx_bcn_pti: 0, bcn_timeout: 25000, mt_pti: 0, mt_time: 10000
I (3434718) wifi:AP's beacon interval = 102400 us, DTIM period = 1
I (3435688) esp_netif_handlers: sta ip: 192.168.4.2, mask: 255.255.255.0, gw: 192.168.4.1
I (3435688) rc_net: Got IP: 192.168.4.2
I (3435689) rc_net: Connected to tank AP; waiting for disconnect
I (3435689) rc_control: Network connected: waiting for joystick release before motion
I (3435699) rc_control: Joystick released: motion control re-armed
I (3435702) rc_tank: Network connected, peer: 192.168.4.1
W (3435713) rc_tank: Channels already started, skip re-init
I (3435716) wifi:<ba-add>idx:0 (ifx:0, 44:1b:f6:f3:ae:79), tid:0, ssn:0, winSize:64
I (3435705) rc_video: Remote WiFi icon updated: connected=1 epoch=17
I (3437860) rc_net: [CAM-PROBE] Video RX seq=30 jpeg_len=7588 crc32=0x4fafce07 chunks=7
I (3437864) rc_net: Video RX complete=25620 missing=0 last_seq=30
I (3438716) rc_video: Displayed 25410 frames (320x240 video at 240x180,80,0) | fps=0.50 theory_max=32.55 | Avg(ms): recv=3.5 decode=14.2 color=0.0 place=10.2 copy=6.8 overlay=11.2 dma=33.7 display=51.8 total=79.8 | JPEG=7529B
I (3438725) rc_video: Video queue: ready=25628 queue_drop=0 stale_drop=218
I (3440833) rc_net: [CAM-PROBE] Video RX seq=60 jpeg_len=7612 crc32=0x7179a71e chunks=7
I (3440839) rc_net: Video RX complete=25650 missing=0 last_seq=60
I (3441719) rc_video: Displayed 25440 frames (320x240 video at 240x180,80,0) | fps=10.04 theory_max=32.55 | Avg(ms): recv=4.9 decode=14.6 color=0.0 place=10.5 copy=6.8 overlay=11.2 dma=33.5 display=51.6 total=81.5 | JPEG=7613B
I (3441728) rc_video: Video queue: ready=25658 queue_drop=0 stale_drop=218
I (3443866) rc_net: [CAM-PROBE] Video RX seq=90 jpeg_len=7576 crc32=0xd3a6e8be chunks=7
I (3443870) rc_net: Video RX complete=25680 missing=0 last_seq=90
I (3444740) rc_video: Displayed 25470 frames (320x240 video at 240x180,80,0) | fps=9.98 theory_max=32.55 | Avg(ms): recv=5.8 decode=14.5 color=0.0 place=10.4 copy=6.7 overlay=11.2 dma=33.4 display=51.4 total=82.1 | JPEG=7577B
I (3444749) rc_video: Video queue: ready=25688 queue_drop=0 stale_drop=218
I (3446854) rc_net: [CAM-PROBE] Video RX seq=120 jpeg_len=7539 crc32=0xe6506277 chunks=7
I (3446858) rc_net: Video RX complete=25710 missing=0 last_seq=120
I (3447881) rc_video: Displayed 25500 frames (320x240 video at 240x180,80,0) | fps=9.60 theory_max=32.55 | Avg(ms): recv=5.9 decode=14.7 color=0.0 place=11.1 copy=6.5 overlay=10.9 dma=33.6 display=51.0 total=82.8 | JPEG=7608B
I (3447890) rc_video: Video queue: ready=25719 queue_drop=0 stale_drop=219
I (3449931) rc_net: [CAM-PROBE] Video RX seq=150 jpeg_len=7584 crc32=0x4888bf5b chunks=7
I (3449935) rc_net: Video RX complete=25740 missing=0 last_seq=150
I (3450844) rc_video: Displayed 25530 frames (320x240 video at 240x180,80,0) | fps=10.18 theory_max=32.55 | Avg(ms): recv=4.9 decode=15.0 color=0.0 place=10.5 copy=6.6 overlay=11.1 dma=33.5 display=51.2 total=81.6 | JPEG=7572B
I (3450853) rc_video: Video queue: ready=25749 queue_drop=0 stale_drop=219
I (3452938) rc_net: [CAM-PROBE] Video RX seq=180 jpeg_len=7548 crc32=0x5a4e328c chunks=7
I (3452943) rc_net: Video RX complete=25770 missing=0 last_seq=180
I (3453853) rc_video: Displayed 25560 frames (320x240 video at 240x180,80,0) | fps=10.02 theory_max=32.55 | Avg(ms): recv=4.7 decode=14.8 color=0.0 place=10.8 copy=6.5 overlay=11.0 dma=33.2 display=50.8 total=81.1 | JPEG=7536B
I (3453862) rc_video: Video queue: ready=25779 queue_drop=0 stale_drop=219
I (3455921) rc_net: [CAM-PROBE] Video RX seq=210 jpeg_len=7570 crc32=0xee0e140d chunks=7
I (3455925) rc_net: Video RX complete=25800 missing=0 last_seq=210
I (3456911) rc_video: Displayed 25590 frames (320x240 video at 240x180,80,0) | fps=9.86 theory_max=32.55 | Avg(ms): recv=4.5 decode=14.7 color=0.0 place=11.0 copy=6.7 overlay=10.9 dma=33.4 display=51.1 total=81.4 | JPEG=7583B
I (3456920) rc_video: Video queue: ready=25809 queue_drop=0 stale_drop=219
I (3458945) rc_net: [CAM-PROBE] Video RX seq=240 jpeg_len=7532 crc32=0x6fc10bea chunks=7
I (3458949) rc_net: Video RX complete=25830 missing=0 last_seq=240
I (3459867) rc_video: Displayed 25620 frames (320x240 video at 240x180,80,0) | fps=10.20 theory_max=32.55 | Avg(ms): recv=5.5 decode=14.9 color=0.0 place=10.9 copy=6.5 overlay=10.7 dma=33.4 display=50.7 total=82.1 | JPEG=7582B
I (3459876) rc_video: Video queue: ready=25839 queue_drop=0 stale_drop=219
I (3461885) rc_net: [CAM-PROBE] Video RX seq=270 jpeg_len=7569 crc32=0x62494db9 chunks=7
I (3461889) rc_net: Video RX complete=25860 missing=0 last_seq=270
I (3462923) rc_video: Displayed 25650 frames (320x240 video at 240x180,80,0) | fps=9.87 theory_max=32.55 | Avg(ms): recv=4.9 decode=14.5 color=0.0 place=10.7 copy=6.6 overlay=11.0 dma=33.3 display=51.1 total=81.3 | JPEG=7573B
I (3462932) rc_video: Video queue: ready=25869 queue_drop=0 stale_drop=219
I (3464933) rc_net: [CAM-PROBE] Video RX seq=300 jpeg_len=7597 crc32=0x93c7a2cb chunks=7
I (3464938) rc_net: Video RX complete=25890 missing=0 last_seq=300
I (3465929) rc_video: Displayed 25680 frames (320x240 video at 240x180,80,0) | fps=10.03 theory_max=32.55 | Avg(ms): recv=4.0 decode=14.5 color=0.0 place=11.0 copy=6.6 overlay=10.8 dma=33.2 display=50.7 total=80.3 | JPEG=7608B
I (3465938) rc_video: Video queue: ready=25899 queue_drop=0 stale_drop=219
I (3467954) rc_net: [CAM-PROBE] Video RX seq=330 jpeg_len=7575 crc32=0xf2f10349 chunks=7
I (3467958) rc_net: Video RX complete=25920 missing=0 last_seq=330
I (3468933) rc_video: Displayed 25710 frames (320x240 video at 240x180,80,0) | fps=10.04 theory_max=32.55 | Avg(ms): recv=5.6 decode=14.7 color=0.0 place=10.8 copy=6.7 overlay=10.9 dma=33.4 display=51.1 total=82.2 | JPEG=7579B
I (3468942) rc_video: Video queue: ready=25929 queue_drop=0 stale_drop=219
I (3470959) rc_net: [CAM-PROBE] Video RX seq=360 jpeg_len=7595 crc32=0x684a12be chunks=7
I (3470963) rc_net: Video RX complete=25950 missing=0 last_seq=360
I (3471945) rc_video: Displayed 25740 frames (320x240 video at 240x180,80,0) | fps=10.02 theory_max=32.55 | Avg(ms): recv=4.7 decode=14.6 color=0.0 place=10.8 copy=6.5 overlay=11.0 dma=33.5 display=51.0 total=81.2 | JPEG=7577B
I (3471954) rc_video: Video queue: ready=25959 queue_drop=0 stale_drop=219
I (3473961) rc_net: [CAM-PROBE] Video RX seq=390 jpeg_len=7554 crc32=0x349a8bf1 chunks=7
I (3473965) rc_net: Video RX complete=25980 missing=0 last_seq=390
I (3474955) rc_video: Displayed 25770 frames (320x240 video at 240x180,80,0) | fps=10.02 theory_max=32.55 | Avg(ms): recv=4.7 decode=14.6 color=0.0 place=10.6 copy=6.7 overlay=11.1 dma=33.4 display=51.2 total=81.2 | JPEG=7558B
I (3474964) rc_video: Video queue: ready=25989 queue_drop=0 stale_drop=219
I (3476929) rc_net: [CAM-PROBE] Video RX seq=420 jpeg_len=7564 crc32=0x22592ca0 chunks=7
I (3476936) rc_net: Video RX complete=26010 missing=0 last_seq=420
I (3477968) rc_video: Displayed 25800 frames (320x240 video at 240x180,80,0) | fps=10.01 theory_max=32.55 | Avg(ms): recv=4.4 decode=14.4 color=0.0 place=10.4 copy=6.6 overlay=11.0 dma=33.4 display=51.2 total=80.5 | JPEG=7558B
I (3477977) rc_video: Video queue: ready=26019 queue_drop=0 stale_drop=219
I (3479972) rc_net: [CAM-PROBE] Video RX seq=450 jpeg_len=7579 crc32=0xea52068b chunks=7
I (3479977) rc_net: Video RX complete=26040 missing=0 last_seq=450
I (3480971) rc_video: Displayed 25830 frames (320x240 video at 240x180,80,0) | fps=10.04 theory_max=32.55 | Avg(ms): recv=4.0 decode=14.5 color=0.0 place=10.6 copy=6.6 overlay=10.9 dma=33.4 display=51.0 total=80.2 | JPEG=7529B
I (3480980) rc_video: Video queue: ready=26049 queue_drop=0 stale_drop=219
I (3482988) rc_net: [CAM-PROBE] Video RX seq=480 jpeg_len=7568 crc32=0x3327f5e0 chunks=7
I (3482993) rc_net: Video RX complete=26070 missing=0 last_seq=480
I (3483982) rc_video: Displayed 25860 frames (320x240 video at 240x180,80,0) | fps=10.02 theory_max=32.55 | Avg(ms): recv=4.9 decode=14.4 color=0.0 place=10.1 copy=6.8 overlay=11.2 dma=33.6 display=51.7 total=81.2 | JPEG=7551B
I (3483991) rc_video: Video queue: ready=26079 queue_drop=0 stale_drop=219
