I (187594) rc_net: Scanning for RC_TANK_* APs...
I (190096) rc_net: Found tank AP: RC_TANK_F3AE79, RSSI: -44
I (190097) rc_net: Connecting to tank AP, attempt 1/3
I (190106) wifi:new:<1,1>, old:<1,0>, ap:<255,255>, sta:<1,1>, prof:1, snd_ch_cfg:0x0
I (190107) wifi:state: init -> auth (0xb0)
I (190110) wifi:state: auth -> assoc (0x0)
I (190121) wifi:state: assoc -> run (0x10)
I (190136) wifi:connected with RC_TANK_F3AE79, aid = 1, channel 1, 40U, bssid = 44:1b:f6:f3:ae:79
I (190136) wifi:security: WPA2-PSK, phy: bgn, rssi: -44, cipher(pairwise:0x3, group:0x3), pmf:1
I (190142) wifi:pm start, type: 1

I (190145) wifi:dp: 1, bi: 102400, li: 3, scale listen interval from 307200 us to 307200 us
I (190154) wifi:set rx beacon pti, rx_bcn_pti: 0, bcn_timeout: 25000, mt_pti: 0, mt_time: 10000
I (190162) wifi:AP's beacon interval = 102400 us, DTIM period = 1
I (191189) esp_netif_handlers: sta ip: 192.168.4.2, mask: 255.255.255.0, gw: 192.168.4.1
I (191189) rc_net: Got IP: 192.168.4.2
I (191189) rc_net: Connected to tank AP; waiting for disconnect
I (191195) rc_control: Joystick released: motion control re-armed
I (191190) rc_video: Remote WiFi icon updated: connected=1 epoch=3
I (191189) rc_control: Network connected: waiting for joystick release before motion
I (191214) rc_tank: Network connected, peer: 192.168.4.1
W (191219) rc_tank: Channels already started, skip re-init
I (191211) wifi:<ba-add>idx:0 (ifx:0, 44:1b:f6:f3:ae:79), tid:0, ssn:0, winSize:64
I (193911) rc_net: [CAM-PROBE] Video RX seq=30 jpeg_len=7607 crc32=0x01663c51 chunks=7
I (195012) rc_net: Video RX complete=30 missing=0 last_seq=37
I (195211) rc_video: Displayed 30 frames (320x240 video at 240x180,80,0) | fps=0.16 theory_max=32.55 | Avg(ms): recv=6.9 decode=14.6 color=0.0 place=10.2 copy=6.8 overlay=11.1 dma=33.4 display=51.3 total=83.1 | JPEG=7267B
I (195220) rc_video: Video queue: ready=32 queue_drop=0 stale_drop=1
I (197620) rc_net: [CAM-PROBE] Video RX seq=60 jpeg_len=8502 crc32=0xdf58d75d chunks=8
I (198432) rc_net: Video RX complete=60 missing=0 last_seq=67
I (198704) rc_video: Displayed 60 frames (320x240 video at 240x180,80,0) | fps=8.63 theory_max=32.55 | Avg(ms): recv=5.9 decode=14.4 color=0.0 place=10.2 copy=6.6 overlay=11.3 dma=33.5 display=51.4 total=81.9 | JPEG=7619B
I (198713) rc_video: Video queue: ready=62 queue_drop=0 stale_drop=1
I (201305) rc_net: [CAM-PROBE] Video RX seq=90 jpeg_len=7097 crc32=0x6a549591 chunks=6
I (202317) rc_net: Video RX complete=90 missing=0 last_seq=97
I (202469) rc_video: Displayed 90 frames (320x240 video at 240x180,80,0) | fps=8.00 theory_max=32.55 | Avg(ms): recv=7.1 decode=14.3 color=0.0 place=10.4 copy=6.7 overlay=11.1 dma=33.3 display=51.2 total=83.0 | JPEG=7086B
I (202478) rc_video: Video queue: ready=91 queue_drop=0 stale_drop=1
I (205062) rc_net: [CAM-PROBE] Video RX seq=120 jpeg_len=7547 crc32=0x47b4e8ae chunks=7
I (205763) rc_net: Video RX complete=120 missing=0 last_seq=127
I (206028) rc_video: Displayed 120 frames (320x240 video at 240x180,80,0) | fps=8.47 theory_max=32.55 | Avg(ms): recv=6.5 decode=14.3 color=0.0 place=10.3 copy=6.7 overlay=11.4 dma=33.5 display=51.7 total=82.8 | JPEG=7636B
I (206037) rc_video: Video queue: ready=122 queue_drop=0 stale_drop=1
I (208418) rc_net: [CAM-PROBE] Video RX seq=150 jpeg_len=7400 crc32=0x2e2f13a3 chunks=7
I (208965) rc_net: Video RX complete=150 missing=0 last_seq=157
I (209332) rc_video: Displayed 150 frames (320x240 video at 240x180,80,0) | fps=9.12 theory_max=32.55 | Avg(ms): recv=6.2 decode=14.4 color=0.0 place=10.4 copy=6.7 overlay=11.1 dma=33.4 display=51.2 total=82.3 | JPEG=7826B
I (209341) rc_video: Video queue: ready=153 queue_drop=0 stale_drop=2
I (211946) rc_net: [CAM-PROBE] Video RX seq=180 jpeg_len=7101 crc32=0xf4392e14 chunks=6
I (212585) rc_net: Video RX complete=180 missing=0 last_seq=187
I (213014) rc_video: Displayed 180 frames (320x240 video at 240x180,80,0) | fps=8.18 theory_max=32.55 | Avg(ms): recv=8.2 decode=14.5 color=0.0 place=10.2 copy=6.5 overlay=11.2 dma=33.4 display=51.2 total=84.2 | JPEG=8077B
I (213024) rc_video: Video queue: ready=183 queue_drop=0 stale_drop=3
I (215259) rc_net: [CAM-PROBE] Video RX seq=210 jpeg_len=7531 crc32=0xb8a9d89c chunks=7
I (216031) rc_net: Video RX complete=210 missing=0 last_seq=217
I (216550) rc_video: Displayed 210 frames (320x240 video at 240x180,80,0) | fps=8.52 theory_max=32.55 | Avg(ms): recv=4.9 decode=14.5 color=0.0 place=10.2 copy=6.7 overlay=11.3 dma=33.4 display=51.6 total=81.3 | JPEG=7531B
I (216559) rc_video: Video queue: ready=215 queue_drop=0 stale_drop=4
I (219038) rc_net: [CAM-PROBE] Video RX seq=240 jpeg_len=8373 crc32=0x04c21357 chunks=7
I (219867) rc_net: Video RX complete=240 missing=0 last_seq=247
I (220419) rc_video: Displayed 240 frames (320x240 video at 240x180,80,0) | fps=7.78 theory_max=32.55 | Avg(ms): recv=7.2 decode=14.5 color=0.0 place=10.2 copy=6.5 overlay=11.2 dma=33.3 display=51.1 total=83.0 | JPEG=7217B
I (220428) rc_video: Video queue: ready=245 queue_drop=0 stale_drop=4
I (222441) rc_net: [CAM-PROBE] Video RX seq=270 jpeg_len=7414 crc32=0xc50da372 chunks=7
I (223236) rc_net: Video RX complete=270 missing=0 last_seq=277
I (223647) rc_video: Displayed 270 frames (320x240 video at 240x180,80,0) | fps=9.34 theory_max=32.55 | Avg(ms): recv=5.9 decode=14.5 color=0.0 place=10.2 copy=6.7 overlay=11.2 dma=33.7 display=51.7 total=82.4 | JPEG=8094B
I (223656) rc_video: Video queue: ready=274 queue_drop=0 stale_drop=4
I (225734) rc_net: [CAM-PROBE] Video RX seq=300 jpeg_len=7547 crc32=0x29be3da8 chunks=7
I (226359) rc_net: Video RX complete=300 missing=0 last_seq=307
I (226953) rc_video: Displayed 300 frames (320x240 video at 240x180,80,0) | fps=9.12 theory_max=32.55 | Avg(ms): recv=4.1 decode=14.6 color=0.0 place=10.3 copy=6.6 overlay=11.1 dma=33.4 display=51.2 total=80.3 | JPEG=7339B
I (226962) rc_video: Video queue: ready=305 queue_drop=0 stale_drop=5
I (229052) rc_net: [CAM-PROBE] Video RX seq=330 jpeg_len=8468 crc32=0xf882e52d chunks=8
I (229764) rc_net: Video RX complete=330 missing=0 last_seq=337
I (230416) rc_video: Displayed 330 frames (320x240 video at 240x180,80,0) | fps=8.70 theory_max=32.55 | Avg(ms): recv=6.1 decode=14.4 color=0.0 place=10.2 copy=6.7 overlay=11.2 dma=33.6 display=51.5 total=82.2 | JPEG=7078B
I (230425) rc_video: Video queue: ready=335 queue_drop=0 stale_drop=5
I (232576) rc_net: [CAM-PROBE] Video RX seq=360 jpeg_len=7131 crc32=0x735ccc51 chunks=6
I (233437) rc_net: Video RX complete=360 missing=0 last_seq=367
I (234116) rc_video: Displayed 360 frames (320x240 video at 240x180,80,0) | fps=8.14 theory_max=32.55 | Avg(ms): recv=5.1 decode=14.4 color=0.0 place=10.2 copy=6.8 overlay=11.4 dma=33.4 display=51.7 total=81.4 | JPEG=7979B
I (234125) rc_video: Video queue: ready=365 queue_drop=0 stale_drop=5
I (236056) rc_net: [CAM-PROBE] Video RX seq=390 jpeg_len=7531 crc32=0x55890385 chunks=7
I (236783) rc_net: Video RX complete=390 missing=0 last_seq=397
I (237340) rc_video: Displayed 390 frames (320x240 video at 240x180,80,0) | fps=9.35 theory_max=32.55 | Avg(ms): recv=5.3 decode=14.3 color=0.0 place=10.4 copy=6.7 overlay=11.3 dma=33.5 display=51.6 total=81.6 | JPEG=8032B
I (237349) rc_video: Video queue: ready=395 queue_drop=0 stale_drop=5
I (239443) rc_net: [CAM-PROBE] Video RX seq=420 jpeg_len=7601 crc32=0xf6ff9832 chunks=7
I (240343) rc_net: Video RX complete=420 missing=0 last_seq=427
I (240920) rc_video: Displayed 420 frames (320x240 video at 240x180,80,0) | fps=8.42 theory_max=32.55 | Avg(ms): recv=6.4 decode=14.6 color=0.0 place=10.3 copy=6.6 overlay=11.2 dma=33.7 display=51.5 total=82.8 | JPEG=7375B
I (240929) rc_video: Video queue: ready=425 queue_drop=0 stale_drop=5
I (243061) rc_net: [CAM-PROBE] Video RX seq=450 jpeg_len=7389 crc32=0x26bfeabb chunks=7
I (243842) rc_net: Video RX complete=450 missing=0 last_seq=457
I (244445) rc_video: Displayed 450 frames (320x240 video at 240x180,80,0) | fps=8.55 theory_max=32.55 | Avg(ms): recv=7.1 decode=14.4 color=0.0 place=10.2 copy=6.7 overlay=11.1 dma=33.4 display=51.3 total=83.0 | JPEG=7794B
I (244454) rc_video: Video queue: ready=455 queue_drop=0 stale_drop=5
I (246369) rc_net: [CAM-PROBE] Video RX seq=480 jpeg_len=8027 crc32=0x8231570b chunks=7
I (247156) rc_net: Video RX complete=480 missing=0 last_seq=487
I (247926) rc_video: Displayed 480 frames (320x240 video at 240x180,80,0) | fps=8.66 theory_max=32.55 | Avg(ms): recv=6.4 decode=14.6 color=0.0 place=10.3 copy=6.7 overlay=11.1 dma=33.6 display=51.4 total=82.8 | JPEG=7556B
I (247935) rc_video: Video queue: ready=485 queue_drop=0 stale_drop=5
I (249954) rc_net: [CAM-PROBE] Video RX seq=510 jpeg_len=7548 crc32=0x9210187b chunks=7
I (250710) rc_net: Video RX complete=510 missing=0 last_seq=517
I (251450) rc_video: Displayed 510 frames (320x240 video at 240x180,80,0) | fps=8.55 theory_max=32.55 | Avg(ms): recv=8.8 decode=14.4 color=0.0 place=10.2 copy=6.7 overlay=11.2 dma=33.5 display=51.4 total=85.0 | JPEG=7085B
I (251459) rc_video: Video queue: ready=516 queue_drop=0 stale_drop=5
I (253390) rc_net: [CAM-PROBE] Video RX seq=540 jpeg_len=7569 crc32=0xa89e1796 chunks=7
I (254067) rc_net: Video RX complete=540 missing=0 last_seq=547
I (254656) rc_video: Displayed 540 frames (320x240 video at 240x180,80,0) | fps=9.40 theory_max=32.55 | Avg(ms): recv=4.1 decode=14.4 color=0.0 place=10.4 copy=6.6 overlay=11.2 dma=33.5 display=51.4 total=80.3 | JPEG=7852B
I (254665) rc_video: Video queue: ready=545 queue_drop=0 stale_drop=5
I (256559) rc_net: [CAM-PROBE] Video RX seq=570 jpeg_len=7348 crc32=0x3a9247c2 chunks=7
I (257292) rc_net: Video RX complete=570 missing=0 last_seq=577
I (257978) rc_video: Displayed 570 frames (320x240 video at 240x180,80,0) | fps=9.07 theory_max=32.55 | Avg(ms): recv=4.7 decode=14.4 color=0.0 place=10.3 copy=6.7 overlay=11.3 dma=33.5 display=51.5 total=80.9 | JPEG=7505B
I (257987) rc_video: Video queue: ready=575 queue_drop=0 stale_drop=5
I (259882) rc_net: [CAM-PROBE] Video RX seq=600 jpeg_len=7687 crc32=0xc5e5736e chunks=7
I (260533) rc_net: Video RX complete=600 missing=0 last_seq=607
I (261165) rc_video: Displayed 600 frames (320x240 video at 240x180,80,0) | fps=9.46 theory_max=32.55 | Avg(ms): recv=6.1 decode=14.4 color=0.0 place=10.3 copy=6.7 overlay=11.1 dma=33.5 display=51.4 total=82.4 | JPEG=7974B
I (261174) rc_video: Video queue: ready=605 queue_drop=0 stale_drop=5
I (263305) rc_net: [CAM-PROBE] Video RX seq=630 jpeg_len=7076 crc32=0x024f3445 chunks=6
I (264166) rc_net: Video RX complete=630 missing=0 last_seq=637
I (264868) rc_video: Displayed 630 frames (320x240 video at 240x180,80,0) | fps=8.13 theory_max=32.55 | Avg(ms): recv=5.9 decode=14.4 color=0.0 place=10.2 copy=6.7 overlay=11.4 dma=33.6 display=51.7 total=82.3 | JPEG=8142B
I (264878) rc_video: Video queue: ready=636 queue_drop=0 stale_drop=5
I (266793) rc_net: [CAM-PROBE] Video RX seq=660 jpeg_len=7759 crc32=0x86982b80 chunks=7
I (267679) rc_net: Video RX complete=660 missing=0 last_seq=667
I (268349) rc_video: Displayed 660 frames (320x240 video at 240x180,80,0) | fps=8.66 theory_max=32.55 | Avg(ms): recv=5.8 decode=14.3 color=0.0 place=10.3 copy=6.6 overlay=11.3 dma=33.7 display=51.7 total=82.1 | JPEG=8084B
I (268358) rc_video: Video queue: ready=665 queue_drop=0 stale_drop=5
I (270488) rc_net: [CAM-PROBE] Video RX seq=690 jpeg_len=7549 crc32=0x365e0609 chunks=7
I (271380) rc_net: Video RX complete=690 missing=0 last_seq=697
I (272354) rc_video: Displayed 690 frames (320x240 video at 240x180,80,0) | fps=7.52 theory_max=32.55 | Avg(ms): recv=7.2 decode=14.5 color=0.0 place=10.4 copy=6.6 overlay=11.2 dma=33.6 display=51.5 total=83.7 | JPEG=7973B
I (272363) rc_video: Video queue: ready=695 queue_drop=0 stale_drop=5
I (274207) rc_net: [CAM-PROBE] Video RX seq=720 jpeg_len=7570 crc32=0x39a267bf chunks=7
I (275017) rc_net: Video RX complete=720 missing=0 last_seq=727
I (275722) rc_video: Displayed 720 frames (320x240 video at 240x180,80,0) | fps=8.95 theory_max=32.55 | Avg(ms): recv=7.1 decode=14.5 color=0.0 place=10.3 copy=6.6 overlay=11.3 dma=33.8 display=51.8 total=83.8 | JPEG=7095B
I (275731) rc_video: Video queue: ready=727 queue_drop=0 stale_drop=6
I (277559) rc_net: [CAM-PROBE] Video RX seq=750 jpeg_len=8445 crc32=0x7027ee4e chunks=8
I (278487) rc_net: Video RX complete=750 missing=0 last_seq=757
I (279177) rc_video: Displayed 750 frames (320x240 video at 240x180,80,0) | fps=8.72 theory_max=32.55 | Avg(ms): recv=5.6 decode=14.4 color=0.0 place=10.2 copy=6.7 overlay=11.4 dma=33.5 display=51.7 total=82.0 | JPEG=8043B
I (279186) rc_video: Video queue: ready=756 queue_drop=0 stale_drop=6
I (281013) rc_net: [CAM-PROBE] Video RX seq=780 jpeg_len=7855 crc32=0xb1b097a7 chunks=7
I (281823) rc_net: Video RX complete=780 missing=0 last_seq=787
I (282559) rc_video: Displayed 780 frames (320x240 video at 240x180,80,0) | fps=8.91 theory_max=32.55 | Avg(ms): recv=7.3 decode=14.4 color=0.0 place=10.2 copy=6.7 overlay=11.3 dma=33.7 display=51.7 total=83.6 | JPEG=7384B
I (282568) rc_video: Video queue: ready=786 queue_drop=0 stale_drop=6
I (284480) rc_net: [CAM-PROBE] Video RX seq=810 jpeg_len=7110 crc32=0xa9d029e7 chunks=6
I (285311) rc_net: Video RX complete=810 missing=0 last_seq=817
I (286059) rc_video: Displayed 810 frames (320x240 video at 240x180,80,0) | fps=8.61 theory_max=32.55 | Avg(ms): recv=6.4 decode=14.5 color=0.0 place=10.1 copy=6.5 overlay=11.3 dma=33.2 display=51.1 total=82.1 | JPEG=8083B
I (286068) rc_video: Video queue: ready=816 queue_drop=0 stale_drop=6
I (287825) rc_net: [CAM-PROBE] Video RX seq=840 jpeg_len=7556 crc32=0x68cf32d9 chunks=7
I (288636) rc_net: Video RX complete=840 missing=0 last_seq=847
I (289466) rc_video: Displayed 840 frames (320x240 video at 240x180,80,0) | fps=8.85 theory_max=32.55 | Avg(ms): recv=7.6 decode=14.4 color=0.0 place=10.2 copy=6.5 overlay=11.4 dma=33.5 display=51.5 total=83.7 | JPEG=8414B
I (289475) rc_video: Video queue: ready=846 queue_drop=0 stale_drop=6
I (291588) rc_net: [CAM-PROBE] Video RX seq=870 jpeg_len=8021 crc32=0xe2a4a05e chunks=7
I (292381) rc_net: Video RX complete=870 missing=0 last_seq=877
I (293167) rc_video: Displayed 870 frames (320x240 video at 240x180,80,0) | fps=8.14 theory_max=32.55 | Avg(ms): recv=6.4 decode=14.3 color=0.0 place=10.3 copy=6.7 overlay=11.2 dma=33.8 display=51.7 total=82.8 | JPEG=7781B
I (293176) rc_video: Video queue: ready=876 queue_drop=0 stale_drop=6
I (295115) rc_net: [CAM-PROBE] Video RX seq=900 jpeg_len=7714 crc32=0x2a863339 chunks=7
I (295881) rc_net: Video RX complete=900 missing=0 last_seq=907
I (296569) rc_video: Displayed 900 frames (320x240 video at 240x180,80,0) | fps=8.86 theory_max=32.55 | Avg(ms): recv=6.6 decode=14.3 color=0.0 place=10.3 copy=6.6 overlay=11.2 dma=33.7 display=51.6 total=82.9 | JPEG=8020B
I (296578) rc_video: Video queue: ready=906 queue_drop=0 stale_drop=6
I (298511) rc_net: [CAM-PROBE] Video RX seq=930 jpeg_len=8247 crc32=0x073650bb chunks=7
I (299241) rc_net: Video RX complete=930 missing=0 last_seq=937
I (300056) rc_video: Displayed 930 frames (320x240 video at 240x180,80,0) | fps=8.64 theory_max=32.55 | Avg(ms): recv=5.3 decode=14.5 color=0.0 place=10.3 copy=6.7 overlay=11.2 dma=33.6 display=51.6 total=81.7 | JPEG=7787B
I (300065) rc_video: Video queue: ready=936 queue_drop=0 stale_drop=6
I (302034) rc_net: [CAM-PROBE] Video RX seq=960 jpeg_len=7554 crc32=0xf67c8688 chunks=7
I (302824) rc_net: Video RX complete=960 missing=0 last_seq=967
I (303661) rc_video: Displayed 960 frames (320x240 video at 240x180,80,0) | fps=8.36 theory_max=32.55 | Avg(ms): recv=8.7 decode=14.4 color=0.0 place=10.2 copy=6.7 overlay=11.3 dma=33.5 display=51.6 total=85.0 | JPEG=7115B
I (303670) rc_video: Video queue: ready=966 queue_drop=0 stale_drop=6
I (305637) rc_net: [CAM-PROBE] Video RX seq=990 jpeg_len=7082 crc32=0xbc370fe1 chunks=6
I (306938) rc_net: Video RX complete=990 missing=0 last_seq=997
I (307568) rc_video: Displayed 990 frames (320x240 video at 240x180,80,0) | fps=7.71 theory_max=32.55 | Avg(ms): recv=6.3 decode=14.4 color=0.0 place=10.2 copy=6.7 overlay=11.3 dma=33.4 display=51.5 total=82.4 | JPEG=7562B
I (307577) rc_video: Video queue: ready=996 queue_drop=0 stale_drop=6
I (309488) rc_net: [CAM-PROBE] Video RX seq=1020 jpeg_len=7549 crc32=0xec138a6f chunks=7
I (310308) rc_net: Video RX complete=1020 missing=0 last_seq=1027
I (311103) rc_video: Displayed 1020 frames (320x240 video at 240x180,80,0) | fps=8.52 theory_max=32.55 | Avg(ms): recv=7.6 decode=14.4 color=0.0 place=10.2 copy=6.6 overlay=11.2 dma=33.7 display=51.7 total=83.9 | JPEG=7582B
I (311112) rc_video: Video queue: ready=1027 queue_drop=0 stale_drop=6
I (313008) rc_net: [CAM-PROBE] Video RX seq=1050 jpeg_len=7555 crc32=0xf2bc823d chunks=7
I (313696) rc_net: Video RX complete=1050 missing=0 last_seq=1057
I (314419) rc_video: Displayed 1050 frames (320x240 video at 240x180,80,0) | fps=9.09 theory_max=32.55 | Avg(ms): recv=4.7 decode=14.3 color=0.0 place=10.3 copy=6.6 overlay=11.4 dma=33.3 display=51.4 total=80.7 | JPEG=7565B
I (314429) rc_video: Video queue: ready=1057 queue_drop=0 stale_drop=6
I (316270) rc_net: [CAM-PROBE] Video RX seq=1080 jpeg_len=7716 crc32=0x88337f1f chunks=7
I (317108) rc_net: Video RX complete=1080 missing=0 last_seq=1087
I (317986) rc_video: Displayed 1080 frames (320x240 video at 240x180,80,0) | fps=8.45 theory_max=32.55 | Avg(ms): recv=7.7 decode=14.5 color=0.0 place=10.3 copy=6.8 overlay=11.3 dma=33.6 display=51.8 total=84.3 | JPEG=7636B
I (317995) rc_video: Video queue: ready=1087 queue_drop=0 stale_drop=7
I (319720) rc_net: [CAM-PROBE] Video RX seq=1110 jpeg_len=8512 crc32=0x6b66fd63 chunks=8
I (320499) rc_net: Video RX complete=1110 missing=0 last_seq=1117
I (321384) rc_video: Displayed 1110 frames (320x240 video at 240x180,80,0) | fps=8.87 theory_max=32.55 | Avg(ms): recv=5.3 decode=14.4 color=0.0 place=10.2 copy=6.6 overlay=11.3 dma=33.5 display=51.5 total=81.4 | JPEG=7353B
I (321393) rc_video: Video queue: ready=1118 queue_drop=0 stale_drop=7
I (323149) rc_net: [CAM-PROBE] Video RX seq=1140 jpeg_len=7109 crc32=0x72511952 chunks=6
I (324007) rc_net: Video RX complete=1140 missing=0 last_seq=1147
I (324920) rc_video: Displayed 1140 frames (320x240 video at 240x180,80,0) | fps=8.52 theory_max=32.55 | Avg(ms): recv=6.6 decode=14.3 color=0.0 place=10.3 copy=6.7 overlay=11.3 dma=33.4 display=51.5 total=82.7 | JPEG=8506B
I (324929) rc_video: Video queue: ready=1148 queue_drop=0 stale_drop=7
I (327000) rc_net: [CAM-PROBE] Video RX seq=1170 jpeg_len=7952 crc32=0x8e41babb chunks=7
I (327780) rc_net: Video RX complete=1170 missing=0 last_seq=1177
I (328911) rc_video: Displayed 1170 frames (320x240 video at 240x180,80,0) | fps=7.55 theory_max=32.55 | Avg(ms): recv=3.9 decode=14.5 color=0.0 place=10.2 copy=6.7 overlay=11.4 dma=33.7 display=51.9 total=80.5 | JPEG=7540B
I (328920) rc_video: Video queue: ready=1179 queue_drop=0 stale_drop=8
I (330516) rc_net: [CAM-PROBE] Video RX seq=1200 jpeg_len=8400 crc32=0xcc0edce7 chunks=7
I (331302) rc_net: Video RX complete=1200 missing=0 last_seq=1207
I (332524) rc_video: Displayed 1200 frames (320x240 video at 240x180,80,0) | fps=8.34 theory_max=32.55 | Avg(ms): recv=6.3 decode=14.5 color=0.0 place=10.2 copy=6.7 overlay=11.2 dma=33.5 display=51.5 total=82.6 | JPEG=8435B
I (332533) rc_video: Video queue: ready=1209 queue_drop=0 stale_drop=8
I (334116) rc_net: [CAM-PROBE] Video RX seq=1230 jpeg_len=8282 crc32=0xb4f357a0 chunks=7
I (335010) rc_net: Video RX complete=1230 missing=0 last_seq=1237
I (335987) rc_video: Displayed 1230 frames (320x240 video at 240x180,80,0) | fps=8.70 theory_max=32.55 | Avg(ms): recv=6.7 decode=14.4 color=0.0 place=10.4 copy=6.6 overlay=11.2 dma=33.5 display=51.4 total=83.0 | JPEG=7541B
I (335996) rc_video: Video queue: ready=1239 queue_drop=0 stale_drop=9
