=========================================
Flashing RC Tank Demo - TANK Role to COM7
=========================================
Bootloader:      E:\10__AIProject\7_AI陪伴机器人\CODE\examples\rc_tank_demo\firmware_backup\bootloader_TANK.bin
Partition Table: E:\10__AIProject\7_AI陪伴机器人\CODE\examples\rc_tank_demo\firmware_backup\partition-table_TANK.bin
Application:     E:\10__AIProject\7_AI陪伴机器人\CODE\examples\rc_tank_demo\firmware_backup\rc_tank_demo_TANK.bin

Erasing flash...
esptool.py v4.12.dev2
Serial port COM7
Connecting....
Chip is ESP32-S3 (QFN56) (revision v0.2)
Features: WiFi, BLE
Crystal is 40MHz
MAC: 44:1b:f6:f3:ae:78
Uploading stub...
Running stub...
Stub running...
Erasing flash (this may take a while)...
Chip erase completed successfully in 1.0 seconds.
Hard resetting via RTS pin...

Programming flash...
esptool.py v4.12.dev2
Serial port COM7
Connecting....
Chip is ESP32-S3 (QFN56) (revision v0.2)
Features: WiFi, BLE
Crystal is 40MHz
MAC: 44:1b:f6:f3:ae:78
Uploading stub...
Running stub...
Stub running...
Changing baud rate to 460800
Changed.
Configuring flash size...
Flash will be erased from 0x00000000 to 0x00005fff...
Flash will be erased from 0x00008000 to 0x00008fff...
Flash will be erased from 0x00010000 to 0x000f1fff...
SHA digest in image updated
Compressed 20832 bytes to 13349...
Writing at 0x00000000... (100 %)
Wrote 20832 bytes (13349 compressed) at 0x00000000 in 0.4 seconds (effective 432.3 kbit/s)...
Hash of data verified.
Compressed 3072 bytes to 119...
Writing at 0x00008000... (100 %)
Wrote 3072 bytes (119 compressed) at 0x00008000 in 0.0 seconds (effective 1583.2 kbit/s)...
Hash of data verified.
Compressed 922992 bytes to 561274...
Writing at 0x00010000... (2 %)
Writing at 0x0001d333... (5 %)
Writing at 0x000293a2... (8 %)
Writing at 0x00032938... (11 %)
Writing at 0x0003c95a... (14 %)
Writing at 0x000427fe... (17 %)
Writing at 0x00048c19... (20 %)
Writing at 0x0004f008... (22 %)
Writing at 0x00054eff... (25 %)
Writing at 0x0005bc85... (28 %)
Writing at 0x00061d2e... (31 %)
Writing at 0x00067519... (34 %)
Writing at 0x0006d264... (37 %)
Writing at 0x0007309c... (40 %)
Writing at 0x00078d97... (42 %)
Writing at 0x0007eef2... (45 %)
Writing at 0x00084aaf... (48 %)
Writing at 0x0008a5b5... (51 %)
Writing at 0x0008f6db... (54 %)
Writing at 0x00094d66... (57 %)
Writing at 0x0009a501... (60 %)
Writing at 0x0009fa63... (62 %)
Writing at 0x000a4e40... (65 %)
Writing at 0x000aa429... (68 %)
Writing at 0x000b07d8... (71 %)
Writing at 0x000b60db... (74 %)
Writing at 0x000bbde8... (77 %)
Writing at 0x000c17cd... (80 %)
Writing at 0x000c6d91... (82 %)
Writing at 0x000cf8e2... (85 %)
Writing at 0x000d5b8a... (88 %)
Writing at 0x000dc209... (91 %)
Writing at 0x000e3b67... (94 %)
Writing at 0x000ea3f0... (97 %)
Writing at 0x000ef65c... (100 %)
Wrote 922992 bytes (561274 compressed) at 0x00010000 in 12.9 seconds (effective 570.8 kbit/s)...
Hash of data verified.

Leaving...
Hard resetting via RTS pin...

=========================================
Flash completed successfully!
=========================================
