=========================================
Flashing RC Tank Demo - TANK Role to COM7
=========================================
Bootloader:      E:\10__AIProject\7_AI陪伴机器人\CODE\examples\rc_tank_demo\firmware_backup\bootloader_TANK.bin
Partition Table: E:\10__AIProject\7_AI陪伴机器人\CODE\examples\rc_tank_demo\firmware_backup\partition-table_TANK.bin
Application:     E:\10__AIProject\7_AI陪伴机器人\CODE\examples\rc_tank_demo\firmware_backup\rc_tank_demo_TANK.bin

Erasing flash...
esptool.py v4.12.dev2
Serial port COM7
Connecting....
Chip is ESP32-S3 (QFN56) (revision v0.2)
Features: WiFi, BLE
Crystal is 40MHz
MAC: 44:1b:f6:f3:ae:78
Uploading stub...
Running stub...
Stub running...
Erasing flash (this may take a while)...
Chip erase completed successfully in 1.0 seconds.
Hard resetting via RTS pin...

Programming flash...
esptool.py v4.12.dev2
Serial port COM7
Connecting....
Chip is ESP32-S3 (QFN56) (revision v0.2)
Features: WiFi, BLE
Crystal is 40MHz
MAC: 44:1b:f6:f3:ae:78
Uploading stub...
Running stub...
Stub running...
Changing baud rate to 460800
Changed.
Configuring flash size...
Flash will be erased from 0x00000000 to 0x00005fff...
Flash will be erased from 0x00008000 to 0x00008fff...
Flash will be erased from 0x00010000 to 0x000f1fff...
SHA digest in image updated
Compressed 20832 bytes to 13347...
Writing at 0x00000000... (100 %)
Wrote 20832 bytes (13347 compressed) at 0x00000000 in 0.4 seconds (effective 430.7 kbit/s)...
Hash of data verified.
Compressed 3072 bytes to 119...
Writing at 0x00008000... (100 %)
Wrote 3072 bytes (119 compressed) at 0x00008000 in 0.0 seconds (effective 1559.2 kbit/s)...
Hash of data verified.
Compressed 922928 bytes to 561243...
Writing at 0x00010000... (2 %)
Writing at 0x0001d337... (5 %)
Writing at 0x000293b8... (8 %)
Writing at 0x0003290f... (11 %)
Writing at 0x0003c947... (14 %)
Writing at 0x000427d8... (17 %)
Writing at 0x00048be5... (20 %)
Writing at 0x0004efde... (22 %)
Writing at 0x00054ea6... (25 %)
Writing at 0x0005bc42... (28 %)
Writing at 0x00061cea... (31 %)
Writing at 0x000674ce... (34 %)
Writing at 0x0006d22c... (37 %)
Writing at 0x0007304d... (40 %)
Writing at 0x00078d5c... (42 %)
Writing at 0x0007eeb7... (45 %)
Writing at 0x00084a74... (48 %)
Writing at 0x0008a581... (51 %)
Writing at 0x0008f69c... (54 %)
Writing at 0x00094d28... (57 %)
Writing at 0x0009a4c6... (60 %)
Writing at 0x0009fa1f... (62 %)
Writing at 0x000a4e0b... (65 %)
Writing at 0x000aa3f0... (68 %)
Writing at 0x000b07aa... (71 %)
Writing at 0x000b60a4... (74 %)
Writing at 0x000bbdbb... (77 %)
Writing at 0x000c17a3... (80 %)
Writing at 0x000c6d64... (82 %)
Writing at 0x000cf8c7... (85 %)
Writing at 0x000d5b71... (88 %)
Writing at 0x000dc1f1... (91 %)
Writing at 0x000e3b52... (94 %)
Writing at 0x000ea3c9... (97 %)
Writing at 0x000ef638... (100 %)
Wrote 922928 bytes (561243 compressed) at 0x00010000 in 12.9 seconds (effective 571.0 kbit/s)...
Hash of data verified.

Leaving...
Hard resetting via RTS pin...

=========================================
Flash completed successfully!
=========================================
