I (1429764) rc_net: Connecting to tank AP, attempt 3/3
I (1429771) wifi:new:<1,1>, old:<1,0>, ap:<255,255>, sta:<1,1>, prof:1, snd_ch_cfg:0x0
I (1429772) wifi:state: init -> auth (0xb0)
I (1429775) wifi:state: auth -> assoc (0x0)
I (1429785) wifi:state: assoc -> init (0x3c0)
I (1429786) wifi:new:<1,0>, old:<1,1>, ap:<255,255>, sta:<1,1>, prof:1, snd_ch_cfg:0x0
W (1429789) rc_net: Direct reconnect attempts exhausted; return to AP scan
I (1434894) rc_net: Scanning for RC_TANK_* APs...
I (1437396) rc_net: Found tank AP: RC_TANK_F3AE79, RSSI: -45
I (1437397) rc_net: Connecting to tank AP, attempt 1/3
I (1437405) wifi:new:<1,1>, old:<1,0>, ap:<255,255>, sta:<1,1>, prof:1, snd_ch_cfg:0x0
I (1437406) wifi:state: init -> auth (0xb0)
I (1437409) wifi:state: auth -> assoc (0x0)
I (1437422) wifi:state: assoc -> run (0x10)
I (1437438) wifi:connected with RC_TANK_F3AE79, aid = 1, channel 1, 40U, bssid = 44:1b:f6:f3:ae:79
I (1437438) wifi:security: WPA2-PSK, phy: bgn, rssi: -45, cipher(pairwise:0x3, group:0x3), pmf:1
I (1437444) wifi:pm start, type: 1

I (1437447) wifi:set rx beacon pti, rx_bcn_pti: 0, bcn_timeout: 25000, mt_pti: 0, mt_time: 10000
I (1437478) wifi:AP's beacon interval = 102400 us, DTIM period = 1
I (1438476) esp_netif_handlers: sta ip: 192.168.4.2, mask: 255.255.255.0, gw: 192.168.4.1
I (1438476) rc_net: Got IP: 192.168.4.2
I (1438477) rc_net: Connected to tank AP; waiting for disconnect
I (1438477) rc_control: Network connected: waiting for joystick release before motion
I (1438487) rc_control: Joystick released: motion control re-armed
I (1438490) rc_tank: Network connected, peer: 192.168.4.1
W (1438501) rc_tank: Channels already started, skip re-init
I (1438496) rc_video: Remote WiFi icon updated: connected=1 epoch=7
I (1438509) wifi:<ba-add>idx:0 (ifx:0, 44:1b:f6:f3:ae:79), tid:0, ssn:0, winSize:64
I (1439046) rc_net: Video RX complete=10260 missing=0 last_seq=13
I (1441136) rc_net: [CAM-PROBE] Video RX seq=30 jpeg_len=8002 crc32=0x08654c58 chunks=7
I (1442014) rc_video: Displayed 10200 frames (320x240 video at 240x180,80,0) | fps=0.84 theory_max=32.55 | Avg(ms): recv=4.9 decode=14.6 color=0.0 place=10.5 copy=6.6 overlay=11.1 dma=33.5 display=51.3 total=81.4 | JPEG=7532B
I (1442023) rc_video: Video queue: ready=10285 queue_drop=0 stale_drop=85
I (1442468) rc_net: Video RX complete=10290 missing=0 last_seq=43
I (1444409) rc_net: [CAM-PROBE] Video RX seq=60 jpeg_len=7116 crc32=0xe8645626 chunks=6
I (1445300) rc_video: Displayed 10230 frames (320x240 video at 240x180,80,0) | fps=9.17 theory_max=32.55 | Avg(ms): recv=6.1 decode=14.5 color=0.0 place=10.2 copy=6.7 overlay=11.2 dma=33.6 display=51.6 total=82.4 | JPEG=7420B
I (1445309) rc_video: Video queue: ready=10315 queue_drop=0 stale_drop=85
I (1445729) rc_net: Video RX complete=10320 missing=0 last_seq=73
I (1447860) rc_net: [CAM-PROBE] Video RX seq=90 jpeg_len=7589 crc32=0x7b854558 chunks=7
I (1448896) rc_video: Displayed 10260 frames (320x240 video at 240x180,80,0) | fps=8.38 theory_max=32.55 | Avg(ms): recv=7.3 decode=14.4 color=0.0 place=10.2 copy=6.7 overlay=11.3 dma=33.3 display=51.4 total=83.3 | JPEG=7536B
I (1448905) rc_video: Video queue: ready=10345 queue_drop=0 stale_drop=85
I (1449331) rc_net: Video RX complete=10350 missing=0 last_seq=103
I (1451374) rc_net: [CAM-PROBE] Video RX seq=120 jpeg_len=8479 crc32=0xa3b4b475 chunks=8
I (1452490) rc_video: Displayed 10290 frames (320x240 video at 240x180,80,0) | fps=8.38 theory_max=32.55 | Avg(ms): recv=5.9 decode=14.5 color=0.0 place=10.2 copy=6.7 overlay=11.4 dma=33.2 display=51.4 total=81.9 | JPEG=7006B
I (1452499) rc_video: Video queue: ready=10376 queue_drop=0 stale_drop=86
I (1452813) rc_net: Video RX complete=10380 missing=0 last_seq=133
I (1454795) rc_net: [CAM-PROBE] Video RX seq=150 jpeg_len=7573 crc32=0x8c391e41 chunks=7
I (1455799) rc_video: Displayed 10320 frames (320x240 video at 240x180,80,0) | fps=9.11 theory_max=32.55 | Avg(ms): recv=7.8 decode=14.5 color=0.0 place=10.5 copy=6.6 overlay=11.2 dma=33.7 display=51.6 total=84.4 | JPEG=7964B
I (1455808) rc_video: Video queue: ready=10407 queue_drop=0 stale_drop=87
I (1456141) rc_net: Video RX complete=10410 missing=0 last_seq=163
I (1458323) rc_net: [CAM-PROBE] Video RX seq=180 jpeg_len=7587 crc32=0x4a48f27a chunks=7
I (1459545) rc_video: Displayed 10350 frames (320x240 video at 240x180,80,0) | fps=8.04 theory_max=32.55 | Avg(ms): recv=5.8 decode=14.8 color=0.0 place=10.3 copy=6.6 overlay=11.2 dma=33.6 display=51.5 total=82.4 | JPEG=7562B
I (1459554) rc_video: Video queue: ready=10439 queue_drop=0 stale_drop=88
I (1459642) rc_net: Video RX complete=10440 missing=0 last_seq=193
I (1461548) rc_net: [CAM-PROBE] Video RX seq=210 jpeg_len=7967 crc32=0x2a6d3483 chunks=7
