=========================================
Flashing RC Tank Demo - TANK Role to COM7
=========================================
Bootloader:      E:\10__AIProject\7_AI陪伴机器人\CODE\examples\rc_tank_demo\firmware_backup\bootloader_TANK.bin
Partition Table: E:\10__AIProject\7_AI陪伴机器人\CODE\examples\rc_tank_demo\firmware_backup\partition-table_TANK.bin
Application:     E:\10__AIProject\7_AI陪伴机器人\CODE\examples\rc_tank_demo\firmware_backup\rc_tank_demo_TANK.bin

Erasing flash...
esptool.py v4.12.dev2
Serial port COM7
Connecting.........
Chip is ESP32-S3 (QFN56) (revision v0.2)
Features: WiFi, BLE
Crystal is 40MHz
MAC: 44:1b:f6:f3:ae:78
Uploading stub...
Running stub...
Stub running...
Erasing flash (this may take a while)...
Chip erase completed successfully in 1.1 seconds.
Hard resetting via RTS pin...

Programming flash...
esptool.py v4.12.dev2
Serial port COM7
Connecting....
Chip is ESP32-S3 (QFN56) (revision v0.2)
Features: WiFi, BLE
Crystal is 40MHz
MAC: 44:1b:f6:f3:ae:78
Uploading stub...
Running stub...
Stub running...
Changing baud rate to 460800
Changed.
Configuring flash size...
Flash will be erased from 0x00000000 to 0x00005fff...
Flash will be erased from 0x00008000 to 0x00008fff...
Flash will be erased from 0x00010000 to 0x000f1fff...
SHA digest in image updated
Compressed 20832 bytes to 13348...
Writing at 0x00000000... (100 %)
Wrote 20832 bytes (13348 compressed) at 0x00000000 in 0.4 seconds (effective 431.4 kbit/s)...
Hash of data verified.
Compressed 3072 bytes to 119...
Writing at 0x00008000... (100 %)
Wrote 3072 bytes (119 compressed) at 0x00008000 in 0.0 seconds (effective 1553.6 kbit/s)...
Hash of data verified.
Compressed 922480 bytes to 560947...
Writing at 0x00010000... (2 %)
Writing at 0x0001d32e... (5 %)
Writing at 0x00029388... (8 %)
Writing at 0x00032939... (11 %)
Writing at 0x0003c961... (14 %)
Writing at 0x00042814... (17 %)
Writing at 0x00048c05... (20 %)
Writing at 0x0004f007... (22 %)
Writing at 0x00054e7a... (25 %)
Writing at 0x0005bc39... (28 %)
Writing at 0x00061c81... (31 %)
Writing at 0x0006751f... (34 %)
Writing at 0x0006d210... (37 %)
Writing at 0x00073030... (40 %)
Writing at 0x00078d3b... (42 %)
Writing at 0x0007ee72... (45 %)
Writing at 0x00084a55... (48 %)
Writing at 0x0008a56b... (51 %)
Writing at 0x0008f63e... (54 %)
Writing at 0x00094cd0... (57 %)
Writing at 0x0009a4ad... (60 %)
Writing at 0x0009fa0e... (62 %)
Writing at 0x000a4dbd... (65 %)
Writing at 0x000aa3be... (68 %)
Writing at 0x000b075c... (71 %)
Writing at 0x000b60a8... (74 %)
Writing at 0x000bbda4... (77 %)
Writing at 0x000c17b8... (80 %)
Writing at 0x000c6d39... (82 %)
Writing at 0x000cf944... (85 %)
Writing at 0x000d5bc7... (88 %)
Writing at 0x000dc1ad... (91 %)
Writing at 0x000e3b84... (94 %)
Writing at 0x000ea35c... (97 %)
Writing at 0x000ef635... (100 %)
Wrote 922480 bytes (560947 compressed) at 0x00010000 in 12.9 seconds (effective 570.5 kbit/s)...
Hash of data verified.

Leaving...
Hard resetting via RTS pin...

=========================================
Flash completed successfully!
=========================================
