=========================================
Flashing RC Tank Demo - TANK Role to COM7
=========================================
Bootloader:      E:\10__AIProject\7_AI陪伴机器人\CODE\examples\rc_tank_demo\firmware_backup\bootloader_TANK.bin
Partition Table: E:\10__AIProject\7_AI陪伴机器人\CODE\examples\rc_tank_demo\firmware_backup\partition-table_TANK.bin
Application:     E:\10__AIProject\7_AI陪伴机器人\CODE\examples\rc_tank_demo\firmware_backup\rc_tank_demo_TANK.bin

Erasing flash...
esptool.py v4.12.dev2
Serial port COM7
Connecting....
Chip is ESP32-S3 (QFN56) (revision v0.2)
Features: WiFi, BLE
Crystal is 40MHz
MAC: 44:1b:f6:f3:ae:78
Uploading stub...
Running stub...
Stub running...
Erasing flash (this may take a while)...
Chip erase completed successfully in 1.0 seconds.
Hard resetting via RTS pin...

Programming flash...
esptool.py v4.12.dev2
Serial port COM7
Connecting....
Chip is ESP32-S3 (QFN56) (revision v0.2)
Features: WiFi, BLE
Crystal is 40MHz
MAC: 44:1b:f6:f3:ae:78
Uploading stub...
Running stub...
Stub running...
Changing baud rate to 460800
Changed.
Configuring flash size...
Flash will be erased from 0x00000000 to 0x00005fff...
Flash will be erased from 0x00008000 to 0x00008fff...
Flash will be erased from 0x00010000 to 0x000f1fff...
SHA digest in image updated
Compressed 20832 bytes to 13347...
Writing at 0x00000000... (100 %)
Wrote 20832 bytes (13347 compressed) at 0x00000000 in 0.4 seconds (effective 431.7 kbit/s)...
Hash of data verified.
Compressed 3072 bytes to 119...
Writing at 0x00008000... (100 %)
Wrote 3072 bytes (119 compressed) at 0x00008000 in 0.0 seconds (effective 1506.4 kbit/s)...
Hash of data verified.
Compressed 925248 bytes to 562517...
Writing at 0x00010000... (2 %)
Writing at 0x0001d321... (5 %)
Writing at 0x00029338... (8 %)
Writing at 0x0003285b... (11 %)
Writing at 0x0003c9ff... (14 %)
Writing at 0x000428b0... (17 %)
Writing at 0x00048ca5... (20 %)
Writing at 0x0004f0b4... (22 %)
Writing at 0x000550cb... (25 %)
Writing at 0x0005be53... (28 %)
Writing at 0x00061eeb... (31 %)
Writing at 0x00067707... (34 %)
Writing at 0x0006d43c... (37 %)
Writing at 0x00073218... (40 %)
Writing at 0x00078ecc... (42 %)
Writing at 0x0007f0ca... (45 %)
Writing at 0x00084c5a... (48 %)
Writing at 0x0008a763... (51 %)
Writing at 0x0008f8d1... (54 %)
Writing at 0x00094ef4... (57 %)
Writing at 0x0009a71f... (60 %)
Writing at 0x0009fc4d... (62 %)
Writing at 0x000a5010... (65 %)
Writing at 0x000aa5d7... (68 %)
Writing at 0x000b099e... (71 %)
Writing at 0x000b626e... (74 %)
Writing at 0x000bbfd4... (77 %)
Writing at 0x000c1987... (80 %)
Writing at 0x000c6fba... (82 %)
Writing at 0x000cf9c0... (85 %)
Writing at 0x000d5cc1... (88 %)
Writing at 0x000dc1b3... (91 %)
Writing at 0x000e3ca8... (94 %)
Writing at 0x000ea737... (97 %)
Writing at 0x000ef7b1... (100 %)
Wrote 925248 bytes (562517 compressed) at 0x00010000 in 13.0 seconds (effective 570.2 kbit/s)...
Hash of data verified.

Leaving...
Hard resetting via RTS pin...

=========================================
Flash completed successfully!
=========================================
