I (3562698) rc_net: Connecting to tank AP, attempt 2/3
I (3570110) rc_net: Connecting to tank AP, attempt 3/3
I (3570121) wifi:new:<1,1>, old:<1,0>, ap:<255,255>, sta:<1,1>, prof:1, snd_ch_cfg:0x0
I (3570123) wifi:state: init -> auth (0xb0)
I (3570126) wifi:state: auth -> assoc (0x0)
I (3570138) wifi:state: assoc -> run (0x10)
I (3570152) wifi:connected with RC_TANK_F3AE79, aid = 1, channel 1, 40U, bssid = 44:1b:f6:f3:ae:79
I (3570153) wifi:security: WPA2-PSK, phy: bgn, rssi: -45, cipher(pairwise:0x3, group:0x3), pmf:1
I (3570159) wifi:pm start, type: 1

I (3570162) wifi:set rx beacon pti, rx_bcn_pti: 0, bcn_timeout: 25000, mt_pti: 0, mt_time: 10000
I (3570181) wifi:AP's beacon interval = 102400 us, DTIM period = 1
I (3571195) esp_netif_handlers: sta ip: 192.168.4.2, mask: 255.255.255.0, gw: 192.168.4.1
I (3571195) rc_net: Got IP: 192.168.4.2
I (3571196) rc_net: Connected to tank AP; waiting for disconnect
I (3571196) rc_control: Network connected: waiting for joystick release before motion
I (3571205) rc_control: Joystick released: motion control re-armed
I (3571209) rc_tank: Network connected, peer: 192.168.4.1
W (3571220) rc_tank: Channels already started, skip re-init
I (3571222) wifi:<ba-add>idx:0 (ifx:0, 44:1b:f6:f3:ae:79), tid:0, ssn:0, winSize:64
I (3571212) rc_video: Remote WiFi icon updated: connected=1 epoch=19
I (3571844) rc_video: Displayed 26490 frames (320x240 video at 240x180,80,0) | fps=1.10 theory_max=32.55 | Avg(ms): recv=3.4 decode=14.7 color=0.0 place=10.7 copy=6.6 overlay=11.2 dma=33.5 display=51.4 total=80.1 | JPEG=7575B
I (3571853) rc_video: Video queue: ready=26713 queue_drop=0 stale_drop=223
I (3573363) rc_net: [CAM-PROBE] Video RX seq=30 jpeg_len=7572 crc32=0x6aacb063 chunks=7
I (3573409) rc_net: Video RX complete=26730 missing=0 last_seq=31
I (3574850) rc_video: Displayed 26520 frames (320x240 video at 240x180,80,0) | fps=10.04 theory_max=32.55 | Avg(ms): recv=6.0 decode=14.3 color=0.0 place=10.2 copy=6.7 overlay=11.3 dma=33.7 display=51.7 total=82.3 | JPEG=7565B
I (3574859) rc_video: Video queue: ready=26744 queue_drop=0 stale_drop=223
I (3576426) rc_net: [CAM-PROBE] Video RX seq=60 jpeg_len=7586 crc32=0xf03bd567 chunks=7
I (3576452) rc_net: Video RX complete=26760 missing=0 last_seq=61
I (3577904) rc_video: Displayed 26550 frames (320x240 video at 240x180,80,0) | fps=9.87 theory_max=32.55 | Avg(ms): recv=5.4 decode=14.8 color=0.0 place=10.7 copy=6.6 overlay=11.1 dma=33.2 display=51.0 total=81.9 | JPEG=7586B
I (3577913) rc_video: Video queue: ready=26774 queue_drop=0 stale_drop=223
I (3579433) rc_net: [CAM-PROBE] Video RX seq=90 jpeg_len=7611 crc32=0x86d1bc89 chunks=7
I (3579462) rc_net: Video RX complete=26790 missing=0 last_seq=91
I (3580981) rc_video: Displayed 26580 frames (320x240 video at 240x180,80,0) | fps=9.80 theory_max=32.55 | Avg(ms): recv=5.5 decode=14.7 color=0.0 place=10.6 copy=6.7 overlay=11.0 dma=33.4 display=51.2 total=82.0 | JPEG=7572B
I (3580991) rc_video: Video queue: ready=26804 queue_drop=0 stale_drop=224
I (3582433) rc_net: [CAM-PROBE] Video RX seq=120 jpeg_len=7590 crc32=0xef243d72 chunks=7
I (3582470) rc_net: Video RX complete=26820 missing=0 last_seq=121
I (3584113) rc_video: Displayed 26610 frames (320x240 video at 240x180,80,0) | fps=9.63 theory_max=32.55 | Avg(ms): recv=3.9 decode=14.8 color=0.0 place=10.7 copy=6.6 overlay=11.0 dma=33.4 display=51.1 total=80.5 | JPEG=7611B
I (3584122) rc_video: Video queue: ready=26836 queue_drop=0 stale_drop=225
I (3585434) rc_net: [CAM-PROBE] Video RX seq=150 jpeg_len=7557 crc32=0x8f4498eb chunks=7
I (3585477) rc_net: Video RX complete=26850 missing=0 last_seq=151
I (3587121) rc_video: Displayed 26640 frames (320x240 video at 240x180,80,0) | fps=10.03 theory_max=32.55 | Avg(ms): recv=4.4 decode=14.5 color=0.0 place=10.5 copy=6.6 overlay=11.0 dma=33.4 display=51.0 total=80.4 | JPEG=7592B
I (3587130) rc_video: Video queue: ready=26866 queue_drop=0 stale_drop=225
I (3588436) rc_net: [CAM-PROBE] Video RX seq=180 jpeg_len=7566 crc32=0xe67a7e12 chunks=7
I (3588529) rc_net: Video RX complete=26880 missing=0 last_seq=181
I (3590132) rc_video: Displayed 26670 frames (320x240 video at 240x180,80,0) | fps=10.02 theory_max=32.55 | Avg(ms): recv=5.2 decode=14.3 color=0.0 place=10.5 copy=6.7 overlay=11.0 dma=33.3 display=51.1 total=81.1 | JPEG=7589B
I (3590141) rc_video: Video queue: ready=26896 queue_drop=0 stale_drop=225
I (3591459) rc_net: [CAM-PROBE] Video RX seq=210 jpeg_len=7608 crc32=0x25fc60db chunks=7
I (3591563) rc_net: Video RX complete=26910 missing=0 last_seq=211
I (3593138) rc_video: Displayed 26700 frames (320x240 video at 240x180,80,0) | fps=10.03 theory_max=32.55 | Avg(ms): recv=4.8 decode=14.4 color=0.0 place=10.2 copy=6.8 overlay=11.2 dma=33.4 display=51.5 total=81.0 | JPEG=7617B
I (3593147) rc_video: Video queue: ready=26926 queue_drop=0 stale_drop=225
I (3594456) rc_net: [CAM-PROBE] Video RX seq=240 jpeg_len=7602 crc32=0x85f74c5c chunks=7
I (3594545) rc_net: Video RX complete=26940 missing=0 last_seq=241
