I (2392778) rc_net: Scanning for RC_TANK_* APs...
I (2395280) rc_net: Found tank AP: RC_TANK_F3AE79, RSSI: -45
I (2395281) rc_net: Connecting to tank AP, attempt 1/3
I (2395287) wifi:new:<1,1>, old:<1,0>, ap:<255,255>, sta:<1,1>, prof:1, snd_ch_cfg:0x0
I (2395288) wifi:state: init -> auth (0xb0)
I (2395295) wifi:state: auth -> assoc (0x0)
I (2395308) wifi:state: assoc -> run (0x10)
I (2395328) wifi:connected with RC_TANK_F3AE79, aid = 1, channel 1, 40U, bssid = 44:1b:f6:f3:ae:79
I (2395328) wifi:security: WPA2-PSK, phy: bgn, rssi: -45, cipher(pairwise:0x3, group:0x3), pmf:1
I (2395334) wifi:pm start, type: 1

I (2395338) wifi:set rx beacon pti, rx_bcn_pti: 0, bcn_timeout: 25000, mt_pti: 0, mt_time: 10000
I (2395399) wifi:AP's beacon interval = 102400 us, DTIM period = 1
I (2396370) esp_netif_handlers: sta ip: 192.168.4.2, mask: 255.255.255.0, gw: 192.168.4.1
I (2396370) rc_net: Got IP: 192.168.4.2
I (2396371) rc_net: Connected to tank AP; waiting for disconnect
I (2396371) rc_control: Network connected: waiting for joystick release before motion
I (2396384) rc_tank: Network connected, peer: 192.168.4.1
W (2396389) rc_tank: Channels already started, skip re-init
I (2396391) rc_control: Joystick released: motion control re-armed
I (2396386) rc_video: Remote WiFi icon updated: connected=1 epoch=13
I (2396428) wifi:<ba-add>idx:0 (ifx:0, 44:1b:f6:f3:ae:79), tid:0, ssn:0, winSize:64
I (2397406) rc_video: Displayed 17700 frames (320x240 video at 240x180,80,0) | fps=0.57 theory_max=32.55 | Avg(ms): recv=5.9 decode=14.6 color=0.0 place=10.4 copy=6.7 overlay=11.0 dma=33.8 display=51.6 total=82.5 | JPEG=7613B
I (2397415) rc_video: Video queue: ready=17836 queue_drop=0 stale_drop=135
I (2399411) rc_net: [CAM-PROBE] Video RX seq=30 jpeg_len=7641 crc32=0x6e899536 chunks=7
I (2399416) rc_net: Video RX complete=17850 missing=0 last_seq=30
I (2401186) rc_video: Displayed 17730 frames (320x240 video at 240x180,80,0) | fps=7.97 theory_max=32.55 | Avg(ms): recv=7.8 decode=14.4 color=0.0 place=10.3 copy=6.7 overlay=11.2 dma=33.7 display=51.6 total=84.1 | JPEG=7414B
I (2401196) rc_video: Video queue: ready=17866 queue_drop=0 stale_drop=135
I (2402951) rc_net: [CAM-PROBE] Video RX seq=60 jpeg_len=8597 crc32=0x9d4c392f chunks=8
I (2402956) rc_net: Video RX complete=17880 missing=0 last_seq=60
I (2405347) rc_video: Displayed 17760 frames (320x240 video at 240x180,80,0) | fps=7.24 theory_max=32.55 | Avg(ms): recv=7.3 decode=14.6 color=0.0 place=10.2 copy=6.7 overlay=11.1 dma=33.4 display=51.4 total=83.5 | JPEG=7613B
I (2405356) rc_video: Video queue: ready=17896 queue_drop=0 stale_drop=135
I (2407041) rc_net: [CAM-PROBE] Video RX seq=90 jpeg_len=8047 crc32=0xd0cd72ba chunks=7
I (2407046) rc_net: Video RX complete=17910 missing=0 last_seq=90
I (2408904) rc_video: Displayed 17790 frames (320x240 video at 240x180,80,0) | fps=8.47 theory_max=32.55 | Avg(ms): recv=6.4 decode=14.6 color=0.0 place=10.3 copy=6.7 overlay=11.3 dma=33.4 display=51.5 total=82.7 | JPEG=7636B
I (2408913) rc_video: Video queue: ready=17926 queue_drop=0 stale_drop=136
I (2410524) rc_net: [CAM-PROBE] Video RX seq=120 jpeg_len=8258 crc32=0x6b892440 chunks=7
I (2410529) rc_net: Video RX complete=17940 missing=0 last_seq=120
I (2412407) rc_video: Displayed 17820 frames (320x240 video at 240x180,80,0) | fps=8.60 theory_max=32.55 | Avg(ms): recv=5.8 decode=14.5 color=0.0 place=10.3 copy=6.5 overlay=11.4 dma=33.5 display=51.5 total=82.2 | JPEG=7808B
I (2412416) rc_video: Video queue: ready=17956 queue_drop=0 stale_drop=136
I (2414121) rc_net: [CAM-PROBE] Video RX seq=150 jpeg_len=7874 crc32=0x701f3447 chunks=7
I (2414125) rc_net: Video RX complete=17970 missing=0 last_seq=150
I (2416119) rc_video: Displayed 17850 frames (320x240 video at 240x180,80,0) | fps=8.12 theory_max=32.55 | Avg(ms): recv=7.0 decode=14.5 color=0.0 place=10.3 copy=6.5 overlay=11.3 dma=33.5 display=51.4 total=83.2 | JPEG=7613B
I (2416128) rc_video: Video queue: ready=17986 queue_drop=0 stale_drop=136
I (2417794) rc_net: [CAM-PROBE] Video RX seq=180 jpeg_len=8672 crc32=0x772f2616 chunks=8
I (2417799) rc_net: Video RX complete=18000 missing=0 last_seq=180
I (2419850) rc_video: Displayed 17880 frames (320x240 video at 240x180,80,0) | fps=8.08 theory_max=32.55 | Avg(ms): recv=7.6 decode=14.5 color=0.0 place=10.2 copy=6.7 overlay=11.2 dma=33.5 display=51.5 total=83.8 | JPEG=8098B
I (2419859) rc_video: Video queue: ready=18017 queue_drop=0 stale_drop=137
I (2421374) rc_net: [CAM-PROBE] Video RX seq=210 jpeg_len=7602 crc32=0xd3868cc1 chunks=7
I (2421378) rc_net: Video RX complete=18030 missing=0 last_seq=210
I (2423625) rc_video: Displayed 17910 frames (320x240 video at 240x180,80,0) | fps=7.98 theory_max=32.55 | Avg(ms): recv=5.6 decode=14.3 color=0.0 place=10.3 copy=6.6 overlay=11.4 dma=33.7 display=51.8 total=82.0 | JPEG=7401B
I (2423634) rc_video: Video queue: ready=18047 queue_drop=0 stale_drop=137
I (2425051) rc_net: [CAM-PROBE] Video RX seq=240 jpeg_len=8169 crc32=0x0dc668de chunks=7
I (2425056) rc_net: Video RX complete=18060 missing=0 last_seq=240
I (2427226) rc_video: Displayed 17940 frames (320x240 video at 240x180,80,0) | fps=8.37 theory_max=32.55 | Avg(ms): recv=5.3 decode=14.4 color=0.0 place=10.3 copy=6.8 overlay=11.1 dma=33.5 display=51.5 total=81.5 | JPEG=7379B
I (2427235) rc_video: Video queue: ready=18077 queue_drop=0 stale_drop=137
I (2428652) rc_net: [CAM-PROBE] Video RX seq=270 jpeg_len=8115 crc32=0xe396c1d0 chunks=7
I (2428656) rc_net: Video RX complete=18090 missing=0 last_seq=270
I (2431064) rc_video: Displayed 17970 frames (320x240 video at 240x180,80,0) | fps=7.85 theory_max=32.55 | Avg(ms): recv=5.8 decode=14.5 color=0.0 place=10.2 copy=6.6 overlay=11.5 dma=33.4 display=51.6 total=82.0 | JPEG=7597B
I (2431073) rc_video: Video queue: ready=18108 queue_drop=0 stale_drop=138
I (2432637) rc_net: [CAM-PROBE] Video RX seq=300 jpeg_len=7160 crc32=0x571fa491 chunks=6
I (2432641) rc_net: Video RX complete=18120 missing=0 last_seq=300
I (2435044) rc_video: Displayed 18000 frames (320x240 video at 240x180,80,0) | fps=7.57 theory_max=32.55 | Avg(ms): recv=5.8 decode=14.6 color=0.0 place=10.3 copy=6.7 overlay=11.2 dma=33.4 display=51.4 total=82.1 | JPEG=8164B
I (2435053) rc_video: Video queue: ready=18138 queue_drop=0 stale_drop=138
I (2436518) rc_net: [CAM-PROBE] Video RX seq=330 jpeg_len=8605 crc32=0x4bb729fc chunks=8
I (2436524) rc_net: Video RX complete=18150 missing=0 last_seq=330
I (2438547) rc_video: Displayed 18030 frames (320x240 video at 240x180,80,0) | fps=8.60 theory_max=32.55 | Avg(ms): recv=5.3 decode=14.7 color=0.0 place=10.4 copy=6.5 overlay=11.1 dma=33.5 display=51.2 total=81.6 | JPEG=7112B
I (2438556) rc_video: Video queue: ready=18170 queue_drop=0 stale_drop=139
I (2439741) rc_net: [CAM-PROBE] Video RX seq=360 jpeg_len=7610 crc32=0x8d31fe9a chunks=7
I (2439745) rc_net: Video RX complete=18180 missing=0 last_seq=360
I (2442032) rc_video: Displayed 18060 frames (320x240 video at 240x180,80,0) | fps=8.65 theory_max=32.55 | Avg(ms): recv=6.6 decode=14.6 color=0.0 place=10.4 copy=6.6 overlay=11.1 dma=33.5 display=51.3 total=82.9 | JPEG=7584B
I (2442041) rc_video: Video queue: ready=18199 queue_drop=0 stale_drop=139
I (2443403) rc_net: [CAM-PROBE] Video RX seq=390 jpeg_len=8797 crc32=0x5960f4c6 chunks=8
I (2443410) rc_net: Video RX complete=18210 missing=0 last_seq=390
I (2445553) rc_video: Displayed 18090 frames (320x240 video at 240x180,80,0) | fps=8.56 theory_max=32.55 | Avg(ms): recv=7.4 decode=14.5 color=0.0 place=10.1 copy=6.7 overlay=11.4 dma=33.3 display=51.5 total=83.5 | JPEG=7564B
I (2445563) rc_video: Video queue: ready=18230 queue_drop=0 stale_drop=139
I (2446824) rc_net: [CAM-PROBE] Video RX seq=420 jpeg_len=7149 crc32=0x4708e5a8 chunks=6
I (2446828) rc_net: Video RX complete=18240 missing=0 last_seq=420
I (2449160) rc_video: Displayed 18120 frames (320x240 video at 240x180,80,0) | fps=8.36 theory_max=32.55 | Avg(ms): recv=7.7 decode=14.5 color=0.0 place=10.2 copy=6.6 overlay=11.4 dma=33.8 display=51.9 total=84.3 | JPEG=7121B
I (2449170) rc_video: Video queue: ready=18261 queue_drop=0 stale_drop=141
I (2450268) rc_net: [CAM-PROBE] Video RX seq=450 jpeg_len=7626 crc32=0x01edbd03 chunks=7
I (2450272) rc_net: Video RX complete=18270 missing=0 last_seq=450
I (2452635) rc_video: Displayed 18150 frames (320x240 video at 240x180,80,0) | fps=8.68 theory_max=32.55 | Avg(ms): recv=6.5 decode=14.5 color=0.0 place=10.1 copy=6.6 overlay=11.2 dma=33.5 display=51.4 total=82.6 | JPEG=7982B
I (2452644) rc_video: Video queue: ready=18291 queue_drop=0 stale_drop=141
I (2453690) rc_net: [CAM-PROBE] Video RX seq=480 jpeg_len=7148 crc32=0xbce29c2c chunks=6
I (2453694) rc_net: Video RX complete=18300 missing=0 last_seq=480
I (2456361) rc_video: Displayed 18180 frames (320x240 video at 240x180,80,0) | fps=8.08 theory_max=32.55 | Avg(ms): recv=5.9 decode=14.4 color=0.0 place=10.3 copy=6.6 overlay=11.3 dma=33.7 display=51.8 total=82.4 | JPEG=7842B
I (2456371) rc_video: Video queue: ready=18322 queue_drop=0 stale_drop=141
I (2457200) rc_net: [CAM-PROBE] Video RX seq=510 jpeg_len=7614 crc32=0x085757ef chunks=7
I (2457204) rc_net: Video RX complete=18330 missing=0 last_seq=510
I (2459763) rc_video: Displayed 18210 frames (320x240 video at 240x180,80,0) | fps=8.86 theory_max=32.55 | Avg(ms): recv=7.4 decode=14.4 color=0.0 place=10.2 copy=6.6 overlay=11.3 dma=33.5 display=51.5 total=83.5 | JPEG=7355B
I (2459772) rc_video: Video queue: ready=18351 queue_drop=0 stale_drop=141
I (2460677) rc_net: [CAM-PROBE] Video RX seq=540 jpeg_len=7447 crc32=0x145cded5 chunks=7
I (2460681) rc_net: Video RX complete=18360 missing=0 last_seq=540
I (2463142) rc_video: Displayed 18240 frames (320x240 video at 240x180,80,0) | fps=8.92 theory_max=32.55 | Avg(ms): recv=5.9 decode=14.4 color=0.0 place=10.2 copy=6.6 overlay=11.4 dma=33.5 display=51.6 total=82.1 | JPEG=8458B
I (2463151) rc_video: Video queue: ready=18381 queue_drop=0 stale_drop=141
I (2464281) rc_net: [CAM-PROBE] Video RX seq=570 jpeg_len=8419 crc32=0x10c09561 chunks=8
I (2464285) rc_net: Video RX complete=18390 missing=0 last_seq=570
I (2466928) rc_video: Displayed 18270 frames (320x240 video at 240x180,80,0) | fps=7.96 theory_max=32.55 | Avg(ms): recv=7.2 decode=14.4 color=0.0 place=10.2 copy=6.6 overlay=11.4 dma=33.7 display=51.8 total=83.7 | JPEG=7758B
I (2466937) rc_video: Video queue: ready=18411 queue_drop=0 stale_drop=141
I (2467988) rc_net: [CAM-PROBE] Video RX seq=600 jpeg_len=8677 crc32=0xb09e3c9c chunks=8
I (2467992) rc_net: Video RX complete=18420 missing=0 last_seq=600
I (2470885) rc_video: Displayed 18300 frames (320x240 video at 240x180,80,0) | fps=7.61 theory_max=32.55 | Avg(ms): recv=6.3 decode=14.5 color=0.0 place=10.1 copy=6.7 overlay=11.4 dma=33.6 display=51.8 total=82.8 | JPEG=8698B
I (2470895) rc_video: Video queue: ready=18443 queue_drop=0 stale_drop=141
I (2471741) rc_net: [CAM-PROBE] Video RX seq=630 jpeg_len=8546 crc32=0x58d710be chunks=8
I (2471748) rc_net: Video RX complete=18450 missing=0 last_seq=630
I (2474638) rc_video: Displayed 18330 frames (320x240 video at 240x180,80,0) | fps=8.03 theory_max=32.55 | Avg(ms): recv=6.0 decode=14.6 color=0.0 place=10.3 copy=6.8 overlay=11.3 dma=33.4 display=51.6 total=82.5 | JPEG=7904B
I (2474647) rc_video: Video queue: ready=18473 queue_drop=0 stale_drop=143
I (2475294) rc_net: [CAM-PROBE] Video RX seq=660 jpeg_len=7465 crc32=0x4acef7cc chunks=7
I (2475298) rc_net: Video RX complete=18480 missing=0 last_seq=660
I (2478486) rc_video: Displayed 18360 frames (320x240 video at 240x180,80,0) | fps=7.83 theory_max=32.55 | Avg(ms): recv=6.7 decode=14.4 color=0.0 place=10.2 copy=6.6 overlay=11.3 dma=33.8 display=51.8 total=83.1 | JPEG=7863B
I (2478496) rc_video: Video queue: ready=18504 queue_drop=0 stale_drop=143
I (2479220) rc_net: [CAM-PROBE] Video RX seq=690 jpeg_len=7105 crc32=0x3adc4abf chunks=6
I (2479224) rc_net: Video RX complete=18510 missing=0 last_seq=690
I (2482126) rc_video: Displayed 18390 frames (320x240 video at 240x180,80,0) | fps=8.28 theory_max=32.55 | Avg(ms): recv=5.0 decode=14.4 color=0.0 place=10.3 copy=6.8 overlay=11.3 dma=33.4 display=51.6 total=81.4 | JPEG=7120B
I (2482135) rc_video: Video queue: ready=18534 queue_drop=0 stale_drop=143
I (2482920) rc_net: [CAM-PROBE] Video RX seq=720 jpeg_len=7598 crc32=0xff014c50 chunks=7
I (2482924) rc_net: Video RX complete=18540 missing=0 last_seq=720
I (2485987) rc_video: Displayed 18420 frames (320x240 video at 240x180,80,0) | fps=7.80 theory_max=32.55 | Avg(ms): recv=6.4 decode=14.5 color=0.0 place=10.3 copy=6.7 overlay=11.3 dma=33.5 display=51.6 total=82.8 | JPEG=8737B
I (2485996) rc_video: Video queue: ready=18564 queue_drop=0 stale_drop=144
I (2486680) rc_net: [CAM-PROBE] Video RX seq=750 jpeg_len=7634 crc32=0xb01a2110 chunks=7
I (2486684) rc_net: Video RX complete=18570 missing=0 last_seq=750
I (2489564) rc_video: Displayed 18450 frames (320x240 video at 240x180,80,0) | fps=8.42 theory_max=32.55 | Avg(ms): recv=7.2 decode=14.4 color=0.0 place=10.2 copy=6.7 overlay=11.3 dma=33.5 display=51.5 total=83.4 | JPEG=7593B
I (2489573) rc_video: Video queue: ready=18595 queue_drop=0 stale_drop=145
I (2490087) rc_net: [CAM-PROBE] Video RX seq=780 jpeg_len=7659 crc32=0x19e7f890 chunks=7
I (2490092) rc_net: Video RX complete=18600 missing=0 last_seq=780
I (2493061) rc_video: Displayed 18480 frames (320x240 video at 240x180,80,0) | fps=8.62 theory_max=32.55 | Avg(ms): recv=4.9 decode=14.6 color=0.0 place=10.3 copy=6.6 overlay=11.3 dma=33.6 display=51.5 total=81.4 | JPEG=8581B
I (2493070) rc_video: Video queue: ready=18625 queue_drop=0 stale_drop=145
I (2493473) rc_net: [CAM-PROBE] Video RX seq=810 jpeg_len=7115 crc32=0x78d3cbb9 chunks=6
I (2493477) rc_net: Video RX complete=18630 missing=0 last_seq=810
I (2496770) rc_video: Displayed 18510 frames (320x240 video at 240x180,80,0) | fps=8.12 theory_max=32.55 | Avg(ms): recv=6.2 decode=14.4 color=0.0 place=10.2 copy=6.6 overlay=11.3 dma=33.7 display=51.6 total=82.5 | JPEG=7656B
I (2496781) rc_video: Video queue: ready=18656 queue_drop=0 stale_drop=146
I (2497115) rc_net: [CAM-PROBE] Video RX seq=840 jpeg_len=8018 crc32=0x537681eb chunks=7
I (2497120) rc_net: Video RX complete=18660 missing=0 last_seq=840
I (2500412) rc_video: Displayed 18540 frames (320x240 video at 240x180,80,0) | fps=8.28 theory_max=32.55 | Avg(ms): recv=7.7 decode=14.4 color=0.0 place=10.2 copy=6.7 overlay=11.3 dma=33.6 display=51.8 total=84.1 | JPEG=7618B
I (2500421) rc_video: Video queue: ready=18687 queue_drop=0 stale_drop=146
I (2500806) rc_net: [CAM-PROBE] Video RX seq=870 jpeg_len=8072 crc32=0x8c33af13 chunks=7
I (2500810) rc_net: Video RX complete=18690 missing=0 last_seq=870
I (2503739) rc_video: Displayed 18570 frames (320x240 video at 240x180,80,0) | fps=9.06 theory_max=32.55 | Avg(ms): recv=4.8 decode=14.5 color=0.0 place=10.2 copy=6.7 overlay=11.1 dma=33.5 display=51.4 total=81.0 | JPEG=8060B
I (2503748) rc_video: Video queue: ready=18716 queue_drop=0 stale_drop=146
I (2504134) rc_net: [CAM-PROBE] Video RX seq=900 jpeg_len=7585 crc32=0x549dacec chunks=7
I (2504138) rc_net: Video RX complete=18720 missing=0 last_seq=900
I (2507375) rc_video: Displayed 18600 frames (320x240 video at 240x180,80,0) | fps=8.29 theory_max=32.55 | Avg(ms): recv=7.1 decode=14.3 color=0.0 place=10.2 copy=6.7 overlay=11.3 dma=33.5 display=51.6 total=83.3 | JPEG=7626B
I (2507384) rc_video: Video queue: ready=18746 queue_drop=0 stale_drop=146
I (2507790) rc_net: [CAM-PROBE] Video RX seq=930 jpeg_len=7073 crc32=0xe144dd4d chunks=6
I (2507794) rc_net: Video RX complete=18750 missing=0 last_seq=930
I (2511180) rc_video: Displayed 18630 frames (320x240 video at 240x180,80,0) | fps=7.92 theory_max=32.55 | Avg(ms): recv=5.3 decode=14.5 color=0.0 place=10.1 copy=6.7 overlay=11.4 dma=33.6 display=51.7 total=81.6 | JPEG=7615B
I (2511189) rc_video: Video queue: ready=18778 queue_drop=0 stale_drop=147
I (2511403) rc_net: [CAM-PROBE] Video RX seq=960 jpeg_len=7869 crc32=0x7c31816b chunks=7
I (2511407) rc_net: Video RX complete=18780 missing=0 last_seq=960
I (2515170) rc_video: Displayed 18660 frames (320x240 video at 240x180,80,0) | fps=7.55 theory_max=32.55 | Avg(ms): recv=6.8 decode=14.5 color=0.0 place=10.4 copy=6.6 overlay=11.2 dma=33.5 display=51.4 total=83.1 | JPEG=7608B
I (2515179) rc_video: Video queue: ready=18809 queue_drop=0 stale_drop=149
I (2515199) rc_net: [CAM-PROBE] Video RX seq=990 jpeg_len=8116 crc32=0x122dc7f0 chunks=7
I (2515204) rc_net: Video RX complete=18810 missing=0 last_seq=990
I (2518736) rc_net: [CAM-PROBE] Video RX seq=1020 jpeg_len=7867 crc32=0x263747bc chunks=7
I (2518740) rc_net: Video RX complete=18840 missing=0 last_seq=1020
I (2518846) rc_video: Displayed 18690 frames (320x240 video at 240x180,80,0) | fps=8.20 theory_max=32.55 | Avg(ms): recv=5.9 decode=14.5 color=0.0 place=10.4 copy=6.7 overlay=11.3 dma=33.7 display=51.8 total=82.6 | JPEG=7867B
I (2518855) rc_video: Video queue: ready=18840 queue_drop=0 stale_drop=150
I (2522306) rc_net: [CAM-PROBE] Video RX seq=1050 jpeg_len=7589 crc32=0x66b055fd chunks=7
I (2522310) rc_net: Video RX complete=18870 missing=0 last_seq=1050
I (2522391) rc_video: Displayed 18720 frames (320x240 video at 240x180,80,0) | fps=8.50 theory_max=32.55 | Avg(ms): recv=7.2 decode=14.7 color=0.0 place=10.2 copy=6.6 overlay=11.4 dma=33.5 display=51.6 total=83.7 | JPEG=7589B
I (2522400) rc_video: Video queue: ready=18871 queue_drop=0 stale_drop=150
I (2525820) rc_net: [CAM-PROBE] Video RX seq=1080 jpeg_len=8791 crc32=0x7b8ad6c0 chunks=8
I (2525825) rc_net: Video RX complete=18900 missing=0 last_seq=1080
I (2525905) rc_video: Displayed 18750 frames (320x240 video at 240x180,80,0) | fps=8.58 theory_max=32.55 | Avg(ms): recv=6.4 decode=14.6 color=0.0 place=10.2 copy=6.5 overlay=11.3 dma=33.4 display=51.2 total=82.6 | JPEG=8791B
I (2525914) rc_video: Video queue: ready=18901 queue_drop=0 stale_drop=150
I (2529427) rc_net: [CAM-PROBE] Video RX seq=1110 jpeg_len=8400 crc32=0x2732d692 chunks=7
I (2529432) rc_net: Video RX complete=18930 missing=0 last_seq=1110
I (2529511) rc_video: Displayed 18780 frames (320x240 video at 240x180,80,0) | fps=8.36 theory_max=32.55 | Avg(ms): recv=6.2 decode=14.5 color=0.0 place=10.4 copy=6.5 overlay=11.3 dma=33.4 display=51.3 total=82.3 | JPEG=8400B
I (2529520) rc_video: Video queue: ready=18931 queue_drop=0 stale_drop=150
I (2533030) rc_net: [CAM-PROBE] Video RX seq=1140 jpeg_len=7706 crc32=0x6a194769 chunks=7
I (2533035) rc_net: Video RX complete=18960 missing=0 last_seq=1140
I (2533114) rc_video: Displayed 18810 frames (320x240 video at 240x180,80,0) | fps=8.36 theory_max=32.55 | Avg(ms): recv=5.5 decode=14.5 color=0.0 place=10.4 copy=6.6 overlay=11.1 dma=33.3 display=51.1 total=81.5 | JPEG=7706B
I (2533123) rc_video: Video queue: ready=18961 queue_drop=0 stale_drop=150
I (2536549) rc_net: [CAM-PROBE] Video RX seq=1170 jpeg_len=7614 crc32=0xde93a5e4 chunks=7
I (2536554) rc_net: Video RX complete=18990 missing=0 last_seq=1170
I (2536633) rc_video: Displayed 18840 frames (320x240 video at 240x180,80,0) | fps=8.56 theory_max=32.55 | Avg(ms): recv=5.1 decode=14.4 color=0.0 place=10.1 copy=6.8 overlay=11.4 dma=33.6 display=51.8 total=81.4 | JPEG=7614B
I (2536642) rc_video: Video queue: ready=18991 queue_drop=0 stale_drop=150
