=========================================
Flashing RC Tank Demo - TANK Role to COM7
=========================================
Bootloader:      E:\10__AIProject\7_AI陪伴机器人\CODE\examples\rc_tank_demo\firmware_backup\bootloader_TANK.bin
Partition Table: E:\10__AIProject\7_AI陪伴机器人\CODE\examples\rc_tank_demo\firmware_backup\partition-table_TANK.bin
Application:     E:\10__AIProject\7_AI陪伴机器人\CODE\examples\rc_tank_demo\firmware_backup\rc_tank_demo_TANK.bin

Erasing flash...
esptool.py v4.12.dev2
Serial port COM7
Connecting..............
Chip is ESP32-S3 (QFN56) (revision v0.2)
Features: WiFi, BLE
Crystal is 40MHz
MAC: 44:1b:f6:f3:ae:78
Uploading stub...
Running stub...
Stub running...
Erasing flash (this may take a while)...
Chip erase completed successfully in 1.0 seconds.
Hard resetting via RTS pin...

Programming flash...
esptool.py v4.12.dev2
Serial port COM7
Connecting....
Chip is ESP32-S3 (QFN56) (revision v0.2)
Features: WiFi, BLE
Crystal is 40MHz
MAC: 44:1b:f6:f3:ae:78
Uploading stub...
Running stub...
Stub running...
Changing baud rate to 460800
Changed.
Configuring flash size...
Flash will be erased from 0x00000000 to 0x00005fff...
Flash will be erased from 0x00008000 to 0x00008fff...
Flash will be erased from 0x00010000 to 0x000f1fff...
SHA digest in image updated
Compressed 20832 bytes to 13348...
Writing at 0x00000000... (100 %)
Wrote 20832 bytes (13348 compressed) at 0x00000000 in 0.4 seconds (effective 432.0 kbit/s)...
Hash of data verified.
Compressed 3072 bytes to 119...
Writing at 0x00008000... (100 %)
Wrote 3072 bytes (119 compressed) at 0x00008000 in 0.0 seconds (effective 1544.2 kbit/s)...
Hash of data verified.
Compressed 924512 bytes to 562031...
Writing at 0x00010000... (2 %)
Writing at 0x0001d31e... (5 %)
Writing at 0x00029349... (8 %)
Writing at 0x00032898... (11 %)
Writing at 0x0003c9ae... (14 %)
Writing at 0x00042821... (17 %)
Writing at 0x00048c44... (20 %)
Writing at 0x0004f066... (22 %)
Writing at 0x00055012... (25 %)
Writing at 0x0005bdc1... (28 %)
Writing at 0x00061e67... (31 %)
Writing at 0x00067652... (34 %)
Writing at 0x0006d3b8... (37 %)
Writing at 0x000731d2... (40 %)
Writing at 0x00078eb9... (42 %)
Writing at 0x0007f075... (45 %)
Writing at 0x00084bc3... (48 %)
Writing at 0x0008a6e9... (51 %)
Writing at 0x0008f83b... (54 %)
Writing at 0x00094ec5... (57 %)
Writing at 0x0009a6aa... (60 %)
Writing at 0x0009fbc3... (62 %)
Writing at 0x000a4fe7... (65 %)
Writing at 0x000aa5c9... (68 %)
Writing at 0x000b096e... (71 %)
Writing at 0x000b624a... (74 %)
Writing at 0x000bbf94... (77 %)
Writing at 0x000c1954... (80 %)
Writing at 0x000c6f79... (82 %)
Writing at 0x000cfa6a... (85 %)
Writing at 0x000d5cec... (88 %)
Writing at 0x000dc256... (91 %)
Writing at 0x000e3cd2... (94 %)
Writing at 0x000ea6ab... (97 %)
Writing at 0x000ef7ba... (100 %)
Wrote 924512 bytes (562031 compressed) at 0x00010000 in 13.0 seconds (effective 570.7 kbit/s)...
Hash of data verified.

Leaving...
Hard resetting via RTS pin...

=========================================
Flash completed successfully!
=========================================
