=========================================
Flashing RC Tank Demo - REMOTE Role to COM24
=========================================
Bootloader:      E:\10__AIProject\7_AI陪伴机器人\CODE\examples\rc_tank_demo\firmware_backup\bootloader_REMOTE.bin
Partition Table: E:\10__AIProject\7_AI陪伴机器人\CODE\examples\rc_tank_demo\firmware_backup\partition-table_REMOTE.bin
Application:     E:\10__AIProject\7_AI陪伴机器人\CODE\examples\rc_tank_demo\firmware_backup\rc_tank_demo_REMOTE.bin

Erasing flash...
esptool.py v4.12.dev2
Serial port COM24
Connecting....
Chip is ESP32-S3 (QFN56) (revision v0.2)
Features: WiFi, BLE
Crystal is 40MHz
MAC: 44:1b:f6:f3:ae:28
Uploading stub...
Running stub...
Stub running...
Erasing flash (this may take a while)...
Chip erase completed successfully in 1.2 seconds.
Hard resetting via RTS pin...

Programming flash...
esptool.py v4.12.dev2
Serial port COM24
Connecting....
Chip is ESP32-S3 (QFN56) (revision v0.2)
Features: WiFi, BLE
Crystal is 40MHz
MAC: 44:1b:f6:f3:ae:28
Uploading stub...
Running stub...
Stub running...
Changing baud rate to 460800
Changed.
Configuring flash size...
Flash will be erased from 0x00000000 to 0x00005fff...
Flash will be erased from 0x00008000 to 0x00008fff...
Flash will be erased from 0x00010000 to 0x00122fff...
SHA digest in image updated
Compressed 20832 bytes to 13344...
Writing at 0x00000000... (100 %)
Wrote 20832 bytes (13344 compressed) at 0x00000000 in 0.4 seconds (effective 441.3 kbit/s)...
Hash of data verified.
Compressed 3072 bytes to 119...
Writing at 0x00008000... (100 %)
Wrote 3072 bytes (119 compressed) at 0x00008000 in 0.0 seconds (effective 1546.7 kbit/s)...
Hash of data verified.
Compressed 1124080 bytes to 695493...
Writing at 0x00010000... (2 %)
Writing at 0x0001cf2c... (4 %)
Writing at 0x00029554... (6 %)
Writing at 0x0002e901... (9 %)
Writing at 0x00036de2... (11 %)
Writing at 0x00041d39... (13 %)
Writing at 0x00047f2a... (16 %)
Writing at 0x0004e2d8... (18 %)
Writing at 0x00057ef8... (20 %)
Writing at 0x0005e03f... (23 %)
Writing at 0x0006306d... (25 %)
Writing at 0x00067efb... (27 %)
Writing at 0x0006d3f7... (30 %)
Writing at 0x000723ff... (32 %)
Writing at 0x0007739e... (34 %)
Writing at 0x0007dae0... (37 %)
Writing at 0x00083d59... (39 %)
Writing at 0x000896f2... (41 %)
Writing at 0x0008f3d2... (44 %)
Writing at 0x00095135... (46 %)
Writing at 0x0009acd9... (48 %)
Writing at 0x000a1794... (51 %)
Writing at 0x000a7688... (53 %)
Writing at 0x000ad4f5... (55 %)
Writing at 0x000b25d1... (58 %)
Writing at 0x000b76ce... (60 %)
Writing at 0x000bd164... (62 %)
Writing at 0x000c264e... (65 %)
Writing at 0x000c7b5d... (67 %)
Writing at 0x000cd112... (69 %)
Writing at 0x000d2cb4... (72 %)
Writing at 0x000d907c... (74 %)
Writing at 0x000dea68... (76 %)
Writing at 0x000e4848... (79 %)
Writing at 0x000ea1a7... (81 %)
Writing at 0x000ef87e... (83 %)
Writing at 0x000f823f... (86 %)
Writing at 0x000fe1da... (88 %)
Writing at 0x00104709... (90 %)
Writing at 0x0010c169... (93 %)
Writing at 0x00113b59... (95 %)
Writing at 0x0011a5c5... (97 %)
Writing at 0x0011f6e7... (100 %)
Wrote 1124080 bytes (695493 compressed) at 0x00010000 in 15.6 seconds (effective 575.9 kbit/s)...
Hash of data verified.

Leaving...
Hard resetting via RTS pin...

=========================================
Flash completed successfully!
=========================================
