=========================================
Flashing RC Tank Demo - TANK Role to COM7
=========================================
Bootloader:      E:\10__AIProject\7_AI陪伴机器人\CODE\examples\rc_tank_demo\firmware_backup\bootloader_TANK.bin
Partition Table: E:\10__AIProject\7_AI陪伴机器人\CODE\examples\rc_tank_demo\firmware_backup\partition-table_TANK.bin
Application:     E:\10__AIProject\7_AI陪伴机器人\CODE\examples\rc_tank_demo\firmware_backup\rc_tank_demo_TANK.bin

Erasing flash...
esptool.py v4.12.dev2
Serial port COM7
Connecting.........
Chip is ESP32-S3 (QFN56) (revision v0.2)
Features: WiFi, BLE
Crystal is 40MHz
MAC: 44:1b:f6:f3:ae:78
Uploading stub...
Running stub...
Stub running...
Erasing flash (this may take a while)...
Chip erase completed successfully in 1.5 seconds.
Hard resetting via RTS pin...

Programming flash...
esptool.py v4.12.dev2
Serial port COM7
Connecting....
Chip is ESP32-S3 (QFN56) (revision v0.2)
Features: WiFi, BLE
Crystal is 40MHz
MAC: 44:1b:f6:f3:ae:78
Uploading stub...
Running stub...
Stub running...
Changing baud rate to 460800
Changed.
Configuring flash size...
Flash will be erased from 0x00000000 to 0x00005fff...
Flash will be erased from 0x00008000 to 0x00008fff...
Flash will be erased from 0x00010000 to 0x00121fff...
SHA digest in image updated
Compressed 20832 bytes to 13347...
Writing at 0x00000000... (100 %)
Wrote 20832 bytes (13347 compressed) at 0x00000000 in 0.4 seconds (effective 432.8 kbit/s)...
Hash of data verified.
Compressed 3072 bytes to 119...
Writing at 0x00008000... (100 %)
Wrote 3072 bytes (119 compressed) at 0x00008000 in 0.0 seconds (effective 1506.9 kbit/s)...
Hash of data verified.
Compressed 1120768 bytes to 675708...
Writing at 0x00010000... (2 %)
Writing at 0x0001d683... (4 %)
Writing at 0x0002a1d4... (7 %)
Writing at 0x000301d3... (9 %)
Writing at 0x00037c45... (11 %)
Writing at 0x00042239... (14 %)
Writing at 0x000484c2... (16 %)
Writing at 0x0004e83f... (19 %)
Writing at 0x000554c0... (21 %)
Writing at 0x0005e8be... (23 %)
Writing at 0x000645d6... (26 %)
Writing at 0x00069407... (28 %)
Writing at 0x0006e88b... (30 %)
Writing at 0x00074578... (33 %)
Writing at 0x0007ae57... (35 %)
Writing at 0x00080950... (38 %)
Writing at 0x0008657d... (40 %)
Writing at 0x0008c18a... (42 %)
Writing at 0x00091f0b... (45 %)
Writing at 0x00098005... (47 %)
Writing at 0x0009e93b... (50 %)
Writing at 0x000a46a6... (52 %)
Writing at 0x000aa178... (54 %)
Writing at 0x000af2c1... (57 %)
Writing at 0x000b4902... (59 %)
Writing at 0x000ba0e1... (61 %)
Writing at 0x000bf574... (64 %)
Writing at 0x000c492b... (66 %)
Writing at 0x000c9f96... (69 %)
Writing at 0x000d0845... (71 %)
Writing at 0x000d60a8... (73 %)
Writing at 0x000dbe55... (76 %)
Writing at 0x000e18ff... (78 %)
Writing at 0x000e7061... (80 %)
Writing at 0x000efd14... (83 %)
Writing at 0x000f5ba2... (85 %)
Writing at 0x000fbbad... (88 %)
Writing at 0x001033f8... (90 %)
Writing at 0x0010af64... (92 %)
Writing at 0x0011415a... (95 %)
Writing at 0x0011a982... (97 %)
Writing at 0x0011fc54... (100 %)
Wrote 1120768 bytes (675708 compressed) at 0x00010000 in 15.5 seconds (effective 577.4 kbit/s)...
Hash of data verified.

Leaving...
Hard resetting via RTS pin...

=========================================
Flash completed successfully!
=========================================
