=========================================
Flashing RC Tank Demo - REMOTE Role to COM24
=========================================
Bootloader:      E:\10__AIProject\7_AI陪伴机器人\CODE\examples\rc_tank_demo\firmware_backup\bootloader_REMOTE.bin
Partition Table: E:\10__AIProject\7_AI陪伴机器人\CODE\examples\rc_tank_demo\firmware_backup\partition-table_REMOTE.bin
Application:     E:\10__AIProject\7_AI陪伴机器人\CODE\examples\rc_tank_demo\firmware_backup\rc_tank_demo_REMOTE.bin

Erasing flash...
esptool.py v4.12.dev2
Serial port COM24
Connecting...
Chip is ESP32-S3 (QFN56) (revision v0.2)
Features: WiFi, BLE
Crystal is 40MHz
MAC: 44:1b:f6:f3:ae:28
Uploading stub...
Running stub...
Stub running...
Erasing flash (this may take a while)...
Chip erase completed successfully in 1.2 seconds.
Hard resetting via RTS pin...

Programming flash...
esptool.py v4.12.dev2
Serial port COM24
Connecting....
Chip is ESP32-S3 (QFN56) (revision v0.2)
Features: WiFi, BLE
Crystal is 40MHz
MAC: 44:1b:f6:f3:ae:28
Uploading stub...
Running stub...
Stub running...
Changing baud rate to 460800
Changed.
Configuring flash size...
Flash will be erased from 0x00000000 to 0x00005fff...
Flash will be erased from 0x00008000 to 0x00008fff...
Flash will be erased from 0x00010000 to 0x00121fff...
SHA digest in image updated
Compressed 20832 bytes to 13347...
Writing at 0x00000000... (100 %)
Wrote 20832 bytes (13347 compressed) at 0x00000000 in 0.4 seconds (effective 439.0 kbit/s)...
Hash of data verified.
Compressed 3072 bytes to 119...
Writing at 0x00008000... (100 %)
Wrote 3072 bytes (119 compressed) at 0x00008000 in 0.0 seconds (effective 1646.8 kbit/s)...
Hash of data verified.
Compressed 1122256 bytes to 694323...
Writing at 0x00010000... (2 %)
Writing at 0x0001d06c... (4 %)
Writing at 0x00029490... (6 %)
Writing at 0x0002e7fd... (9 %)
Writing at 0x00036e9f... (11 %)
Writing at 0x00041c88... (13 %)
Writing at 0x00047e9d... (16 %)
Writing at 0x0004e1ba... (18 %)
Writing at 0x00058097... (20 %)
Writing at 0x0005de94... (23 %)
Writing at 0x00062ece... (25 %)
Writing at 0x00067d7e... (27 %)
Writing at 0x0006d234... (30 %)
Writing at 0x000722e4... (32 %)
Writing at 0x000771dd... (34 %)
Writing at 0x0007da0f... (37 %)
Writing at 0x00083c58... (39 %)
Writing at 0x000895a4... (41 %)
Writing at 0x0008f2a8... (44 %)
Writing at 0x0009500f... (46 %)
Writing at 0x0009ac09... (48 %)
Writing at 0x000a16a7... (51 %)
Writing at 0x000a758c... (53 %)
Writing at 0x000ad3a8... (55 %)
Writing at 0x000b2492... (58 %)
Writing at 0x000b767c... (60 %)
Writing at 0x000bd045... (62 %)
Writing at 0x000c2570... (65 %)
Writing at 0x000c79f7... (67 %)
Writing at 0x000ccf89... (69 %)
Writing at 0x000d2beb... (72 %)
Writing at 0x000d8fcb... (74 %)
Writing at 0x000dea1d... (76 %)
Writing at 0x000e478d... (79 %)
Writing at 0x000ea078... (81 %)
Writing at 0x000ef85a... (83 %)
Writing at 0x000f8096... (86 %)
Writing at 0x000fe1a7... (88 %)
Writing at 0x00104679... (90 %)
Writing at 0x0010c082... (93 %)
Writing at 0x00113a38... (95 %)
Writing at 0x0011a518... (97 %)
Writing at 0x0011f529... (100 %)
Wrote 1122256 bytes (694323 compressed) at 0x00010000 in 15.6 seconds (effective 576.3 kbit/s)...
Hash of data verified.

Leaving...
Hard resetting via RTS pin...

=========================================
Flash completed successfully!
=========================================
