=========================================
Flashing RC Tank Demo - TANK Role to COM7
=========================================
Bootloader:      E:\10__AIProject\7_AI陪伴机器人\CODE\examples\rc_tank_demo\firmware_backup\bootloader_TANK.bin
Partition Table: E:\10__AIProject\7_AI陪伴机器人\CODE\examples\rc_tank_demo\firmware_backup\partition-table_TANK.bin
Application:     E:\10__AIProject\7_AI陪伴机器人\CODE\examples\rc_tank_demo\firmware_backup\rc_tank_demo_TANK.bin

Erasing flash...
esptool.py v4.12.dev2
Serial port COM7
Connecting....
Chip is ESP32-S3 (QFN56) (revision v0.2)
Features: WiFi, BLE
Crystal is 40MHz
MAC: 44:1b:f6:f3:ae:24
Uploading stub...
Running stub...
Stub running...
Erasing flash (this may take a while)...
Chip erase completed successfully in 1.3 seconds.
Hard resetting via RTS pin...

Programming flash...
esptool.py v4.12.dev2
Serial port COM7
Connecting....
Chip is ESP32-S3 (QFN56) (revision v0.2)
Features: WiFi, BLE
Crystal is 40MHz
MAC: 44:1b:f6:f3:ae:24
Uploading stub...
Running stub...
Stub running...
Changing baud rate to 460800
Changed.
Configuring flash size...
Flash will be erased from 0x00000000 to 0x00005fff...
Flash will be erased from 0x00008000 to 0x00008fff...
Flash will be erased from 0x00010000 to 0x00110fff...
SHA digest in image updated
Compressed 20832 bytes to 13348...
Writing at 0x00000000... (100 %)
Wrote 20832 bytes (13348 compressed) at 0x00000000 in 0.4 seconds (effective 430.1 kbit/s)...
Hash of data verified.
Compressed 3072 bytes to 119...
Writing at 0x00008000... (100 %)
Wrote 3072 bytes (119 compressed) at 0x00008000 in 0.0 seconds (effective 1540.0 kbit/s)...
Hash of data verified.
Compressed 1050096 bytes to 650857...
Writing at 0x00010000... (2 %)
Writing at 0x0001d5c4... (5 %)
Writing at 0x00029f81... (7 %)
Writing at 0x0002f2ad... (10 %)
Writing at 0x0003743b... (12 %)
Writing at 0x000421ba... (15 %)
Writing at 0x000484bd... (17 %)
Writing at 0x0004e8b1... (20 %)
Writing at 0x00054841... (22 %)
Writing at 0x0005a2b4... (25 %)
Writing at 0x0005f0e5... (27 %)
Writing at 0x000645d8... (30 %)
Writing at 0x0006ab64... (32 %)
Writing at 0x00070ded... (35 %)
Writing at 0x00076713... (37 %)
Writing at 0x0007c425... (40 %)
Writing at 0x000822e5... (42 %)
Writing at 0x00087ecb... (45 %)
Writing at 0x0008e715... (47 %)
Writing at 0x00094884... (50 %)
Writing at 0x0009a524... (52 %)
Writing at 0x0009fedb... (55 %)
Writing at 0x000a4f1f... (57 %)
Writing at 0x000aa694... (60 %)
Writing at 0x000afdfa... (62 %)
Writing at 0x000b52f7... (65 %)
Writing at 0x000ba735... (67 %)
Writing at 0x000bfdd4... (70 %)
Writing at 0x000c672d... (72 %)
Writing at 0x000cc027... (75 %)
Writing at 0x000d1d64... (77 %)
Writing at 0x000d7764... (80 %)
Writing at 0x000dcd9c... (82 %)
Writing at 0x000e5957... (85 %)
Writing at 0x000eb828... (87 %)
Writing at 0x000f2095... (90 %)
Writing at 0x000f862f... (92 %)
Writing at 0x0010017d... (95 %)
Writing at 0x00106a9c... (97 %)
Writing at 0x0010befd... (100 %)
Wrote 1050096 bytes (650857 compressed) at 0x00010000 in 15.0 seconds (effective 560.5 kbit/s)...
Hash of data verified.

Leaving...
Hard resetting via RTS pin...

=========================================
Flash completed successfully!
=========================================
