=========================================
Flashing RC Tank Demo - TANK Role to COM7
=========================================
Bootloader:      E:\10__AIProject\7_AI陪伴机器人\CODE\examples\rc_tank_demo\firmware_backup\bootloader_TANK.bin
Partition Table: E:\10__AIProject\7_AI陪伴机器人\CODE\examples\rc_tank_demo\firmware_backup\partition-table_TANK.bin
Application:     E:\10__AIProject\7_AI陪伴机器人\CODE\examples\rc_tank_demo\firmware_backup\rc_tank_demo_TANK.bin

Erasing flash...
esptool.py v4.12.dev2
Serial port COM7
Connecting..............
Chip is ESP32-S3 (QFN56) (revision v0.2)
Features: WiFi, BLE
Crystal is 40MHz
MAC: 44:1b:f6:f3:ae:24
Uploading stub...
Running stub...
Stub running...
Erasing flash (this may take a while)...
Chip erase completed successfully in 1.4 seconds.
Hard resetting via RTS pin...

Programming flash...
esptool.py v4.12.dev2
Serial port COM7
Connecting....
Chip is ESP32-S3 (QFN56) (revision v0.2)
Features: WiFi, BLE
Crystal is 40MHz
MAC: 44:1b:f6:f3:ae:24
Uploading stub...
Running stub...
Stub running...
Changing baud rate to 460800
Changed.
Configuring flash size...
Flash will be erased from 0x00000000 to 0x00005fff...
Flash will be erased from 0x00008000 to 0x00008fff...
Flash will be erased from 0x00010000 to 0x00110fff...
SHA digest in image updated
Compressed 20832 bytes to 13347...
Writing at 0x00000000... (100 %)
Wrote 20832 bytes (13347 compressed) at 0x00000000 in 0.4 seconds (effective 429.8 kbit/s)...
Hash of data verified.
Compressed 3072 bytes to 119...
Writing at 0x00008000... (100 %)
Wrote 3072 bytes (119 compressed) at 0x00008000 in 0.0 seconds (effective 1545.8 kbit/s)...
Hash of data verified.
Compressed 1049776 bytes to 650537...
Writing at 0x00010000... (2 %)
Writing at 0x0001d59d... (5 %)
Writing at 0x00029f68... (7 %)
Writing at 0x0002f276... (10 %)
Writing at 0x00037407... (12 %)
Writing at 0x000421ad... (15 %)
Writing at 0x000484be... (17 %)
Writing at 0x0004e8db... (20 %)
Writing at 0x000548ca... (22 %)
Writing at 0x0005a313... (25 %)
Writing at 0x0005f160... (27 %)
Writing at 0x0006460b... (30 %)
Writing at 0x0006abf5... (32 %)
Writing at 0x00070e7e... (35 %)
Writing at 0x000767b2... (37 %)
Writing at 0x0007c4d9... (40 %)
Writing at 0x0008235a... (42 %)
Writing at 0x00087f24... (45 %)
Writing at 0x0008e897... (47 %)
Writing at 0x00094900... (50 %)
Writing at 0x0009a5c4... (52 %)
Writing at 0x0009ff2c... (55 %)
Writing at 0x000a4f7b... (57 %)
Writing at 0x000aa6fe... (60 %)
Writing at 0x000afe3d... (62 %)
Writing at 0x000b5349... (65 %)
Writing at 0x000ba7f7... (67 %)
Writing at 0x000bfecc... (70 %)
Writing at 0x000c6791... (72 %)
Writing at 0x000cc0ba... (75 %)
Writing at 0x000d1dd6... (77 %)
Writing at 0x000d77e1... (80 %)
Writing at 0x000dce40... (82 %)
Writing at 0x000e59c5... (85 %)
Writing at 0x000eb898... (87 %)
Writing at 0x000f2122... (90 %)
Writing at 0x000f86fb... (92 %)
Writing at 0x001001e4... (95 %)
Writing at 0x00106bd9... (97 %)
Writing at 0x0010bf48... (100 %)
Wrote 1049776 bytes (650537 compressed) at 0x00010000 in 15.0 seconds (effective 560.3 kbit/s)...
Hash of data verified.

Leaving...
Hard resetting via RTS pin...

=========================================
Flash completed successfully!
=========================================
