=========================================
Flashing RC Tank Demo - REMOTE Role to COM24
=========================================
Bootloader:      E:\10__AIProject\7_AI陪伴机器人\CODE\examples\rc_tank_demo\firmware_backup\bootloader_REMOTE.bin
Partition Table: E:\10__AIProject\7_AI陪伴机器人\CODE\examples\rc_tank_demo\firmware_backup\partition-table_REMOTE.bin
Application:     E:\10__AIProject\7_AI陪伴机器人\CODE\examples\rc_tank_demo\firmware_backup\rc_tank_demo_REMOTE.bin

Erasing flash...
esptool.py v4.12.dev2
Serial port COM24
Connecting...
Chip is ESP32-S3 (QFN56) (revision v0.2)
Features: WiFi, BLE
Crystal is 40MHz
MAC: 44:1b:f6:f3:ae:28
Uploading stub...
Running stub...
Stub running...
Erasing flash (this may take a while)...
Chip erase completed successfully in 1.2 seconds.
Hard resetting via RTS pin...

Programming flash...
esptool.py v4.12.dev2
Serial port COM24
Connecting....
Chip is ESP32-S3 (QFN56) (revision v0.2)
Features: WiFi, BLE
Crystal is 40MHz
MAC: 44:1b:f6:f3:ae:28
Uploading stub...
Running stub...
Stub running...
Changing baud rate to 460800
Changed.
Configuring flash size...
Flash will be erased from 0x00000000 to 0x00005fff...
Flash will be erased from 0x00008000 to 0x00008fff...
Flash will be erased from 0x00010000 to 0x00122fff...
SHA digest in image updated
Compressed 20832 bytes to 13360...
Writing at 0x00000000... (100 %)
Wrote 20832 bytes (13360 compressed) at 0x00000000 in 0.4 seconds (effective 439.8 kbit/s)...
Hash of data verified.
Compressed 3072 bytes to 119...
Writing at 0x00008000... (100 %)
Wrote 3072 bytes (119 compressed) at 0x00008000 in 0.0 seconds (effective 1580.1 kbit/s)...
Hash of data verified.
Compressed 1123296 bytes to 694983...
Writing at 0x00010000... (2 %)
Writing at 0x0001cf35... (4 %)
Writing at 0x00029511... (6 %)
Writing at 0x0002e895... (9 %)
Writing at 0x00036dc8... (11 %)
Writing at 0x00041cd5... (13 %)
Writing at 0x00047ed8... (16 %)
Writing at 0x0004e27e... (18 %)
Writing at 0x00057fb5... (20 %)
Writing at 0x0005df9a... (23 %)
Writing at 0x00062fd5... (25 %)
Writing at 0x00067e7f... (27 %)
Writing at 0x0006d34c... (30 %)
Writing at 0x0007238a... (32 %)
Writing at 0x000772e8... (34 %)
Writing at 0x0007da74... (37 %)
Writing at 0x00083cc8... (39 %)
Writing at 0x0008965e... (41 %)
Writing at 0x0008f35f... (44 %)
Writing at 0x0009508a... (46 %)
Writing at 0x0009ac59... (48 %)
Writing at 0x000a172e... (51 %)
Writing at 0x000a7651... (53 %)
Writing at 0x000ad46e... (55 %)
Writing at 0x000b2549... (58 %)
Writing at 0x000b76be... (60 %)
Writing at 0x000bd0dc... (62 %)
Writing at 0x000c260b... (65 %)
Writing at 0x000c7acd... (67 %)
Writing at 0x000cd073... (69 %)
Writing at 0x000d2ca2... (72 %)
Writing at 0x000d9080... (74 %)
Writing at 0x000deac3... (76 %)
Writing at 0x000e4847... (79 %)
Writing at 0x000ea136... (81 %)
Writing at 0x000ef889... (83 %)
Writing at 0x000f81b1... (86 %)
Writing at 0x000fe1b8... (88 %)
Writing at 0x001046d6... (90 %)
Writing at 0x0010c119... (93 %)
Writing at 0x00113ad3... (95 %)
Writing at 0x0011a59a... (97 %)
Writing at 0x0011f61d... (100 %)
Wrote 1123296 bytes (694983 compressed) at 0x00010000 in 15.6 seconds (effective 575.5 kbit/s)...
Hash of data verified.

Leaving...
Hard resetting via RTS pin...

=========================================
Flash completed successfully!
=========================================
