=========================================
Flashing RC Tank Demo - REMOTE Role to COM24
=========================================
Bootloader:      E:\10__AIProject\7_AI陪伴机器人\CODE\examples\rc_tank_demo\firmware_backup\bootloader_REMOTE.bin
Partition Table: E:\10__AIProject\7_AI陪伴机器人\CODE\examples\rc_tank_demo\firmware_backup\partition-table_REMOTE.bin
Application:     E:\10__AIProject\7_AI陪伴机器人\CODE\examples\rc_tank_demo\firmware_backup\rc_tank_demo_REMOTE.bin

Erasing flash...
esptool.py v4.12.dev2
Serial port COM24
Connecting....
Chip is ESP32-S3 (QFN56) (revision v0.2)
Features: WiFi, BLE
Crystal is 40MHz
MAC: 44:1b:f6:f3:ae:28
Uploading stub...
Running stub...
Stub running...
Erasing flash (this may take a while)...
Chip erase completed successfully in 1.2 seconds.
Hard resetting via RTS pin...

Programming flash...
esptool.py v4.12.dev2
Serial port COM24
Connecting....
Chip is ESP32-S3 (QFN56) (revision v0.2)
Features: WiFi, BLE
Crystal is 40MHz
MAC: 44:1b:f6:f3:ae:28
Uploading stub...
Running stub...
Stub running...
Changing baud rate to 460800
Changed.
Configuring flash size...
Flash will be erased from 0x00000000 to 0x00005fff...
Flash will be erased from 0x00008000 to 0x00008fff...
Flash will be erased from 0x00010000 to 0x00121fff...
SHA digest in image updated
Compressed 20832 bytes to 13347...
Writing at 0x00000000... (100 %)
Wrote 20832 bytes (13347 compressed) at 0x00000000 in 0.4 seconds (effective 440.5 kbit/s)...
Hash of data verified.
Compressed 3072 bytes to 119...
Writing at 0x00008000... (100 %)
Wrote 3072 bytes (119 compressed) at 0x00008000 in 0.0 seconds (effective 1592.5 kbit/s)...
Hash of data verified.
Compressed 1122032 bytes to 694229...
Writing at 0x00010000... (2 %)
Writing at 0x0001d087... (4 %)
Writing at 0x0002947d... (6 %)
Writing at 0x0002e7d9... (9 %)
Writing at 0x00036e53... (11 %)
Writing at 0x00041c2d... (13 %)
Writing at 0x00047e71... (16 %)
Writing at 0x0004e18e... (18 %)
Writing at 0x00058089... (20 %)
Writing at 0x0005de61... (23 %)
Writing at 0x00062e9b... (25 %)
Writing at 0x00067d51... (27 %)
Writing at 0x0006d203... (30 %)
Writing at 0x000722aa... (32 %)
Writing at 0x00077196... (34 %)
Writing at 0x0007d9ec... (37 %)
Writing at 0x00083c07... (39 %)
Writing at 0x0008954e... (41 %)
Writing at 0x0008f25d... (44 %)
Writing at 0x00094fca... (46 %)
Writing at 0x0009abb6... (48 %)
Writing at 0x000a1673... (51 %)
Writing at 0x000a7549... (53 %)
Writing at 0x000ad35c... (55 %)
Writing at 0x000b2447... (58 %)
Writing at 0x000b764e... (60 %)
Writing at 0x000bcff1... (62 %)
Writing at 0x000c252c... (65 %)
Writing at 0x000c79bb... (67 %)
Writing at 0x000ccf66... (69 %)
Writing at 0x000d2b94... (72 %)
Writing at 0x000d8f6a... (74 %)
Writing at 0x000de9cb... (76 %)
Writing at 0x000e4726... (79 %)
Writing at 0x000ea00b... (81 %)
Writing at 0x000ef7f5... (83 %)
Writing at 0x000f8031... (86 %)
Writing at 0x000fe14f... (88 %)
Writing at 0x00104620... (90 %)
Writing at 0x0010c022... (93 %)
Writing at 0x001139d3... (95 %)
Writing at 0x0011a4c1... (97 %)
Writing at 0x0011f4bc... (100 %)
Wrote 1122032 bytes (694229 compressed) at 0x00010000 in 15.6 seconds (effective 576.4 kbit/s)...
Hash of data verified.

Leaving...
Hard resetting via RTS pin...

=========================================
Flash completed successfully!
=========================================
