=========================================
Flashing RC Tank Demo - TANK Role to COM7
=========================================
Bootloader:      E:\10__AIProject\7_AI陪伴机器人\CODE\examples\rc_tank_demo\firmware_backup\bootloader_TANK.bin
Partition Table: E:\10__AIProject\7_AI陪伴机器人\CODE\examples\rc_tank_demo\firmware_backup\partition-table_TANK.bin
Application:     E:\10__AIProject\7_AI陪伴机器人\CODE\examples\rc_tank_demo\firmware_backup\rc_tank_demo_TANK.bin

Erasing flash...
esptool.py v4.12.dev2
Serial port COM7
Connecting....
Chip is ESP32-S3 (QFN56) (revision v0.2)
Features: WiFi, BLE
Crystal is 40MHz
MAC: 44:1b:f6:f3:ae:24
Uploading stub...
Running stub...
Stub running...
Erasing flash (this may take a while)...
Chip erase completed successfully in 1.4 seconds.
Hard resetting via RTS pin...

Programming flash...
esptool.py v4.12.dev2
Serial port COM7
Connecting.........
Chip is ESP32-S3 (QFN56) (revision v0.2)
Features: WiFi, BLE
Crystal is 40MHz
MAC: 44:1b:f6:f3:ae:24
Uploading stub...
Running stub...
Stub running...
Changing baud rate to 460800
Changed.
Configuring flash size...
Flash will be erased from 0x00000000 to 0x00005fff...
Flash will be erased from 0x00008000 to 0x00008fff...
Flash will be erased from 0x00010000 to 0x00110fff...
SHA digest in image updated
Compressed 20832 bytes to 13346...
Writing at 0x00000000... (100 %)
Wrote 20832 bytes (13346 compressed) at 0x00000000 in 0.4 seconds (effective 430.0 kbit/s)...
Hash of data verified.
Compressed 3072 bytes to 119...
Writing at 0x00008000... (100 %)
Wrote 3072 bytes (119 compressed) at 0x00008000 in 0.0 seconds (effective 1621.9 kbit/s)...
Hash of data verified.
Compressed 1049856 bytes to 650584...
Writing at 0x00010000... (2 %)
Writing at 0x0001d5a2... (5 %)
Writing at 0x00029f5b... (7 %)
Writing at 0x0002f283... (10 %)
Writing at 0x00037419... (12 %)
Writing at 0x000421c8... (15 %)
Writing at 0x000484f7... (17 %)
Writing at 0x0004e8f9... (20 %)
Writing at 0x000548b9... (22 %)
Writing at 0x0005a30a... (25 %)
Writing at 0x0005f14c... (27 %)
Writing at 0x000645ff... (30 %)
Writing at 0x0006abf3... (32 %)
Writing at 0x00070e63... (35 %)
Writing at 0x000767b8... (37 %)
Writing at 0x0007c4ef... (40 %)
Writing at 0x00082368... (42 %)
Writing at 0x00087f2f... (45 %)
Writing at 0x0008e891... (47 %)
Writing at 0x000948f4... (50 %)
Writing at 0x0009a5cd... (52 %)
Writing at 0x0009ff31... (55 %)
Writing at 0x000a4f82... (57 %)
Writing at 0x000aa6fc... (60 %)
Writing at 0x000afe4b... (62 %)
Writing at 0x000b534e... (65 %)
Writing at 0x000ba7f8... (67 %)
Writing at 0x000bfebe... (70 %)
Writing at 0x000c6798... (72 %)
Writing at 0x000cc0a8... (75 %)
Writing at 0x000d1dd1... (77 %)
Writing at 0x000d77df... (80 %)
Writing at 0x000dce1b... (82 %)
Writing at 0x000e59c6... (85 %)
Writing at 0x000eb898... (87 %)
Writing at 0x000f2128... (90 %)
Writing at 0x000f86f4... (92 %)
Writing at 0x001001f2... (95 %)
Writing at 0x00106b9f... (97 %)
Writing at 0x0010bf55... (100 %)
Wrote 1049856 bytes (650584 compressed) at 0x00010000 in 15.0 seconds (effective 560.3 kbit/s)...
Hash of data verified.

Leaving...
Hard resetting via RTS pin...

=========================================
Flash completed successfully!
=========================================
