=========================================
Flashing RC Tank Demo - TANK Role to COM7
=========================================
Bootloader:      E:\10__AIProject\7_AI陪伴机器人\CODE\examples\rc_tank_demo\firmware_backup\bootloader_TANK.bin
Partition Table: E:\10__AIProject\7_AI陪伴机器人\CODE\examples\rc_tank_demo\firmware_backup\partition-table_TANK.bin
Application:     E:\10__AIProject\7_AI陪伴机器人\CODE\examples\rc_tank_demo\firmware_backup\rc_tank_demo_TANK.bin

Erasing flash...
esptool.py v4.12.dev2
Serial port COM7
Connecting....
Chip is ESP32-S3 (QFN56) (revision v0.2)
Features: WiFi, BLE
Crystal is 40MHz
MAC: 44:1b:f6:f3:ae:24
Uploading stub...
Running stub...
Stub running...
Erasing flash (this may take a while)...
Chip erase completed successfully in 1.3 seconds.
Hard resetting via RTS pin...

Programming flash...
esptool.py v4.12.dev2
Serial port COM7
Connecting.........
Chip is ESP32-S3 (QFN56) (revision v0.2)
Features: WiFi, BLE
Crystal is 40MHz
MAC: 44:1b:f6:f3:ae:24
Uploading stub...
Running stub...
Stub running...
Changing baud rate to 460800
Changed.
Configuring flash size...
Flash will be erased from 0x00000000 to 0x00005fff...
Flash will be erased from 0x00008000 to 0x00008fff...
Flash will be erased from 0x00010000 to 0x00111fff...
SHA digest in image updated
Compressed 20832 bytes to 13359...
Writing at 0x00000000... (100 %)
Wrote 20832 bytes (13359 compressed) at 0x00000000 in 0.4 seconds (effective 431.3 kbit/s)...
Hash of data verified.
Compressed 3072 bytes to 119...
Writing at 0x00008000... (100 %)
Wrote 3072 bytes (119 compressed) at 0x00008000 in 0.0 seconds (effective 1533.6 kbit/s)...
Hash of data verified.
Compressed 1054816 bytes to 653512...
Writing at 0x00010000... (2 %)
Writing at 0x0001d65f... (5 %)
Writing at 0x00029fd1... (7 %)
Writing at 0x0002f6e5... (10 %)
Writing at 0x0003748b... (12 %)
Writing at 0x000422cc... (15 %)
Writing at 0x00048609... (17 %)
Writing at 0x0004e95f... (20 %)
Writing at 0x000548bd... (22 %)
Writing at 0x0005a5de... (25 %)
Writing at 0x0005f45e... (27 %)
Writing at 0x000648b6... (30 %)
Writing at 0x0006a89d... (32 %)
Writing at 0x00070e92... (35 %)
Writing at 0x000768ad... (37 %)
Writing at 0x0007c580... (40 %)
Writing at 0x00082316... (42 %)
Writing at 0x00087f64... (45 %)
Writing at 0x0008e294... (47 %)
Writing at 0x00094a77... (50 %)
Writing at 0x0009a65d... (52 %)
Writing at 0x000a0180... (55 %)
Writing at 0x000a522f... (57 %)
Writing at 0x000aa91c... (60 %)
Writing at 0x000b00c5... (62 %)
Writing at 0x000b5553... (65 %)
Writing at 0x000ba911... (67 %)
Writing at 0x000bff23... (70 %)
Writing at 0x000c6952... (72 %)
Writing at 0x000cc238... (75 %)
Writing at 0x000d1fd4... (77 %)
Writing at 0x000d78be... (80 %)
Writing at 0x000dd01f... (82 %)
Writing at 0x000e5bf0... (85 %)
Writing at 0x000eba7f... (87 %)
Writing at 0x000f1f23... (90 %)
Writing at 0x000f8a18... (92 %)
Writing at 0x001003bf... (95 %)
Writing at 0x001067b9... (97 %)
Writing at 0x0010c453... (100 %)
Wrote 1054816 bytes (653512 compressed) at 0x00010000 in 15.0 seconds (effective 560.9 kbit/s)...
Hash of data verified.

Leaving...
Hard resetting via RTS pin...

=========================================
Flash completed successfully!
=========================================
