Executing action: flash
Running ninja in directory C:\Users\15301\AppData\Local\Temp\laiwfs300_build\CODE\examples\rc_tank_demo\build
Executing "ninja flash"...
[1/5] C:\WINDOWS\system32\cmd.exe /C "cd /D C:\Users\15301\AppData\Local\Temp\laiwfs300_build\CODE\examples\rc_tank_demo\build\esp-idf\esptool_py && D:\Espressif\python_env\idf5.5_py3.11_env\Scripts\python.exe D:/Espressif/frameworks/esp-idf-v5.5.4/components/partition_table/check_sizes.py --offset 0x8000 partition --type app C:/Users/15301/AppData/Local/Temp/laiwfs300_build/CODE/examples/rc_tank_demo/build/partition_table/partition-table.bin C:/Users/15301/AppData/Local/Temp/laiwfs300_build/CODE/examples/rc_tank_demo/build/rc_tank_demo.bin"

rc_tank_demo.bin binary size 0x111550 bytes. Smallest app partition is 0x300000 bytes. 0x1eeab0 bytes (64%) free.


[2/5] Performing build step for 'bootloader'

[1/1] C:\WINDOWS\system32\cmd.exe /C "cd /D C:\Users\15301\AppData\Local\Temp\laiwfs300_build\CODE\examples\rc_tank_demo\build\bootloader\esp-idf\esptool_py && D:\Espressif\python_env\idf5.5_py3.11_env\Scripts\python.exe D:/Espressif/frameworks/esp-idf-v5.5.4/components/partition_table/check_sizes.py --offset 0x8000 bootloader 0x0 C:/Users/15301/AppData/Local/Temp/laiwfs300_build/CODE/examples/rc_tank_demo/build/bootloader/bootloader.bin"


Bootloader binary size 0x5160 bytes. 0x2ea0 bytes (36%) free.



[3/5] No install step for 'bootloader'

[4/5] Completed 'bootloader'

[4/5] C:\WINDOWS\system32\cmd.exe /C "cd /D D:\Espressif\frameworks\esp-idf-v5.5.4\components\esptool_py && D:\Espressif\tools\cmake\3.30.2\bin\cmake.exe -D IDF_PATH=D:/Espressif/frameworks/esp-idf-v5.5.4 -D SERIAL_TOOL=D:/Espressif/python_env/idf5.5_py3.11_env/Scripts/python.exe;;D:/Espressif/frameworks/esp-idf-v5.5.4/components/esptool_py/esptool/esptool.py;--chip;esp32s3 -D SERIAL_TOOL_ARGS=--before=default_reset;--after=hard_reset;write_flash;@flash_args -D WORKING_DIRECTORY=C:/Users/15301/AppData/Local/Temp/laiwfs300_build/CODE/examples/rc_tank_demo/build -P D:/Espressif/frameworks/esp-idf-v5.5.4/components/esptool_py/run_serial_tool.cmake"

esptool.py --chip esp32s3 -p COM24 -b 460800 --before=default_reset --after=hard_reset write_flash --flash_mode dio --flash_freq 80m --flash_size 8MB 0x0 bootloader/bootloader.bin 0x10000 rc_tank_demo.bin 0x8000 partition_table/partition-table.bin

esptool.py v4.12.dev2

Serial port COM24

Connecting....

Chip is ESP32-S3 (QFN56) (revision v0.2)

Features: WiFi, BLE

Crystal is 40MHz

MAC: 44:1b:f6:f3:ae:70

Uploading stub...

Running stub...

Stub running...

Changing baud rate to 460800

Changed.

Configuring flash size...

Flash will be erased from 0x00000000 to 0x00005fff...

Flash will be erased from 0x00010000 to 0x00121fff...

Flash will be erased from 0x00008000 to 0x00008fff...

SHA digest in image updated

Compressed 20832 bytes to 13347...

Writing at 0x00000000... (100 %)

Wrote 20832 bytes (13347 compressed) at 0x00000000 in 0.4 seconds (effective 443.6 kbit/s)...

Hash of data verified.

Compressed 1119568 bytes to 692438...

Writing at 0x00010000... (2 %)

Writing at 0x0001d06a... (4 %)

Writing at 0x00029495... (6 %)

Writing at 0x0002e7e7... (9 %)

Writing at 0x00036e93... (11 %)

Writing at 0x00041c6c... (13 %)

Writing at 0x00047e92... (16 %)

Writing at 0x0004e1b3... (18 %)

Writing at 0x000582ab... (20 %)

Writing at 0x0005de72... (23 %)

Writing at 0x00062f3e... (25 %)

Writing at 0x00067d12... (27 %)

Writing at 0x0006d1df... (30 %)

Writing at 0x000722c4... (32 %)

Writing at 0x00077148... (34 %)

Writing at 0x0007dbb5... (37 %)

Writing at 0x00083cad... (39 %)

Writing at 0x00089511... (41 %)

Writing at 0x0008f21a... (44 %)

Writing at 0x00094fec... (46 %)

Writing at 0x0009ad18... (48 %)

Writing at 0x000a1663... (51 %)

Writing at 0x000a7533... (53 %)

Writing at 0x000ad1bd... (55 %)

Writing at 0x000b2364... (58 %)

Writing at 0x000b76f8... (60 %)

Writing at 0x000bcf92... (62 %)

Writing at 0x000c254b... (65 %)

Writing at 0x000c78ed... (67 %)

Writing at 0x000ccec8... (69 %)

Writing at 0x000d2be8... (72 %)

Writing at 0x000d8f21... (74 %)

Writing at 0x000deac4... (76 %)

Writing at 0x000e47ab... (79 %)

Writing at 0x000e9f66... (81 %)

Writing at 0x000ef9c5... (83 %)

Writing at 0x000f8011... (86 %)

Writing at 0x000fe2a5... (88 %)

Writing at 0x001046dc... (90 %)

Writing at 0x0010c1a1... (93 %)

Writing at 0x00113ac4... (95 %)

Writing at 0x0011a34d... (97 %)

Writing at 0x0011f5a5... (100 %)

Wrote 1119568 bytes (692438 compressed) at 0x00010000 in 15.4 seconds (effective 582.7 kbit/s)...

Hash of data verified.

Compressed 3072 bytes to 119...

Writing at 0x00008000... (100 %)

Wrote 3072 bytes (119 compressed) at 0x00008000 in 0.0 seconds (effective 1506.6 kbit/s)...

Hash of data verified.



Leaving...

Hard resetting via RTS pin...

Done
