=========================================
Flashing RC Tank Demo - TANK Role to COM7
=========================================
Bootloader:      E:\10__AIProject\7_AI陪伴机器人\CODE\examples\rc_tank_demo\firmware_backup\bootloader_TANK.bin
Partition Table: E:\10__AIProject\7_AI陪伴机器人\CODE\examples\rc_tank_demo\firmware_backup\partition-table_TANK.bin
Application:     E:\10__AIProject\7_AI陪伴机器人\CODE\examples\rc_tank_demo\firmware_backup\rc_tank_demo_TANK.bin

Erasing flash...
esptool.py v4.12.dev2
Serial port COM7
Connecting....
Chip is ESP32-S3 (QFN56) (revision v0.2)
Features: WiFi, BLE
Crystal is 40MHz
MAC: 44:1b:f6:f3:ae:78
Uploading stub...
Running stub...
Stub running...
Erasing flash (this may take a while)...
Chip erase completed successfully in 1.4 seconds.
Hard resetting via RTS pin...

Programming flash...
esptool.py v4.12.dev2
Serial port COM7
Connecting....
Chip is ESP32-S3 (QFN56) (revision v0.2)
Features: WiFi, BLE
Crystal is 40MHz
MAC: 44:1b:f6:f3:ae:78
Uploading stub...
Running stub...
Stub running...
Changing baud rate to 460800
Changed.
Configuring flash size...
Flash will be erased from 0x00000000 to 0x00005fff...
Flash will be erased from 0x00008000 to 0x00008fff...
Flash will be erased from 0x00010000 to 0x00121fff...
SHA digest in image updated
Compressed 20832 bytes to 13347...
Writing at 0x00000000... (100 %)
Wrote 20832 bytes (13347 compressed) at 0x00000000 in 0.4 seconds (effective 430.3 kbit/s)...
Hash of data verified.
Compressed 3072 bytes to 119...
Writing at 0x00008000... (100 %)
Wrote 3072 bytes (119 compressed) at 0x00008000 in 0.0 seconds (effective 1608.6 kbit/s)...
Hash of data verified.
Compressed 1120816 bytes to 675730...
Writing at 0x00010000... (2 %)
Writing at 0x0001d680... (4 %)
Writing at 0x0002a1ce... (7 %)
Writing at 0x000301d1... (9 %)
Writing at 0x00037c3f... (11 %)
Writing at 0x0004220a... (14 %)
Writing at 0x000484a6... (16 %)
Writing at 0x0004e831... (19 %)
Writing at 0x000554b0... (21 %)
Writing at 0x0005e8c7... (23 %)
Writing at 0x000645e1... (26 %)
Writing at 0x00069413... (28 %)
Writing at 0x0006e895... (30 %)
Writing at 0x00074590... (33 %)
Writing at 0x0007ae6d... (35 %)
Writing at 0x00080948... (38 %)
Writing at 0x00086562... (40 %)
Writing at 0x0008c158... (42 %)
Writing at 0x00091f0e... (45 %)
Writing at 0x00097fcc... (47 %)
Writing at 0x0009e929... (50 %)
Writing at 0x000a4683... (52 %)
Writing at 0x000aa175... (54 %)
Writing at 0x000af2b7... (57 %)
Writing at 0x000b48f7... (59 %)
Writing at 0x000ba0e8... (61 %)
Writing at 0x000bf573... (64 %)
Writing at 0x000c492b... (66 %)
Writing at 0x000c9f97... (69 %)
Writing at 0x000d083d... (71 %)
Writing at 0x000d6098... (73 %)
Writing at 0x000dbe46... (76 %)
Writing at 0x000e18fe... (78 %)
Writing at 0x000e7052... (80 %)
Writing at 0x000efd07... (83 %)
Writing at 0x000f5b9d... (85 %)
Writing at 0x000fbba8... (88 %)
Writing at 0x001033ff... (90 %)
Writing at 0x0010af5f... (92 %)
Writing at 0x0011415b... (95 %)
Writing at 0x0011a98d... (97 %)
Writing at 0x0011fc5e... (100 %)
Wrote 1120816 bytes (675730 compressed) at 0x00010000 in 15.5 seconds (effective 577.0 kbit/s)...
Hash of data verified.

Leaving...
Hard resetting via RTS pin...

=========================================
Flash completed successfully!
=========================================
