ESP-ROM:esp32s3-20210327
Build:Mar 27 2021
rst:0x1 (POWERON),boot:0xb (SPI_FAST_FLASH_BOOT)
SPIWP:0xee
mode:DIO, clock div:1
load:0x3fce2820,len:0x14f0
load:0x403c8700,len:0xd24
load:0x403cb700,len:0x2ef0
entry 0x403c8924
I (24) boot: ESP-IDF v5.5.4 2nd stage bootloader
I (25) boot: compile time Aug 17 2026 20:39:17
I (25) boot: Multicore bootloader
I (25) boot: chip revision: v0.2
I (28) boot: efuse block revision: v1.3
I (31) boot.esp32s3: Boot SPI Speed : 80MHz
I (35) boot.esp32s3: SPI Mode       : DIO
I (39) boot.esp32s3: SPI Flash Size : 8MB
I (43) boot: Enabling RNG early entropy source...
I (47) boot: Partition Table:
I (50) boot: ## Label            Usage          Type ST Offset   Length
I (56) boot:  0 nvs              WiFi data        01 02 00009000 00006000
I (63) boot:  1 phy_init         RF data          01 01 0000f000 00001000
I (69) boot:  2 factory          factory app      00 00 00010000 00300000
I (76) boot:  3 storage          Unknown data     01 82 00310000 00100000
I (82) boot: End of partition table
I (85) esp_image: segment 0: paddr=00010020 vaddr=3c0c0020 size=2be68h (179816) map
I (125) esp_image: segment 1: paddr=0003be90 vaddr=3fca0a00 size=04188h ( 16776) load
I (128) esp_image: segment 2: paddr=00040020 vaddr=42000020 size=b207ch (729212) map
I (257) esp_image: segment 3: paddr=000f20a4 vaddr=3fca4b88 size=013f8h (  5112) load
I (258) esp_image: segment 4: paddr=000f34a4 vaddr=40374000 size=1c970h (117104) load
I (286) esp_image: segment 5: paddr=0010fe1c vaddr=50000000 size=00020h (    32) load
I (298) boot: Loaded app from partition at offset 0x10000
I (298) boot: Disabling RNG early entropy source...
I (308) esp_psram: Found 8MB PSRAM device
I (308) esp_psram: Speed: 80MHz
I (308) cpu_start: Multicore app
I (1226) esp_psram: SPI SRAM memory test OK
I (1234) cpu_start: GPIO 44 and 43 are used as console UART I/O pins
I (1235) cpu_start: Pro cpu start user code
I (1235) cpu_start: cpu freq: 160000000 Hz
I (1237) app_init: Application information:
I (1241) app_init: Project name:     rc_tank_demo
I (1245) app_init: App version:      1
I (1249) app_init: Compile time:     Aug 17 2026 20:38:34
I (1254) app_init: ELF file SHA256:  cfa2867f7...
I (1258) app_init: ESP-IDF:          v5.5.4
I (1262) efuse_init: Min chip rev:     v0.0
I (1266) efuse_init: Max chip rev:     v0.99 
I (1270) efuse_init: Chip rev:         v0.2
I (1274) heap_init: Initializing. RAM available for dynamic allocation:
I (1281) heap_init: At 3FCA9F90 len 0003F780 (253 KiB): RAM
I (1286) heap_init: At 3FCE9710 len 00005724 (21 KiB): RAM
I (1291) heap_init: At 3FCF0000 len 00008000 (32 KiB): DRAM
I (1296) heap_init: At 600FE000 len 00001FE8 (7 KiB): RTCRAM
I (1302) esp_psram: Adding pool of 8192K of PSRAM memory to heap allocator
I (1309) spi_flash: detected chip: generic
I (1312) spi_flash: flash io: dio
I (1316) sleep_gpio: Configure to isolate all GPIO pins in sleep state
I (1322) sleep_gpio: Enable automatic switching of GPIO sleep configuration
I (1329) main_task: Started on CPU0
I (1353) esp_psram: Reserving pool of 64K of internal memory for DMA/internal allocations
I (1354) main_task: Calling app_main()
I (1375) rc_tank: === RC Tank Demo (EX-035) Role: TANK ===
I (1375) rc_tank: Startup delay 10 s (open serial monitor now)...
I (1375) rc_tank:   starting in 10 s
I (2378) rc_tank:   starting in 9 s
