=========================================
Flashing RC Tank Demo - TANK Role to COM7
=========================================
Bootloader:      E:\10__AIProject\7_AI陪伴机器人\CODE\examples\rc_tank_demo\firmware_backup\bootloader_TANK.bin
Partition Table: E:\10__AIProject\7_AI陪伴机器人\CODE\examples\rc_tank_demo\firmware_backup\partition-table_TANK.bin
Application:     E:\10__AIProject\7_AI陪伴机器人\CODE\examples\rc_tank_demo\firmware_backup\rc_tank_demo_TANK.bin

Erasing flash...
esptool.py v4.12.dev2
Serial port COM7
Connecting.........
Chip is ESP32-S3 (QFN56) (revision v0.2)
Features: WiFi, BLE
Crystal is 40MHz
MAC: 44:1b:f6:f3:ae:24
Uploading stub...
Running stub...
Stub running...
Erasing flash (this may take a while)...
Chip erase completed successfully in 1.3 seconds.
Hard resetting via RTS pin...

Programming flash...
esptool.py v4.12.dev2
Serial port COM7
Connecting....
Chip is ESP32-S3 (QFN56) (revision v0.2)
Features: WiFi, BLE
Crystal is 40MHz
MAC: 44:1b:f6:f3:ae:24
Uploading stub...
Running stub...
Stub running...
Changing baud rate to 460800
Changed.
Configuring flash size...
Flash will be erased from 0x00000000 to 0x00005fff...
Flash will be erased from 0x00008000 to 0x00008fff...
Flash will be erased from 0x00010000 to 0x00110fff...
SHA digest in image updated
Compressed 20832 bytes to 13345...
Writing at 0x00000000... (100 %)
Wrote 20832 bytes (13345 compressed) at 0x00000000 in 0.4 seconds (effective 429.8 kbit/s)...
Hash of data verified.
Compressed 3072 bytes to 119...
Writing at 0x00008000... (100 %)
Wrote 3072 bytes (119 compressed) at 0x00008000 in 0.0 seconds (effective 1528.7 kbit/s)...
Hash of data verified.
Compressed 1050096 bytes to 650830...
Writing at 0x00010000... (2 %)
Writing at 0x0001d5c4... (5 %)
Writing at 0x00029f81... (7 %)
Writing at 0x0002f2ae... (10 %)
Writing at 0x00037438... (12 %)
Writing at 0x000421b9... (15 %)
Writing at 0x000484c6... (17 %)
Writing at 0x0004e8c7... (20 %)
Writing at 0x00054852... (22 %)
Writing at 0x0005a2c7... (25 %)
Writing at 0x0005f0ff... (27 %)
Writing at 0x000645f1... (30 %)
Writing at 0x0006ab76... (32 %)
Writing at 0x00070e00... (35 %)
Writing at 0x00076717... (37 %)
Writing at 0x0007c447... (40 %)
Writing at 0x0008230d... (42 %)
Writing at 0x00087efa... (45 %)
Writing at 0x0008e751... (47 %)
Writing at 0x000948a2... (50 %)
Writing at 0x0009a54d... (52 %)
Writing at 0x0009fefc... (55 %)
Writing at 0x000a4f3d... (57 %)
Writing at 0x000aa6b3... (60 %)
Writing at 0x000afe14... (62 %)
Writing at 0x000b5315... (65 %)
Writing at 0x000ba754... (67 %)
Writing at 0x000bfe1b... (70 %)
Writing at 0x000c6751... (72 %)
Writing at 0x000cc059... (75 %)
Writing at 0x000d1d8e... (77 %)
Writing at 0x000d7783... (80 %)
Writing at 0x000dcdd6... (82 %)
Writing at 0x000e5976... (85 %)
Writing at 0x000eb846... (87 %)
Writing at 0x000f20b3... (90 %)
Writing at 0x000f8662... (92 %)
Writing at 0x00100197... (95 %)
Writing at 0x00106ade... (97 %)
Writing at 0x0010bf17... (100 %)
Wrote 1050096 bytes (650830 compressed) at 0x00010000 in 15.0 seconds (effective 559.5 kbit/s)...
Hash of data verified.

Leaving...
Hard resetting via RTS pin...

=========================================
Flash completed successfully!
=========================================
