=========================================
Flashing RC Tank Demo - REMOTE Role to COM24
=========================================
Bootloader:      E:\10__AIProject\7_AI陪伴机器人\CODE\examples\rc_tank_demo\firmware_backup\bootloader_REMOTE.bin
Partition Table: E:\10__AIProject\7_AI陪伴机器人\CODE\examples\rc_tank_demo\firmware_backup\partition-table_REMOTE.bin
Application:     E:\10__AIProject\7_AI陪伴机器人\CODE\examples\rc_tank_demo\firmware_backup\rc_tank_demo_REMOTE.bin

Erasing flash...
esptool.py v4.12.dev2
Serial port COM24
Connecting....
Chip is ESP32-S3 (QFN56) (revision v0.2)
Features: WiFi, BLE
Crystal is 40MHz
MAC: 44:1b:f6:f3:ae:28
Uploading stub...
Running stub...
Stub running...
Erasing flash (this may take a while)...
Chip erase completed successfully in 1.2 seconds.
Hard resetting via RTS pin...

Programming flash...
esptool.py v4.12.dev2
Serial port COM24
Connecting....
Chip is ESP32-S3 (QFN56) (revision v0.2)
Features: WiFi, BLE
Crystal is 40MHz
MAC: 44:1b:f6:f3:ae:28
Uploading stub...
Running stub...
Stub running...
Changing baud rate to 460800
Changed.
Configuring flash size...
Flash will be erased from 0x00000000 to 0x00005fff...
Flash will be erased from 0x00008000 to 0x00008fff...
Flash will be erased from 0x00010000 to 0x00121fff...
SHA digest in image updated
Compressed 20832 bytes to 13347...
Writing at 0x00000000... (100 %)
Wrote 20832 bytes (13347 compressed) at 0x00000000 in 0.4 seconds (effective 440.5 kbit/s)...
Hash of data verified.
Compressed 3072 bytes to 119...
Writing at 0x00008000... (100 %)
Wrote 3072 bytes (119 compressed) at 0x00008000 in 0.0 seconds (effective 1499.0 kbit/s)...
Hash of data verified.
Compressed 1122032 bytes to 694237...
Writing at 0x00010000... (2 %)
Writing at 0x0001d090... (4 %)
Writing at 0x00029489... (6 %)
Writing at 0x0002e7dd... (9 %)
Writing at 0x00036e5f... (11 %)
Writing at 0x00041c35... (13 %)
Writing at 0x00047e63... (16 %)
Writing at 0x0004e174... (18 %)
Writing at 0x00058082... (20 %)
Writing at 0x0005de51... (23 %)
Writing at 0x00062e87... (25 %)
Writing at 0x00067d36... (27 %)
Writing at 0x0006d1e0... (30 %)
Writing at 0x0007228c... (32 %)
Writing at 0x0007717e... (34 %)
Writing at 0x0007d9d2... (37 %)
Writing at 0x00083bed... (39 %)
Writing at 0x00089533... (41 %)
Writing at 0x0008f23e... (44 %)
Writing at 0x00094fa5... (46 %)
Writing at 0x0009ab9a... (48 %)
Writing at 0x000a1648... (51 %)
Writing at 0x000a7529... (53 %)
Writing at 0x000ad342... (55 %)
Writing at 0x000b242b... (58 %)
Writing at 0x000b7623... (60 %)
Writing at 0x000bcfd1... (62 %)
Writing at 0x000c2517... (65 %)
Writing at 0x000c79a6... (67 %)
Writing at 0x000ccf49... (69 %)
Writing at 0x000d2b8d... (72 %)
Writing at 0x000d8f5e... (74 %)
Writing at 0x000de9b8... (76 %)
Writing at 0x000e471d... (79 %)
Writing at 0x000ea007... (81 %)
Writing at 0x000ef7ec... (83 %)
Writing at 0x000f802a... (86 %)
Writing at 0x000fe149... (88 %)
Writing at 0x00104611... (90 %)
Writing at 0x0010c01b... (93 %)
Writing at 0x001139c8... (95 %)
Writing at 0x0011a4bd... (97 %)
Writing at 0x0011f4b7... (100 %)
Wrote 1122032 bytes (694237 compressed) at 0x00010000 in 15.6 seconds (effective 576.5 kbit/s)...
Hash of data verified.

Leaving...
Hard resetting via RTS pin...

=========================================
Flash completed successfully!
=========================================
