=========================================
Flashing RC Tank Demo - TANK Role to COM7
=========================================
Bootloader:      E:\10__AIProject\7_AI陪伴机器人\CODE\examples\rc_tank_demo\firmware_backup\bootloader_TANK.bin
Partition Table: E:\10__AIProject\7_AI陪伴机器人\CODE\examples\rc_tank_demo\firmware_backup\partition-table_TANK.bin
Application:     E:\10__AIProject\7_AI陪伴机器人\CODE\examples\rc_tank_demo\firmware_backup\rc_tank_demo_TANK.bin

Erasing flash...
esptool.py v4.12.dev2
Serial port COM7
Connecting....
Chip is ESP32-S3 (QFN56) (revision v0.2)
Features: WiFi, BLE
Crystal is 40MHz
MAC: 44:1b:f6:f3:ae:78
Uploading stub...
Running stub...
Stub running...
Erasing flash (this may take a while)...
Chip erase completed successfully in 1.4 seconds.
Hard resetting via RTS pin...

Programming flash...
esptool.py v4.12.dev2
Serial port COM7
Connecting....
Chip is ESP32-S3 (QFN56) (revision v0.2)
Features: WiFi, BLE
Crystal is 40MHz
MAC: 44:1b:f6:f3:ae:78
Uploading stub...
Running stub...
Stub running...
Changing baud rate to 460800
Changed.
Configuring flash size...
Flash will be erased from 0x00000000 to 0x00005fff...
Flash will be erased from 0x00008000 to 0x00008fff...
Flash will be erased from 0x00010000 to 0x00121fff...
SHA digest in image updated
Compressed 20832 bytes to 13347...
Writing at 0x00000000... (100 %)
Wrote 20832 bytes (13347 compressed) at 0x00000000 in 0.4 seconds (effective 431.7 kbit/s)...
Hash of data verified.
Compressed 3072 bytes to 119...
Writing at 0x00008000... (100 %)
Wrote 3072 bytes (119 compressed) at 0x00008000 in 0.0 seconds (effective 1454.9 kbit/s)...
Hash of data verified.
Compressed 1121360 bytes to 676116...
Writing at 0x00010000... (2 %)
Writing at 0x0001d650... (4 %)
Writing at 0x0002a1a2... (7 %)
Writing at 0x000301f1... (9 %)
Writing at 0x00037c05... (11 %)
Writing at 0x000421cd... (14 %)
Writing at 0x0004847a... (16 %)
Writing at 0x0004e815... (19 %)
Writing at 0x00055317... (21 %)
Writing at 0x0005e844... (23 %)
Writing at 0x000645fc... (26 %)
Writing at 0x00069409... (28 %)
Writing at 0x0006e878... (30 %)
Writing at 0x000743f1... (33 %)
Writing at 0x0007ade9... (35 %)
Writing at 0x0008091e... (38 %)
Writing at 0x000864e4... (40 %)
Writing at 0x0008c117... (42 %)
Writing at 0x00091f08... (45 %)
Writing at 0x00097f9c... (47 %)
Writing at 0x0009e8d6... (50 %)
Writing at 0x000a46b0... (52 %)
Writing at 0x000aa18b... (54 %)
Writing at 0x000af2fc... (57 %)
Writing at 0x000b48cf... (59 %)
Writing at 0x000ba0fb... (61 %)
Writing at 0x000bf58c... (64 %)
Writing at 0x000c4928... (66 %)
Writing at 0x000c9f92... (69 %)
Writing at 0x000d0779... (71 %)
Writing at 0x000d607a... (73 %)
Writing at 0x000dbe60... (76 %)
Writing at 0x000e18c9... (78 %)
Writing at 0x000e7016... (80 %)
Writing at 0x000efcb4... (83 %)
Writing at 0x000f5b87... (85 %)
Writing at 0x000fbb9e... (88 %)
Writing at 0x001033b4... (90 %)
Writing at 0x0010aea3... (92 %)
Writing at 0x001140e8... (95 %)
Writing at 0x0011aa08... (97 %)
Writing at 0x0011fc29... (100 %)
Wrote 1121360 bytes (676116 compressed) at 0x00010000 in 15.6 seconds (effective 575.9 kbit/s)...
Hash of data verified.

Leaving...
Hard resetting via RTS pin...

=========================================
Flash completed successfully!
=========================================
