=========================================
Flashing RC Tank Demo - REMOTE Role to COM24
=========================================
Bootloader:      E:\10__AIProject\7_AI陪伴机器人\CODE\examples\rc_tank_demo\firmware_backup\bootloader_REMOTE.bin
Partition Table: E:\10__AIProject\7_AI陪伴机器人\CODE\examples\rc_tank_demo\firmware_backup\partition-table_REMOTE.bin
Application:     E:\10__AIProject\7_AI陪伴机器人\CODE\examples\rc_tank_demo\firmware_backup\rc_tank_demo_REMOTE.bin

Erasing flash...
esptool.py v4.12.dev2
Serial port COM24
Connecting....
Chip is ESP32-S3 (QFN56) (revision v0.2)
Features: WiFi, BLE
Crystal is 40MHz
MAC: 44:1b:f6:f3:ae:28
Uploading stub...
Running stub...
Stub running...
Erasing flash (this may take a while)...
Chip erase completed successfully in 1.2 seconds.
Hard resetting via RTS pin...

Programming flash...
esptool.py v4.12.dev2
Serial port COM24
Connecting....
Chip is ESP32-S3 (QFN56) (revision v0.2)
Features: WiFi, BLE
Crystal is 40MHz
MAC: 44:1b:f6:f3:ae:28
Uploading stub...
Running stub...
Stub running...
Changing baud rate to 460800
Changed.
Configuring flash size...
Flash will be erased from 0x00000000 to 0x00005fff...
Flash will be erased from 0x00008000 to 0x00008fff...
Flash will be erased from 0x00010000 to 0x00122fff...
SHA digest in image updated
Compressed 20832 bytes to 13346...
Writing at 0x00000000... (100 %)
Wrote 20832 bytes (13346 compressed) at 0x00000000 in 0.4 seconds (effective 441.3 kbit/s)...
Hash of data verified.
Compressed 3072 bytes to 119...
Writing at 0x00008000... (100 %)
Wrote 3072 bytes (119 compressed) at 0x00008000 in 0.0 seconds (effective 1558.9 kbit/s)...
Hash of data verified.
Compressed 1124160 bytes to 695514...
Writing at 0x00010000... (2 %)
Writing at 0x0001cf36... (4 %)
Writing at 0x0002955d... (6 %)
Writing at 0x0002e90c... (9 %)
Writing at 0x00036dea... (11 %)
Writing at 0x00041d44... (13 %)
Writing at 0x00047f2b... (16 %)
Writing at 0x0004e2ba... (18 %)
Writing at 0x00057e18... (20 %)
Writing at 0x0005e02f... (23 %)
Writing at 0x0006305a... (25 %)
Writing at 0x00067ee5... (27 %)
Writing at 0x0006d3db... (30 %)
Writing at 0x000723e4... (32 %)
Writing at 0x00077364... (34 %)
Writing at 0x0007dabe... (37 %)
Writing at 0x00083d61... (39 %)
Writing at 0x00089704... (41 %)
Writing at 0x0008f3e0... (44 %)
Writing at 0x00095136... (46 %)
Writing at 0x0009acca... (48 %)
Writing at 0x000a17a9... (51 %)
Writing at 0x000a76a8... (53 %)
Writing at 0x000ad52a... (55 %)
Writing at 0x000b260f... (58 %)
Writing at 0x000b7701... (60 %)
Writing at 0x000bd1aa... (62 %)
Writing at 0x000c267c... (65 %)
Writing at 0x000c7b92... (67 %)
Writing at 0x000cd13d... (69 %)
Writing at 0x000d2cf4... (72 %)
Writing at 0x000d90b6... (74 %)
Writing at 0x000dea95... (76 %)
Writing at 0x000e4874... (79 %)
Writing at 0x000ea1cb... (81 %)
Writing at 0x000ef8a6... (83 %)
Writing at 0x000f8281... (86 %)
Writing at 0x000fe209... (88 %)
Writing at 0x00104733... (90 %)
Writing at 0x0010c19e... (93 %)
Writing at 0x00113b93... (95 %)
Writing at 0x0011a5ea... (97 %)
Writing at 0x0011f719... (100 %)
Wrote 1124160 bytes (695514 compressed) at 0x00010000 in 15.6 seconds (effective 576.0 kbit/s)...
Hash of data verified.

Leaving...
Hard resetting via RTS pin...

=========================================
Flash completed successfully!
=========================================
