=========================================
Flashing RC Tank Demo - TANK Role to COM7
=========================================
Bootloader:      E:\10__AIProject\7_AI陪伴机器人\CODE\examples\rc_tank_demo\firmware_backup\bootloader_TANK.bin
Partition Table: E:\10__AIProject\7_AI陪伴机器人\CODE\examples\rc_tank_demo\firmware_backup\partition-table_TANK.bin
Application:     E:\10__AIProject\7_AI陪伴机器人\CODE\examples\rc_tank_demo\firmware_backup\rc_tank_demo_TANK.bin

Erasing flash...
esptool.py v4.12.dev2
Serial port COM7
Connecting....
Chip is ESP32-S3 (QFN56) (revision v0.2)
Features: WiFi, BLE
Crystal is 40MHz
MAC: 44:1b:f6:f3:ae:24
Uploading stub...
Running stub...
Stub running...
Erasing flash (this may take a while)...
Chip erase completed successfully in 1.3 seconds.
Hard resetting via RTS pin...

Programming flash...
esptool.py v4.12.dev2
Serial port COM7
Connecting....
Chip is ESP32-S3 (QFN56) (revision v0.2)
Features: WiFi, BLE
Crystal is 40MHz
MAC: 44:1b:f6:f3:ae:24
Uploading stub...
Running stub...
Stub running...
Changing baud rate to 460800
Changed.
Configuring flash size...
Flash will be erased from 0x00000000 to 0x00005fff...
Flash will be erased from 0x00008000 to 0x00008fff...
Flash will be erased from 0x00010000 to 0x00111fff...
SHA digest in image updated
Compressed 20832 bytes to 13344...
Writing at 0x00000000... (100 %)
Wrote 20832 bytes (13344 compressed) at 0x00000000 in 0.4 seconds (effective 431.4 kbit/s)...
Hash of data verified.
Compressed 3072 bytes to 119...
Writing at 0x00008000... (100 %)
Wrote 3072 bytes (119 compressed) at 0x00008000 in 0.0 seconds (effective 1674.6 kbit/s)...
Hash of data verified.
Compressed 1054816 bytes to 653507...
Writing at 0x00010000... (2 %)
Writing at 0x0001d68a... (5 %)
Writing at 0x00029fd8... (7 %)
Writing at 0x0002f6eb... (10 %)
Writing at 0x00037491... (12 %)
Writing at 0x000422d6... (15 %)
Writing at 0x00048613... (17 %)
Writing at 0x0004e965... (20 %)
Writing at 0x000548c5... (22 %)
Writing at 0x0005a5e3... (25 %)
Writing at 0x0005f464... (27 %)
Writing at 0x000648bc... (30 %)
Writing at 0x0006a8a3... (32 %)
Writing at 0x00070e99... (35 %)
Writing at 0x000768b7... (37 %)
Writing at 0x0007c587... (40 %)
Writing at 0x0008231c... (42 %)
Writing at 0x00087f75... (45 %)
Writing at 0x0008e29e... (47 %)
Writing at 0x00094a7c... (50 %)
Writing at 0x0009a665... (52 %)
Writing at 0x000a018a... (55 %)
Writing at 0x000a5235... (57 %)
Writing at 0x000aa923... (60 %)
Writing at 0x000b00c3... (62 %)
Writing at 0x000b5559... (65 %)
Writing at 0x000ba914... (67 %)
Writing at 0x000bff2a... (70 %)
Writing at 0x000c6956... (72 %)
Writing at 0x000cc23c... (75 %)
Writing at 0x000d1fdd... (77 %)
Writing at 0x000d78c7... (80 %)
Writing at 0x000dd024... (82 %)
Writing at 0x000e5bfd... (85 %)
Writing at 0x000eba83... (87 %)
Writing at 0x000f1f27... (90 %)
Writing at 0x000f8a1d... (92 %)
Writing at 0x001003c5... (95 %)
Writing at 0x001067b9... (97 %)
Writing at 0x0010c458... (100 %)
Wrote 1054816 bytes (653507 compressed) at 0x00010000 in 15.1 seconds (effective 559.9 kbit/s)...
Hash of data verified.

Leaving...
Hard resetting via RTS pin...

=========================================
Flash completed successfully!
=========================================
