=========================================
Flashing RC Tank Demo - TANK Role to COM7
=========================================
Bootloader:      E:\10__AIProject\7_AI陪伴机器人\CODE\examples\rc_tank_demo\firmware_backup\bootloader_TANK.bin
Partition Table: E:\10__AIProject\7_AI陪伴机器人\CODE\examples\rc_tank_demo\firmware_backup\partition-table_TANK.bin
Application:     E:\10__AIProject\7_AI陪伴机器人\CODE\examples\rc_tank_demo\firmware_backup\rc_tank_demo_TANK.bin

Erasing flash...
esptool.py v4.12.dev2
Serial port COM7
Connecting....
Chip is ESP32-S3 (QFN56) (revision v0.2)
Features: WiFi, BLE
Crystal is 40MHz
MAC: 44:1b:f6:f3:ae:78
Uploading stub...
Running stub...
Stub running...
Erasing flash (this may take a while)...
Chip erase completed successfully in 1.4 seconds.
Hard resetting via RTS pin...

Programming flash...
esptool.py v4.12.dev2
Serial port COM7
Connecting....
Chip is ESP32-S3 (QFN56) (revision v0.2)
Features: WiFi, BLE
Crystal is 40MHz
MAC: 44:1b:f6:f3:ae:78
Uploading stub...
Running stub...
Stub running...
Changing baud rate to 460800
Changed.
Configuring flash size...
Flash will be erased from 0x00000000 to 0x00005fff...
Flash will be erased from 0x00008000 to 0x00008fff...
Flash will be erased from 0x00010000 to 0x00121fff...
SHA digest in image updated
Compressed 20832 bytes to 13345...
Writing at 0x00000000... (100 %)
Wrote 20832 bytes (13345 compressed) at 0x00000000 in 0.4 seconds (effective 432.8 kbit/s)...
Hash of data verified.
Compressed 3072 bytes to 119...
Writing at 0x00008000... (100 %)
Wrote 3072 bytes (119 compressed) at 0x00008000 in 0.0 seconds (effective 1525.3 kbit/s)...
Hash of data verified.
Compressed 1122000 bytes to 676511...
Writing at 0x00010000... (2 %)
Writing at 0x0001d640... (4 %)
Writing at 0x0002a224... (7 %)
Writing at 0x000302a1... (9 %)
Writing at 0x00037c7c... (11 %)
Writing at 0x0004218a... (14 %)
Writing at 0x0004844d... (16 %)
Writing at 0x0004e766... (19 %)
Writing at 0x000550a2... (21 %)
Writing at 0x0005e790... (23 %)
Writing at 0x000645d5... (26 %)
Writing at 0x000693c1... (28 %)
Writing at 0x0006e840... (30 %)
Writing at 0x00074343... (33 %)
Writing at 0x0007ad1e... (35 %)
Writing at 0x00080849... (38 %)
Writing at 0x000863fc... (40 %)
Writing at 0x0008c08c... (42 %)
Writing at 0x00091dee... (45 %)
Writing at 0x00097ed8... (47 %)
Writing at 0x0009e803... (50 %)
Writing at 0x000a45c5... (52 %)
Writing at 0x000aa0d4... (54 %)
Writing at 0x000af281... (57 %)
Writing at 0x000b4844... (59 %)
Writing at 0x000ba07c... (61 %)
Writing at 0x000bf506... (64 %)
Writing at 0x000c4886... (66 %)
Writing at 0x000c9ed6... (69 %)
Writing at 0x000d06b1... (71 %)
Writing at 0x000d5fc0... (73 %)
Writing at 0x000dbd8e... (76 %)
Writing at 0x000e1861... (78 %)
Writing at 0x000e6e5d... (80 %)
Writing at 0x000ef75a... (83 %)
Writing at 0x000f5af5... (85 %)
Writing at 0x000fbad4... (88 %)
Writing at 0x00103405... (90 %)
Writing at 0x0010af1f... (92 %)
Writing at 0x00114146... (95 %)
Writing at 0x0011aac9... (97 %)
Writing at 0x0011fc28... (100 %)
Wrote 1122000 bytes (676511 compressed) at 0x00010000 in 15.6 seconds (effective 577.0 kbit/s)...
Hash of data verified.

Leaving...
Hard resetting via RTS pin...

=========================================
Flash completed successfully!
=========================================
