=========================================
Flashing RC Tank Demo - TANK Role to COM7
=========================================
Bootloader:      E:\10__AIProject\7_AI陪伴机器人\CODE\examples\rc_tank_demo\firmware_backup\bootloader_TANK.bin
Partition Table: E:\10__AIProject\7_AI陪伴机器人\CODE\examples\rc_tank_demo\firmware_backup\partition-table_TANK.bin
Application:     E:\10__AIProject\7_AI陪伴机器人\CODE\examples\rc_tank_demo\firmware_backup\rc_tank_demo_TANK.bin

Erasing flash...
esptool.py v4.12.dev2
Serial port COM7
Connecting.........
Chip is ESP32-S3 (QFN56) (revision v0.2)
Features: WiFi, BLE
Crystal is 40MHz
MAC: 44:1b:f6:f3:ae:78
Uploading stub...
Running stub...
Stub running...
Erasing flash (this may take a while)...
Chip erase completed successfully in 1.1 seconds.
Hard resetting via RTS pin...

Programming flash...
esptool.py v4.12.dev2
Serial port COM7
Connecting.........
Chip is ESP32-S3 (QFN56) (revision v0.2)
Features: WiFi, BLE
Crystal is 40MHz
MAC: 44:1b:f6:f3:ae:78
Uploading stub...
Running stub...
Stub running...
Changing baud rate to 460800
Changed.
Configuring flash size...
Flash will be erased from 0x00000000 to 0x00005fff...
Flash will be erased from 0x00008000 to 0x00008fff...
Flash will be erased from 0x00010000 to 0x000f1fff...
SHA digest in image updated
Compressed 20832 bytes to 13345...
Writing at 0x00000000... (100 %)
Wrote 20832 bytes (13345 compressed) at 0x00000000 in 0.4 seconds (effective 431.3 kbit/s)...
Hash of data verified.
Compressed 3072 bytes to 119...
Writing at 0x00008000... (100 %)
Wrote 3072 bytes (119 compressed) at 0x00008000 in 0.0 seconds (effective 1606.3 kbit/s)...
Hash of data verified.
Compressed 922992 bytes to 561107...
Writing at 0x00010000... (2 %)
Writing at 0x0001d3c0... (5 %)
Writing at 0x000293fb... (8 %)
Writing at 0x0003297e... (11 %)
Writing at 0x0003caa6... (14 %)
Writing at 0x00042955... (17 %)
Writing at 0x00048d2f... (20 %)
Writing at 0x0004f16c... (22 %)
Writing at 0x00054f88... (25 %)
Writing at 0x0005bd5b... (28 %)
Writing at 0x00061d6d... (31 %)
Writing at 0x0006763f... (34 %)
Writing at 0x0006d318... (37 %)
Writing at 0x00073133... (40 %)
Writing at 0x00078e25... (42 %)
Writing at 0x0007ef68... (45 %)
Writing at 0x00084b6a... (48 %)
Writing at 0x0008a620... (51 %)
Writing at 0x0008f720... (54 %)
Writing at 0x00094db8... (57 %)
Writing at 0x0009a593... (60 %)
Writing at 0x0009fafc... (62 %)
Writing at 0x000a4e9d... (65 %)
Writing at 0x000aa488... (68 %)
Writing at 0x000b0840... (71 %)
Writing at 0x000b619b... (74 %)
Writing at 0x000bbed7... (77 %)
Writing at 0x000c193a... (80 %)
Writing at 0x000c6e4c... (82 %)
Writing at 0x000cfa79... (85 %)
Writing at 0x000d5ce6... (88 %)
Writing at 0x000dc2fd... (91 %)
Writing at 0x000e3c69... (94 %)
Writing at 0x000ea4ab... (97 %)
Writing at 0x000ef75e... (100 %)
Wrote 922992 bytes (561107 compressed) at 0x00010000 in 12.9 seconds (effective 570.7 kbit/s)...
Hash of data verified.

Leaving...
Hard resetting via RTS pin...

=========================================
Flash completed successfully!
=========================================
