esptool.py v4.12.dev2
Serial port COM7
Connecting.........
Chip is ESP32-S3 (QFN56) (revision v0.2)
Features: WiFi, BLE
Crystal is 40MHz
MAC: 44:1b:f6:f3:ae:78
Uploading stub...
Running stub...
Stub running...
Erasing flash (this may take a while)...
Chip erase completed successfully in 1.0 seconds.
Hard resetting via RTS pin...
esptool.py v4.12.dev2
Serial port COM7
Connecting.........
Chip is ESP32-S3 (QFN56) (revision v0.2)
Features: WiFi, BLE
Crystal is 40MHz
MAC: 44:1b:f6:f3:ae:78
Uploading stub...
Running stub...
Stub running...
Changing baud rate to 460800
Changed.
Configuring flash size...
Flash will be erased from 0x00000000 to 0x00005fff...
Flash will be erased from 0x00008000 to 0x00008fff...
Flash will be erased from 0x00010000 to 0x000f1fff...
SHA digest in image updated
Compressed 20832 bytes to 13348...
Writing at 0x00000000... (100 %)
Wrote 20832 bytes (13348 compressed) at 0x00000000 in 0.4 seconds (effective 432.5 kbit/s)...
Hash of data verified.
Compressed 3072 bytes to 119...
Writing at 0x00008000... (100 %)
Wrote 3072 bytes (119 compressed) at 0x00008000 in 0.0 seconds (effective 1537.4 kbit/s)...
Hash of data verified.
Compressed 923008 bytes to 561102...
Writing at 0x00010000... (2 %)
Writing at 0x0001d3c2... (5 %)
Writing at 0x000293f1... (8 %)
Writing at 0x00032963... (11 %)
Writing at 0x0003ca89... (14 %)
Writing at 0x0004295d... (17 %)
Writing at 0x00048d36... (20 %)
Writing at 0x0004f174... (22 %)
Writing at 0x00054f8e... (25 %)
Writing at 0x0005bd67... (28 %)
Writing at 0x00061d80... (31 %)
Writing at 0x00067653... (34 %)
Writing at 0x0006d329... (37 %)
Writing at 0x00073140... (40 %)
Writing at 0x00078e44... (42 %)
Writing at 0x0007ef85... (45 %)
Writing at 0x00084b8e... (48 %)
Writing at 0x0008a641... (51 %)
Writing at 0x0008f745... (54 %)
Writing at 0x00094ddb... (57 %)
Writing at 0x0009a5b2... (60 %)
Writing at 0x0009fb1e... (62 %)
Writing at 0x000a4ebf... (65 %)
Writing at 0x000aa4ab... (68 %)
Writing at 0x000b0865... (71 %)
Writing at 0x000b61c8... (74 %)
Writing at 0x000bbef7... (77 %)
Writing at 0x000c195f... (80 %)
Writing at 0x000c6e6b... (82 %)
Writing at 0x000cfa9a... (85 %)
Writing at 0x000d5d0e... (88 %)
Writing at 0x000dc31a... (91 %)
Writing at 0x000e3c8a... (94 %)
Writing at 0x000ea4c6... (97 %)
Writing at 0x000ef783... (100 %)
Wrote 923008 bytes (561102 compressed) at 0x00010000 in 12.9 seconds (effective 570.6 kbit/s)...
Hash of data verified.

Leaving...
Hard resetting via RTS pin...
