86) boot: End of partition table
I (2990) esp_image: segment 0: paddr=00010020 vaddr=3c0a0020 size=24890h (149648) map
I (3089) esp_image: segment 1: paddr=000348b8 vaddr=3fca0c00 size=05560h ( 21856) load
I (3103) esp_image: segment 2: paddr=00039e20 vaddr=40374000 size=061f8h ( 25080) load
I (3119) esp_image: segment 3: paddr=00040020 vaddr=42000020 size=9aba8h (633768) map
I (3506) esp_image: segment 4: paddr=000dabd0 vaddr=4037a1f8 size=16964h ( 92516) load
I (3567) esp_image: segment 5: paddr=000f153c vaddr=50000000 size=00020h (    32) load
I (3578) boot: Loaded app from partition at offset 0x10000
I (3579) boot: Disabling RNG early entropy source...
I (3591) esp_psram: Found 8MB PSRAM device
I (3591) esp_psram: Speed: 80MHz
I (3591) cpu_start: Multicore app
I (4509) esp_psram: SPI SRAM memory test OK
I (4517) cpu_start: GPIO 44 and 43 are used as console UART I/O pins
I (4519) cpu_start: Pro cpu start user code
I (4519) cpu_start: cpu freq: 240000000 Hz
I (4520) app_init: Application information:
I (4524) app_init: Project name:     rc_tank_demo
I (4528) app_init: App version:      1
I (4532) app_init: Compile time:     Aug 25 2026 16:15:28
I (4537) app_init: ELF file SHA256:  58fee1370...
I (4541) app_init: ESP-IDF:          v5.5.4
I (4545) efuse_init: Min chip rev:     v0.0
I (4549) efuse_init: Max chip rev:     v0.99 
I (4553) efuse_init: Chip rev:         v0.2
I (4557) heap_init: Initializing. RAM available for dynamic allocation:
I (4564) heap_init: At 3FCAA248 len 0003F4C8 (253 KiB): RAM
I (4569) heap_init: At 3FCE9710 len 00005724 (21 KiB): RAM
I (4574) heap_init: At 3FCF0000 len 00008000 (32 KiB): DRAM
I (4579) heap_init: At 600FE000 len 00001FE8 (7 KiB): RTCRAM
I (4585) esp_psram: Adding pool of 8192K of PSRAM memory to heap allocator
I (4593) spi_flash: detected chip: generic
I (4595) spi_flash: flash io: dio
I (4599) sleep_gpio: Configure to isolate all GPIO pins in sleep state
I (4605) sleep_gpio: Enable automatic switching of GPIO sleep configuration
I (4612) main_task: Started on CPU0
I (4636) esp_psram: Reserving pool of 64K of internal memory for DMA/internal allocations
I (4637) main_task: Calling app_main()
I (4653) rc_tank: === RC Tank Demo (EX-035) Role: TANK ===
I (4653) rc_tank: Startup delay 10 s (open serial monitor now)...
I (4653) rc_tank:   starting in 10 s
I (5656) rc_tank:   starting in 9 s
I (6656) rc_tank:   starting in 8 s
I (7656) rc_tank:   starting in 7 s
I (8656) rc_tank:   starting in 6 s
I (9656) rc_tank:   starting in 5 s
I (10656) rc_tank:   starting in 4 s
I (11656) rc_tank:   starting in 3 s
I (12656) rc_tank:   starting in 2 s
I (13656) rc_tank:   starting in 1 s
I (14656) rc_tank: Starting Tank role (P1: network, P2: control, P3: video)
I (14656) board_laiwfs300: init board support package
I (14656) board_laiwfs300: init capability registry
I (14661) board_laiwfs300: init I2C bus: SDA=GPIO48 SCL=GPIO47
I (14667) bus_i2c: I2C0 initialized: SDA=GPIO48 SCL=GPIO47 speed=100000Hz
I (14673) board_laiwfs300: --- I2C bus scan (0x08-0x77) ---
I (14680) board_laiwfs300:   I2C device ACK at 0x15
I (14683) board_laiwfs300:   I2C device ACK at 0x18
I (14688) board_laiwfs300:   I2C device ACK at 0x21
I (14692) board_laiwfs300:   I2C device ACK at 0x22
I (14700) board_laiwfs300:   I2C device ACK at 0x40
I (14703) board_laiwfs300:   I2C device ACK at 0x51
I (14709) board_laiwfs300:   I2C device ACK at 0x68
I (14712) board_laiwfs300: --- I2C scan done: 7 device(s) found ---
W (14716) board_laiwfs300: TPT29555A (IOEX) NOT found at 0x20 (NACK)
I (14722) board_laiwfs300: ES8311 (Codec) found at 0x18
I (14727) board_laiwfs300: ES7210 (ADC) found at 0x40
I (14732) board_laiwfs300: AIP8563 (RTC) found at 0x51
I (14737) board_laiwfs300: BMI260 (IMU @0x68) found at 0x68
W (14742) board_laiwfs300: BMI260 (IMU @0x69) NOT found at 0x69 (NACK)
I (14748) board_laiwfs300: SP0A39 (Camera) found at 0x21
I (14755) board_laiwfs300: ES8311 chip ID: 0x83 0x11
I (14759) board_laiwfs300: ES7210 chip ID: 0x72
I (14764) board_laiwfs300: AIP8563 RTC time: 04:03:57 (BCD raw)
I (14768) board_laiwfs300: BMI260 chip ID: 0x27 (expect 0x27)
I (14773) board_laiwfs300: init SPI bus manager
I (14779) board_laiwfs300: init ADC service
I (14782) board_adc: ADC1 oneshot initialized
I (14786) board_laiwfs300: init board power service
I (14791) board_laiwfs300: ADC D0_DETECT (GPIO1): raw=2023 (~1531 mV)
I (14796) board_laiwfs300: ADC BAT_ADC (GPIO7): raw=1619 (~1225 mV)
I (14802) board_laiwfs300: ADC SW_ADC (GPIO8): raw=4095 (~3100 mV)
I (14808) board_laiwfs300: init IO expander: TPT29555A addr=0x22
I (14817) io_expander: TPT29555A initialized at 0x22
I (14819) board_laiwfs300: IO expander initialized OK
I (14823) board_laiwfs300: init module detect
I (14828) board_laiwfs300: register detection rules
I (14832) board_laiwfs300: register default capabilities
I (14837) board_laiwfs300: board init complete (ioex=OK)
I (14842) rc_tank: [STEP] Motor init starting...
I (14847) board_motor: motor input 1 -> GPIO5 / LEDC channel 0
I (14852) board_motor: motor input 2 -> GPIO4 / LEDC channel 1
I (14858) board_motor: motor input 3 -> GPIO37 / LEDC channel 2
I (14863) board_motor: motor input 4 -> GPIO45 / LEDC channel 3
I (14869) rc_control: Motor initialized
I (14872) rc_tank: [STEP] Motor init OK
I (14876) rc_tank: [STEP] Display init starting...
I (14881) rc_video: Initializing Tank display
I (14886) display_hal: init ST7789V3 LCD 240x320 SPI host=1
E (15031) spi: spi_bus_initialize(816): SPI bus already initialized.
I (15152) display_hal: ST7789V3 LCD initialized
I (15152) board_display: display mapped: MOSI=GPIO13 SCK=GPIO12 CS=GPIO10 DC=GPIO16 BL=GPIO17 LCD_RST=IOEX P1_5 pclk=20000000
I (15157) rc_video: Tank display task started (status screen)
I (15158) rc_video: Tank display initialized (status task owns LCD)
I (15168) rc_tank: [STEP] Display init OK
I (15172) rc_tank: [STEP] Camera init starting...
I (15176) rc_video: Initializing camera (SP0A39 640x480 VYUY)
I (15182) board_camera: initializing SP0A39 camera mode=0 640x480
I (15187) camera_hal: init SP0A39 DVP 640x480 (SCCB manual mode)
I (15193) camera_hal: configuring IOEX pins for camera RESET/PWDN
I (15200) camera_hal: PWDN=HIGH (power down)
I (15213) camera_hal: PWDN=LOW (release sensor)
I (15413) camera_hal: RESET=LOW (assert reset)
I (15433) camera_hal: RESET=HIGH (release reset)
I (16433) camera_hal: full I2C scan after camera power-up (diagnostic only)...
I (16435) camera_hal:   post-powerup ACK at 0x15
I (16435) camera_hal:   post-powerup ACK at 0x18
I (16438) camera_hal:   post-powerup ACK at 0x21
I (16442) camera_hal:   post-powerup ACK at 0x22
I (16450) camera_hal:   post-powerup ACK at 0x40
I (16452) camera_hal:   post-powerup ACK at 0x51
I (16458) camera_hal:   post-powerup ACK at 0x68
I (16461) camera_hal: DVP GPIO diagnostics (checking PCLK/VSYNC/HSYNC activity)...
I (16527) camera_hal: DVP diagnostics: PCLK_changes=0 VSYNC_changes=0 HSYNC_changes=0
W (16527) camera_hal: PCLK has no transitions - MCLK likely not reaching sensor or sensor not active
I (16532) camera_hal: using sensor address 0x21
I (16537) camera_hal: SP0A39 I2C device added at 0x21
I (16543) camera_hal: SP0A39 chip ID: 0x0A39
I (16665) camera_hal: SP0A39 register init done: VYUY 640x480 (359 regs)
I (16666) camera_hal: [CAM-PROBE] SP0A39 p0_31 stage=post_table value=0x00 expected=0x01
E (16669) camera_hal: camera_hal_verify_expected_output_p0_31(95): unexpected p0_31=0x00 at post_table
W (16678) camera_hal: [CAM-PROBE] output state differs after table; continuing: ESP_ERR_INVALID_RESPONSE
I (16707) camera_hal: [CAM-PROBE] SP0A39 p0_31 stage=post_delay value=0x01 expected=0x01
I (16708) camera_hal: camera HAL initialized (sensor ready, DVP capture not yet implemented)
I (16712) board_camera: camera ready
I (16720) camera_hal: SP0A39 output regs: P0:1c=0x00 P0:30=0x01 P0:31=0x01 P1:32=0x15 P1:34=0xeb P1:35=0x00 P1:36=0x10
I (16738) camera_hal: [DVP-START-SYNC] SP0A39 output=off P0:31 write=0x00 read=0x00 settle_ms=11
I (16865) rc_video:   3 DMA-capable PSRAM framebuffers allocated (600 KB each)
I (16867) dvp_ext: DVP Extended camera controller driver is initialized
I (16868) dvp_ext: [STABLE-DVP] assembly uses GDMA-EOF direct copy; dma=102400 half=51200 queue_data_events=suppressed eof_desc=probe
I (16878) rc_video: [STABLE-CAPTURE] staged DVP controller created dma=102400 half=51200
I (16886) rc_video: Camera initialized
I (16890) rc_tank: [STEP] Camera init OK
I (16893) rc_tank: [STEP] Network init starting...
I (16899) rc_net: Initializing as SoftAP (Tank)
I (16904) pp: pp rom version: e7ae62f
I (16906) net80211: net80211 rom version: e7ae62f
I (16912) wifi:wifi driver task: 3fce48b8, prio:23, stack:6656, core=0
I (16923) wifi:wifi firmware version: 0947e8b
I (16923) wifi:wifi certification version: v7.0
I (16925) wifi:config NVS flash: enabled
I (16928) wifi:config nano formatting: disabled
I (16933) wifi:Init data frame dynamic rx buffer num: 32
I (16938) wifi:Init static rx mgmt buffer num: 5
I (16942) wifi:Init management short buffer num: 32
I (16946) wifi:Init dynamic tx buffer num: 64
I (16951) wifi:Init static tx FG buffer num: 2
I (16955) wifi:Init static rx buffer size: 1600
I (16959) wifi:Init static rx buffer num: 10
I (16963) wifi:Init dynamic rx buffer num: 32
I (16968) wifi_init: rx ba win: 6
I (16970) wifi_init: accept mbox: 6
I (16973) wifi_init: tcpip mbox: 16
I (16976) wifi_init: udp mbox: 6
I (16979) wifi_init: tcp mbox: 6
I (16982) wifi_init: tcp tx win: 5760
I (16986) wifi_init: tcp rx win: 5760
I (16989) wifi_init: tcp mss: 1440
I (16992) wifi_init: WiFi IRAM OP enabled
I (16996) wifi_init: WiFi RX IRAM OP enabled
I (17001) rc_net: AP set_mode/config, SSID=RC_TANK_F3AE79 ch=1
I (17010) phy_init: phy_version 711,97bcf0a2,Aug 25 2025,19:04:10
I (17062) wifi:mode : softAP (44:1b:f6:f3:ae:79)
I (17066) wifi:Total power save buffer number: 32
I (17067) wifi:Init max length of beacon: 752/752
I (17068) wifi:Init max length of beacon: 752/752
I (17070) rc_net: SoftAP started, SSID: RC_TANK_F3AE79, Password: 12345678
I (17071) esp_netif_lwip: DHCP server started on interface WIFI_AP_DEF with IP: 192.168.4.1
I (17084) rc_tank: [STEP] Network init OK
I (17087) rc_tank: Tank SoftAP ready, waiting for remote...
I (17093) rc_control: Ctrl RX task started
I (17097) rc_control: Tank control started
I (17100) rc_tank: Tank running (video + control; audio disabled)
I (17106) rc_tank: app_main done, idle loop
I (23220) wifi:new:<1,1>, old:<1,1>, ap:<1,1>, sta:<255,255>, prof:1, snd_ch_cfg:0x0
I (23221) wifi:station: 44:1b:f6:f3:ae:40 join, AID=1, bgn, 40U
I (23250) rc_net: STA connected, MAC: 44:1b:f6:f3:ae:40
I (23280) esp_netif_lwip: DHCP server assigned IP to a client, IP is: 192.168.4.2
I (23281) rc_net: STA assigned IP: 192.168.4.2
I (23281) rc_tank: Network connected, peer: 192.168.4.2
I (23287) rc_net: Ctrl UDP socket bound to port 8001
I (23291) rc_net: Video UDP socket bound to port 8002
I (23298) rc_net: Audio TCP listening on port 8003
I (23300) rc_tank: Socket channels started
I (23304) rc_video: No local preview active; formal video handoff skipped
I (23348) camera_hal: [DVP-START-SYNC] SP0A39 output=on P0:31 write=0x01 read=0x01 settle_ms=34
I (23349) rc_video: [DVP-START-SYNC] Initial capture armed before sensor output release
I (23394) camera_hal: [CAM-PROBE] SP0A39 p0_31 stage=dvp_started value=0x01 expected=0x01
I (23397) rc_video: Tank video started (camera source)
I (23402) rc_video: Video TX task started (240x180, sensor-driven, Q=60)
I (23403) rc_video: TX theory: raw=614400 B/frame, encoded YUV=86400 B/frame, target10fps raw=0.86 MB/s
I (23412) rc_video: PSRAM TX buffers: subsample=86400B jpeg=43200B send=43208B free_psram=5592524 free_internal=59975
I (23422) rc_video: TX buffer caps: subsample=0x3c350120(psram=1) jpeg=0x3c3652a4(psram=1) send=0x3c36fea8(psram=1)
I (23470) rc_net: [CAM-PROBE] Video TX seq=0 jpeg_len=7617 crc32=0xe4e94519 chunks=7
W (23516) rc_net: Video UDP send failed: seq=0 chunk=4/7 bytes=1208 sent=-1 errno=12 attempts=4
W (23517) rc_video: Video send failed: ESP_FAIL
W (23611) rc_video: Video send failed: ESP_FAIL
W (23752) rc_video: Video send failed: ESP_FAIL
W (23834) rc_video: Video send failed: ESP_FAIL
W (23991) rc_video: Video send failed: ESP_FAIL
W (24087) rc_video: Video send failed: ESP_FAIL
W (24231) rc_video: Video send failed: ESP_FAIL
W (24283) rc_video: Video send failed: ESP_FAIL
I (24517) wifi:<ba-add>idx:2 (ifx:1, 44:1b:f6:f3:ae:40), tid:0, ssn:0, winSize:64
I (26795) rc_net: [CAM-PROBE] Video TX seq=30 jpeg_len=7641 crc32=0x42a88320 chunks=7
I (27586) rc_video: Sent 30 | cap_fps=8.8 send_fps=7.2 capture_size_errors=0 capture_identity_errors=0 | Avg(ms): wait=43.3 cache=1.5 subsample=23.3 encode=23.6 send=5.8 total=97.6 | JPEG=7638B
I (27586) rc_video: [VIDEO-TX] handoff cap=38 get=78 select_fail=0 finished=38 signal=38 acquire=38 acquire_fail=0 release_fail=0 backup=0/0
I (27586) rc_video: [STABLE-CAPTURE] pause=38/38 timeout=0 quiesce=38 resume=38 lifecycle_errors=0 repairs=38 staged_events=599 copies=576 fallback=0 errors=0
I (30119) rc_net: [CAM-PROBE] Video TX seq=60 jpeg_len=7644 crc32=0x37383c9a chunks=7
I (30896) rc_video: Sent 60 | cap_fps=9.1 send_fps=9.1 capture_size_errors=0 capture_identity_errors=0 | Avg(ms): wait=41.5 cache=1.5 subsample=23.5 encode=23.4 send=5.2 total=95.1 | JPEG=8477B
I (30903) rc_video: [VIDEO-TX] handoff cap=68 get=137 select_fail=0 finished=68 signal=68 acquire=68 acquire_fail=0 release_fail=0 backup=0/0
I (30914) rc_video: [STABLE-CAPTURE] pause=68/68 timeout=0 quiesce=68 resume=68 lifecycle_errors=0 repairs=68 staged_events=1049 copies=1008 fallback=0 errors=0
I (33500) rc_net: [CAM-PROBE] Video TX seq=90 jpeg_len=6864 crc32=0x85411ba7 chunks=6
I (34275) rc_video: Sent 90 | cap_fps=8.8 send_fps=8.8 capture_size_errors=0 capture_identity_errors=0 | Avg(ms): wait=43.9 cache=1.5 subsample=23.6 encode=23.6 send=5.0 total=97.5 | JPEG=7685B
I (34275) rc_video: [VIDEO-TX] handoff cap=98 get=198 select_fail=0 finished=98 signal=98 acquire=98 acquire_fail=0 release_fail=0 backup=0/0
I (34275) rc_video: [STABLE-CAPTURE] pause=98/98 timeout=0 quiesce=98 resume=98 lifecycle_errors=0 repairs=98 staged_events=1524 copies=1466 fallback=0 errors=0
I (36830) rc_net: [CAM-PROBE] Video TX seq=120 jpeg_len=7864 crc32=0x0d5fda9a chunks=7
I (37625) rc_video: Sent 120 | cap_fps=9.0 send_fps=9.0 capture_size_errors=0 capture_identity_errors=0 | Avg(ms): wait=43.2 cache=1.5 subsample=23.4 encode=23.4 send=5.1 total=96.7 | JPEG=8585B
I (37632) rc_video: [VIDEO-TX] handoff cap=128 get=257 select_fail=0 finished=128 signal=128 acquire=128 acquire_fail=0 release_fail=0 backup=0/0
I (37643) rc_video: [STABLE-CAPTURE] pause=128/128 timeout=0 quiesce=128 resume=128 lifecycle_errors=0 repairs=128 staged_events=1984 copies=1908 fallback=0 errors=0
I (40152) rc_net: [CAM-PROBE] Video TX seq=150 jpeg_len=8740 crc32=0x1a025e95 chunks=8
I (40949) rc_video: Sent 150 | cap_fps=9.0 send_fps=9.0 capture_size_errors=0 capture_identity_errors=0 | Avg(ms): wait=40.9 cache=1.4 subsample=23.4 encode=23.7 send=5.0 total=94.4 | JPEG=8130B
I (40957) rc_video: [VIDEO-TX] handoff cap=158 get=317 select_fail=0 finished=158 signal=158 acquire=158 acquire_fail=0 release_fail=0 backup=0/0
I (40967) rc_video: [STABLE-CAPTURE] pause=158/158 timeout=0 quiesce=158 resume=158 lifecycle_errors=0 repairs=158 staged_events=2452 copies=2358 fallback=0 errors=0
I (43458) rc_net: [CAM-PROBE] Video TX seq=180 jpeg_len=7268 crc32=0xfc17124b chunks=7
I (44274) rc_video: Sent 180 | cap_fps=9.0 send_fps=9.0 capture_size_errors=0 capture_identity_errors=0 | Avg(ms): wait=41.4 cache=1.5 subsample=23.3 encode=23.6 send=5.2 total=95.0 | JPEG=8800B
I (44281) rc_video: [VIDEO-TX] handoff cap=188 get=377 select_fail=0 finished=188 signal=188 acquire=188 acquire_fail=0 release_fail=0 backup=0/0
I (44292) rc_video: [STABLE-CAPTURE] pause=188/188 timeout=0 quiesce=188 resume=188 lifecycle_errors=0 repairs=188 staged_events=2921 copies=2809 fallback=0 errors=0
I (46822) rc_net: [CAM-PROBE] Video TX seq=210 jpeg_len=7681 crc32=0xbdb9c681 chunks=7
I (47596) rc_video: Sent 210 | cap_fps=9.0 send_fps=9.0 capture_size_errors=0 capture_identity_errors=0 | Avg(ms): wait=41.6 cache=1.5 subsample=23.1 encode=23.6 send=5.0 total=94.8 | JPEG=7959B
I (47603) rc_video: [VIDEO-TX] handoff cap=218 get=437 select_fail=0 finished=218 signal=218 acquire=218 acquire_fail=0 release_fail=0 backup=0/0
I (47613) rc_video: [STABLE-CAPTURE] pause=218/218 timeout=0 quiesce=218 resume=218 lifecycle_errors=0 repairs=218 staged_events=3388 copies=3258 fallback=0 errors=0
