ninja: Entering directory `C:\Users\15301\AppData\Local\Temp\laiwfs300_build\rc_tank_demo\build'
[1/299] Building C object esp-idf/espressif__esp-dsp/CMakeFiles/__idf_espressif__esp-dsp.dir/modules/conv/float/dspi_conv_f32_ansi.c.obj
[2/299] Building C object esp-idf/espressif__esp-dsp/CMakeFiles/__idf_espressif__esp-dsp.dir/modules/fir/float/dsps_fird_f32_ansi.c.obj
[3/299] Building C object esp-idf/espressif__esp-dsp/CMakeFiles/__idf_espressif__esp-dsp.dir/modules/fir/float/dsps_fird_init_f32.c.obj
[4/299] Building C object esp-idf/espressif__esp-dsp/CMakeFiles/__idf_espressif__esp-dsp.dir/modules/fir/fixed/dsps_fird_init_s16.c.obj
[5/299] Building C object esp-idf/espressif__esp-dsp/CMakeFiles/__idf_espressif__esp-dsp.dir/modules/fir/fixed/dsps_fird_s16_ansi.c.obj
[6/299] Building ASM object esp-idf/espressif__esp-dsp/CMakeFiles/__idf_espressif__esp-dsp.dir/modules/fir/fixed/dsps_fird_s16_ae32.S.obj
[7/299] Building ASM object esp-idf/espressif__esp-dsp/CMakeFiles/__idf_espressif__esp-dsp.dir/modules/fir/fixed/dsps_fir_s16_m_ae32.S.obj
[8/299] Building ASM object esp-idf/espressif__esp-dsp/CMakeFiles/__idf_espressif__esp-dsp.dir/modules/fir/fixed/dsps_fird_s16_aes3.S.obj
[9/299] Building ASM object esp-idf/espressif__esp-dsp/CMakeFiles/__idf_espressif__esp-dsp.dir/modules/fir/fixed/dsps_fird_s16_arp4.S.obj
[10/299] Building C object esp-idf/espressif__esp-dsp/CMakeFiles/__idf_espressif__esp-dsp.dir/modules/fir/float/dsps_firmr_init_f32.c.obj
[11/299] Building C object esp-idf/espressif__esp-dsp/CMakeFiles/__idf_espressif__esp-dsp.dir/modules/fir/float/dsps_firmr_f32_ansi.c.obj
[12/299] Building C object esp-idf/espressif__esp-dsp/CMakeFiles/__idf_espressif__esp-dsp.dir/modules/fir/fixed/dsps_firmr_init_s16.c.obj
[13/299] Building C object esp-idf/espressif__esp-dsp/CMakeFiles/__idf_espressif__esp-dsp.dir/modules/fir/fixed/dsps_firmr_s16_ansi.c.obj
[14/299] Building C object esp-idf/espressif__esp-dsp/CMakeFiles/__idf_espressif__esp-dsp.dir/modules/fir/resampler/dsps_resampler_mr.c.obj
[15/299] Building C object esp-idf/espressif__esp-dsp/CMakeFiles/__idf_espressif__esp-dsp.dir/modules/fir/resampler/dsps_resampler_ph.c.obj
[16/299] Building CXX object esp-idf/espressif__esp-dsp/CMakeFiles/__idf_espressif__esp-dsp.dir/modules/kalman/ekf/common/ekf.cpp.obj
[17/299] Building CXX object esp-idf/espressif__esp-dsp/CMakeFiles/__idf_espressif__esp-dsp.dir/modules/kalman/ekf_imu13states/ekf_imu13states.cpp.obj
[18/299] Building C object esp-idf/espressif__esp_audio_codec/CMakeFiles/__idf_espressif__esp_audio_codec.dir/src/audio_decoder_reg.c.obj
[19/299] Building C object esp-idf/espressif__esp_audio_codec/CMakeFiles/__idf_espressif__esp_audio_codec.dir/src/audio_encoder_reg.c.obj
[20/299] Building C object esp-idf/espressif__esp_audio_codec/CMakeFiles/__idf_espressif__esp_audio_codec.dir/src/simple_decoder_reg.c.obj
[21/299] Building C object esp-idf/espressif__gmf_core/CMakeFiles/__idf_espressif__gmf_core.dir/src/esp_gmf_audio_element.c.obj
[22/299] Building C object esp-idf/espressif__gmf_core/CMakeFiles/__idf_espressif__gmf_core.dir/src/esp_gmf_cap.c.obj
[23/299] Building C object esp-idf/espressif__gmf_core/CMakeFiles/__idf_espressif__gmf_core.dir/src/esp_gmf_element.c.obj
[24/299] Building C object esp-idf/espressif__gmf_core/CMakeFiles/__idf_espressif__gmf_core.dir/src/esp_gmf_event.c.obj
[25/299] Building C object esp-idf/espressif__gmf_core/CMakeFiles/__idf_espressif__gmf_core.dir/src/esp_gmf_io.c.obj
[26/299] Building C object esp-idf/espressif__gmf_core/CMakeFiles/__idf_espressif__gmf_core.dir/src/esp_gmf_node.c.obj
[27/299] Building C object esp-idf/espressif__gmf_core/CMakeFiles/__idf_espressif__gmf_core.dir/src/esp_gmf_obj.c.obj
[28/299] Building C object esp-idf/espressif__gmf_core/CMakeFiles/__idf_espressif__gmf_core.dir/src/esp_gmf_payload.c.obj
[29/299] Building C object esp-idf/espressif__gmf_core/CMakeFiles/__idf_espressif__gmf_core.dir/src/esp_gmf_pic_element.c.obj
[30/299] Building C object esp-idf/espressif__gmf_core/CMakeFiles/__idf_espressif__gmf_core.dir/src/esp_gmf_pipeline.c.obj
[31/299] Building C object esp-idf/espressif__gmf_core/CMakeFiles/__idf_espressif__gmf_core.dir/src/esp_gmf_pool.c.obj
[32/299] Building C object esp-idf/espressif__gmf_core/CMakeFiles/__idf_espressif__gmf_core.dir/src/esp_gmf_port.c.obj
[33/299] Building C object esp-idf/espressif__gmf_core/CMakeFiles/__idf_espressif__gmf_core.dir/src/esp_gmf_task.c.obj
[34/299] Building C object esp-idf/espressif__gmf_core/CMakeFiles/__idf_espressif__gmf_core.dir/src/esp_gmf_video_element.c.obj
[35/299] Building C object esp-idf/espressif__gmf_core/CMakeFiles/__idf_espressif__gmf_core.dir/oal/esp_gmf_oal_mem.c.obj
[36/299] Building C object esp-idf/espressif__gmf_core/CMakeFiles/__idf_espressif__gmf_core.dir/oal/esp_gmf_oal_mutex.c.obj
[37/299] Building C object esp-idf/espressif__gmf_core/CMakeFiles/__idf_espressif__gmf_core.dir/oal/esp_gmf_oal_sys.c.obj
[38/299] Building C object esp-idf/espressif__gmf_core/CMakeFiles/__idf_espressif__gmf_core.dir/oal/esp_gmf_oal_thread.c.obj
[39/299] Building C object esp-idf/espressif__gmf_core/CMakeFiles/__idf_espressif__gmf_core.dir/data_bus/esp_gmf_block.c.obj
[40/299] Building C object esp-idf/espressif__gmf_core/CMakeFiles/__idf_espressif__gmf_core.dir/data_bus/esp_gmf_data_bus.c.obj
[41/299] Building C object esp-idf/espressif__gmf_core/CMakeFiles/__idf_espressif__gmf_core.dir/data_bus/esp_gmf_fifo.c.obj
[42/299] Building C object esp-idf/espressif__gmf_core/CMakeFiles/__idf_espressif__gmf_core.dir/data_bus/esp_gmf_new_databus.c.obj
[43/299] Building C object esp-idf/espressif__gmf_core/CMakeFiles/__idf_espressif__gmf_core.dir/data_bus/esp_gmf_pbuf.c.obj
[44/299] Building C object esp-idf/espressif__gmf_core/CMakeFiles/__idf_espressif__gmf_core.dir/data_bus/esp_gmf_ringbuffer.c.obj
[45/299] Building C object esp-idf/espressif__gmf_core/CMakeFiles/__idf_espressif__gmf_core.dir/helpers/esp_gmf_uri_parser.c.obj
[46/299] Building C object esp-idf/console/CMakeFiles/__idf_console.dir/commands.c.obj
[47/299] Building C object esp-idf/console/CMakeFiles/__idf_console.dir/esp_console_common.c.obj
[48/299] Building C object esp-idf/console/CMakeFiles/__idf_console.dir/esp_console_repl_internal.c.obj
[49/299] Building C object esp-idf/console/CMakeFiles/__idf_console.dir/split_argv.c.obj
[50/299] Building C object esp-idf/console/CMakeFiles/__idf_console.dir/linenoise/linenoise.c.obj
[51/299] Building C object esp-idf/console/CMakeFiles/__idf_console.dir/esp_console_repl_chip.c.obj
[52/299] Building C object esp-idf/console/CMakeFiles/__idf_console.dir/argtable3/arg_cmd.c.obj
[53/299] Building C object esp-idf/console/CMakeFiles/__idf_console.dir/argtable3/arg_date.c.obj
[54/299] Building C object esp-idf/console/CMakeFiles/__idf_console.dir/argtable3/arg_dbl.c.obj
[55/299] Building C object esp-idf/console/CMakeFiles/__idf_console.dir/argtable3/arg_dstr.c.obj
[56/299] Building C object esp-idf/console/CMakeFiles/__idf_console.dir/argtable3/arg_end.c.obj
[57/299] Building C object esp-idf/console/CMakeFiles/__idf_console.dir/argtable3/arg_file.c.obj
[58/299] Building C object esp-idf/console/CMakeFiles/__idf_console.dir/argtable3/arg_hashtable.c.obj
[59/299] Building C object esp-idf/console/CMakeFiles/__idf_console.dir/argtable3/arg_int.c.obj
[60/299] Building C object esp-idf/console/CMakeFiles/__idf_console.dir/argtable3/arg_lit.c.obj
[61/299] Building C object esp-idf/console/CMakeFiles/__idf_console.dir/argtable3/arg_rem.c.obj
[62/299] Building C object esp-idf/console/CMakeFiles/__idf_console.dir/argtable3/arg_rex.c.obj
[63/299] Building C object esp-idf/console/CMakeFiles/__idf_console.dir/argtable3/arg_str.c.obj
[64/299] Building C object esp-idf/console/CMakeFiles/__idf_console.dir/argtable3/arg_utils.c.obj
[65/299] Building C object esp-idf/console/CMakeFiles/__idf_console.dir/argtable3/argtable3.c.obj
[66/299] Building C object esp-idf/esp_driver_cam/CMakeFiles/__idf_esp_driver_cam.dir/esp_cam_ctlr.c.obj
[67/299] Building C object esp-idf/esp_driver_cam/CMakeFiles/__idf_esp_driver_cam.dir/dvp_share_ctrl.c.obj
[68/299] Building C object esp-idf/esp_driver_cam/CMakeFiles/__idf_esp_driver_cam.dir/dvp/src/esp_cam_ctlr_dvp_gdma.c.obj
[69/299] Building C object esp-idf/esp_driver_cam/CMakeFiles/__idf_esp_driver_cam.dir/dvp/src/esp_cam_ctlr_dvp_cam.c.obj
[70/299] Building C object esp-idf/protobuf-c/CMakeFiles/__idf_protobuf-c.dir/protobuf-c/protobuf-c/protobuf-c.c.obj
[71/299] Building CXX object esp-idf/wear_levelling/CMakeFiles/__idf_wear_levelling.dir/Partition.cpp.obj
[72/299] Building CXX object esp-idf/wear_levelling/CMakeFiles/__idf_wear_levelling.dir/SPI_Flash.cpp.obj
[73/299] Building CXX object esp-idf/wear_levelling/CMakeFiles/__idf_wear_levelling.dir/WL_Ext_Perf.cpp.obj
[74/299] Building CXX object esp-idf/wear_levelling/CMakeFiles/__idf_wear_levelling.dir/WL_Ext_Safe.cpp.obj
[75/299] Building CXX object esp-idf/wear_levelling/CMakeFiles/__idf_wear_levelling.dir/WL_Flash.cpp.obj
[76/299] Building CXX object esp-idf/wear_levelling/CMakeFiles/__idf_wear_levelling.dir/crc32.cpp.obj
[77/299] Building CXX object esp-idf/wear_levelling/CMakeFiles/__idf_wear_levelling.dir/wear_levelling.cpp.obj
[78/299] Linking C static library esp-idf\json\libjson.a
[79/299] Linking C static library esp-idf\spiffs\libspiffs.a
[80/299] Linking C static library esp-idf\usb\libusb.a
[81/299] Building C object esp-idf/aip8563_rtc/CMakeFiles/__idf_aip8563_rtc.dir/aip8563_rtc.c.obj
[82/299] Linking C static library esp-idf\bmi260_imu\libbmi260_imu.a
[83/299] Linking C static library esp-idf\espressif__dl_fft\libespressif__dl_fft.a
[84/299] Linking C static library esp-idf\espressif__esp-dsp\libespressif__esp-dsp.a
[85/299] Building C object esp-idf/espressif__esp-sr/CMakeFiles/__idf_espressif__esp-sr.dir/src/model_path.c.obj
[86/299] Building C object esp-idf/espressif__esp-sr/CMakeFiles/__idf_espressif__esp-sr.dir/src/esp_sr_debug.c.obj
[87/299] Building C object esp-idf/espressif__esp-sr/CMakeFiles/__idf_espressif__esp-sr.dir/src/esp_mn_speech_commands.c.obj
[88/299] Building C object esp-idf/espressif__esp-sr/CMakeFiles/__idf_espressif__esp-sr.dir/src/esp_process_sdkconfig.c.obj
[89/299] Linking C static library esp-idf\espressif__esp_audio_codec\libespressif__esp_audio_codec.a
[90/299] Building C object esp-idf/espressif__esp_sccb_intf/CMakeFiles/__idf_espressif__esp_sccb_intf.dir/src/sccb.c.obj
[91/299] Building C object esp-idf/espressif__esp_sccb_intf/CMakeFiles/__idf_espressif__esp_sccb_intf.dir/sccb_i2c/src/sccb_i2c.c.obj
[92/299] Building C object esp-idf/espressif__iot_eth/CMakeFiles/__idf_espressif__iot_eth.dir/iot_eth.c.obj
[93/299] Building C object esp-idf/espressif__iot_eth/CMakeFiles/__idf_espressif__iot_eth.dir/iot_eth_netif_glue.c.obj
[94/299] Building C object esp-idf/espressif__iot_usbh_cdc/CMakeFiles/__idf_espressif__iot_usbh_cdc.dir/iot_usbh_cdc.c.obj
[95/299] Building C object esp-idf/espressif__iot_usbh_cdc/CMakeFiles/__idf_espressif__iot_usbh_cdc.dir/iot_usbh_descriptor.c.obj
[96/299] Building C object esp-idf/espressif__iot_usbh_cdc/CMakeFiles/__idf_espressif__iot_usbh_cdc.dir/usbh_helper.c.obj
[97/299] Linking C static library esp-idf\espressif__gmf_core\libespressif__gmf_core.a
[98/299] Building C object esp-idf/espressif__gmf_audio/CMakeFiles/__idf_espressif__gmf_audio.dir/esp_gmf_alc.c.obj
[99/299] Building C object esp-idf/espressif__gmf_audio/CMakeFiles/__idf_espressif__gmf_audio.dir/esp_gmf_audio_dec.c.obj
[100/299] Building C object esp-idf/espressif__gmf_audio/CMakeFiles/__idf_espressif__gmf_audio.dir/esp_gmf_audio_enc.c.obj
[101/299] Building C object esp-idf/espressif__gmf_audio/CMakeFiles/__idf_espressif__gmf_audio.dir/esp_gmf_audio_helper.c.obj
[102/299] Building C object esp-idf/espressif__gmf_audio/CMakeFiles/__idf_espressif__gmf_audio.dir/esp_gmf_audio_param.c.obj
[103/299] Building C object esp-idf/espressif__gmf_audio/CMakeFiles/__idf_espressif__gmf_audio.dir/esp_gmf_bit_cvt.c.obj
[104/299] Building C object esp-idf/espressif__gmf_audio/CMakeFiles/__idf_espressif__gmf_audio.dir/esp_gmf_ch_cvt.c.obj
[105/299] Building C object esp-idf/espressif__gmf_audio/CMakeFiles/__idf_espressif__gmf_audio.dir/esp_gmf_deinterleave.c.obj
[106/299] Building C object esp-idf/espressif__gmf_audio/CMakeFiles/__idf_espressif__gmf_audio.dir/esp_gmf_drc.c.obj
[107/299] Building C object esp-idf/espressif__gmf_audio/CMakeFiles/__idf_espressif__gmf_audio.dir/esp_gmf_eq.c.obj
[108/299] Building C object esp-idf/espressif__gmf_audio/CMakeFiles/__idf_espressif__gmf_audio.dir/esp_gmf_fade.c.obj
[109/299] Building C object esp-idf/espressif__gmf_audio/CMakeFiles/__idf_espressif__gmf_audio.dir/esp_gmf_interleave.c.obj
[110/299] Building C object esp-idf/espressif__gmf_audio/CMakeFiles/__idf_espressif__gmf_audio.dir/esp_gmf_mbc.c.obj
[111/299] Building C object esp-idf/espressif__gmf_audio/CMakeFiles/__idf_espressif__gmf_audio.dir/esp_gmf_mixer.c.obj
[112/299] Building C object esp-idf/espressif__gmf_audio/CMakeFiles/__idf_espressif__gmf_audio.dir/esp_gmf_rate_cvt.c.obj
[113/299] Building C object esp-idf/espressif__gmf_audio/CMakeFiles/__idf_espressif__gmf_audio.dir/esp_gmf_sonic.c.obj
[114/299] Building C object esp-idf/espressif__gmf_io/CMakeFiles/__idf_espressif__gmf_io.dir/esp_gmf_io_file.c.obj
[115/299] Building C object esp-idf/espressif__gmf_io/CMakeFiles/__idf_espressif__gmf_io.dir/esp_gmf_io_embed_flash.c.obj
[116/299] Building C object esp-idf/espressif__gmf_io/CMakeFiles/__idf_espressif__gmf_io.dir/esp_gmf_io_i2s_pdm.c.obj
[117/299] Building C object esp-idf/espressif__gmf_io/CMakeFiles/__idf_espressif__gmf_io.dir/esp_gmf_io_http.c.obj
[118/299] Building C object esp-idf/espressif__gmf_io/CMakeFiles/__idf_espressif__gmf_io.dir/http_lib/gzip/gzip_miniz.c.obj
[119/299] Building C object esp-idf/espressif__gmf_io/CMakeFiles/__idf_espressif__gmf_io.dir/codec_dev_io/esp_gmf_io_codec_dev.c.obj
[120/299] Building C object esp-idf/unity/CMakeFiles/__idf_unity.dir/unity/src/unity.c.obj
[121/299] Building C object esp-idf/unity/CMakeFiles/__idf_unity.dir/unity_compat.c.obj
[122/299] Building C object esp-idf/unity/CMakeFiles/__idf_unity.dir/unity_runner.c.obj
[123/299] Building C object esp-idf/unity/CMakeFiles/__idf_unity.dir/unity_utils_freertos.c.obj
[124/299] Building C object esp-idf/unity/CMakeFiles/__idf_unity.dir/unity_utils_cache.c.obj
[125/299] Building C object esp-idf/unity/CMakeFiles/__idf_unity.dir/unity_utils_memory.c.obj
[126/299] Building C object esp-idf/unity/CMakeFiles/__idf_unity.dir/unity_port_esp32.c.obj
[127/299] Building C object esp-idf/unity/CMakeFiles/__idf_unity.dir/port/esp/unity_utils_memory_esp.c.obj
[128/299] Linking C static library esp-idf\console\libconsole.a
[129/299] Linking C static library esp-idf\esp_driver_cam\libesp_driver_cam.a
[130/299] Building C object esp-idf/esp_https_server/CMakeFiles/__idf_esp_https_server.dir/src/https_server.c.obj
[131/299] Linking C static library esp-idf\protobuf-c\libprotobuf-c.a
[132/299] Building C object esp-idf/protocomm/CMakeFiles/__idf_protocomm.dir/src/common/protocomm.c.obj
[133/299] Building C object esp-idf/protocomm/CMakeFiles/__idf_protocomm.dir/proto-c/constants.pb-c.c.obj
[134/299] Building C object esp-idf/protocomm/CMakeFiles/__idf_protocomm.dir/proto-c/sec0.pb-c.c.obj
[135/299] Building C object esp-idf/protocomm/CMakeFiles/__idf_protocomm.dir/proto-c/sec1.pb-c.c.obj
[136/299] Building C object esp-idf/protocomm/CMakeFiles/__idf_protocomm.dir/proto-c/sec2.pb-c.c.obj
[137/299] Building C object esp-idf/protocomm/CMakeFiles/__idf_protocomm.dir/proto-c/session.pb-c.c.obj
[138/299] Building C object esp-idf/protocomm/CMakeFiles/__idf_protocomm.dir/src/transports/protocomm_console.c.obj
[139/299] Building C object esp-idf/protocomm/CMakeFiles/__idf_protocomm.dir/src/transports/protocomm_httpd.c.obj
[140/299] Building C object esp-idf/protocomm/CMakeFiles/__idf_protocomm.dir/src/security/security0.c.obj
[141/299] Building C object esp-idf/protocomm/CMakeFiles/__idf_protocomm.dir/src/security/security1.c.obj
[142/299] Building C object esp-idf/protocomm/CMakeFiles/__idf_protocomm.dir/src/security/security2.c.obj
[143/299] Building C object esp-idf/protocomm/CMakeFiles/__idf_protocomm.dir/src/crypto/srp6a/esp_srp.c.obj
[144/299] Building C object esp-idf/protocomm/CMakeFiles/__idf_protocomm.dir/src/crypto/srp6a/esp_srp_mpi.c.obj
[145/299] Linking C static library esp-idf\wear_levelling\libwear_levelling.a
[146/299] Building C object esp-idf/fatfs/CMakeFiles/__idf_fatfs.dir/diskio/diskio.c.obj
[147/299] Building C object esp-idf/fatfs/CMakeFiles/__idf_fatfs.dir/diskio/diskio_rawflash.c.obj
[148/299] Building C object esp-idf/fatfs/CMakeFiles/__idf_fatfs.dir/diskio/diskio_wl.c.obj
[149/299] Building C object esp-idf/fatfs/CMakeFiles/__idf_fatfs.dir/src/ff.c.obj
[150/299] Building C object esp-idf/fatfs/CMakeFiles/__idf_fatfs.dir/src/ffunicode.c.obj
[151/299] Building C object esp-idf/fatfs/CMakeFiles/__idf_fatfs.dir/port/freertos/ffsystem.c.obj
[152/299] Building C object esp-idf/fatfs/CMakeFiles/__idf_fatfs.dir/diskio/diskio_sdmmc.c.obj
[153/299] Building C object esp-idf/fatfs/CMakeFiles/__idf_fatfs.dir/vfs/vfs_fat.c.obj
[154/299] Building C object esp-idf/fatfs/CMakeFiles/__idf_fatfs.dir/vfs/vfs_fat_sdmmc.c.obj
[155/299] Building C object esp-idf/fatfs/CMakeFiles/__idf_fatfs.dir/vfs/vfs_fat_spiflash.c.obj
[156/299] Linking C static library esp-idf\aip8563_rtc\libaip8563_rtc.a
[157/299] Building C object esp-idf/es7210_adc/CMakeFiles/__idf_es7210_adc.dir/es7210_adc.c.obj
[158/299] Building C object esp-idf/es8311_codec/CMakeFiles/__idf_es8311_codec.dir/es8311_codec.c.obj
[159/299] Linking C static library esp-idf\espressif__esp-sr\libespressif__esp-sr.a
[160/299] Building C object esp-idf/audio_processor/CMakeFiles/__idf_audio_processor.dir/audio_processor.c.obj
[161/299] Building C object esp-idf/audio_processor/CMakeFiles/__idf_audio_processor.dir/audio_processor_policy.c.obj
[162/299] Building C object esp-idf/audio_processor/CMakeFiles/__idf_audio_processor.dir/audio_processor_task_policy.c.obj
[163/299] Building C object esp-idf/audio_processor/CMakeFiles/__idf_audio_processor.dir/opus_codec.c.obj
[164/299] Linking C static library esp-idf\espressif__esp_sccb_intf\libespressif__esp_sccb_intf.a
[165/299] Building C object esp-idf/espressif__esp_cam_sensor/CMakeFiles/__idf_espressif__esp_cam_sensor.dir/src/esp_cam_sensor.c.obj
[166/299] Building C object esp-idf/espressif__esp_cam_sensor/CMakeFiles/__idf_espressif__esp_cam_sensor.dir/src/esp_cam_sensor_xclk.c.obj
[167/299] Building C object esp-idf/espressif__esp_cam_sensor/CMakeFiles/__idf_espressif__esp_cam_sensor.dir/src/esp_cam_motor.c.obj
[168/299] Building C object esp-idf/espressif__esp_cam_sensor/CMakeFiles/__idf_espressif__esp_cam_sensor.dir/src/esp_cam_sensor_detect.c.obj
[169/299] Building C object esp-idf/espressif__esp_cam_sensor/CMakeFiles/__idf_espressif__esp_cam_sensor.dir/src/esp_cam_motor_detect.c.obj
[170/299] Building C object esp-idf/espressif__esp_cam_sensor/CMakeFiles/__idf_espressif__esp_cam_sensor.dir/src/driver_cam/esp_cam_ctlr_spi_cam.c.obj
[171/299] Building C object esp-idf/espressif__esp_cam_sensor/CMakeFiles/__idf_espressif__esp_cam_sensor.dir/src/driver_spi/spi_slave.c.obj
[172/299] Building C object esp-idf/espressif__esp_cam_sensor/CMakeFiles/__idf_espressif__esp_cam_sensor.dir/src/driver_dvp/esp_cam_ctlr_dvp_cam.c.obj
[173/299] Building C object esp-idf/lte_hal/CMakeFiles/__idf_lte_hal.dir/lte_hal.c.obj
[174/299] Linking C static library esp-idf\espressif__iot_eth\libespressif__iot_eth.a
[175/299] Linking C static library esp-idf\espressif__iot_usbh_cdc\libespressif__iot_usbh_cdc.a
[176/299] Building C object esp-idf/espressif__iot_usbh_ecm/CMakeFiles/__idf_espressif__iot_usbh_ecm.dir/iot_usbh_ecm.c.obj
[177/299] Building C object esp-idf/espressif__iot_usbh_ecm/CMakeFiles/__idf_espressif__iot_usbh_ecm.dir/iot_usbh_ecm_descriptor.c.obj
[178/299] Building C object esp-idf/espressif__esp_websocket_client/CMakeFiles/__idf_espressif__esp_websocket_client.dir/esp_websocket_client.c.obj
[179/299] Linking C static library esp-idf\espressif__gmf_audio\libespressif__gmf_audio.a
[180/299] Linking C static library esp-idf\espressif__gmf_io\libespressif__gmf_io.a
[181/299] Building C object esp-idf/espressif__esp_audio_simple_player/CMakeFiles/__idf_espressif__esp_audio_simple_player.dir/src/audio_simple_player_pool.c.obj
[182/299] Building C object esp-idf/espressif__esp_audio_simple_player/CMakeFiles/__idf_espressif__esp_audio_simple_player.dir/src/esp_audio_simple_player.c.obj
[183/299] Building C object esp-idf/espressif__esp_audio_simple_player/CMakeFiles/__idf_espressif__esp_audio_simple_player.dir/src/esp_audio_simple_player_advance.c.obj
[184/299] Building C object esp-idf/app_trace/CMakeFiles/__idf_app_trace.dir/app_trace.c.obj
[185/299] Building C object esp-idf/app_trace/CMakeFiles/__idf_app_trace.dir/app_trace_util.c.obj
[186/299] Building C object esp-idf/app_trace/CMakeFiles/__idf_app_trace.dir/host_file_io.c.obj
[187/299] Building C object esp-idf/app_trace/CMakeFiles/__idf_app_trace.dir/port/port_uart.c.obj
[188/299] Linking C static library esp-idf\unity\libunity.a
[189/299] Building C object esp-idf/cmock/CMakeFiles/__idf_cmock.dir/CMock/src/cmock.c.obj
[190/299] Building C object esp-idf/esp_driver_touch_sens/CMakeFiles/__idf_esp_driver_touch_sens.dir/common/touch_sens_common.c.obj
[191/299] Building C object esp-idf/esp_driver_touch_sens/CMakeFiles/__idf_esp_driver_touch_sens.dir/hw_ver2/touch_version_specific.c.obj
[192/299] Building C object esp-idf/esp_eth/CMakeFiles/__idf_esp_eth.dir/src/esp_eth.c.obj
[193/299] Building C object esp-idf/esp_eth/CMakeFiles/__idf_esp_eth.dir/src/phy/esp_eth_phy_802_3.c.obj
[194/299] Building C object esp-idf/esp_eth/CMakeFiles/__idf_esp_eth.dir/src/esp_eth_netif_glue.c.obj
[195/299] Building C object esp-idf/esp_hid/CMakeFiles/__idf_esp_hid.dir/src/esp_hidd.c.obj
[196/299] Building C object esp-idf/esp_hid/CMakeFiles/__idf_esp_hid.dir/src/esp_hidh.c.obj
[197/299] Building C object esp-idf/esp_hid/CMakeFiles/__idf_esp_hid.dir/src/esp_hid_common.c.obj
[198/299] Linking C static library esp-idf\esp_https_server\libesp_https_server.a
[199/299] Linking C static library esp-idf\protocomm\libprotocomm.a
[200/299] Building C object esp-idf/esp_local_ctrl/CMakeFiles/__idf_esp_local_ctrl.dir/src/esp_local_ctrl.c.obj
[201/299] Building C object esp-idf/esp_local_ctrl/CMakeFiles/__idf_esp_local_ctrl.dir/src/esp_local_ctrl_handler.c.obj
[202/299] Building C object esp-idf/esp_local_ctrl/CMakeFiles/__idf_esp_local_ctrl.dir/proto-c/esp_local_ctrl.pb-c.c.obj
[203/299] Building C object esp-idf/esp_local_ctrl/CMakeFiles/__idf_esp_local_ctrl.dir/src/esp_local_ctrl_transport_httpd.c.obj
[204/299] Building C object esp-idf/espcoredump/CMakeFiles/__idf_espcoredump.dir/src/core_dump_init.c.obj
[205/299] Building C object esp-idf/espcoredump/CMakeFiles/__idf_espcoredump.dir/src/core_dump_common.c.obj
[206/299] Building C object esp-idf/espcoredump/CMakeFiles/__idf_espcoredump.dir/src/core_dump_flash.c.obj
[207/299] Building C object esp-idf/espcoredump/CMakeFiles/__idf_espcoredump.dir/src/core_dump_uart.c.obj
[208/299] Building C object esp-idf/espcoredump/CMakeFiles/__idf_espcoredump.dir/src/core_dump_elf.c.obj
[209/299] Building C object esp-idf/espcoredump/CMakeFiles/__idf_espcoredump.dir/src/core_dump_binary.c.obj
[210/299] Building C object esp-idf/espcoredump/CMakeFiles/__idf_espcoredump.dir/src/core_dump_sha.c.obj
[211/299] Building C object esp-idf/espcoredump/CMakeFiles/__idf_espcoredump.dir/src/core_dump_crc.c.obj
[212/299] Building C object esp-idf/espcoredump/CMakeFiles/__idf_espcoredump.dir/src/port/xtensa/core_dump_port.c.obj
[213/299] Building ASM object esp-idf/espcoredump/CMakeFiles/__idf_espcoredump.dir/src/port/xtensa/core_dump_stack_switch.S.obj
[214/299] Linking C static library esp-idf\fatfs\libfatfs.a
[215/299] Building C object esp-idf/mqtt/CMakeFiles/__idf_mqtt.dir/esp-mqtt/mqtt_client.c.obj
[216/299] Building C object esp-idf/mqtt/CMakeFiles/__idf_mqtt.dir/esp-mqtt/lib/mqtt_msg.c.obj
[217/299] Building C object esp-idf/mqtt/CMakeFiles/__idf_mqtt.dir/esp-mqtt/lib/mqtt_outbox.c.obj
[218/299] Building C object esp-idf/mqtt/CMakeFiles/__idf_mqtt.dir/esp-mqtt/lib/platform_esp32_idf.c.obj
[219/299] Building C object esp-idf/nvs_sec_provider/CMakeFiles/__idf_nvs_sec_provider.dir/nvs_sec_provider.c.obj
[220/299] Building C object esp-idf/perfmon/CMakeFiles/__idf_perfmon.dir/xtensa_perfmon_access.c.obj
[221/299] Building C object esp-idf/perfmon/CMakeFiles/__idf_perfmon.dir/xtensa_perfmon_apis.c.obj
[222/299] Building C object esp-idf/perfmon/CMakeFiles/__idf_perfmon.dir/xtensa_perfmon_masks.c.obj
[223/299] Building C object esp-idf/rt/CMakeFiles/__idf_rt.dir/FreeRTOS_POSIX_mqueue.c.obj
[224/299] Building C object esp-idf/rt/CMakeFiles/__idf_rt.dir/FreeRTOS_POSIX_utils.c.obj
[225/299] Building C object esp-idf/touch_element/CMakeFiles/__idf_touch_element.dir/touch_element.c.obj
[226/299] Building C object esp-idf/touch_element/CMakeFiles/__idf_touch_element.dir/touch_button.c.obj
[227/299] Building C object esp-idf/touch_element/CMakeFiles/__idf_touch_element.dir/touch_slider.c.obj
[228/299] Building C object esp-idf/touch_element/CMakeFiles/__idf_touch_element.dir/touch_matrix.c.obj
[229/299] Building C object esp-idf/wifi_provisioning/CMakeFiles/__idf_wifi_provisioning.dir/src/wifi_config.c.obj
[230/299] Building C object esp-idf/wifi_provisioning/CMakeFiles/__idf_wifi_provisioning.dir/src/wifi_scan.c.obj
[231/299] Building C object esp-idf/wifi_provisioning/CMakeFiles/__idf_wifi_provisioning.dir/src/wifi_ctrl.c.obj
[232/299] Building C object esp-idf/wifi_provisioning/CMakeFiles/__idf_wifi_provisioning.dir/src/manager.c.obj
[233/299] Building C object esp-idf/wifi_provisioning/CMakeFiles/__idf_wifi_provisioning.dir/src/handlers.c.obj
[234/299] Building C object esp-idf/wifi_provisioning/CMakeFiles/__idf_wifi_provisioning.dir/src/scheme_console.c.obj
[235/299] Building C object esp-idf/wifi_provisioning/CMakeFiles/__idf_wifi_provisioning.dir/proto-c/wifi_config.pb-c.c.obj
[236/299] Building C object esp-idf/wifi_provisioning/CMakeFiles/__idf_wifi_provisioning.dir/proto-c/wifi_scan.pb-c.c.obj
[237/299] Building C object esp-idf/wifi_provisioning/CMakeFiles/__idf_wifi_provisioning.dir/proto-c/wifi_ctrl.pb-c.c.obj
[238/299] Building C object esp-idf/wifi_provisioning/CMakeFiles/__idf_wifi_provisioning.dir/proto-c/wifi_constants.pb-c.c.obj
[239/299] Building C object esp-idf/wifi_provisioning/CMakeFiles/__idf_wifi_provisioning.dir/src/scheme_softap.c.obj
[240/299] Linking C static library esp-idf\es7210_adc\libes7210_adc.a
[241/299] Linking C static library esp-idf\es8311_codec\libes8311_codec.a
[242/299] Linking C static library esp-idf\audio_processor\libaudio_processor.a
[243/299] Linking C static library esp-idf\espressif__esp_cam_sensor\libespressif__esp_cam_sensor.a
[244/299] Building C object esp-idf/main/CMakeFiles/__idf_main.dir/app_main.c.obj
[245/299] Building C object esp-idf/main/CMakeFiles/__idf_main.dir/rc_dvp_staged_override.c.obj
C:/Users/15301/AppData/Local/Temp/laiwfs300_build/rc_tank_demo/main/rc_dvp_staged_override.c:145:1: warning: ignoring attribute 'section (".iram1.5")' because it conflicts with previous 'section (".iram1.1")' [-Wattributes]
  145 | {
      | ^
C:/Users/15301/AppData/Local/Temp/laiwfs300_build/rc_tank_demo/main/rc_dvp_staged_override.c:40:23: note: previous declaration here
   40 | static bool IRAM_ATTR rc_dvp_staged_receive_isr(
      |                       ^~~~~~~~~~~~~~~~~~~~~~~~~
C:/Users/15301/AppData/Local/Temp/laiwfs300_build/rc_tank_demo/main/rc_dvp_staged_override.c:232:1: warning: ignoring attribute 'section (".iram1.6")' because it conflicts with previous 'section (".iram1.0")' [-Wattributes]
  232 | {
      | ^
C:/Users/15301/AppData/Local/Temp/laiwfs300_build/rc_tank_demo/main/rc_dvp_staged_override.c:32:29: note: previous declaration here
   32 | static BaseType_t IRAM_ATTR rc_dvp_staged_queue_send_from_isr(
      |                             ^~~~~~~~~~~~~~~~~~~~~~~~~~~~~~~~~
[246/299] Building C object esp-idf/main/CMakeFiles/__idf_main.dir/rc_tank_startup_policy.c.obj
[247/299] Building C object esp-idf/main/CMakeFiles/__idf_main.dir/rc_net.c.obj
C:/Users/15301/AppData/Local/Temp/laiwfs300_build/rc_tank_demo/main/rc_net.c: In function 'rc_net_init':
C:/Users/15301/AppData/Local/Temp/laiwfs300_build/rc_tank_demo/main/rc_net.c:310:15: warning: unused variable 'ret' [-Wunused-variable]
  310 |     esp_err_t ret;
      |               ^~~
C:/Users/15301/AppData/Local/Temp/laiwfs300_build/rc_tank_demo/main/rc_net.c: At top level:
C:/Users/15301/AppData/Local/Temp/laiwfs300_build/rc_tank_demo/main/rc_net.c:513:12: warning: 'send_all' defined but not used [-Wunused-function]
  513 | static int send_all(int sock, const uint8_t *buf, size_t n)
      |            ^~~~~~~~
[248/299] Building C object esp-idf/main/CMakeFiles/__idf_main.dir/rc_net_send_policy.c.obj
[249/299] Building C object esp-idf/main/CMakeFiles/__idf_main.dir/rc_control.c.obj
[250/299] Building C object esp-idf/main/CMakeFiles/__idf_main.dir/rc_video.c.obj
C:/Users/15301/AppData/Local/Temp/laiwfs300_build/rc_tank_demo/main/rc_video.c:825:18: warning: 'rc_lcd_presenter_present_canvas' defined but not used [-Wunused-function]
  825 | static esp_err_t rc_lcd_presenter_present_canvas(
      |                  ^~~~~~~~~~~~~~~~~~~~~~~~~~~~~~~
[251/299] Building C object esp-idf/main/CMakeFiles/__idf_main.dir/rc_audio.c.obj
[252/299] Building C object esp-idf/main/CMakeFiles/__idf_main.dir/rc_joystick.c.obj
[253/299] Building C object esp-idf/main/CMakeFiles/__idf_main.dir/rc_tank_screen.c.obj
[254/299] Building C object esp-idf/main/CMakeFiles/__idf_main.dir/rc_capture_pool.c.obj
[255/299] Building C object esp-idf/main/CMakeFiles/__idf_main.dir/rc_capture_pool_target.c.obj
[256/299] Building C object esp-idf/main/CMakeFiles/__idf_main.dir/rc_video_scale.c.obj
[257/299] Building C object esp-idf/main/CMakeFiles/__idf_main.dir/rc_video_yuv_scale.c.obj
[258/299] Building C object esp-idf/main/CMakeFiles/__idf_main.dir/rc_video_synthetic.c.obj
[259/299] Building C object esp-idf/main/CMakeFiles/__idf_main.dir/rc_video_udp_transport.c.obj
[260/299] Building C object esp-idf/audio_hal/CMakeFiles/__idf_audio_hal.dir/audio_hal.c.obj
[261/299] Linking C static library esp-idf\lte_hal\liblte_hal.a
[262/299] Linking C static library esp-idf\espressif__iot_usbh_ecm\libespressif__iot_usbh_ecm.a
[263/299] Building C object esp-idf/bringup_test/CMakeFiles/__idf_bringup_test.dir/bringup_test.c.obj
[264/299] Building C object esp-idf/storage_hal/CMakeFiles/__idf_storage_hal.dir/storage_hal.c.obj
[265/299] Linking C static library esp-idf\espressif__esp_websocket_client\libespressif__esp_websocket_client.a
[266/299] Building C object esp-idf/xiaozhi_agent/CMakeFiles/__idf_xiaozhi_agent.dir/xiaozhi_agent.c.obj
[267/299] Building C object esp-idf/xiaozhi_agent/CMakeFiles/__idf_xiaozhi_agent.dir/xiaozhi_agent_listen_mode_policy.c.obj
[268/299] Building C object esp-idf/xiaozhi_agent/CMakeFiles/__idf_xiaozhi_agent.dir/xiaozhi_agent_ws_start_policy.c.obj
[269/299] Building C object esp-idf/xiaozhi_agent/CMakeFiles/__idf_xiaozhi_agent.dir/xiaozhi_agent_tts_barrier_policy.c.obj
[270/299] Building C object esp-idf/xiaozhi_agent/CMakeFiles/__idf_xiaozhi_agent.dir/xiaozhi_agent_vad_stop_policy.c.obj
[271/299] Linking C static library esp-idf\espressif__esp_audio_simple_player\libespressif__esp_audio_simple_player.a
[272/299] Building C object esp-idf/xiaozhi_audio/CMakeFiles/__idf_xiaozhi_audio.dir/xiaozhi_audio.c.obj
[273/299] Linking C static library esp-idf\app_trace\libapp_trace.a
[274/299] Linking C static library esp-idf\cmock\libcmock.a
[275/299] Linking C static library esp-idf\esp_driver_touch_sens\libesp_driver_touch_sens.a
[276/299] Linking C static library esp-idf\esp_eth\libesp_eth.a
[277/299] Linking C static library esp-idf\esp_hid\libesp_hid.a
[278/299] Linking C static library esp-idf\esp_local_ctrl\libesp_local_ctrl.a
[279/299] Linking C static library esp-idf\espcoredump\libespcoredump.a
[280/299] Linking C static library esp-idf\mqtt\libmqtt.a
[281/299] Linking C static library esp-idf\nvs_sec_provider\libnvs_sec_provider.a
[282/299] Linking C static library esp-idf\perfmon\libperfmon.a
[283/299] Linking C static library esp-idf\rt\librt.a
[284/299] Linking C static library esp-idf\touch_element\libtouch_element.a
[285/299] Linking C static library esp-idf\wifi_provisioning\libwifi_provisioning.a
[286/299] Linking C static library esp-idf\main\libmain.a
[287/299] Linking C static library esp-idf\audio_hal\libaudio_hal.a
[288/299] Linking C static library esp-idf\bringup_test\libbringup_test.a
[289/299] Linking C static library esp-idf\storage_hal\libstorage_hal.a
[290/299] Linking C static library esp-idf\xiaozhi_agent\libxiaozhi_agent.a
[291/299] Linking C static library esp-idf\xiaozhi_audio\libxiaozhi_audio.a
[292/299] Generating esp-idf/esp_system/ld/sections.ld
C:/Users/15301/AppData/Local/Temp/laiwfs300_build/rc_tank_demo/managed_components/espressif__esp_codec_dev/Kconfig:4: warning: ESP_IDF_VERSION has 'option env="ESP_IDF_VERSION"', but the environment variable ESP_IDF_VERSION is not set

[293/299] Building C object CMakeFiles/rc_tank_demo.elf.dir/project_elf_src_esp32s3.c.obj
[294/299] Linking CXX executable rc_tank_demo.elf
[295/299] Performing build step for 'bootloader'
[1/123] Building C object esp-idf/log/CMakeFiles/__idf_log.dir/src/noos/log_timestamp.c.obj
[2/123] Building C object esp-idf/log/CMakeFiles/__idf_log.dir/src/log_timestamp_common.c.obj
[3/123] Building C object esp-idf/log/CMakeFiles/__idf_log.dir/src/noos/log_lock.c.obj
[4/123] Building C object esp-idf/log/CMakeFiles/__idf_log.dir/src/buffer/log_buffers.c.obj
[5/123] Building C object esp-idf/log/CMakeFiles/__idf_log.dir/src/noos/util.c.obj
[6/123] Building C object esp-idf/log/CMakeFiles/__idf_log.dir/src/util.c.obj
[7/123] Building C object esp-idf/log/CMakeFiles/__idf_log.dir/src/log_format_text.c.obj
[8/123] Building C object esp-idf/log/CMakeFiles/__idf_log.dir/src/log_print.c.obj
[9/123] Building C object esp-idf/log/CMakeFiles/__idf_log.dir/src/log.c.obj
[10/123] Building C object esp-idf/esp_rom/CMakeFiles/__idf_esp_rom.dir/patches/esp_rom_sys.c.obj
[11/123] Building C object esp-idf/esp_rom/CMakeFiles/__idf_esp_rom.dir/patches/esp_rom_crc.c.obj
[12/123] Building ASM object esp-idf/esp_rom/CMakeFiles/__idf_esp_rom.dir/patches/esp_rom_longjmp.S.obj
[13/123] Building C object esp-idf/esp_rom/CMakeFiles/__idf_esp_rom.dir/patches/esp_rom_print.c.obj
[14/123] Building C object esp-idf/esp_rom/CMakeFiles/__idf_esp_rom.dir/patches/esp_rom_spiflash.c.obj
[15/123] Building C object esp-idf/esp_rom/CMakeFiles/__idf_esp_rom.dir/patches/esp_rom_gpio.c.obj
[16/123] Building C object esp-idf/esp_rom/CMakeFiles/__idf_esp_rom.dir/patches/esp_rom_efuse.c.obj
[17/123] Building ASM object esp-idf/esp_rom/CMakeFiles/__idf_esp_rom.dir/patches/esp_rom_cache_writeback_esp32s3.S.obj
[18/123] Building C object esp-idf/esp_rom/CMakeFiles/__idf_esp_rom.dir/patches/esp_rom_systimer.c.obj
[19/123] Building C object esp-idf/esp_rom/CMakeFiles/__idf_esp_rom.dir/patches/esp_rom_uart.c.obj
[20/123] Building C object esp-idf/esp_rom/CMakeFiles/__idf_esp_rom.dir/patches/esp_rom_wdt.c.obj
[21/123] Building C object esp-idf/esp_hw_support/CMakeFiles/__idf_esp_hw_support.dir/port/esp32s3/cpu_region_protect.c.obj
[22/123] Building C object esp-idf/esp_hw_support/CMakeFiles/__idf_esp_hw_support.dir/esp_memory_utils.c.obj
[23/123] Building C object esp-idf/esp_hw_support/CMakeFiles/__idf_esp_hw_support.dir/port/esp32s3/esp_cpu_intr.c.obj
[24/123] Building C object esp-idf/esp_rom/CMakeFiles/__idf_esp_rom.dir/patches/esp_rom_cache_esp32s2_esp32s3.c.obj
[25/123] Building C object esp-idf/esp_common/CMakeFiles/__idf_esp_common.dir/src/esp_err_to_name.c.obj
[26/123] Building C object esp-idf/esp_hw_support/CMakeFiles/__idf_esp_hw_support.dir/cpu.c.obj
[27/123] Linking C static library esp-idf\log\liblog.a
[28/123] Building C object esp-idf/esp_hw_support/CMakeFiles/__idf_esp_hw_support.dir/port/esp32s3/rtc_clk_init.c.obj
[29/123] Building C object esp-idf/esp_hw_support/CMakeFiles/__idf_esp_hw_support.dir/port/esp32s3/chip_info.c.obj
[30/123] Building C object esp-idf/esp_system/CMakeFiles/__idf_esp_system.dir/esp_err.c.obj
[31/123] Building C object esp-idf/esp_hw_support/CMakeFiles/__idf_esp_hw_support.dir/port/esp32s3/rtc_sleep.c.obj
[32/123] Building C object esp-idf/efuse/CMakeFiles/__idf_efuse.dir/esp32s3/esp_efuse_table.c.obj
[33/123] Building C object esp-idf/efuse/CMakeFiles/__idf_efuse.dir/esp32s3/esp_efuse_fields.c.obj
[34/123] Building C object esp-idf/efuse/CMakeFiles/__idf_efuse.dir/esp32s3/esp_efuse_rtc_calib.c.obj
[35/123] Building C object esp-idf/esp_hw_support/CMakeFiles/__idf_esp_hw_support.dir/port/esp32s3/rtc_init.c.obj
[36/123] Building C object esp-idf/esp_hw_support/CMakeFiles/__idf_esp_hw_support.dir/port/esp32s3/rtc_clk.c.obj
[37/123] Building C object esp-idf/esp_hw_support/CMakeFiles/__idf_esp_hw_support.dir/port/esp32s3/rtc_time.c.obj
[38/123] Building C object esp-idf/efuse/CMakeFiles/__idf_efuse.dir/src/esp_efuse_fields.c.obj
[39/123] Building C object esp-idf/efuse/CMakeFiles/__idf_efuse.dir/esp32s3/esp_efuse_utility.c.obj
[40/123] Building C object esp-idf/efuse/CMakeFiles/__idf_efuse.dir/src/esp_efuse_api.c.obj
[41/123] Building C object esp-idf/bootloader_support/CMakeFiles/__idf_bootloader_support.dir/src/bootloader_mem.c.obj
[42/123] Building C object esp-idf/bootloader_support/CMakeFiles/__idf_bootloader_support.dir/src/bootloader_clock_init.c.obj
[43/123] Linking C static library esp-idf\esp_rom\libesp_rom.a
[44/123] Building C object esp-idf/bootloader_support/CMakeFiles/__idf_bootloader_support.dir/src/bootloader_efuse.c.obj
[45/123] Building C object esp-idf/bootloader_support/CMakeFiles/__idf_bootloader_support.dir/src/bootloader_random.c.obj
[46/123] Building C object esp-idf/efuse/CMakeFiles/__idf_efuse.dir/src/esp_efuse_utility.c.obj
[47/123] Building C object esp-idf/bootloader_support/CMakeFiles/__idf_bootloader_support.dir/src/bootloader_common_loader.c.obj
[48/123] Building C object esp-idf/efuse/CMakeFiles/__idf_efuse.dir/src/efuse_controller/keys/with_key_purposes/esp_efuse_api_key.c.obj
[49/123] Building C object esp-idf/bootloader_support/CMakeFiles/__idf_bootloader_support.dir/src/secure_boot.c.obj
[50/123] Building C object esp-idf/bootloader_support/CMakeFiles/__idf_bootloader_support.dir/src/bootloader_common.c.obj
[51/123] Building C object esp-idf/bootloader_support/CMakeFiles/__idf_bootloader_support.dir/src/flash_encrypt.c.obj
[52/123] Building C object esp-idf/bootloader_support/CMakeFiles/__idf_bootloader_support.dir/src/bootloader_random_esp32s3.c.obj
[53/123] Building C object esp-idf/bootloader_support/CMakeFiles/__idf_bootloader_support.dir/src/flash_partitions.c.obj
[54/123] Building C object esp-idf/bootloader_support/CMakeFiles/__idf_bootloader_support.dir/src/bootloader_sha.c.obj
[55/123] Building C object esp-idf/bootloader_support/CMakeFiles/__idf_bootloader_support.dir/bootloader_flash/src/flash_qio_mode.c.obj
[56/123] Linking C static library esp-idf\esp_common\libesp_common.a
[57/123] Building C object esp-idf/bootloader_support/CMakeFiles/__idf_bootloader_support.dir/src/bootloader_clock_loader.c.obj
[58/123] Building C object esp-idf/bootloader_support/CMakeFiles/__idf_bootloader_support.dir/src/esp32s3/bootloader_soc.c.obj
[59/123] Building C object esp-idf/bootloader_support/CMakeFiles/__idf_bootloader_support.dir/src/bootloader_console_loader.c.obj
[60/123] Building C object esp-idf/esp_bootloader_format/CMakeFiles/__idf_esp_bootloader_format.dir/esp_bootloader_desc.c.obj
[61/123] Building C object esp-idf/bootloader_support/CMakeFiles/__idf_bootloader_support.dir/src/bootloader_console.c.obj
[62/123] Building C object esp-idf/bootloader_support/CMakeFiles/__idf_bootloader_support.dir/bootloader_flash/src/bootloader_flash_config_esp32s3.c.obj
[63/123] Building C object esp-idf/bootloader_support/CMakeFiles/__idf_bootloader_support.dir/src/bootloader_panic.c.obj
[64/123] Building C object esp-idf/hal/CMakeFiles/__idf_hal.dir/hal_utils.c.obj
[65/123] Building C object esp-idf/bootloader_support/CMakeFiles/__idf_bootloader_support.dir/src/bootloader_init.c.obj
[66/123] Building C object esp-idf/bootloader_support/CMakeFiles/__idf_bootloader_support.dir/bootloader_flash/src/bootloader_flash.c.obj
[67/123] Building C object esp-idf/spi_flash/CMakeFiles/__idf_spi_flash.dir/spi_flash_wrap.c.obj
[68/123] Building C object esp-idf/hal/CMakeFiles/__idf_hal.dir/mpu_hal.c.obj
[69/123] Building C object esp-idf/hal/CMakeFiles/__idf_hal.dir/efuse_hal.c.obj
[70/123] Building C object esp-idf/bootloader_support/CMakeFiles/__idf_bootloader_support.dir/src/bootloader_utility.c.obj
[71/123] Building C object esp-idf/bootloader_support/CMakeFiles/__idf_bootloader_support.dir/src/esp32s3/bootloader_esp32s3.c.obj
[72/123] Building C object esp-idf/hal/CMakeFiles/__idf_hal.dir/esp32s3/efuse_hal.c.obj
[73/123] Building C object esp-idf/soc/CMakeFiles/__idf_soc.dir/lldesc.c.obj
[74/123] Building C object esp-idf/soc/CMakeFiles/__idf_soc.dir/dport_access_common.c.obj
[75/123] Building C object esp-idf/soc/CMakeFiles/__idf_soc.dir/esp32s3/interrupts.c.obj
[76/123] Building C object esp-idf/hal/CMakeFiles/__idf_hal.dir/mmu_hal.c.obj
[77/123] Building C object esp-idf/bootloader_support/CMakeFiles/__idf_bootloader_support.dir/src/esp_image_format.c.obj
[78/123] Linking C static library esp-idf\esp_hw_support\libesp_hw_support.a
[79/123] Building C object esp-idf/soc/CMakeFiles/__idf_soc.dir/esp32s3/gdma_periph.c.obj
[80/123] Building C object esp-idf/soc/CMakeFiles/__idf_soc.dir/esp32s3/gpio_periph.c.obj
[81/123] Building C object esp-idf/soc/CMakeFiles/__idf_soc.dir/esp32s3/dedic_gpio_periph.c.obj
[82/123] Building C object esp-idf/soc/CMakeFiles/__idf_soc.dir/esp32s3/uart_periph.c.obj
[83/123] Building C object esp-idf/hal/CMakeFiles/__idf_hal.dir/cache_hal.c.obj
[84/123] Building C object esp-idf/soc/CMakeFiles/__idf_soc.dir/esp32s3/adc_periph.c.obj
[85/123] Building C object esp-idf/soc/CMakeFiles/__idf_soc.dir/esp32s3/ledc_periph.c.obj
[86/123] Building C object esp-idf/soc/CMakeFiles/__idf_soc.dir/esp32s3/spi_periph.c.obj
[87/123] Building C object esp-idf/soc/CMakeFiles/__idf_soc.dir/esp32s3/pcnt_periph.c.obj
[88/123] Building C object esp-idf/soc/CMakeFiles/__idf_soc.dir/esp32s3/sdm_periph.c.obj
[89/123] Building C object esp-idf/soc/CMakeFiles/__idf_soc.dir/esp32s3/rmt_periph.c.obj
[90/123] Building C object esp-idf/soc/CMakeFiles/__idf_soc.dir/esp32s3/i2s_periph.c.obj
[91/123] Building C object esp-idf/soc/CMakeFiles/__idf_soc.dir/esp32s3/temperature_sensor_periph.c.obj
[92/123] Building C object esp-idf/soc/CMakeFiles/__idf_soc.dir/esp32s3/lcd_periph.c.obj
[93/123] Building C object esp-idf/soc/CMakeFiles/__idf_soc.dir/esp32s3/i2c_periph.c.obj
[94/123] Building C object esp-idf/soc/CMakeFiles/__idf_soc.dir/esp32s3/timer_periph.c.obj
[95/123] Building C object esp-idf/soc/CMakeFiles/__idf_soc.dir/esp32s3/touch_sensor_periph.c.obj
[96/123] Building C object esp-idf/soc/CMakeFiles/__idf_soc.dir/esp32s3/mpi_periph.c.obj
[97/123] Building C object esp-idf/soc/CMakeFiles/__idf_soc.dir/esp32s3/mcpwm_periph.c.obj
[98/123] Building C object esp-idf/soc/CMakeFiles/__idf_soc.dir/esp32s3/twai_periph.c.obj
[99/123] Building C object esp-idf/soc/CMakeFiles/__idf_soc.dir/esp32s3/sdmmc_periph.c.obj
[100/123] Building C object esp-idf/soc/CMakeFiles/__idf_soc.dir/esp32s3/usb_dwc_periph.c.obj
[101/123] Generating project_elf_src_esp32s3.c
[102/123] Building C object esp-idf/soc/CMakeFiles/__idf_soc.dir/esp32s3/wdt_periph.c.obj
[103/123] Linking C static library esp-idf\esp_system\libesp_system.a
[104/123] Building C object esp-idf/soc/CMakeFiles/__idf_soc.dir/esp32s3/cam_periph.c.obj
[105/123] Building C object esp-idf/soc/CMakeFiles/__idf_soc.dir/esp32s3/rtc_io_periph.c.obj
[106/123] Building C object esp-idf/soc/CMakeFiles/__idf_soc.dir/esp32s3/power_supply_periph.c.obj
[107/123] Building C object esp-idf/xtensa/CMakeFiles/__idf_xtensa.dir/eri.c.obj
[108/123] Building C object esp-idf/xtensa/CMakeFiles/__idf_xtensa.dir/xt_trax.c.obj
[109/123] Building C object CMakeFiles/bootloader.elf.dir/project_elf_src_esp32s3.c.obj
[110/123] Building C object esp-idf/main/CMakeFiles/__idf_main.dir/bootloader_start.c.obj
[111/123] Building C object esp-idf/micro-ecc/CMakeFiles/__idf_micro-ecc.dir/uECC_verify_antifault.c.obj
[112/123] Linking C static library esp-idf\efuse\libefuse.a
[113/123] Linking C static library esp-idf\bootloader_support\libbootloader_support.a
[114/123] Linking C static library esp-idf\esp_bootloader_format\libesp_bootloader_format.a
[115/123] Linking C static library esp-idf\spi_flash\libspi_flash.a
[116/123] Linking C static library esp-idf\hal\libhal.a
[117/123] Linking C static library esp-idf\micro-ecc\libmicro-ecc.a
[118/123] Linking C static library esp-idf\soc\libsoc.a
[119/123] Linking C static library esp-idf\xtensa\libxtensa.a
[120/123] Linking C static library esp-idf\main\libmain.a
[121/123] Linking C executable bootloader.elf
[122/123] Generating binary image from built executable
esptool.py v4.12.dev2

Creating esp32s3 image...

Merged 2 ELF sections

Successfully created esp32s3 image.

Generated C:/Users/15301/AppData/Local/Temp/laiwfs300_build/rc_tank_demo/build/bootloader/bootloader.bin
[123/123] C:\WINDOWS\system32\cmd.exe /C "cd /D C:\Users\15301\AppData\Local\Temp\laiwfs300_build\rc_tank_demo\build\bootloader\esp-idf\esptool_py && D:\Espressif\python_env\idf5.5_py3.11_env\Scripts\python.exe D:/Espressif/frameworks/esp-idf-v5.5.4/components/partition_table/check_sizes.py --offset 0x8000 bootloader 0x0 C:/Users/15301/AppData/Local/Temp/laiwfs300_build/rc_tank_demo/build/bootloader/bootloader.bin"

Bootloader binary size 0x5160 bytes. 0x2ea0 bytes (36%) free.


[296/299] No install step for 'bootloader'
[297/299] Generating binary image from built executable
esptool.py v4.12.dev2

Creating esp32s3 image...

Merged 2 ELF sections

Successfully created esp32s3 image.

Generated C:/Users/15301/AppData/Local/Temp/laiwfs300_build/rc_tank_demo/build/rc_tank_demo.bin
[298/299] Completed 'bootloader'
[299/299] C:\WINDOWS\system32\cmd.exe /C "cd /D C:\Users\15301\AppData\Local\Temp\laiwfs300_build\rc_tank_demo\build\esp-idf\esptool_py && D:\Espressif\python_env\idf5.5_py3.11_env\Scripts\python.exe D:/Espressif/frameworks/esp-idf-v5.5.4/components/partition_table/check_sizes.py --offset 0x8000 partition --type app C:/Users/15301/AppData/Local/Temp/laiwfs300_build/rc_tank_demo/build/partition_table/partition-table.bin C:/Users/15301/AppData/Local/Temp/laiwfs300_build/rc_tank_demo/build/rc_tank_demo.bin"
rc_tank_demo.bin binary size 0xe1580 bytes. Smallest app partition is 0x300000 bytes. 0x21ea80 bytes (71%) free.

